<?xml version="1.0"?>
<link_info>
   <banner>TMS320C2000 Linker PC v17.6.0.STS</banner>
   <copyright>Copyright (c) 1996-2017 Texas Instruments Incorporated</copyright>
   <link_time>0x5ca3ce18</link_time>
   <link_errors>0x0</link_errors>
   <output_file>lab5.out</output_file>
   <entry_point>
      <name>_c_int00</name>
      <address>0x302d9a</address>
   </entry_point>
   <input_file_list>
      <input_file id="fl-2">
         <path>.\</path>
         <kind>object</kind>
         <file>28335_dma.obj</file>
         <name>28335_dma.obj</name>
      </input_file>
      <input_file id="fl-3">
         <path>.\</path>
         <kind>object</kind>
         <file>28335_eqep.obj</file>
         <name>28335_eqep.obj</name>
      </input_file>
      <input_file id="fl-4">
         <path>.\</path>
         <kind>object</kind>
         <file>28335_inits.obj</file>
         <name>28335_inits.obj</name>
      </input_file>
      <input_file id="fl-5">
         <path>.\</path>
         <kind>object</kind>
         <file>28335_mcbsp.obj</file>
         <name>28335_mcbsp.obj</name>
      </input_file>
      <input_file id="fl-6">
         <path>.\</path>
         <kind>object</kind>
         <file>28335_pwm.obj</file>
         <name>28335_pwm.obj</name>
      </input_file>
      <input_file id="fl-7">
         <path>.\</path>
         <kind>object</kind>
         <file>28335_serial.obj</file>
         <name>28335_serial.obj</name>
      </input_file>
      <input_file id="fl-8">
         <path>.\</path>
         <kind>object</kind>
         <file>28335_spi.obj</file>
         <name>28335_spi.obj</name>
      </input_file>
      <input_file id="fl-9">
         <path>.\</path>
         <kind>object</kind>
         <file>DSP2833x_ADC_cal.obj</file>
         <name>DSP2833x_ADC_cal.obj</name>
      </input_file>
      <input_file id="fl-a">
         <path>.\</path>
         <kind>object</kind>
         <file>DSP2833x_Adc.obj</file>
         <name>DSP2833x_Adc.obj</name>
      </input_file>
      <input_file id="fl-b">
         <path>.\</path>
         <kind>object</kind>
         <file>DSP2833x_CSMPasswords.obj</file>
         <name>DSP2833x_CSMPasswords.obj</name>
      </input_file>
      <input_file id="fl-c">
         <path>.\</path>
         <kind>object</kind>
         <file>DSP2833x_CodeStartBranch.obj</file>
         <name>DSP2833x_CodeStartBranch.obj</name>
      </input_file>
      <input_file id="fl-d">
         <path>.\</path>
         <kind>object</kind>
         <file>DSP2833x_CpuTimers.obj</file>
         <name>DSP2833x_CpuTimers.obj</name>
      </input_file>
      <input_file id="fl-e">
         <path>.\</path>
         <kind>object</kind>
         <file>DSP2833x_GlobalVariableDefs.obj</file>
         <name>DSP2833x_GlobalVariableDefs.obj</name>
      </input_file>
      <input_file id="fl-f">
         <path>.\</path>
         <kind>object</kind>
         <file>DSP2833x_Mcbsp.obj</file>
         <name>DSP2833x_Mcbsp.obj</name>
      </input_file>
      <input_file id="fl-10">
         <path>.\</path>
         <kind>object</kind>
         <file>DSP2833x_PieCtrl.obj</file>
         <name>DSP2833x_PieCtrl.obj</name>
      </input_file>
      <input_file id="fl-11">
         <path>.\</path>
         <kind>object</kind>
         <file>DSP2833x_Spi.obj</file>
         <name>DSP2833x_Spi.obj</name>
      </input_file>
      <input_file id="fl-12">
         <path>.\</path>
         <kind>object</kind>
         <file>DSP2833x_SysCtrl.obj</file>
         <name>DSP2833x_SysCtrl.obj</name>
      </input_file>
      <input_file id="fl-13">
         <path>.\</path>
         <kind>object</kind>
         <file>DSP2833x_usDelay.obj</file>
         <name>DSP2833x_usDelay.obj</name>
      </input_file>
      <input_file id="fl-14">
         <path>.\</path>
         <kind>object</kind>
         <file>i2c.obj</file>
         <name>i2c.obj</name>
      </input_file>
      <input_file id="fl-15">
         <path>.\</path>
         <kind>object</kind>
         <file>lcd.obj</file>
         <name>lcd.obj</name>
      </input_file>
      <input_file id="fl-16">
         <path>.\</path>
         <kind>object</kind>
         <file>user_lab5.obj</file>
         <name>user_lab5.obj</name>
      </input_file>
      <input_file id="fl-1b">
         <path>C:\dgnava2_maneyko2\SE423Repo\Labs\lab5\lab5Project\Debug\configPkg\package\cfg\</path>
         <kind>object</kind>
         <file>lab5_p28FP.o28FP</file>
         <name>lab5_p28FP.o28FP</name>
      </input_file>
      <input_file id="fl-22">
         <kind>object</kind>
         <file>&lt;internal&gt;</file>
         <name>&lt;internal&gt;</name>
      </input_file>
      <input_file id="fl-23">
         <path>C:\dgnava2_maneyko2\SE423Repo\Labs\lab5\SYSBIOS\src\sysbios\</path>
         <kind>archive</kind>
         <file>sysbios.a28FP</file>
         <name>BIOS.obj</name>
      </input_file>
      <input_file id="fl-24">
         <path>C:\dgnava2_maneyko2\SE423Repo\Labs\lab5\SYSBIOS\src\sysbios\</path>
         <kind>archive</kind>
         <file>sysbios.a28FP</file>
         <name>c28_Hwi_asm.obj</name>
      </input_file>
      <input_file id="fl-25">
         <path>C:\dgnava2_maneyko2\SE423Repo\Labs\lab5\SYSBIOS\src\sysbios\</path>
         <kind>archive</kind>
         <file>sysbios.a28FP</file>
         <name>c28_Hwi_disp_asm.obj</name>
      </input_file>
      <input_file id="fl-26">
         <path>C:\dgnava2_maneyko2\SE423Repo\Labs\lab5\SYSBIOS\src\sysbios\</path>
         <kind>archive</kind>
         <file>sysbios.a28FP</file>
         <name>c28_IntrinsicsSupport_asm.obj</name>
      </input_file>
      <input_file id="fl-27">
         <path>C:\dgnava2_maneyko2\SE423Repo\Labs\lab5\SYSBIOS\src\sysbios\</path>
         <kind>archive</kind>
         <file>sysbios.a28FP</file>
         <name>c28_TaskSupport_asm.obj</name>
      </input_file>
      <input_file id="fl-28">
         <path>C:\CCStudio_v8\bios_6_70_01_03\packages\ti\catalog\c2800\init\lib\</path>
         <kind>archive</kind>
         <file>Boot.a28FP</file>
         <name>Boot.o28FP</name>
      </input_file>
      <input_file id="fl-29">
         <path>C:\CCStudio_v8\bios_6_70_01_03\packages\ti\targets\rts2800\lib\</path>
         <kind>archive</kind>
         <file>ti.targets.rts2800.a28FP</file>
         <name>Core-smem.o28FP</name>
      </input_file>
      <input_file id="fl-2a">
         <path>C:\CCStudio_v8\bios_6_70_01_03\packages\ti\targets\rts2800\lib\</path>
         <kind>archive</kind>
         <file>ti.targets.rts2800.a28FP</file>
         <name>Core-label.o28FP</name>
      </input_file>
      <input_file id="fl-2b">
         <path>C:\CCStudio_v8\bios_6_70_01_03\packages\ti\targets\rts2800\lib\</path>
         <kind>archive</kind>
         <file>ti.targets.rts2800.a28FP</file>
         <name>Core-params.o28FP</name>
      </input_file>
      <input_file id="fl-2c">
         <path>C:\CCStudio_v8\bios_6_70_01_03\packages\ti\targets\rts2800\lib\</path>
         <kind>archive</kind>
         <file>ti.targets.rts2800.a28FP</file>
         <name>Error.o28FP</name>
      </input_file>
      <input_file id="fl-2d">
         <path>C:\CCStudio_v8\bios_6_70_01_03\packages\ti\targets\rts2800\lib\</path>
         <kind>archive</kind>
         <file>ti.targets.rts2800.a28FP</file>
         <name>Gate.o28FP</name>
      </input_file>
      <input_file id="fl-2e">
         <path>C:\CCStudio_v8\bios_6_70_01_03\packages\ti\targets\rts2800\lib\</path>
         <kind>archive</kind>
         <file>ti.targets.rts2800.a28FP</file>
         <name>LoggerBuf.o28FP</name>
      </input_file>
      <input_file id="fl-2f">
         <path>C:\CCStudio_v8\bios_6_70_01_03\packages\ti\targets\rts2800\lib\</path>
         <kind>archive</kind>
         <file>ti.targets.rts2800.a28FP</file>
         <name>Memory.o28FP</name>
      </input_file>
      <input_file id="fl-30">
         <path>C:\CCStudio_v8\bios_6_70_01_03\packages\ti\targets\rts2800\lib\</path>
         <kind>archive</kind>
         <file>ti.targets.rts2800.a28FP</file>
         <name>Startup.o28FP</name>
      </input_file>
      <input_file id="fl-31">
         <path>C:\CCStudio_v8\bios_6_70_01_03\packages\ti\targets\rts2800\lib\</path>
         <kind>archive</kind>
         <file>ti.targets.rts2800.a28FP</file>
         <name>System.o28FP</name>
      </input_file>
      <input_file id="fl-32">
         <path>C:\CCStudio_v8\bios_6_70_01_03\packages\ti\targets\rts2800\lib\</path>
         <kind>archive</kind>
         <file>ti.targets.rts2800.a28FP</file>
         <name>SysMin.o28FP</name>
      </input_file>
      <input_file id="fl-33">
         <path>C:\CCStudio_v8\bios_6_70_01_03\packages\ti\targets\rts2800\lib\</path>
         <kind>archive</kind>
         <file>ti.targets.rts2800.a28FP</file>
         <name>Text.o28FP</name>
      </input_file>
      <input_file id="fl-34">
         <path>C:\CCStudio_v8\bios_6_70_01_03\packages\ti\targets\rts2800\lib\</path>
         <kind>archive</kind>
         <file>ti.targets.rts2800.a28FP</file>
         <name>xdc_noinit.o28FP</name>
      </input_file>
      <input_file id="fl-35">
         <path>C:\CCStudio_v8\bios_6_70_01_03\packages\ti\targets\rts2800\lib\</path>
         <kind>archive</kind>
         <file>ti.targets.rts2800.a28FP</file>
         <name>Assert.o28FP</name>
      </input_file>
      <input_file id="fl-36">
         <path>C:\CCStudio_v8\bios_6_70_01_03\packages\ti\targets\rts2800\lib\</path>
         <kind>archive</kind>
         <file>ti.targets.rts2800.a28FP</file>
         <name>Log.o28FP</name>
      </input_file>
      <input_file id="fl-37">
         <path>C:\CCStudio_v8\bios_6_70_01_03\packages\ti\targets\rts2800\lib\</path>
         <kind>archive</kind>
         <file>ti.targets.rts2800.a28FP</file>
         <name>Registry.o28FP</name>
      </input_file>
      <input_file id="fl-38">
         <path>C:\CCStudio_v8\bios_6_70_01_03\packages\ti\targets\rts2800\lib\</path>
         <kind>archive</kind>
         <file>boot.a28FP</file>
         <name>boot_cg.o28FP</name>
      </input_file>
      <input_file id="fl-44">
         <path>C:\CCStudio_v8\ccsv8\tools\compiler\ti-cgt-c2000_17.6.0.STS\lib\</path>
         <kind>archive</kind>
         <file>rts2800_fpu32.lib</file>
         <name>fs_div28.obj</name>
      </input_file>
      <input_file id="fl-45">
         <path>C:\CCStudio_v8\ccsv8\tools\compiler\ti-cgt-c2000_17.6.0.STS\lib\</path>
         <kind>archive</kind>
         <file>rts2800_fpu32.lib</file>
         <name>ll_div28.obj</name>
      </input_file>
      <input_file id="fl-46">
         <path>C:\CCStudio_v8\ccsv8\tools\compiler\ti-cgt-c2000_17.6.0.STS\lib\</path>
         <kind>archive</kind>
         <file>rts2800_fpu32.lib</file>
         <name>l_div28.obj</name>
      </input_file>
      <input_file id="fl-47">
         <path>C:\CCStudio_v8\ccsv8\tools\compiler\ti-cgt-c2000_17.6.0.STS\lib\</path>
         <kind>archive</kind>
         <file>rts2800_fpu32.lib</file>
         <name>cpy_tbl.obj</name>
      </input_file>
      <input_file id="fl-48">
         <path>C:\CCStudio_v8\ccsv8\tools\compiler\ti-cgt-c2000_17.6.0.STS\lib\</path>
         <kind>archive</kind>
         <file>rts2800_fpu32.lib</file>
         <name>memcpy.obj</name>
      </input_file>
      <input_file id="fl-49">
         <path>C:\CCStudio_v8\ccsv8\tools\compiler\ti-cgt-c2000_17.6.0.STS\lib\</path>
         <kind>archive</kind>
         <file>rts2800_fpu32.lib</file>
         <name>pre_init.obj</name>
      </input_file>
      <input_file id="fl-4a">
         <path>C:\CCStudio_v8\ccsv8\tools\compiler\ti-cgt-c2000_17.6.0.STS\lib\</path>
         <kind>archive</kind>
         <file>rts2800_fpu32.lib</file>
         <name>startup.obj</name>
      </input_file>
      <input_file id="fl-4b">
         <path>C:\CCStudio_v8\ccsv8\tools\compiler\ti-cgt-c2000_17.6.0.STS\lib\</path>
         <kind>archive</kind>
         <file>rts2800_fpu32.lib</file>
         <name>exit.obj</name>
      </input_file>
      <input_file id="fl-4c">
         <path>C:\CCStudio_v8\ccsv8\tools\compiler\ti-cgt-c2000_17.6.0.STS\lib\</path>
         <kind>archive</kind>
         <file>rts2800_fpu32.lib</file>
         <name>_lock.obj</name>
      </input_file>
      <input_file id="fl-4d">
         <path>C:\CCStudio_v8\ccsv8\tools\compiler\ti-cgt-c2000_17.6.0.STS\lib\</path>
         <kind>archive</kind>
         <file>rts2800_fpu32.lib</file>
         <name>args_main.obj</name>
      </input_file>
      <input_file id="fl-4e">
         <path>C:\CCStudio_v8\ccsv8\tools\compiler\ti-cgt-c2000_17.6.0.STS\lib\</path>
         <kind>archive</kind>
         <file>rts2800_fpu32.lib</file>
         <name>memset.obj</name>
      </input_file>
      <input_file id="fl-4f">
         <path>C:\CCStudio_v8\ccsv8\tools\compiler\ti-cgt-c2000_17.6.0.STS\lib\</path>
         <kind>archive</kind>
         <file>rts2800_fpu32.lib</file>
         <name>strcmp.obj</name>
      </input_file>
      <input_file id="fl-50">
         <path>C:\CCStudio_v8\ccsv8\tools\compiler\ti-cgt-c2000_17.6.0.STS\lib\</path>
         <kind>archive</kind>
         <file>rts2800_fpu32.lib</file>
         <name>strlen.obj</name>
      </input_file>
      <input_file id="fl-51">
         <path>C:\CCStudio_v8\ccsv8\tools\compiler\ti-cgt-c2000_17.6.0.STS\lib\</path>
         <kind>archive</kind>
         <file>rts2800_fpu32.lib</file>
         <name>hostwrite.obj</name>
      </input_file>
      <input_file id="fl-52">
         <path>C:\CCStudio_v8\ccsv8\tools\compiler\ti-cgt-c2000_17.6.0.STS\lib\</path>
         <kind>archive</kind>
         <file>rts2800_fpu32.lib</file>
         <name>trgmsg.obj</name>
      </input_file>
      <input_file id="fl-53">
         <path>C:\CCStudio_v8\ccsv8\tools\compiler\ti-cgt-c2000_17.6.0.STS\lib\</path>
         <kind>archive</kind>
         <file>rts2800_fpu32.lib</file>
         <name>vsprintf.obj</name>
      </input_file>
      <input_file id="fl-54">
         <path>C:\CCStudio_v8\ccsv8\tools\compiler\ti-cgt-c2000_17.6.0.STS\lib\</path>
         <kind>archive</kind>
         <file>rts2800_fpu32.lib</file>
         <name>_printfi.obj</name>
      </input_file>
      <input_file id="fl-55">
         <path>C:\CCStudio_v8\ccsv8\tools\compiler\ti-cgt-c2000_17.6.0.STS\lib\</path>
         <kind>archive</kind>
         <file>rts2800_fpu32.lib</file>
         <name>atoi.obj</name>
      </input_file>
      <input_file id="fl-56">
         <path>C:\CCStudio_v8\ccsv8\tools\compiler\ti-cgt-c2000_17.6.0.STS\lib\</path>
         <kind>archive</kind>
         <file>rts2800_fpu32.lib</file>
         <name>ctype.obj</name>
      </input_file>
      <input_file id="fl-57">
         <path>C:\CCStudio_v8\ccsv8\tools\compiler\ti-cgt-c2000_17.6.0.STS\lib\</path>
         <kind>archive</kind>
         <file>rts2800_fpu32.lib</file>
         <name>ltoa.obj</name>
      </input_file>
      <input_file id="fl-58">
         <path>C:\CCStudio_v8\ccsv8\tools\compiler\ti-cgt-c2000_17.6.0.STS\lib\</path>
         <kind>archive</kind>
         <file>rts2800_fpu32.lib</file>
         <name>memccpy.obj</name>
      </input_file>
      <input_file id="fl-59">
         <path>C:\CCStudio_v8\ccsv8\tools\compiler\ti-cgt-c2000_17.6.0.STS\lib\</path>
         <kind>archive</kind>
         <file>rts2800_fpu32.lib</file>
         <name>strchr.obj</name>
      </input_file>
      <input_file id="fl-5a">
         <path>C:\CCStudio_v8\ccsv8\tools\compiler\ti-cgt-c2000_17.6.0.STS\lib\</path>
         <kind>archive</kind>
         <file>rts2800_fpu32.lib</file>
         <name>strcpy.obj</name>
      </input_file>
      <input_file id="fl-5b">
         <path>C:\CCStudio_v8\ccsv8\tools\compiler\ti-cgt-c2000_17.6.0.STS\lib\</path>
         <kind>archive</kind>
         <file>rts2800_fpu32.lib</file>
         <name>hostopen.obj</name>
      </input_file>
      <input_file id="fl-5c">
         <path>C:\CCStudio_v8\ccsv8\tools\compiler\ti-cgt-c2000_17.6.0.STS\lib\</path>
         <kind>archive</kind>
         <file>rts2800_fpu32.lib</file>
         <name>s_frexp.obj</name>
      </input_file>
      <input_file id="fl-5d">
         <path>C:\CCStudio_v8\ccsv8\tools\compiler\ti-cgt-c2000_17.6.0.STS\lib\</path>
         <kind>archive</kind>
         <file>rts2800_fpu32.lib</file>
         <name>s_scalbn.obj</name>
      </input_file>
      <input_file id="fl-5e">
         <path>C:\CCStudio_v8\ccsv8\tools\compiler\ti-cgt-c2000_17.6.0.STS\lib\</path>
         <kind>archive</kind>
         <file>rts2800_fpu32.lib</file>
         <name>fd_add28.obj</name>
      </input_file>
      <input_file id="fl-5f">
         <path>C:\CCStudio_v8\ccsv8\tools\compiler\ti-cgt-c2000_17.6.0.STS\lib\</path>
         <kind>archive</kind>
         <file>rts2800_fpu32.lib</file>
         <name>fd_cmp28.obj</name>
      </input_file>
      <input_file id="fl-60">
         <path>C:\CCStudio_v8\ccsv8\tools\compiler\ti-cgt-c2000_17.6.0.STS\lib\</path>
         <kind>archive</kind>
         <file>rts2800_fpu32.lib</file>
         <name>fd_div28.obj</name>
      </input_file>
      <input_file id="fl-61">
         <path>C:\CCStudio_v8\ccsv8\tools\compiler\ti-cgt-c2000_17.6.0.STS\lib\</path>
         <kind>archive</kind>
         <file>rts2800_fpu32.lib</file>
         <name>fd_mpy28.obj</name>
      </input_file>
      <input_file id="fl-62">
         <path>C:\CCStudio_v8\ccsv8\tools\compiler\ti-cgt-c2000_17.6.0.STS\lib\</path>
         <kind>archive</kind>
         <file>rts2800_fpu32.lib</file>
         <name>fd_neg28.obj</name>
      </input_file>
      <input_file id="fl-63">
         <path>C:\CCStudio_v8\ccsv8\tools\compiler\ti-cgt-c2000_17.6.0.STS\lib\</path>
         <kind>archive</kind>
         <file>rts2800_fpu32.lib</file>
         <name>fd_sub28.obj</name>
      </input_file>
      <input_file id="fl-64">
         <path>C:\CCStudio_v8\ccsv8\tools\compiler\ti-cgt-c2000_17.6.0.STS\lib\</path>
         <kind>archive</kind>
         <file>rts2800_fpu32.lib</file>
         <name>fd_toi28.obj</name>
      </input_file>
      <input_file id="fl-65">
         <path>C:\CCStudio_v8\ccsv8\tools\compiler\ti-cgt-c2000_17.6.0.STS\lib\</path>
         <kind>archive</kind>
         <file>rts2800_fpu32.lib</file>
         <name>fd_tol28.obj</name>
      </input_file>
      <input_file id="fl-66">
         <path>C:\CCStudio_v8\ccsv8\tools\compiler\ti-cgt-c2000_17.6.0.STS\lib\</path>
         <kind>archive</kind>
         <file>rts2800_fpu32.lib</file>
         <name>ll_aox28.obj</name>
      </input_file>
      <input_file id="fl-67">
         <path>C:\CCStudio_v8\ccsv8\tools\compiler\ti-cgt-c2000_17.6.0.STS\lib\</path>
         <kind>archive</kind>
         <file>rts2800_fpu32.lib</file>
         <name>ll_cmp28.obj</name>
      </input_file>
      <input_file id="fl-68">
         <path>C:\CCStudio_v8\ccsv8\tools\compiler\ti-cgt-c2000_17.6.0.STS\lib\</path>
         <kind>archive</kind>
         <file>rts2800_fpu32.lib</file>
         <name>i_tofd28.obj</name>
      </input_file>
      <input_file id="fl-69">
         <path>C:\CCStudio_v8\ccsv8\tools\compiler\ti-cgt-c2000_17.6.0.STS\lib\</path>
         <kind>archive</kind>
         <file>rts2800_fpu32.lib</file>
         <name>l_tofd28.obj</name>
      </input_file>
      <input_file id="fl-6a">
         <path>C:\CCStudio_v8\ccsv8\tools\compiler\ti-cgt-c2000_17.6.0.STS\lib\</path>
         <kind>archive</kind>
         <file>rts2800_fpu32.lib</file>
         <name>fs_tofdfpu32.obj</name>
      </input_file>
      <input_file id="fl-6b">
         <path>C:\CCStudio_v8\ccsv8\tools\compiler\ti-cgt-c2000_17.6.0.STS\lib\</path>
         <kind>archive</kind>
         <file>rts2800_fpu32.lib</file>
         <name>errno.obj</name>
      </input_file>
      <input_file id="fl-6c">
         <path>C:\CCStudio_v8\ccsv8\tools\compiler\ti-cgt-c2000_17.6.0.STS\lib\</path>
         <kind>archive</kind>
         <file>rts2800_fpu32.lib</file>
         <name>s_copysign.obj</name>
      </input_file>
   </input_file_list>
   <object_component_list>
      <object_component id="oc-c0">
         <name>PieVectTableFile</name>
         <uninitialized>true</uninitialized>
         <run_address>0xd00</run_address>
         <size>0x100</size>
         <input_file_ref idref="fl-e"/>
      </object_component>
      <object_component id="oc-bc">
         <name>DevEmuRegsFile</name>
         <uninitialized>true</uninitialized>
         <run_address>0x880</run_address>
         <size>0xd0</size>
         <input_file_ref idref="fl-e"/>
      </object_component>
      <object_component id="oc-92">
         <name>FlashRegsFile</name>
         <uninitialized>true</uninitialized>
         <run_address>0xa80</run_address>
         <size>0x8</size>
         <input_file_ref idref="fl-e"/>
      </object_component>
      <object_component id="oc-9c">
         <name>CsmRegsFile</name>
         <uninitialized>true</uninitialized>
         <run_address>0xae0</run_address>
         <size>0x10</size>
         <input_file_ref idref="fl-e"/>
      </object_component>
      <object_component id="oc-9b">
         <name>AdcMirrorFile</name>
         <uninitialized>true</uninitialized>
         <run_address>0xb00</run_address>
         <size>0x10</size>
         <input_file_ref idref="fl-e"/>
      </object_component>
      <object_component id="oc-9f">
         <name>XintfRegsFile</name>
         <uninitialized>true</uninitialized>
         <run_address>0xb20</run_address>
         <size>0x1e</size>
         <input_file_ref idref="fl-e"/>
      </object_component>
      <object_component id="oc-93">
         <name>CpuTimer0RegsFile</name>
         <uninitialized>true</uninitialized>
         <run_address>0xc00</run_address>
         <size>0x8</size>
         <input_file_ref idref="fl-e"/>
      </object_component>
      <object_component id="oc-91">
         <name>CpuTimer1RegsFile</name>
         <uninitialized>true</uninitialized>
         <run_address>0xc08</run_address>
         <size>0x8</size>
         <input_file_ref idref="fl-e"/>
      </object_component>
      <object_component id="oc-90">
         <name>CpuTimer2RegsFile</name>
         <uninitialized>true</uninitialized>
         <run_address>0xc10</run_address>
         <size>0x8</size>
         <input_file_ref idref="fl-e"/>
      </object_component>
      <object_component id="oc-9d">
         <name>PieCtrlRegsFile</name>
         <uninitialized>true</uninitialized>
         <run_address>0xce0</run_address>
         <size>0x1a</size>
         <input_file_ref idref="fl-e"/>
      </object_component>
      <object_component id="oc-bd">
         <name>DmaRegsFile</name>
         <uninitialized>true</uninitialized>
         <run_address>0x1000</run_address>
         <size>0xe0</size>
         <input_file_ref idref="fl-e"/>
      </object_component>
      <object_component id="oc-af">
         <name>McbspaRegsFile</name>
         <uninitialized>true</uninitialized>
         <run_address>0x5000</run_address>
         <size>0x25</size>
         <input_file_ref idref="fl-e"/>
      </object_component>
      <object_component id="oc-b0">
         <name>McbspbRegsFile</name>
         <uninitialized>true</uninitialized>
         <run_address>0x5040</run_address>
         <size>0x25</size>
         <input_file_ref idref="fl-e"/>
      </object_component>
      <object_component id="oc-b3">
         <name>ECanaRegsFile</name>
         <uninitialized>true</uninitialized>
         <run_address>0x6000</run_address>
         <size>0x34</size>
         <input_file_ref idref="fl-e"/>
      </object_component>
      <object_component id="oc-b6">
         <name>ECanaLAMRegsFile</name>
         <uninitialized>true</uninitialized>
         <run_address>0x6040</run_address>
         <size>0x40</size>
         <input_file_ref idref="fl-e"/>
      </object_component>
      <object_component id="oc-bf">
         <name>ECanaMboxesFile</name>
         <uninitialized>true</uninitialized>
         <run_address>0x6100</run_address>
         <size>0x100</size>
         <input_file_ref idref="fl-e"/>
      </object_component>
      <object_component id="oc-b7">
         <name>ECanaMOTSRegsFile</name>
         <uninitialized>true</uninitialized>
         <run_address>0x6080</run_address>
         <size>0x40</size>
         <input_file_ref idref="fl-e"/>
      </object_component>
      <object_component id="oc-b4">
         <name>ECanaMOTORegsFile</name>
         <uninitialized>true</uninitialized>
         <run_address>0x60c0</run_address>
         <size>0x40</size>
         <input_file_ref idref="fl-e"/>
      </object_component>
      <object_component id="oc-b2">
         <name>ECanbRegsFile</name>
         <uninitialized>true</uninitialized>
         <run_address>0x6200</run_address>
         <size>0x34</size>
         <input_file_ref idref="fl-e"/>
      </object_component>
      <object_component id="oc-ba">
         <name>ECanbLAMRegsFile</name>
         <uninitialized>true</uninitialized>
         <run_address>0x6240</run_address>
         <size>0x40</size>
         <input_file_ref idref="fl-e"/>
      </object_component>
      <object_component id="oc-be">
         <name>ECanbMboxesFile</name>
         <uninitialized>true</uninitialized>
         <run_address>0x6300</run_address>
         <size>0x100</size>
         <input_file_ref idref="fl-e"/>
      </object_component>
      <object_component id="oc-b5">
         <name>ECanbMOTSRegsFile</name>
         <uninitialized>true</uninitialized>
         <run_address>0x6280</run_address>
         <size>0x40</size>
         <input_file_ref idref="fl-e"/>
      </object_component>
      <object_component id="oc-b8">
         <name>ECanbMOTORegsFile</name>
         <uninitialized>true</uninitialized>
         <run_address>0x62c0</run_address>
         <size>0x40</size>
         <input_file_ref idref="fl-e"/>
      </object_component>
      <object_component id="oc-aa">
         <name>EPwm1RegsFile</name>
         <uninitialized>true</uninitialized>
         <run_address>0x6800</run_address>
         <size>0x22</size>
         <input_file_ref idref="fl-e"/>
      </object_component>
      <object_component id="oc-a9">
         <name>EPwm2RegsFile</name>
         <uninitialized>true</uninitialized>
         <run_address>0x6840</run_address>
         <size>0x22</size>
         <input_file_ref idref="fl-e"/>
      </object_component>
      <object_component id="oc-ab">
         <name>EPwm3RegsFile</name>
         <uninitialized>true</uninitialized>
         <run_address>0x6880</run_address>
         <size>0x22</size>
         <input_file_ref idref="fl-e"/>
      </object_component>
      <object_component id="oc-ad">
         <name>EPwm4RegsFile</name>
         <uninitialized>true</uninitialized>
         <run_address>0x68c0</run_address>
         <size>0x22</size>
         <input_file_ref idref="fl-e"/>
      </object_component>
      <object_component id="oc-ac">
         <name>EPwm5RegsFile</name>
         <uninitialized>true</uninitialized>
         <run_address>0x6900</run_address>
         <size>0x22</size>
         <input_file_ref idref="fl-e"/>
      </object_component>
      <object_component id="oc-ae">
         <name>EPwm6RegsFile</name>
         <uninitialized>true</uninitialized>
         <run_address>0x6940</run_address>
         <size>0x22</size>
         <input_file_ref idref="fl-e"/>
      </object_component>
      <object_component id="oc-a6">
         <name>ECap1RegsFile</name>
         <uninitialized>true</uninitialized>
         <run_address>0x6a00</run_address>
         <size>0x20</size>
         <input_file_ref idref="fl-e"/>
      </object_component>
      <object_component id="oc-a2">
         <name>ECap2RegsFile</name>
         <uninitialized>true</uninitialized>
         <run_address>0x6a20</run_address>
         <size>0x20</size>
         <input_file_ref idref="fl-e"/>
      </object_component>
      <object_component id="oc-a3">
         <name>ECap3RegsFile</name>
         <uninitialized>true</uninitialized>
         <run_address>0x6a40</run_address>
         <size>0x20</size>
         <input_file_ref idref="fl-e"/>
      </object_component>
      <object_component id="oc-a0">
         <name>ECap4RegsFile</name>
         <uninitialized>true</uninitialized>
         <run_address>0x6a60</run_address>
         <size>0x20</size>
         <input_file_ref idref="fl-e"/>
      </object_component>
      <object_component id="oc-a1">
         <name>ECap5RegsFile</name>
         <uninitialized>true</uninitialized>
         <run_address>0x6a80</run_address>
         <size>0x20</size>
         <input_file_ref idref="fl-e"/>
      </object_component>
      <object_component id="oc-a7">
         <name>ECap6RegsFile</name>
         <uninitialized>true</uninitialized>
         <run_address>0x6aa0</run_address>
         <size>0x20</size>
         <input_file_ref idref="fl-e"/>
      </object_component>
      <object_component id="oc-bb">
         <name>EQep1RegsFile</name>
         <uninitialized>true</uninitialized>
         <run_address>0x6b00</run_address>
         <size>0x40</size>
         <input_file_ref idref="fl-e"/>
      </object_component>
      <object_component id="oc-b9">
         <name>EQep2RegsFile</name>
         <uninitialized>true</uninitialized>
         <run_address>0x6b40</run_address>
         <size>0x40</size>
         <input_file_ref idref="fl-e"/>
      </object_component>
      <object_component id="oc-b1">
         <name>GpioCtrlRegsFile</name>
         <uninitialized>true</uninitialized>
         <run_address>0x6f80</run_address>
         <size>0x2e</size>
         <input_file_ref idref="fl-e"/>
      </object_component>
      <object_component id="oc-a4">
         <name>GpioDataRegsFile</name>
         <uninitialized>true</uninitialized>
         <run_address>0x6fc0</run_address>
         <size>0x20</size>
         <input_file_ref idref="fl-e"/>
      </object_component>
      <object_component id="oc-95">
         <name>GpioIntRegsFile</name>
         <uninitialized>true</uninitialized>
         <run_address>0x6fe0</run_address>
         <size>0xa</size>
         <input_file_ref idref="fl-e"/>
      </object_component>
      <object_component id="oc-a5">
         <name>SysCtrlRegsFile</name>
         <uninitialized>true</uninitialized>
         <run_address>0x7010</run_address>
         <size>0x20</size>
         <input_file_ref idref="fl-e"/>
      </object_component>
      <object_component id="oc-98">
         <name>SpiaRegsFile</name>
         <uninitialized>true</uninitialized>
         <run_address>0x7040</run_address>
         <size>0x10</size>
         <input_file_ref idref="fl-e"/>
      </object_component>
      <object_component id="oc-99">
         <name>SciaRegsFile</name>
         <uninitialized>true</uninitialized>
         <run_address>0x7050</run_address>
         <size>0x10</size>
         <input_file_ref idref="fl-e"/>
      </object_component>
      <object_component id="oc-9a">
         <name>XIntruptRegsFile</name>
         <uninitialized>true</uninitialized>
         <run_address>0x7070</run_address>
         <size>0x10</size>
         <input_file_ref idref="fl-e"/>
      </object_component>
      <object_component id="oc-9e">
         <name>AdcRegsFile</name>
         <uninitialized>true</uninitialized>
         <run_address>0x7100</run_address>
         <size>0x1e</size>
         <input_file_ref idref="fl-e"/>
      </object_component>
      <object_component id="oc-97">
         <name>ScibRegsFile</name>
         <uninitialized>true</uninitialized>
         <run_address>0x7750</run_address>
         <size>0x10</size>
         <input_file_ref idref="fl-e"/>
      </object_component>
      <object_component id="oc-96">
         <name>ScicRegsFile</name>
         <uninitialized>true</uninitialized>
         <run_address>0x7770</run_address>
         <size>0x10</size>
         <input_file_ref idref="fl-e"/>
      </object_component>
      <object_component id="oc-a8">
         <name>I2caRegsFile</name>
         <uninitialized>true</uninitialized>
         <run_address>0x7900</run_address>
         <size>0x22</size>
         <input_file_ref idref="fl-e"/>
      </object_component>
      <object_component id="oc-94">
         <name>CsmPwlFile</name>
         <uninitialized>true</uninitialized>
         <run_address>0x3f7ff8</run_address>
         <size>0x8</size>
         <input_file_ref idref="fl-e"/>
      </object_component>
      <object_component id="oc-f2">
         <name>.cinit</name>
         <load_address>0x3065bc</load_address>
         <run_address>0x3065bc</run_address>
         <size>0x428</size>
         <input_file_ref idref="fl-1b"/>
      </object_component>
      <object_component id="oc-ea">
         <name>.cinit</name>
         <load_address>0x3069e4</load_address>
         <run_address>0x3069e4</run_address>
         <size>0x150</size>
         <input_file_ref idref="fl-16"/>
      </object_component>
      <object_component id="oc-5c">
         <name>.cinit</name>
         <load_address>0x306b34</load_address>
         <run_address>0x306b34</run_address>
         <size>0x3c</size>
         <input_file_ref idref="fl-5"/>
      </object_component>
      <object_component id="oc-71">
         <name>.cinit</name>
         <load_address>0x306b70</load_address>
         <run_address>0x306b70</run_address>
         <size>0x24</size>
         <input_file_ref idref="fl-8"/>
      </object_component>
      <object_component id="oc-dc">
         <name>.cinit</name>
         <load_address>0x306b94</load_address>
         <run_address>0x306b94</run_address>
         <size>0x11</size>
         <input_file_ref idref="fl-14"/>
      </object_component>
      <object_component id="oc-191">
         <name>.cinit</name>
         <load_address>0x306ba5</load_address>
         <run_address>0x306ba5</run_address>
         <size>0xe</size>
         <input_file_ref idref="fl-4b"/>
      </object_component>
      <object_component id="oc-64">
         <name>.cinit</name>
         <load_address>0x306bb3</load_address>
         <run_address>0x306bb3</run_address>
         <size>0xc</size>
         <input_file_ref idref="fl-6"/>
      </object_component>
      <object_component id="oc-55">
         <name>.cinit</name>
         <load_address>0x306bbf</load_address>
         <run_address>0x306bbf</run_address>
         <size>0x8</size>
         <input_file_ref idref="fl-4"/>
      </object_component>
      <object_component id="oc-2ce">
         <name>.cinit:__lock</name>
         <load_address>0x306bc7</load_address>
         <run_address>0x306bc7</run_address>
         <size>0x5</size>
         <input_file_ref idref="fl-4c"/>
      </object_component>
      <object_component id="oc-2cd">
         <name>.cinit:__unlock</name>
         <load_address>0x306bcc</load_address>
         <run_address>0x306bcc</run_address>
         <size>0x5</size>
         <input_file_ref idref="fl-4c"/>
      </object_component>
      <object_component id="oc-e3">
         <name>.cinit</name>
         <load_address>0x306bd1</load_address>
         <run_address>0x306bd1</run_address>
         <size>0x5</size>
         <input_file_ref idref="fl-15"/>
      </object_component>
      <object_component id="oc-236">
         <name>.cinit</name>
         <load_address>0x306bd6</load_address>
         <run_address>0x306bd6</run_address>
         <size>0x4</size>
         <input_file_ref idref="fl-6b"/>
      </object_component>
      <object_component id="oc-335">
         <name>.text</name>
         <load_address>0x300000</load_address>
         <run_address>0x300000</run_address>
         <size>0xc16</size>
         <input_file_ref idref="fl-54"/>
      </object_component>
      <object_component id="oc-24f">
         <name>.text:_control</name>
         <load_address>0x300c16</load_address>
         <run_address>0x300c16</run_address>
         <size>0x5fa</size>
         <input_file_ref idref="fl-16"/>
      </object_component>
      <object_component id="oc-2a6">
         <name>.text:_init_PWM</name>
         <load_address>0x301210</load_address>
         <run_address>0x301210</run_address>
         <size>0x294</size>
         <input_file_ref idref="fl-6"/>
      </object_component>
      <object_component id="oc-38e">
         <name>.text:_xdc_runtime_System_doPrint__I</name>
         <load_address>0x3014a4</load_address>
         <run_address>0x3014a4</run_address>
         <size>0x232</size>
         <input_file_ref idref="fl-31"/>
      </object_component>
      <object_component id="oc-255">
         <name>.text:_SPI_RXint</name>
         <load_address>0x3016d6</load_address>
         <run_address>0x3016d6</run_address>
         <size>0x21a</size>
         <input_file_ref idref="fl-8"/>
      </object_component>
      <object_component id="oc-2a7">
         <name>.text:_init_PWM_AS_RCSERVO</name>
         <load_address>0x3018f0</load_address>
         <run_address>0x3018f0</run_address>
         <size>0x1bc</size>
         <input_file_ref idref="fl-6"/>
      </object_component>
      <object_component id="oc-257">
         <name>.text:_McBSP_RX_INTCH2_ISR</name>
         <load_address>0x301aac</load_address>
         <run_address>0x301aac</run_address>
         <size>0x14e</size>
         <input_file_ref idref="fl-5"/>
      </object_component>
      <object_component id="oc-2a9">
         <name>.text:_init_serial</name>
         <load_address>0x301bfa</load_address>
         <run_address>0x301bfa</run_address>
         <size>0x131</size>
         <input_file_ref idref="fl-7"/>
      </object_component>
      <object_component id="oc-172">
         <name>.text</name>
         <load_address>0x301d2b</load_address>
         <run_address>0x301d2b</run_address>
         <size>0x107</size>
         <input_file_ref idref="fl-45"/>
      </object_component>
      <object_component id="oc-2ae">
         <name>.text:_init_SPI</name>
         <load_address>0x301e32</load_address>
         <run_address>0x301e32</run_address>
         <size>0x101</size>
         <input_file_ref idref="fl-8"/>
      </object_component>
      <object_component id="oc-28f">
         <name>.text:_sendData</name>
         <load_address>0x301f33</load_address>
         <run_address>0x301f33</run_address>
         <size>0xf6</size>
         <input_file_ref idref="fl-16"/>
      </object_component>
      <object_component id="oc-27b">
         <name>.text:_xdc_runtime_LoggerBuf_write8__E</name>
         <load_address>0x302029</load_address>
         <run_address>0x302029</run_address>
         <size>0xd2</size>
         <input_file_ref idref="fl-2e"/>
      </object_component>
      <object_component id="oc-267">
         <name>.text:_main</name>
         <load_address>0x3020fb</load_address>
         <run_address>0x3020fb</run_address>
         <size>0xc7</size>
         <input_file_ref idref="fl-16"/>
      </object_component>
      <object_component id="oc-39f">
         <name>.text:_xdc_runtime_System_printfExtend__I</name>
         <load_address>0x3021c2</load_address>
         <run_address>0x3021c2</run_address>
         <size>0xc0</size>
         <input_file_ref idref="fl-1b"/>
      </object_component>
      <object_component id="oc-346">
         <name>.text</name>
         <load_address>0x302282</load_address>
         <run_address>0x302282</run_address>
         <size>0xc0</size>
         <input_file_ref idref="fl-5d"/>
      </object_component>
      <object_component id="oc-28e">
         <name>.text:_PWM_out</name>
         <load_address>0x302342</load_address>
         <run_address>0x302342</run_address>
         <size>0xb2</size>
         <input_file_ref idref="fl-6"/>
      </object_component>
      <object_component id="oc-2da">
         <name>.text:_ti_sysbios_knl_Semaphore_pend__E</name>
         <load_address>0x3023f4</load_address>
         <run_address>0x3023f4</run_address>
         <size>0xa9</size>
         <input_file_ref idref="fl-23"/>
      </object_component>
      <object_component id="oc-2e8">
         <name>.text:_xdc_runtime_Error_policyDefault__E</name>
         <load_address>0x30249d</load_address>
         <run_address>0x30249d</run_address>
         <size>0x9c</size>
         <input_file_ref idref="fl-2c"/>
      </object_component>
      <object_component id="oc-1f4">
         <name>.text</name>
         <load_address>0x302539</load_address>
         <run_address>0x302539</run_address>
         <size>0x9c</size>
         <input_file_ref idref="fl-5e"/>
      </object_component>
      <object_component id="oc-37b">
         <name>.text:_ti_sysbios_family_c28_Hwi_dispatch</name>
         <load_address>0x3025d5</load_address>
         <run_address>0x3025d5</run_address>
         <size>0x9b</size>
         <input_file_ref idref="fl-25"/>
      </object_component>
      <object_component id="oc-386">
         <name>.text</name>
         <load_address>0x302670</load_address>
         <run_address>0x302670</run_address>
         <size>0x94</size>
         <input_file_ref idref="fl-52"/>
      </object_component>
      <object_component id="oc-28c">
         <name>.text:_updateData</name>
         <load_address>0x302704</load_address>
         <run_address>0x302704</run_address>
         <size>0x90</size>
         <input_file_ref idref="fl-16"/>
      </object_component>
      <object_component id="oc-2ff">
         <name>.text:_ti_sysbios_family_c28_Hwi_clearInterrupt__E</name>
         <load_address>0x302794</load_address>
         <run_address>0x302794</run_address>
         <size>0x8b</size>
         <input_file_ref idref="fl-23"/>
      </object_component>
      <object_component id="oc-27a">
         <name>.text:_xdc_runtime_LoggerBuf_write4__E</name>
         <load_address>0x30281f</load_address>
         <run_address>0x30281f</run_address>
         <size>0x8b</size>
         <input_file_ref idref="fl-2e"/>
      </object_component>
      <object_component id="oc-1fe">
         <name>.text</name>
         <load_address>0x3028aa</load_address>
         <run_address>0x3028aa</run_address>
         <size>0x8b</size>
         <input_file_ref idref="fl-60"/>
      </object_component>
      <object_component id="oc-16d">
         <name>.text</name>
         <load_address>0x302935</load_address>
         <run_address>0x302935</run_address>
         <size>0x88</size>
         <input_file_ref idref="fl-44"/>
      </object_component>
      <object_component id="oc-2aa">
         <name>.text:_init_dma_mcbsp</name>
         <load_address>0x3029bd</load_address>
         <run_address>0x3029bd</run_address>
         <size>0x87</size>
         <input_file_ref idref="fl-2"/>
      </object_component>
      <object_component id="oc-203">
         <name>.text</name>
         <load_address>0x302a44</load_address>
         <run_address>0x302a44</run_address>
         <size>0x83</size>
         <input_file_ref idref="fl-61"/>
      </object_component>
      <object_component id="oc-2a5">
         <name>.text:_init_EQEP</name>
         <load_address>0x302ac7</load_address>
         <run_address>0x302ac7</run_address>
         <size>0x82</size>
         <input_file_ref idref="fl-3"/>
      </object_component>
      <object_component id="oc-295">
         <name>.text:_i2c_stdrecv</name>
         <load_address>0x302b49</load_address>
         <run_address>0x302b49</run_address>
         <size>0x80</size>
         <input_file_ref idref="fl-14"/>
      </object_component>
      <object_component id="oc-298">
         <name>.text:_RCSERVO_out</name>
         <load_address>0x302bc9</load_address>
         <run_address>0x302bc9</run_address>
         <size>0x7a</size>
         <input_file_ref idref="fl-6"/>
      </object_component>
      <object_component id="oc-2ed">
         <name>.text:_xdc_runtime_Startup_startMods__I</name>
         <load_address>0x302c43</load_address>
         <run_address>0x302c43</run_address>
         <size>0x79</size>
         <input_file_ref idref="fl-30"/>
      </object_component>
      <object_component id="oc-303">
         <name>.text:_ti_sysbios_knl_Task_checkStacks__E</name>
         <load_address>0x302cbc</load_address>
         <run_address>0x302cbc</run_address>
         <size>0x73</size>
         <input_file_ref idref="fl-23"/>
      </object_component>
      <object_component id="oc-360">
         <name>.text:_xdc_runtime_Text_putSite__E</name>
         <load_address>0x302d2f</load_address>
         <run_address>0x302d2f</run_address>
         <size>0x6b</size>
         <input_file_ref idref="fl-33"/>
      </object_component>
      <object_component id="oc-49">
         <name>.text</name>
         <load_address>0x302d9a</load_address>
         <run_address>0x302d9a</run_address>
         <size>0x69</size>
         <input_file_ref idref="fl-38"/>
      </object_component>
      <object_component id="oc-37c">
         <name>.text:_ti_sysbios_family_c28_Timer_stopAndClear__I</name>
         <load_address>0x302e03</load_address>
         <run_address>0x302e03</run_address>
         <size>0x66</size>
         <input_file_ref idref="fl-23"/>
      </object_component>
      <object_component id="oc-296">
         <name>.text:_i2c_stdsend</name>
         <load_address>0x302e69</load_address>
         <run_address>0x302e69</run_address>
         <size>0x61</size>
         <input_file_ref idref="fl-14"/>
      </object_component>
      <object_component id="oc-2b9">
         <name>.text:_ti_sysbios_heaps_HeapMem_allocUnprotected__E</name>
         <load_address>0x302eca</load_address>
         <run_address>0x302eca</run_address>
         <size>0x5e</size>
         <input_file_ref idref="fl-23"/>
      </object_component>
      <object_component id="oc-2a8">
         <name>.text:_pre_init</name>
         <load_address>0x302f28</load_address>
         <run_address>0x302f28</run_address>
         <size>0x5c</size>
         <input_file_ref idref="fl-4"/>
      </object_component>
      <object_component id="oc-345">
         <name>.text</name>
         <load_address>0x302f84</load_address>
         <run_address>0x302f84</run_address>
         <size>0x5a</size>
         <input_file_ref idref="fl-5c"/>
      </object_component>
      <object_component id="oc-2f0">
         <name>.text:_InitPeripheralClocks</name>
         <load_address>0x302fde</load_address>
         <run_address>0x302fde</run_address>
         <size>0x56</size>
         <input_file_ref idref="fl-12"/>
      </object_component>
      <object_component id="oc-2dd">
         <name>.text:_LCDvPrintfLine</name>
         <load_address>0x303034</load_address>
         <run_address>0x303034</run_address>
         <size>0x54</size>
         <input_file_ref idref="fl-7"/>
      </object_component>
      <object_component id="oc-294">
         <name>.text:_ti_sysbios_knl_Task_sleep__E</name>
         <load_address>0x303088</load_address>
         <run_address>0x303088</run_address>
         <size>0x53</size>
         <input_file_ref idref="fl-23"/>
      </object_component>
      <object_component id="oc-2ef">
         <name>.text:_InitPll</name>
         <load_address>0x3030db</load_address>
         <run_address>0x3030db</run_address>
         <size>0x51</size>
         <input_file_ref idref="fl-12"/>
      </object_component>
      <object_component id="oc-250">
         <name>.text:_ti_sysbios_knl_Clock_workFunc__E</name>
         <load_address>0x30312c</load_address>
         <run_address>0x30312c</run_address>
         <size>0x4d</size>
         <input_file_ref idref="fl-23"/>
      </object_component>
      <object_component id="oc-3a1">
         <name>.text:_ti_sysbios_family_c28_Hwi_dispatchCore__I</name>
         <load_address>0x303179</load_address>
         <run_address>0x303179</run_address>
         <size>0x4c</size>
         <input_file_ref idref="fl-23"/>
      </object_component>
      <object_component id="oc-3a4">
         <name>.text:_xdc_runtime_Text_putLab__E</name>
         <load_address>0x3031c5</load_address>
         <run_address>0x3031c5</run_address>
         <size>0x4b</size>
         <input_file_ref idref="fl-33"/>
      </object_component>
      <object_component id="oc-2f9">
         <name>.text:_ti_sysbios_family_c28_TimestampProvider_get64__E</name>
         <load_address>0x303210</load_address>
         <run_address>0x303210</run_address>
         <size>0x48</size>
         <input_file_ref idref="fl-23"/>
      </object_component>
      <object_component id="oc-355">
         <name>.text:_ti_sysbios_family_c28_Hwi_Module_startup__E</name>
         <load_address>0x303258</load_address>
         <run_address>0x303258</run_address>
         <size>0x47</size>
         <input_file_ref idref="fl-23"/>
      </object_component>
      <object_component id="oc-373">
         <name>.text:_ti_sysbios_knl_Task_postInit__I</name>
         <load_address>0x30329f</load_address>
         <run_address>0x30329f</run_address>
         <size>0x47</size>
         <input_file_ref idref="fl-23"/>
      </object_component>
      <object_component id="oc-26f">
         <name>.text:_ti_sysbios_heaps_HeapMem_alloc__E</name>
         <load_address>0x3032e6</load_address>
         <run_address>0x3032e6</run_address>
         <size>0x46</size>
         <input_file_ref idref="fl-23"/>
      </object_component>
      <object_component id="oc-336">
         <name>.text:_ti_sysbios_knl_Swi_run__I</name>
         <load_address>0x30332c</load_address>
         <run_address>0x30332c</run_address>
         <size>0x46</size>
         <input_file_ref idref="fl-23"/>
      </object_component>
      <object_component id="oc-36b">
         <name>.text:_ti_sysbios_family_c28_Timer_postInit__I</name>
         <load_address>0x303372</load_address>
         <run_address>0x303372</run_address>
         <size>0x43</size>
         <input_file_ref idref="fl-23"/>
      </object_component>
      <object_component id="oc-fd">
         <name>.text:_ti_sysbios_family_c28_Hwi_unPluggedInterrupt__I</name>
         <load_address>0x3033b5</load_address>
         <run_address>0x3033b5</run_address>
         <size>0x42</size>
         <input_file_ref idref="fl-23"/>
      </object_component>
      <object_component id="oc-377">
         <name>.text:_xdc_runtime_Text_putMod__E</name>
         <load_address>0x3033f7</load_address>
         <run_address>0x3033f7</run_address>
         <size>0x3f</size>
         <input_file_ref idref="fl-33"/>
      </object_component>
      <object_component id="oc-3a5">
         <name>.text:_ti_sysbios_knl_Swi_restoreHwi__E</name>
         <load_address>0x303436</load_address>
         <run_address>0x303436</run_address>
         <size>0x3e</size>
         <input_file_ref idref="fl-23"/>
      </object_component>
      <object_component id="oc-27d">
         <name>.text:_xdc_runtime_LoggerBuf_getFilterLevel__E</name>
         <load_address>0x303474</load_address>
         <run_address>0x303474</run_address>
         <size>0x3d</size>
         <input_file_ref idref="fl-2e"/>
      </object_component>
      <object_component id="oc-253">
         <name>.text:_compassTask</name>
         <load_address>0x3034b1</load_address>
         <run_address>0x3034b1</run_address>
         <size>0x3c</size>
         <input_file_ref idref="fl-14"/>
      </object_component>
      <object_component id="oc-27c">
         <name>.text:_xdc_runtime_LoggerBuf_setFilterLevel__E</name>
         <load_address>0x3034ed</load_address>
         <run_address>0x3034ed</run_address>
         <size>0x3c</size>
         <input_file_ref idref="fl-2e"/>
      </object_component>
      <object_component id="oc-396">
         <name>.text:_xdc_runtime_System_formatNum__I</name>
         <load_address>0x303529</load_address>
         <run_address>0x303529</run_address>
         <size>0x3c</size>
         <input_file_ref idref="fl-31"/>
      </object_component>
      <object_component id="oc-392">
         <name>.text:_ti_sysbios_family_c28_TaskSupport_start__E</name>
         <load_address>0x303565</load_address>
         <run_address>0x303565</run_address>
         <size>0x3a</size>
         <input_file_ref idref="fl-23"/>
      </object_component>
      <object_component id="oc-376">
         <name>.text</name>
         <load_address>0x30359f</load_address>
         <run_address>0x30359f</run_address>
         <size>0x38</size>
         <input_file_ref idref="fl-51"/>
      </object_component>
      <object_component id="oc-29a">
         <name>.text:_serial_recv_ready</name>
         <load_address>0x3035d7</load_address>
         <run_address>0x3035d7</run_address>
         <size>0x37</size>
         <input_file_ref idref="fl-7"/>
      </object_component>
      <object_component id="oc-2bd">
         <name>.text:_ti_sysbios_heaps_HeapMem_freeUnprotected__E</name>
         <load_address>0x30360e</load_address>
         <run_address>0x30360e</run_address>
         <size>0x36</size>
         <input_file_ref idref="fl-23"/>
      </object_component>
      <object_component id="oc-2d7">
         <name>.text:_ti_sysbios_knl_Task_startCore__E</name>
         <load_address>0x303644</load_address>
         <run_address>0x303644</run_address>
         <size>0x35</size>
         <input_file_ref idref="fl-23"/>
      </object_component>
      <object_component id="oc-300">
         <name>.text:_ti_sysbios_family_c28_Hwi_enableInterrupt__E</name>
         <load_address>0x303679</load_address>
         <run_address>0x303679</run_address>
         <size>0x33</size>
         <input_file_ref idref="fl-23"/>
      </object_component>
      <object_component id="oc-2dc">
         <name>.text:_EQEP_read</name>
         <load_address>0x3036ac</load_address>
         <run_address>0x3036ac</run_address>
         <size>0x32</size>
         <input_file_ref idref="fl-3"/>
      </object_component>
      <object_component id="oc-359">
         <name>.text:_ti_sysbios_knl_Task_Module_startup__E</name>
         <load_address>0x3036de</load_address>
         <run_address>0x3036de</run_address>
         <size>0x32</size>
         <input_file_ref idref="fl-23"/>
      </object_component>
      <object_component id="oc-39e">
         <name>.text:_xdc_runtime_Text_visitRope2__I</name>
         <load_address>0x303710</load_address>
         <run_address>0x303710</run_address>
         <size>0x32</size>
         <input_file_ref idref="fl-33"/>
      </object_component>
      <object_component id="oc-299">
         <name>.text:_serial_send</name>
         <load_address>0x303742</load_address>
         <run_address>0x303742</run_address>
         <size>0x31</size>
         <input_file_ref idref="fl-7"/>
      </object_component>
      <object_component id="oc-343">
         <name>.text</name>
         <load_address>0x303773</load_address>
         <run_address>0x303773</run_address>
         <size>0x31</size>
         <input_file_ref idref="fl-55"/>
      </object_component>
      <object_component id="oc-34e">
         <name>.text:_xdc_runtime_Error_print__E</name>
         <load_address>0x3037a4</load_address>
         <run_address>0x3037a4</run_address>
         <size>0x30</size>
         <input_file_ref idref="fl-2c"/>
      </object_component>
      <object_component id="oc-310">
         <name>.text:_xdc_runtime_Error_setX__E</name>
         <load_address>0x3037d4</load_address>
         <run_address>0x3037d4</run_address>
         <size>0x30</size>
         <input_file_ref idref="fl-2c"/>
      </object_component>
      <object_component id="oc-309">
         <name>.text</name>
         <load_address>0x303804</load_address>
         <run_address>0x303804</run_address>
         <size>0x30</size>
         <input_file_ref idref="fl-53"/>
      </object_component>
      <object_component id="oc-241">
         <name>.text:_xdc_runtime_Startup_exec__E</name>
         <load_address>0x303834</load_address>
         <run_address>0x303834</run_address>
         <size>0x2f</size>
         <input_file_ref idref="fl-30"/>
      </object_component>
      <object_component id="oc-262">
         <name>.text:.bootCodeSection:_ti_catalog_c2800_init_Boot_configurePll2802x</name>
         <load_address>0x303863</load_address>
         <run_address>0x303863</run_address>
         <size>0x2e</size>
         <input_file_ref idref="fl-28"/>
      </object_component>
      <object_component id="oc-2ac">
         <name>.text:_InitMcbspb</name>
         <load_address>0x303891</load_address>
         <run_address>0x303891</run_address>
         <size>0x2e</size>
         <input_file_ref idref="fl-f"/>
      </object_component>
      <object_component id="oc-2ab">
         <name>.text:_InitMcbspbGpio</name>
         <load_address>0x3038bf</load_address>
         <run_address>0x3038bf</run_address>
         <size>0x2e</size>
         <input_file_ref idref="fl-f"/>
      </object_component>
      <object_component id="oc-30b">
         <name>.text:_ti_sysbios_knl_Swi_runLoop__I</name>
         <load_address>0x3038ed</load_address>
         <run_address>0x3038ed</run_address>
         <size>0x2e</size>
         <input_file_ref idref="fl-23"/>
      </object_component>
      <object_component id="oc-2df">
         <name>.text:_ti_sysbios_knl_Swi_schedule__I</name>
         <load_address>0x30391b</load_address>
         <run_address>0x30391b</run_address>
         <size>0x2e</size>
         <input_file_ref idref="fl-23"/>
      </object_component>
      <object_component id="oc-30e">
         <name>.text:_ti_sysbios_knl_Task_schedule__I</name>
         <load_address>0x303949</load_address>
         <run_address>0x303949</run_address>
         <size>0x2e</size>
         <input_file_ref idref="fl-23"/>
      </object_component>
      <object_component id="oc-344">
         <name>.text</name>
         <load_address>0x303977</load_address>
         <run_address>0x303977</run_address>
         <size>0x2e</size>
         <input_file_ref idref="fl-57"/>
      </object_component>
      <object_component id="oc-341">
         <name>.text:_ti_sysbios_family_c28_Hwi_getInterruptFlag__E</name>
         <load_address>0x3039a5</load_address>
         <run_address>0x3039a5</run_address>
         <size>0x2d</size>
         <input_file_ref idref="fl-23"/>
      </object_component>
      <object_component id="oc-33d">
         <name>.text:_ti_sysbios_family_c28_Hwi_getStackInfo__E</name>
         <load_address>0x3039d2</load_address>
         <run_address>0x3039d2</run_address>
         <size>0x2d</size>
         <input_file_ref idref="fl-23"/>
      </object_component>
      <object_component id="oc-272">
         <name>.text:_ti_sysbios_heaps_HeapMem_getStats__E</name>
         <load_address>0x3039ff</load_address>
         <run_address>0x3039ff</run_address>
         <size>0x2d</size>
         <input_file_ref idref="fl-23"/>
      </object_component>
      <object_component id="oc-2db">
         <name>.text:_ti_sysbios_knl_Semaphore_post__E</name>
         <load_address>0x303a2c</load_address>
         <run_address>0x303a2c</run_address>
         <size>0x2d</size>
         <input_file_ref idref="fl-23"/>
      </object_component>
      <object_component id="oc-2d4">
         <name>.text:_ti_sysbios_family_c28_Timer_start__E</name>
         <load_address>0x303a59</load_address>
         <run_address>0x303a59</run_address>
         <size>0x2c</size>
         <input_file_ref idref="fl-23"/>
      </object_component>
      <object_component id="oc-32b">
         <name>.text:_ti_sysbios_family_c28_Hwi_disablePIEIER__E</name>
         <load_address>0x303a85</load_address>
         <run_address>0x303a85</run_address>
         <size>0x2b</size>
         <input_file_ref idref="fl-23"/>
      </object_component>
      <object_component id="oc-32a">
         <name>.text:_ti_sysbios_family_c28_Hwi_enablePIEIER__E</name>
         <load_address>0x303ab0</load_address>
         <run_address>0x303ab0</run_address>
         <size>0x2a</size>
         <input_file_ref idref="fl-23"/>
      </object_component>
      <object_component id="oc-1f9">
         <name>.text</name>
         <load_address>0x303ada</load_address>
         <run_address>0x303ada</run_address>
         <size>0x2a</size>
         <input_file_ref idref="fl-5f"/>
      </object_component>
      <object_component id="oc-177">
         <name>.text</name>
         <load_address>0x303b04</load_address>
         <run_address>0x303b04</run_address>
         <size>0x2a</size>
         <input_file_ref idref="fl-46"/>
      </object_component>
      <object_component id="oc-326">
         <name>.text:_ti_sysbios_family_c28_Timer_getExpiredCounts64__E</name>
         <load_address>0x303b2e</load_address>
         <run_address>0x303b2e</run_address>
         <size>0x29</size>
         <input_file_ref idref="fl-23"/>
      </object_component>
      <object_component id="oc-2f8">
         <name>.text</name>
         <load_address>0x303b57</load_address>
         <run_address>0x303b57</run_address>
         <size>0x29</size>
         <input_file_ref idref="fl-4b"/>
      </object_component>
      <object_component id="oc-378">
         <name>.text:_xdc_runtime_Text_xprintf__I</name>
         <load_address>0x303b80</load_address>
         <run_address>0x303b80</run_address>
         <size>0x28</size>
         <input_file_ref idref="fl-33"/>
      </object_component>
      <object_component id="oc-2eb">
         <name>.text:_ti_sysbios_heaps_HeapMem_init__I</name>
         <load_address>0x303ba8</load_address>
         <run_address>0x303ba8</run_address>
         <size>0x27</size>
         <input_file_ref idref="fl-23"/>
      </object_component>
      <object_component id="oc-2f4">
         <name>.text:_InitSpiaGpio</name>
         <load_address>0x303bcf</load_address>
         <run_address>0x303bcf</run_address>
         <size>0x26</size>
         <input_file_ref idref="fl-11"/>
      </object_component>
      <object_component id="oc-324">
         <name>.text:_xdc_runtime_SysMin_flush__E</name>
         <load_address>0x303bf5</load_address>
         <run_address>0x303bf5</run_address>
         <size>0x26</size>
         <input_file_ref idref="fl-32"/>
      </object_component>
      <object_component id="oc-39d">
         <name>.text:_ti_sysbios_family_c28_TaskSupport_buildTaskStack</name>
         <load_address>0x303c1b</load_address>
         <run_address>0x303c1b</run_address>
         <size>0x25</size>
         <input_file_ref idref="fl-27"/>
      </object_component>
      <object_component id="oc-327">
         <name>.text:_ti_sysbios_family_c28_Timer_getExpiredCounts__E</name>
         <load_address>0x303c40</load_address>
         <run_address>0x303c40</run_address>
         <size>0x25</size>
         <input_file_ref idref="fl-23"/>
      </object_component>
      <object_component id="oc-390">
         <name>.text:_ti_sysbios_family_c28_Hwi_disableInterrupt__E</name>
         <load_address>0x303c65</load_address>
         <run_address>0x303c65</run_address>
         <size>0x24</size>
         <input_file_ref idref="fl-23"/>
      </object_component>
      <object_component id="oc-293">
         <name>.text:_ti_sysbios_knl_Swi_post__E</name>
         <load_address>0x303c89</load_address>
         <run_address>0x303c89</run_address>
         <size>0x24</size>
         <input_file_ref idref="fl-23"/>
      </object_component>
      <object_component id="oc-240">
         <name>.text</name>
         <load_address>0x303cad</load_address>
         <run_address>0x303cad</run_address>
         <size>0x24</size>
         <input_file_ref idref="fl-47"/>
      </object_component>
      <object_component id="oc-35e">
         <name>.text</name>
         <load_address>0x303cd1</load_address>
         <run_address>0x303cd1</run_address>
         <size>0x24</size>
         <input_file_ref idref="fl-6c"/>
      </object_component>
      <object_component id="oc-268">
         <name>.text:_xdc_runtime_System_processAtExit__E</name>
         <load_address>0x303cf5</load_address>
         <run_address>0x303cf5</run_address>
         <size>0x23</size>
         <input_file_ref idref="fl-31"/>
      </object_component>
      <object_component id="oc-270">
         <name>.text:_ti_sysbios_heaps_HeapMem_free__E</name>
         <load_address>0x303d18</load_address>
         <run_address>0x303d18</run_address>
         <size>0x21</size>
         <input_file_ref idref="fl-23"/>
      </object_component>
      <object_component id="oc-301">
         <name>.text:_ti_sysbios_knl_Task_allBlockedFunction__I</name>
         <load_address>0x303d39</load_address>
         <run_address>0x303d39</run_address>
         <size>0x21</size>
         <input_file_ref idref="fl-23"/>
      </object_component>
      <object_component id="oc-212">
         <name>.text</name>
         <load_address>0x303d5a</load_address>
         <run_address>0x303d5a</run_address>
         <size>0x21</size>
         <input_file_ref idref="fl-64"/>
      </object_component>
      <object_component id="oc-37e">
         <name>.text:_ti_sysbios_family_c28_Timer_setPrescale__E</name>
         <load_address>0x303d7b</load_address>
         <run_address>0x303d7b</run_address>
         <size>0x20</size>
         <input_file_ref idref="fl-23"/>
      </object_component>
      <object_component id="oc-2e5">
         <name>.text:_ti_sysbios_knl_Task_yield__E</name>
         <load_address>0x303d9b</load_address>
         <run_address>0x303d9b</run_address>
         <size>0x20</size>
         <input_file_ref idref="fl-23"/>
      </object_component>
      <object_component id="oc-281">
         <name>.text:_xdc_runtime_System_atexit__E</name>
         <load_address>0x303dbb</load_address>
         <run_address>0x303dbb</run_address>
         <size>0x20</size>
         <input_file_ref idref="fl-31"/>
      </object_component>
      <object_component id="oc-380">
         <name>.text:_ti_sysbios_knl_Task_exit__E</name>
         <load_address>0x303ddb</load_address>
         <run_address>0x303ddb</run_address>
         <size>0x1f</size>
         <input_file_ref idref="fl-23"/>
      </object_component>
      <object_component id="oc-2c1">
         <name>.text:_xdc_runtime_LoggerBuf_filterOutEvent__I</name>
         <load_address>0x303dfa</load_address>
         <run_address>0x303dfa</run_address>
         <size>0x1f</size>
         <input_file_ref idref="fl-2e"/>
      </object_component>
      <object_component id="oc-217">
         <name>.text</name>
         <load_address>0x303e19</load_address>
         <run_address>0x303e19</run_address>
         <size>0x1f</size>
         <input_file_ref idref="fl-65"/>
      </object_component>
      <object_component id="oc-2e2">
         <name>.text:_ti_sysbios_knl_Task_blockI__E</name>
         <load_address>0x303e38</load_address>
         <run_address>0x303e38</run_address>
         <size>0x1e</size>
         <input_file_ref idref="fl-23"/>
      </object_component>
      <object_component id="oc-363">
         <name>.text:_xdc_runtime_SysMin_putch__E</name>
         <load_address>0x303e56</load_address>
         <run_address>0x303e56</run_address>
         <size>0x1e</size>
         <input_file_ref idref="fl-32"/>
      </object_component>
      <object_component id="oc-221">
         <name>.text</name>
         <load_address>0x303e74</load_address>
         <run_address>0x303e74</run_address>
         <size>0x1e</size>
         <input_file_ref idref="fl-67"/>
      </object_component>
      <object_component id="oc-263">
         <name>.text</name>
         <load_address>0x303e92</load_address>
         <run_address>0x303e92</run_address>
         <size>0x1e</size>
         <input_file_ref idref="fl-48"/>
      </object_component>
      <object_component id="oc-334">
         <name>.text:_ti_sysbios_family_c28_TaskSupport_swap__E</name>
         <load_address>0x303eb0</load_address>
         <run_address>0x303eb0</run_address>
         <size>0x1d</size>
         <input_file_ref idref="fl-27"/>
      </object_component>
      <object_component id="oc-226">
         <name>.text</name>
         <load_address>0x303ecd</load_address>
         <run_address>0x303ecd</run_address>
         <size>0x1d</size>
         <input_file_ref idref="fl-68"/>
      </object_component>
      <object_component id="oc-337">
         <name>.text:_ti_sysbios_hal_Hwi_checkStack</name>
         <load_address>0x303eea</load_address>
         <run_address>0x303eea</run_address>
         <size>0x1c</size>
         <input_file_ref idref="fl-23"/>
      </object_component>
      <object_component id="oc-35b">
         <name>.text:_xdc_runtime_SysMin_output__I</name>
         <load_address>0x303f06</load_address>
         <run_address>0x303f06</run_address>
         <size>0x1c</size>
         <input_file_ref idref="fl-1b"/>
      </object_component>
      <object_component id="oc-230">
         <name>.text</name>
         <load_address>0x303f22</load_address>
         <run_address>0x303f22</run_address>
         <size>0x1c</size>
         <input_file_ref idref="fl-6a"/>
      </object_component>
      <object_component id="oc-22b">
         <name>.text</name>
         <load_address>0x303f3e</load_address>
         <run_address>0x303f3e</run_address>
         <size>0x1c</size>
         <input_file_ref idref="fl-69"/>
      </object_component>
      <object_component id="oc-398">
         <name>.text:_ti_sysbios_family_c28_Hwi_switchAndDispatch__I</name>
         <load_address>0x303f5a</load_address>
         <run_address>0x303f5a</run_address>
         <size>0x1b</size>
         <input_file_ref idref="fl-24"/>
      </object_component>
      <object_component id="oc-2ec">
         <name>.text:_ti_sysbios_hal_Hwi_initStack</name>
         <load_address>0x303f75</load_address>
         <run_address>0x303f75</run_address>
         <size>0x1b</size>
         <input_file_ref idref="fl-23"/>
      </object_component>
      <object_component id="oc-391">
         <name>.text:_ti_sysbios_knl_Task_processVitalTaskFlag__I</name>
         <load_address>0x303f90</load_address>
         <run_address>0x303f90</run_address>
         <size>0x1b</size>
         <input_file_ref idref="fl-23"/>
      </object_component>
      <object_component id="oc-28a">
         <name>.text:_ti_sysbios_gates_GateMutex_enter__E</name>
         <load_address>0x303fab</load_address>
         <run_address>0x303fab</run_address>
         <size>0x1a</size>
         <input_file_ref idref="fl-23"/>
      </object_component>
      <object_component id="oc-2e1">
         <name>.text:_ti_sysbios_knl_Clock_addI__E</name>
         <load_address>0x303fc5</load_address>
         <run_address>0x303fc5</run_address>
         <size>0x1a</size>
         <input_file_ref idref="fl-23"/>
      </object_component>
      <object_component id="oc-379">
         <name>.text:_xdc_runtime_System_avprintf__E</name>
         <load_address>0x303fdf</load_address>
         <run_address>0x303fdf</run_address>
         <size>0x1a</size>
         <input_file_ref idref="fl-31"/>
      </object_component>
      <object_component id="oc-2b0">
         <name>.text:_Init_i2c</name>
         <load_address>0x303ff9</load_address>
         <run_address>0x303ff9</run_address>
         <size>0x19</size>
         <input_file_ref idref="fl-14"/>
      </object_component>
      <object_component id="oc-273">
         <name>.text:_start_SPI</name>
         <load_address>0x304012</load_address>
         <run_address>0x304012</run_address>
         <size>0x19</size>
         <input_file_ref idref="fl-8"/>
      </object_component>
      <object_component id="oc-2d6">
         <name>.text:_ti_sysbios_knl_Swi_restore__E</name>
         <load_address>0x30402b</load_address>
         <run_address>0x30402b</run_address>
         <size>0x19</size>
         <input_file_ref idref="fl-23"/>
      </object_component>
      <object_component id="oc-397">
         <name>.text:_xdc_runtime_System_putchar__I</name>
         <load_address>0x304044</load_address>
         <run_address>0x304044</run_address>
         <size>0x19</size>
         <input_file_ref idref="fl-31"/>
      </object_component>
      <object_component id="oc-37a">
         <name>.text:_xdc_runtime_System_vprintf__E</name>
         <load_address>0x30405d</load_address>
         <run_address>0x30405d</run_address>
         <size>0x19</size>
         <input_file_ref idref="fl-31"/>
      </object_component>
      <object_component id="oc-243">
         <name>.text</name>
         <load_address>0x304076</load_address>
         <run_address>0x304076</run_address>
         <size>0x19</size>
         <input_file_ref idref="fl-4d"/>
      </object_component>
      <object_component id="oc-2b1">
         <name>.text:_post_init</name>
         <load_address>0x30408f</load_address>
         <run_address>0x30408f</run_address>
         <size>0x18</size>
         <input_file_ref idref="fl-4"/>
      </object_component>
      <object_component id="oc-30c">
         <name>.text:_ti_sysbios_family_xxx_Hwi_switchAndRunFunc</name>
         <load_address>0x3040a7</load_address>
         <run_address>0x3040a7</run_address>
         <size>0x18</size>
         <input_file_ref idref="fl-24"/>
      </object_component>
      <object_component id="oc-366">
         <name>.text:_xdc_runtime_LoggerBuf_reset__E</name>
         <load_address>0x3040bf</load_address>
         <run_address>0x3040bf</run_address>
         <size>0x18</size>
         <input_file_ref idref="fl-2e"/>
      </object_component>
      <object_component id="oc-38b">
         <name>.text:_xdc_runtime_Text_printVisFxn__I</name>
         <load_address>0x3040d7</load_address>
         <run_address>0x3040d7</run_address>
         <size>0x18</size>
         <input_file_ref idref="fl-33"/>
      </object_component>
      <object_component id="oc-21c">
         <name>.text</name>
         <load_address>0x3040ef</load_address>
         <run_address>0x3040ef</run_address>
         <size>0x18</size>
         <input_file_ref idref="fl-66"/>
      </object_component>
      <object_component id="oc-283">
         <name>.text:_ti_sysbios_family_c28_Timer_startup__E</name>
         <load_address>0x304107</load_address>
         <run_address>0x304107</run_address>
         <size>0x17</size>
         <input_file_ref idref="fl-23"/>
      </object_component>
      <object_component id="oc-252">
         <name>.text:_ti_sysbios_knl_Clock_doTick__I</name>
         <load_address>0x30411e</load_address>
         <run_address>0x30411e</run_address>
         <size>0x17</size>
         <input_file_ref idref="fl-1b"/>
      </object_component>
      <object_component id="oc-306">
         <name>.text:_ti_sysbios_knl_Semaphore_pendTimeout__I</name>
         <load_address>0x304135</load_address>
         <run_address>0x304135</run_address>
         <size>0x17</size>
         <input_file_ref idref="fl-23"/>
      </object_component>
      <object_component id="oc-2e3">
         <name>.text:_ti_sysbios_knl_Task_restore__E</name>
         <load_address>0x30414c</load_address>
         <run_address>0x30414c</run_address>
         <size>0x17</size>
         <input_file_ref idref="fl-23"/>
      </object_component>
      <object_component id="oc-308">
         <name>.text:_ti_sysbios_knl_Task_unblockI__E</name>
         <load_address>0x304163</load_address>
         <run_address>0x304163</run_address>
         <size>0x17</size>
         <input_file_ref idref="fl-23"/>
      </object_component>
      <object_component id="oc-351">
         <name>.text:_xdc_runtime_LoggerBuf_Module_startup__E</name>
         <load_address>0x30417a</load_address>
         <run_address>0x30417a</run_address>
         <size>0x17</size>
         <input_file_ref idref="fl-2e"/>
      </object_component>
      <object_component id="oc-2af">
         <name>.text:_InitI2CGpio</name>
         <load_address>0x304191</load_address>
         <run_address>0x304191</run_address>
         <size>0x16</size>
         <input_file_ref idref="fl-14"/>
      </object_component>
      <object_component id="oc-2f3">
         <name>.text:_clkg_delay_loop</name>
         <load_address>0x3041a7</load_address>
         <run_address>0x3041a7</run_address>
         <size>0x16</size>
         <input_file_ref idref="fl-f"/>
      </object_component>
      <object_component id="oc-2f2">
         <name>.text:_delay_loop</name>
         <load_address>0x3041bd</load_address>
         <run_address>0x3041bd</run_address>
         <size>0x16</size>
         <input_file_ref idref="fl-f"/>
      </object_component>
      <object_component id="oc-280">
         <name>.text:_ti_sysbios_BIOS_atExitFunc__I</name>
         <load_address>0x3041d3</load_address>
         <run_address>0x3041d3</run_address>
         <size>0x16</size>
         <input_file_ref idref="fl-1b"/>
      </object_component>
      <object_component id="oc-356">
         <name>.text:_ti_sysbios_family_c28_Timer_Module_startup__E</name>
         <load_address>0x3041e9</load_address>
         <run_address>0x3041e9</run_address>
         <size>0x16</size>
         <input_file_ref idref="fl-23"/>
      </object_component>
      <object_component id="oc-34f">
         <name>.text:_xdc_runtime_SysMin_abort__E</name>
         <load_address>0x3041ff</load_address>
         <run_address>0x3041ff</run_address>
         <size>0x16</size>
         <input_file_ref idref="fl-32"/>
      </object_component>
      <object_component id="oc-24c">
         <name>.text:_ti_sysbios_BIOS_startFunc__I</name>
         <load_address>0x304215</load_address>
         <run_address>0x304215</run_address>
         <size>0x15</size>
         <input_file_ref idref="fl-1b"/>
      </object_component>
      <object_component id="oc-358">
         <name>.text:_ti_sysbios_knl_Swi_Module_startup__E</name>
         <load_address>0x30422a</load_address>
         <run_address>0x30422a</run_address>
         <size>0x15</size>
         <input_file_ref idref="fl-23"/>
      </object_component>
      <object_component id="oc-297">
         <name>.text:_ti_sysbios_knl_Idle_run__E</name>
         <load_address>0x30423f</load_address>
         <run_address>0x30423f</run_address>
         <size>0x14</size>
         <input_file_ref idref="fl-23"/>
      </object_component>
      <object_component id="oc-2a2">
         <name>.text:_MemCopy</name>
         <load_address>0x304253</load_address>
         <run_address>0x304253</run_address>
         <size>0x13</size>
         <input_file_ref idref="fl-16"/>
      </object_component>
      <object_component id="oc-260">
         <name>.text:_xdc_runtime_Error_raiseX__E</name>
         <load_address>0x304266</load_address>
         <run_address>0x304266</run_address>
         <size>0x13</size>
         <input_file_ref idref="fl-2c"/>
      </object_component>
      <object_component id="oc-357">
         <name>.text:_ti_sysbios_knl_Clock_Module_startup__E</name>
         <load_address>0x304279</load_address>
         <run_address>0x304279</run_address>
         <size>0x12</size>
         <input_file_ref idref="fl-23"/>
      </object_component>
      <object_component id="oc-2f1">
         <name>.text:_init_buffer</name>
         <load_address>0x30428b</load_address>
         <run_address>0x30428b</run_address>
         <size>0x11</size>
         <input_file_ref idref="fl-7"/>
      </object_component>
      <object_component id="oc-399">
         <name>.text:_ti_sysbios_knl_Task_restoreHwi__E</name>
         <load_address>0x30429c</load_address>
         <run_address>0x30429c</run_address>
         <size>0x11</size>
         <input_file_ref idref="fl-23"/>
      </object_component>
      <object_component id="oc-33a">
         <name>.text:_ti_sysbios_BIOS_errorRaiseHook__I</name>
         <load_address>0x3042ad</load_address>
         <run_address>0x3042ad</run_address>
         <size>0x10</size>
         <input_file_ref idref="fl-1b"/>
      </object_component>
      <object_component id="oc-37d">
[...]
         <name>_ti_catalog_c2800_init_Boot_disableWatchdog</name>
         <value>0x3042dd</value>
         <object_component_ref idref="oc-261"/>
      </symbol>
      <symbol id="sm-9af">
         <name>_ti_catalog_c2800_init_Boot_defaultLimpAbortFunction</name>
         <value>0x304625</value>
         <object_component_ref idref="oc-2e9"/>
      </symbol>
      <symbol id="sm-9f3">
         <name>_xdc_runtime_Error_getSite__E</name>
         <value>0x30462f</value>
         <object_component_ref idref="oc-35f"/>
      </symbol>
      <symbol id="sm-9f4">
         <name>_xdc_runtime_Error_print__E</name>
         <value>0x3037a4</value>
         <object_component_ref idref="oc-34e"/>
      </symbol>
      <symbol id="sm-9f5">
         <name>_xdc_runtime_Error_policyDefault__E</name>
         <value>0x30249d</value>
         <object_component_ref idref="oc-2e8"/>
      </symbol>
      <symbol id="sm-9f6">
         <name>_xdc_runtime_Error_init__E</name>
         <value>0x304497</value>
         <object_component_ref idref="oc-2c7"/>
      </symbol>
      <symbol id="sm-9f7">
         <name>_xdc_runtime_Error_raiseX__E</name>
         <value>0x304266</value>
         <object_component_ref idref="oc-260"/>
      </symbol>
      <symbol id="sm-9f8">
         <name>_xdc_runtime_Error_setX__E</name>
         <value>0x3037d4</value>
         <object_component_ref idref="oc-310"/>
      </symbol>
      <symbol id="sm-a06">
         <name>_xdc_runtime_Gate_leaveSystem__E</name>
         <value>0x304597</value>
         <object_component_ref idref="oc-2d0"/>
      </symbol>
      <symbol id="sm-a07">
         <name>_xdc_runtime_Gate_enterSystem__E</name>
         <value>0x304591</value>
         <object_component_ref idref="oc-2b3"/>
      </symbol>
      <symbol id="sm-a50">
         <name>_xdc_runtime_LoggerBuf_write0__E</name>
         <value>0x3043ad</value>
         <object_component_ref idref="oc-277"/>
      </symbol>
      <symbol id="sm-a51">
         <name>_xdc_runtime_LoggerBuf_Module_startup__E</name>
         <value>0x30417a</value>
         <object_component_ref idref="oc-351"/>
      </symbol>
      <symbol id="sm-a52">
         <name>_xdc_runtime_LoggerBuf_reset__E</name>
         <value>0x3040bf</value>
         <object_component_ref idref="oc-366"/>
      </symbol>
      <symbol id="sm-a53">
         <name>_xdc_runtime_LoggerBuf_write4__E</name>
         <value>0x30281f</value>
         <object_component_ref idref="oc-27a"/>
      </symbol>
      <symbol id="sm-a54">
         <name>_xdc_runtime_LoggerBuf_getFilterLevel__E</name>
         <value>0x303474</value>
         <object_component_ref idref="oc-27d"/>
      </symbol>
      <symbol id="sm-a55">
         <name>_xdc_runtime_LoggerBuf_disable__E</name>
         <value>0x3045ad</value>
         <object_component_ref idref="oc-276"/>
      </symbol>
      <symbol id="sm-a56">
         <name>_xdc_runtime_LoggerBuf_setFilterLevel__E</name>
         <value>0x3034ed</value>
         <object_component_ref idref="oc-27c"/>
      </symbol>
      <symbol id="sm-a57">
         <name>_xdc_runtime_LoggerBuf_write8__E</name>
         <value>0x302029</value>
         <object_component_ref idref="oc-27b"/>
      </symbol>
      <symbol id="sm-a58">
         <name>_xdc_runtime_LoggerBuf_write2__E</name>
         <value>0x3042fb</value>
         <object_component_ref idref="oc-279"/>
      </symbol>
      <symbol id="sm-a59">
         <name>_xdc_runtime_LoggerBuf_filterOutEvent__I</name>
         <value>0x303dfa</value>
         <object_component_ref idref="oc-2c1"/>
      </symbol>
      <symbol id="sm-a5a">
         <name>_xdc_runtime_LoggerBuf_write1__E</name>
         <value>0x3043ba</value>
         <object_component_ref idref="oc-278"/>
      </symbol>
      <symbol id="sm-a5b">
         <name>_xdc_runtime_LoggerBuf_enable__E</name>
         <value>0x30459d</value>
         <object_component_ref idref="oc-275"/>
      </symbol>
      <symbol id="sm-a86">
         <name>_xdc_runtime_Startup_startMods__I</name>
         <value>0x302c43</value>
         <object_component_ref idref="oc-2ed"/>
      </symbol>
      <symbol id="sm-a87">
         <name>_xdc_runtime_Startup_rtsDone__E</name>
         <value>0x3045c7</value>
         <object_component_ref idref="oc-27e"/>
      </symbol>
      <symbol id="sm-a88">
         <name>_xdc_runtime_Startup_exec__E</name>
         <value>0x303834</value>
         <object_component_ref idref="oc-241"/>
      </symbol>
      <symbol id="sm-b0a">
         <name>_xdc_runtime_System_formatNum__I</name>
         <value>0x303529</value>
         <object_component_ref idref="oc-396"/>
      </symbol>
      <symbol id="sm-b0b">
         <name>_xdc_runtime_System_exit__E</name>
         <value>0x30448c</value>
         <object_component_ref idref="oc-244"/>
      </symbol>
      <symbol id="sm-b0c">
         <name>_xdc_runtime_System_exitStd__E</name>
         <value>0x304622</value>
         <object_component_ref idref="oc-2b5"/>
      </symbol>
      <symbol id="sm-b0d">
         <name>_xdc_runtime_System_printf_va__F</name>
         <value>0x30405d</value>
         <object_component_ref idref="oc-37a"/>
      </symbol>
      <symbol id="sm-b0e">
         <name>_xdc_runtime_System_atexit__E</name>
         <value>0x303dbb</value>
         <object_component_ref idref="oc-281"/>
      </symbol>
      <symbol id="sm-b0f">
         <name>_xdc_runtime_System_abortStd__E</name>
         <value>0x30461f</value>
         <object_component_ref idref="oc-350"/>
      </symbol>
      <symbol id="sm-b10">
         <name>_xdc_runtime_System_putchar__I</name>
         <value>0x304044</value>
         <object_component_ref idref="oc-397"/>
      </symbol>
      <symbol id="sm-b11">
         <name>_xdc_runtime_System_snprintf_va__F</name>
         <value>0x3044a1</value>
         <object_component_ref idref="oc-38c"/>
      </symbol>
      <symbol id="sm-b12">
         <name>_xdc_runtime_System_Module_startup__E</name>
         <value>0x304610</value>
         <object_component_ref idref="oc-352"/>
      </symbol>
      <symbol id="sm-b13">
         <name>_xdc_runtime_System_avprintf__E</name>
         <value>0x303fdf</value>
         <object_component_ref idref="oc-379"/>
      </symbol>
      <symbol id="sm-b14">
         <name>_xdc_runtime_System_vprintf__E</name>
         <value>0x30405d</value>
         <object_component_ref idref="oc-37a"/>
      </symbol>
      <symbol id="sm-b15">
         <name>_xdc_runtime_System_aprintf_va__F</name>
         <value>0x303fdf</value>
         <object_component_ref idref="oc-379"/>
      </symbol>
      <symbol id="sm-b16">
         <name>_xdc_runtime_System_doPrint__I</name>
         <value>0x3014a4</value>
         <object_component_ref idref="oc-38e"/>
      </symbol>
      <symbol id="sm-b17">
         <name>_xdc_runtime_System_processAtExit__E</name>
         <value>0x303cf5</value>
         <object_component_ref idref="oc-268"/>
      </symbol>
      <symbol id="sm-b18">
         <name>_xdc_runtime_System_vsnprintf__E</name>
         <value>0x3044a1</value>
         <object_component_ref idref="oc-38c"/>
      </symbol>
      <symbol id="sm-b19">
         <name>_xdc_runtime_System_abort__E</name>
         <value>0x3043c7</value>
         <object_component_ref idref="oc-31b"/>
      </symbol>
      <symbol id="sm-b38">
         <name>_xdc_runtime_SysMin_abort__E</name>
         <value>0x3041ff</value>
         <object_component_ref idref="oc-34f"/>
      </symbol>
      <symbol id="sm-b39">
         <name>_xdc_runtime_SysMin_ready__E</name>
         <value>0x304541</value>
         <object_component_ref idref="oc-394"/>
      </symbol>
      <symbol id="sm-b3a">
         <name>_xdc_runtime_SysMin_flush__E</name>
         <value>0x303bf5</value>
         <object_component_ref idref="oc-324"/>
      </symbol>
      <symbol id="sm-b3b">
         <name>_xdc_runtime_SysMin_Module_startup__E</name>
         <value>0x3042cd</value>
         <object_component_ref idref="oc-353"/>
      </symbol>
      <symbol id="sm-b3c">
         <name>_xdc_runtime_SysMin_putch__E</name>
         <value>0x303e56</value>
         <object_component_ref idref="oc-363"/>
      </symbol>
      <symbol id="sm-b3d">
         <name>_xdc_runtime_SysMin_exit__E</name>
         <value>0x304481</value>
         <object_component_ref idref="oc-2f7"/>
      </symbol>
      <symbol id="sm-b7f">
         <name>_xdc_runtime_Text_putLab__E</name>
         <value>0x3031c5</value>
         <object_component_ref idref="oc-3a4"/>
      </symbol>
      <symbol id="sm-b80">
         <name>_xdc_runtime_Text_printVisFxn__I</name>
         <value>0x3040d7</value>
         <object_component_ref idref="oc-38b"/>
      </symbol>
      <symbol id="sm-b81">
         <name>_xdc_runtime_Text_putMod__E</name>
         <value>0x3033f7</value>
         <object_component_ref idref="oc-377"/>
      </symbol>
      <symbol id="sm-b82">
         <name>_xdc_runtime_Text_xprintf__I</name>
         <value>0x303b80</value>
         <object_component_ref idref="oc-378"/>
      </symbol>
      <symbol id="sm-b83">
         <name>_xdc_runtime_Text_visitRope2__I</name>
         <value>0x303710</value>
         <object_component_ref idref="oc-39e"/>
      </symbol>
      <symbol id="sm-b84">
         <name>_xdc_runtime_Text_ropeText__E</name>
         <value>0x3044ab</value>
         <object_component_ref idref="oc-339"/>
      </symbol>
      <symbol id="sm-b85">
         <name>_xdc_runtime_Text_putSite__E</name>
         <value>0x302d2f</value>
         <object_component_ref idref="oc-360"/>
      </symbol>
      <symbol id="sm-b91">
         <name>___xdc__init</name>
         <value>0x3045cb</value>
         <object_component_ref idref="oc-245"/>
      </symbol>
      <symbol id="sm-bbe">
         <name>_xdc_runtime_Registry_findById__E</name>
         <value>0x30430a</value>
         <object_component_ref idref="oc-389"/>
      </symbol>
      <symbol id="sm-bd9">
         <name>_c_int00</name>
         <value>0x302d9a</value>
         <object_component_ref idref="oc-49"/>
      </symbol>
      <symbol id="sm-bda">
         <name>__stack</name>
         <value>0x9940</value>
         <object_component_ref idref="oc-168"/>
      </symbol>
      <symbol id="sm-beb">
         <name>FS$$DIV</name>
         <value>0x302935</value>
         <object_component_ref idref="oc-16d"/>
      </symbol>
      <symbol id="sm-c17">
         <name>ULL$$MOD</name>
         <value>0x301dd0</value>
         <object_component_ref idref="oc-172"/>
      </symbol>
      <symbol id="sm-c18">
         <name>ULL$$DIV</name>
         <value>0x301da1</value>
         <object_component_ref idref="oc-172"/>
      </symbol>
      <symbol id="sm-c19">
         <name>LL$$MOD</name>
         <value>0x301d67</value>
         <object_component_ref idref="oc-172"/>
      </symbol>
      <symbol id="sm-c1a">
         <name>LL$$DIV</name>
         <value>0x301d2b</value>
         <object_component_ref idref="oc-172"/>
      </symbol>
      <symbol id="sm-c26">
         <name>UL$$MOD</name>
         <value>0x303b28</value>
         <object_component_ref idref="oc-177"/>
      </symbol>
      <symbol id="sm-c27">
         <name>L$$MOD</name>
         <value>0x303b13</value>
         <object_component_ref idref="oc-177"/>
      </symbol>
      <symbol id="sm-c28">
         <name>L$$DIV</name>
         <value>0x303b04</value>
         <object_component_ref idref="oc-177"/>
      </symbol>
      <symbol id="sm-c29">
         <name>UL$$DIV</name>
         <value>0x303b21</value>
         <object_component_ref idref="oc-177"/>
      </symbol>
      <symbol id="sm-c38">
         <name>_copy_in</name>
         <value>0x303cad</value>
         <object_component_ref idref="oc-240"/>
      </symbol>
      <symbol id="sm-c49">
         <name>_memcpy</name>
         <value>0x303e92</value>
         <object_component_ref idref="oc-263"/>
      </symbol>
      <symbol id="sm-c55">
         <name>__system_pre_init</name>
         <value>0x304631</value>
         <object_component_ref idref="oc-23e"/>
      </symbol>
      <symbol id="sm-c61">
         <name>__system_post_cinit</name>
         <value>0x304637</value>
         <object_component_ref idref="oc-242"/>
      </symbol>
      <symbol id="sm-c75">
         <name>C$$EXIT</name>
         <value>0x303b57</value>
         <object_component_ref idref="oc-2f8"/>
      </symbol>
      <symbol id="sm-c76">
         <name>_exit</name>
         <value>0x303b59</value>
         <object_component_ref idref="oc-2f8"/>
      </symbol>
      <symbol id="sm-c77">
         <name>___TI_cleanup_ptr</name>
         <value>0x8d3c</value>
         <object_component_ref idref="oc-192"/>
      </symbol>
      <symbol id="sm-c78">
         <name>___TI_enable_exit_profile_output</name>
         <value>0x8d3a</value>
         <object_component_ref idref="oc-192"/>
      </symbol>
      <symbol id="sm-c79">
         <name>_abort</name>
         <value>0x303b57</value>
         <object_component_ref idref="oc-2f8"/>
      </symbol>
      <symbol id="sm-c7a">
         <name>___TI_dtors_ptr</name>
         <value>0x8d3e</value>
         <object_component_ref idref="oc-192"/>
      </symbol>
      <symbol id="sm-c8e">
         <name>__unlock</name>
         <value>0x97e6</value>
         <object_component_ref idref="oc-2fa"/>
      </symbol>
      <symbol id="sm-c8f">
         <name>__lock</name>
         <value>0x97e4</value>
         <object_component_ref idref="oc-2fb"/>
      </symbol>
      <symbol id="sm-c90">
         <name>__register_lock</name>
         <value>0x304513</value>
         <object_component_ref idref="oc-2cc"/>
      </symbol>
      <symbol id="sm-c91">
         <name>__nop</name>
         <value>0x304517</value>
         <object_component_ref idref="oc-2cc"/>
      </symbol>
      <symbol id="sm-c92">
         <name>__register_unlock</name>
         <value>0x30450f</value>
         <object_component_ref idref="oc-2cc"/>
      </symbol>
      <symbol id="sm-ca1">
         <name>__args_main</name>
         <value>0x304076</value>
         <object_component_ref idref="oc-243"/>
      </symbol>
      <symbol id="sm-caf">
         <name>_memset</name>
         <value>0x304411</value>
         <object_component_ref idref="oc-348"/>
      </symbol>
      <symbol id="sm-cc5">
         <name>_strlen</name>
         <value>0x304549</value>
         <object_component_ref idref="oc-30a"/>
      </symbol>
      <symbol id="sm-cd2">
         <name>_HOSTwrite</name>
         <value>0x30359f</value>
         <object_component_ref idref="oc-376"/>
      </symbol>
      <symbol id="sm-ceb">
         <name>___TI_readmsg</name>
         <value>0x3026c8</value>
         <object_component_ref idref="oc-386"/>
      </symbol>
      <symbol id="sm-cec">
         <name>C$$IO$$</name>
         <value>0x3026c3</value>
         <object_component_ref idref="oc-386"/>
      </symbol>
      <symbol id="sm-ced">
         <name>__CIOBUF_</name>
         <value>0xa6c0</value>
         <object_component_ref idref="oc-1b6"/>
      </symbol>
      <symbol id="sm-cee">
         <name>___TI_writemsg</name>
         <value>0x302670</value>
         <object_component_ref idref="oc-386"/>
      </symbol>
      <symbol id="sm-cfc">
         <name>_vsprintf</name>
         <value>0x303804</value>
         <object_component_ref idref="oc-309"/>
      </symbol>
      <symbol id="sm-e28">
         <name>___TI_printfi</name>
         <value>0x300ae2</value>
         <object_component_ref idref="oc-335"/>
      </symbol>
      <symbol id="sm-e3c">
         <name>_atoi</name>
         <value>0x303773</value>
         <object_component_ref idref="oc-343"/>
      </symbol>
      <symbol id="sm-e44">
         <name>__ctypes_</name>
         <value>0x305e50</value>
         <object_component_ref idref="oc-35d"/>
      </symbol>
      <symbol id="sm-e52">
         <name>_ltoa</name>
         <value>0x303977</value>
         <object_component_ref idref="oc-344"/>
      </symbol>
      <symbol id="sm-e61">
         <name>_memccpy</name>
         <value>0x3043d4</value>
         <object_component_ref idref="oc-34a"/>
      </symbol>
      <symbol id="sm-e70">
         <name>_strchr</name>
         <value>0x30441d</value>
         <object_component_ref idref="oc-347"/>
      </symbol>
      <symbol id="sm-e7d">
         <name>_strcpy</name>
         <value>0x3045b2</value>
         <object_component_ref idref="oc-349"/>
      </symbol>
      <symbol id="sm-e89">
         <name>_parmbuf</name>
         <value>0x8d32</value>
         <object_component_ref idref="oc-1e3"/>
      </symbol>
      <symbol id="sm-e9c">
         <name>_frexpl</name>
         <value>0x302f84</value>
         <object_component_ref idref="oc-345"/>
      </symbol>
      <symbol id="sm-eb9">
         <name>_scalbnl</name>
         <value>0x302282</value>
         <object_component_ref idref="oc-346"/>
      </symbol>
      <symbol id="sm-eba">
         <name>_ldexpl</name>
         <value>0x302282</value>
         <object_component_ref idref="oc-346"/>
      </symbol>
      <symbol id="sm-ed5">
         <name>FD$$ADD</name>
         <value>0x302539</value>
         <object_component_ref idref="oc-1f4"/>
      </symbol>
      <symbol id="sm-ee5">
         <name>FD$$CMP</name>
         <value>0x303ada</value>
         <object_component_ref idref="oc-1f9"/>
      </symbol>
      <symbol id="sm-efc">
         <name>FD$$DIV</name>
         <value>0x3028aa</value>
         <object_component_ref idref="oc-1fe"/>
      </symbol>
      <symbol id="sm-f0e">
         <name>FD$$MPY</name>
         <value>0x302a44</value>
         <object_component_ref idref="oc-203"/>
      </symbol>
      <symbol id="sm-f1b">
         <name>FD$$NEG</name>
         <value>0x304518</value>
         <object_component_ref idref="oc-208"/>
      </symbol>
      <symbol id="sm-f27">
         <name>FD$$SUB</name>
         <value>0x304351</value>
         <object_component_ref idref="oc-20d"/>
      </symbol>
      <symbol id="sm-f36">
         <name>FD$$TOI</name>
         <value>0x303d5a</value>
         <object_component_ref idref="oc-212"/>
      </symbol>
      <symbol id="sm-f45">
         <name>FD$$TOL</name>
         <value>0x303e19</value>
         <object_component_ref idref="oc-217"/>
      </symbol>
      <symbol id="sm-f51">
         <name>LL$$AND</name>
         <value>0x3040ef</value>
         <object_component_ref idref="oc-21c"/>
      </symbol>
      <symbol id="sm-f52">
         <name>LL$$OR</name>
         <value>0x3040f7</value>
         <object_component_ref idref="oc-21c"/>
      </symbol>
      <symbol id="sm-f53">
         <name>LL$$XOR</name>
         <value>0x3040ff</value>
         <object_component_ref idref="oc-21c"/>
      </symbol>
      <symbol id="sm-f61">
         <name>ULL$$CMP</name>
         <value>0x303e86</value>
         <object_component_ref idref="oc-221"/>
      </symbol>
      <symbol id="sm-f62">
         <name>LL$$CMP</name>
         <value>0x303e74</value>
         <object_component_ref idref="oc-221"/>
      </symbol>
      <symbol id="sm-f72">
         <name>I$$TOFD</name>
         <value>0x303ecd</value>
         <object_component_ref idref="oc-226"/>
      </symbol>
      <symbol id="sm-f82">
         <name>L$$TOFD</name>
         <value>0x303f3e</value>
         <object_component_ref idref="oc-22b"/>
      </symbol>
      <symbol id="sm-f92">
         <name>FS$$TOFD</name>
         <value>0x303f22</value>
         <object_component_ref idref="oc-230"/>
      </symbol>
      <symbol id="sm-f9c">
         <name>_errno</name>
         <value>0x8d03</value>
         <object_component_ref idref="oc-237"/>
      </symbol>
      <symbol id="sm-fa9">
         <name>_copysignl</name>
         <value>0x303cd1</value>
         <object_component_ref idref="oc-35e"/>
      </symbol>
   </symbol_table>
   <title>Link successful</title>
</link_info>
