********************************************************************************
TMS320C6x Hex Converter                                                   v8.2.2
********************************************************************************

INPUT FILE NAME: <productive_walruses.out>
OUTPUT FORMAT:   Binary

PHYSICAL MEMORY PARAMETERS
   Default data width   :   8
   Default memory width :   8
   Default output width :   8

BOOT LOADER PARAMETERS
   Table Address: 0x0000, PAGE 0
   Entry Point  : 0x1181b600


OUTPUT TRANSLATION MAP
--------------------------------------------------------------------------------
00000000..0003ffff  Page=0  Memory Width=8  ROM Width=8  "SPIFLASH"
--------------------------------------------------------------------------------
   OUTPUT FILES: productive_walruses.hex [b0..b7]

   CONTENTS: 00000000..00021f1f   BOOT TABLE
                            .vecs : btad=00000000  dest=1182d400 size=00000200
                           .cinit : btad=0000020c  dest=1182d720 size=00000a70
                            .text : btad=00000c84  dest=11800000 size=0001eb80
                           .const : btad=0001f80c  dest=118279d0 size=0000265a
                          .switch : btad=00021e70  dest=1182d300 size=000000a4
