********************************************************************************
TMS320C6x Hex Converter                                                   v8.2.2
********************************************************************************

INPUT FILE NAME: <productive_walruses.out>
OUTPUT FORMAT:   Binary

PHYSICAL MEMORY PARAMETERS
   Default data width   :   8
   Default memory width :   8
   Default output width :   8

BOOT LOADER PARAMETERS
   Table Address: 0x0000, PAGE 0
   Entry Point  : 0x1181d080


OUTPUT TRANSLATION MAP
--------------------------------------------------------------------------------
00000000..0003ffff  Page=0  Memory Width=8  ROM Width=8  "SPIFLASH"
--------------------------------------------------------------------------------
   OUTPUT FILES: productive_walruses.hex [b0..b7]

   CONTENTS: 00000000..00023ad3   BOOT TABLE
                            .vecs : btad=00000000  dest=1182f000 size=00000200
                           .cinit : btad=0000020c  dest=1182f3c8 size=00000ae8
                            .text : btad=00000cfc  dest=11800000 size=00020600
                         .const.1 : btad=00021304  dest=11829478 size=00000008
                         .const.2 : btad=00021314  dest=118294e8 size=0000269a
                        .switch.1 : btad=000239b8  dest=1182ef94 size=00000064
                        .switch.2 : btad=00023a24  dest=1182f320 size=000000a4
