********************************************************************************
TMS320C6x Hex Converter                                                   v8.2.2
********************************************************************************

INPUT FILE NAME: <productive_walruses.out>
OUTPUT FORMAT:   Binary

PHYSICAL MEMORY PARAMETERS
   Default data width   :   8
   Default memory width :   8
   Default output width :   8

BOOT LOADER PARAMETERS
   Table Address: 0x0000, PAGE 0
   Entry Point  : 0x1181b120


OUTPUT TRANSLATION MAP
--------------------------------------------------------------------------------
00000000..0003ffff  Page=0  Memory Width=8  ROM Width=8  "SPIFLASH"
--------------------------------------------------------------------------------
   OUTPUT FILES: productive_walruses.hex [b0..b7]

   CONTENTS: 00000000..00021a13   BOOT TABLE
                            .vecs : btad=00000000  dest=1182d000 size=00000200
                           .cinit : btad=0000020c  dest=1182d200 size=00000a30
                            .text : btad=00000c44  dest=11800000 size=0001e6a0
                         .const.1 : btad=0001f2ec  dest=1181e6a0 size=00000060
                         .const.2 : btad=0001f354  dest=11827550 size=000025ee
                          .switch : btad=0002194c  dest=1182ceb8 size=000000bc
