******************************************************************************
               TMS320C6x Linker PC v8.2.2                      
******************************************************************************
>> Linked Thu May  2 02:20:47 2019

OUTPUT FILE NAME:   <productive_walruses.out>
ENTRY POINT SYMBOL: "_c_int00"  address: 1181c7c0


MEMORY CONFIGURATION

         name            origin    length      used     unused   attr    fill
----------------------  --------  ---------  --------  --------  ----  --------
  IROM                  11700000   00100000  00000000  00100000  R  X
  IRAM                  11800000   00038000  0002f496  00008b6a  RW X
  L3_CBA_RAM            80000000   00020000  00000000  00020000  RW X
  DDR                   c3000000   01000000  00000000  01000000  RW X


SEGMENT ALLOCATION MAP

run origin  load origin   length   init length attrs members
----------  ----------- ---------- ----------- ----- -------
11800000    11800000    0001fd80   0001fd80    r-x
  11800000    11800000    0001fd40   0001fd40    r-x .text
  1181fd40    1181fd40    00000040   00000040    r-- .const.1
1181fd80    1181fd80    00008e78   00000000    rw-
  1181fd80    1181fd80    00008e78   00000000    rw- .far.1
11828bf8    11828bf8    00000008   00000008    r--
  11828bf8    11828bf8    00000008   00000008    r-- .const.2
11828c00    11828c00    00000068   00000000    rw-
  11828c00    11828c00    00000068   00000000    rw- .far.2
11828c68    11828c68    0000260e   0000260e    r--
  11828c68    11828c68    0000260e   0000260e    r-- .const.3
1182b278    1182b278    00003373   00000000    rw-
  1182b278    1182b278    00002000   00000000    rw- .stack
  1182d278    1182d278    00000f7c   00000000    rw- .fardata
  1182e1f4    1182e1f4    00000068   00000000    rw- .bss
  1182e25c    1182e25c    0000038f   00000000    rw- .neardata
1182e5ec    1182e5ec    0000002c   00000000    r--
  1182e5ec    1182e5ec    0000002c   00000000    r-- .rodata
1182e618    1182e618    00000120   00000000    rw-
  1182e618    1182e618    00000120   00000000    rw- .cio
1182e738    1182e738    000000b8   000000b8    r--
  1182e738    1182e738    000000b8   000000b8    r-- .switch
1182e800    1182e800    00000ca8   00000ca8    r-x
  1182e800    1182e800    00000200   00000200    r-x .vecs
  1182ea00    1182ea00    00000aa8   00000aa8    r-- .cinit


SECTION ALLOCATION MAP

 output                                  attributes/
section   page    origin      length       input sections
--------  ----  ----------  ----------   ----------------
.stack     0    1182b278    00002000     UNINITIALIZED
                  1182b278    00000008     boot.ae674 : boot.oe674 (.stack)
                  1182b280    00001ff8     --HOLE--

.bss       0    1182e1f4    00000068     UNINITIALIZED
                  1182e1f4    00000004     evmomapl138_bsl.lib : evmomapl138_i2c.obj (.bss)
                  1182e1f8    00000004     (.common:EDMA3_0_Regs)
                  1182e1fc    00000004     (.common:EDMA3_1_Regs)
                  1182e200    00000004     (.common:Image_data)
                  1182e204    00000004     (.common:LCD_Image)
                  1182e208    00000004     (.common:LCD_mem)
                  1182e20c    00000004     (.common:Linux_Image)
                  1182e210    00000004     (.common:Thres_Image)
                  1182e214    00000004     (.common:blue)
                  1182e218    00000004     (.common:c)
                  1182e21c    00000004     (.common:cbar)
                  1182e220    00000004     (.common:current)
                  1182e224    00000004     (.common:delta)
                  1182e228    00000004     (.common:green)
                  1182e22c    00000004     (.common:hue)
                  1182e230    00000004     (.common:index)
                  1182e234    00000004     (.common:largest_num_pixels)
                  1182e238    00000004     (.common:largest_object)
                  1182e23c    00000004     (.common:min)
                  1182e240    00000004     (.common:pic_data)
                  1182e244    00000004     (.common:ptrshrdmem)
                  1182e248    00000004     (.common:r)
                  1182e24c    00000004     (.common:rbar)
                  1182e250    00000004     (.common:red)
                  1182e254    00000004     (.common:sat)
                  1182e258    00000004     (.common:value)

.neardata 
*          0    1182e25c    0000038f     UNINITIALIZED
                  1182e25c    000001c8     user_productive_walruses.obj (.neardata)
                  1182e424    000000a8     ColorVision.obj (.neardata)
                  1182e4cc    00000080     COECSL_edma3.obj (.neardata)
                  1182e54c    00000068     Ladar.obj (.neardata)
                  1182e5b4    00000028     COECSL_mcbsp.obj (.neardata)
                  1182e5dc    00000008     LCDprintf.obj (.neardata)
                  1182e5e4    00000007     ColorLCD.obj (.neardata)

.rodata    0    1182e5ec    0000002c     UNINITIALIZED
                  1182e5ec    0000002c     productive_walruses_pe674.oe674 (.rodata)

.cinit     0    1182ea00    00000aa8     
                  1182ea00    0000094e     (.cinit..fardata.load) [load image, compression = rle]
                  1182f34e    000000cf     (.cinit..neardata.load) [load image, compression = rle]
                  1182f41d    00000032     (.cinit..rodata.load) [load image, compression = rle]
                  1182f44f    0000000b     (.cinit..far.1.load) [load image, compression = rle]
                  1182f45a    00000009     (.cinit..bss.load) [load image, compression = rle]
                  1182f463    00000009     (.cinit..far.2.load) [load image, compression = rle]
                  1182f46c    00000008     (__TI_handler_table)
                  1182f474    00000004     --HOLE-- [fill = 0]
                  1182f478    00000030     (__TI_cinit_table)

.init_array 
*          0    11800000    00000000     UNINITIALIZED

.vecs      0    1182e800    00000200     
                  1182e800    00000200     productive_walruses_pe674.oe674 (.vecs)

xdc.meta   0    11800000    00000128     COPY SECTION
                  11800000    00000128     productive_walruses_pe674.oe674 (xdc.meta)

.text      0    11800000    0001fd40     
                  11800000    00003840     user_productive_walruses.obj (.text)
                  11803840    00001f20     Ladar.obj (.text)
                  11805760    00001ce0     rts6740_elf.lib : _printfi.obj (.text:__TI_printfi)
                  11807440    00001a80                     : _scanfi.obj (.text:__TI_scanfi)
                  11808ec0    00001400     ColorVision.obj (.text)
                  1180a2c0    00000fe0     evmomapl138_bsl.lib : evmomapl138.obj (.text)
                  1180b2a0    00000960     ColorLCD.obj (.text)
                  1180bc00    00000920     MatrixMath.obj (.text)
                  1180c520    000008a0     ti.targets.rts6000.ae674 : System.oe674 (.text:xdc_runtime_System_doPrint__I)
                  1180cdc0    00000780     evmomapl138_bsl.lib : evmomapl138_vpif.obj (.text)
                  1180d540    00000780     sysbios.ae674 : BIOS.obj (.text:ti_sysbios_family_c64p_Exception_handler__I)
                  1180dcc0    00000680     COECSL_mcbsp.obj (.text)
                  1180e340    00000680     rts6740_elf.lib : _printfi.obj (.text:_pconv_a)
                  1180e9c0    000005c0                     : divd.obj (.text:__c6xabi_divd)
                  1180ef80    00000560     evmomapl138_bsl.lib : evmomapl138_i2c.obj (.text)
                  1180f4e0    00000540                         : evmomapl138_i2c_gpio.obj (.text)
                  1180fa20    00000540                         : evmomapl138_uart.obj (.text)
                  1180ff60    00000500     rts6740_elf.lib : _printfi.obj (.text:_pconv_g)
                  11810460    000004e0                     : strtod.obj (.text:strtod)
                  11810940    000004c0     COECSL_edma3.obj (.text)
                  11810e00    000004a0     evmomapl138_bsl.lib : evmomapl138_spi.obj (.text)
                  118112a0    000004a0     rts6740_elf.lib : strtoll.obj (.text:strtoll)
                  11811740    00000480     evmomapl138_bsl.lib : evmomapl138_gpio.obj (.text)
                  11811bc0    00000440     rts6740_elf.lib : strtoull.obj (.text:strtoull)
                  11812000    00000420                     : _printfi.obj (.text:_pconv_e)
                  11812420    000003e0                     : fputs.obj (.text:fputs)
                  11812800    000003c0     sysbios.ae674 : BIOS.obj (.text:ti_sysbios_timers_timer64_Timer_Module_startup__E)
                  11812bc0    000003c0     user_xy.obj (.text)
                  11812f80    000003a0     rts6740_elf.lib : strtol.obj (.text:strtol)
                  11813320    00000360                     : fmodf.obj (.text:fmodf)
                  11813680    00000340     sysbios.ae674 : BIOS.obj (.text:ti_sysbios_knl_Semaphore_pend__E)
                  118139c0    00000340                   : BIOS.obj (.text:ti_sysbios_timers_timer64_Timer_deviceConfig__I)
                  11813d00    00000340     productive_walruses_pe674.oe674 (.text:xdc_runtime_System_printfExtend__I)
                  11814040    00000320     rts6740_elf.lib : cos.obj (.text:cos)
                  11814360    00000300                     : strtoul.obj (.text:strtoul)
                  11814660    000002e0                     : sin.obj (.text:sin)
                  11814940    000002e0     sysbios.ae674 : BIOS.obj (.text:ti_sysbios_timers_timer64_Timer_setPeriodMicroSecs__E)
                  11814c20    000002c0     ti.targets.rts6000.ae674 : LoggerBuf.oe674 (.text:xdc_runtime_LoggerBuf_write8__E)
                  11814ee0    000002a0     rts6740_elf.lib : divf.obj (.text:__c6xabi_divf)
                  11815180    000002a0                     : _printfi.obj (.text:_pconv_f)
                  11815420    000002a0                     : _printfi.obj (.text:fcvt)
                  118156c0    00000280                     : cosf.obj (.text:cosf)
                  11815940    00000260                     : imath64.obj (.text:__c6xabi_divull)
                  11815ba0    00000260                     : sinf.obj (.text:sinf)
                  11815e00    00000260     ti.targets.rts6000.ae674 : Startup.oe674 (.text:xdc_runtime_Startup_startMods__I)
                  11816060    00000240     sysbios.ae674 : BIOS.obj (.text:ti_sysbios_family_c64p_Exception_internalHandler__I)
                  118162a0    00000220     rts6740_elf.lib : fputc.obj (.text:fputc)
                  118164c0    00000220                     : setvbuf.obj (.text:setvbuf)
                  118166e0    00000200                     : _printfi.obj (.text:_ltostr)
                  118168e0    00000200     sysbios.ae674 : c64p_Hwi_disp_always.obj (.text:_ti_sysbios_family_c64p_Hwi_dispatchAlways)
                  11816ae0    00000200     ti.targets.rts6000.ae674 : Error.oe674 (.text:xdc_runtime_Error_policyDefault__E)
                  11816ce0    000001e0     sysbios.ae674 : BIOS.obj (.text:ti_sysbios_family_c64p_Cache_block__I)
                  11816ec0    000001e0     ti.targets.rts6000.ae674 : LoggerBuf.oe674 (.text:xdc_runtime_LoggerBuf_write4__E)
                  118170a0    000001e0                              : Text.oe674 (.text:xdc_runtime_Text_putSite__E)
                  11817280    000001c0     rts6740_elf.lib : imath40.obj (.text:__c6xabi_divul)
                  11817440    000001c0                     : frexp.obj (.text:frexp)
                  11817600    000001c0     sysbios.ae674 : BIOS.obj (.text:ti_sysbios_heaps_HeapMem_alloc__E)
                  118177c0    000001c0                   : BIOS.obj (.text:ti_sysbios_knl_Task_checkStacks__E)
                  11817980    000001a0     rts6740_elf.lib : hostrename.obj (.text:HOSTrename)
                  11817b20    000001a0     LCDprintf.obj (.text)
                  11817cc0    000001a0     rts6740_elf.lib : _scanfi.obj (.text:_sproc_str)
                  11817e60    000001a0                     : frexpf.obj (.text:frexpf)
                  11818000    000001a0     sysbios.ae674 : BIOS.obj (.text:ti_sysbios_family_c64p_Cache_getL2InitSize__I)
                  118181a0    000001a0                   : BIOS.obj (.text:ti_sysbios_timers_timer64_Timer_start__E)
                  11818340    00000180     evmomapl138_bsl.lib : evmomapl138_timer.obj (.text)
                  118184c0    00000180     rts6740_elf.lib : ldexp.obj (.text:ldexp)
                  11818640    00000180                     : ldexpf.obj (.text:ldexpf)
                  118187c0    00000180     sysbios.ae674 : c64p_Exception_asm.obj (.text)
                  11818940    00000180                   : BIOS.obj (.text:ti_sysbios_knl_Task_sleep__E)
                  11818ac0    00000160     rts6740_elf.lib : sqrt.obj (.text:sqrt)
                  11818c20    00000160     sysbios.ae674 : BIOS.obj (.text:ti_sysbios_heaps_HeapMem_free__E)
                  11818d80    00000160     ti.targets.rts6000.ae674 : Text.oe674 (.text:xdc_runtime_Text_putMod__E)
                  11818ee0    00000140     rts6740_elf.lib : fclose.obj (.text:__TI_closefile)
                  11819020    00000140                     : sscanf.obj (.text:_chkmbc)
                  11819160    00000140                     : atan2f.obj (.text:atan2f)
                  118192a0    00000140                     : getdevice.obj (.text:getdevice)
                  118193e0    00000140     sysbios.ae674 : BIOS.obj (.text:ti_sysbios_family_c64p_Cache_Module_startup__E)
                  11819520    00000140                   : BIOS.obj (.text:ti_sysbios_family_c64p_Cache_getL1DInitSize__I)
                  11819660    00000140                   : BIOS.obj (.text:ti_sysbios_family_c64p_Cache_getL1PInitSize__I)
                  118197a0    00000140                   : BIOS.obj (.text:ti_sysbios_knl_Task_postInit__I)
                  118198e0    00000140     ti.targets.rts6000.ae674 : LoggerBuf.oe674 (.text:xdc_runtime_LoggerBuf_setFilterLevel__E)
                  11819a20    00000140                              : Text.oe674 (.text:xdc_runtime_Text_putLab__E)
                  11819b60    00000120     boot.ae674 : autoinit.oe674 (.text:_auto_init_elf)
                  11819c80    00000120     rts6740_elf.lib : fseek.obj (.text:fseek)
                  11819da0    00000120                     : sqrtf.obj (.text:sqrtf)
                  11819ec0    00000120     sysbios.ae674 : BIOS.obj (.text:ti_sysbios_family_c64p_Hwi_Module_startup__E)
                  11819fe0    00000120                   : BIOS.obj (.text:ti_sysbios_knl_Clock_workFunc__E)
                  1181a100    00000120     ti.targets.rts6000.ae674 : LoggerBuf.oe674 (.text:xdc_runtime_LoggerBuf_getFilterLevel__E)
                  1181a220    00000100     rts6740_elf.lib : copy_decompress_rle.obj (.text:__TI_decompress_rle_core)
                  1181a320    00000100                     : _io_perm.obj (.text:__TI_wrt_ok)
                  1181a420    00000100                     : atanf.obj (.text:atanf)
                  1181a520    00000100                     : atoi.obj (.text:atoi)
                  1181a620    00000100     pru.obj (.text)
                  1181a720    00000100     sysbios.ae674 : BIOS.obj (.text:ti_sysbios_knl_Swi_restoreHwi__E)
                  1181a820    00000100                   : BIOS.obj (.text:ti_sysbios_timers_timer64_Timer_initDevice__I)
                  1181a920    00000100     ti.targets.rts6000.ae674 : Error.oe674 (.text:xdc_runtime_Error_print__E)
                  1181aa20    00000100                              : Memory.oe674 (.text:xdc_runtime_Memory_alloc__E)
                  1181ab20    00000100                              : Startup.oe674 (.text:xdc_runtime_Startup_exec__E)
                  1181ac20    000000e0     rts6740_elf.lib : hostlseek.obj (.text:HOSTlseek)
                  1181ad00    000000e0                     : hostopen.obj (.text:HOSTopen)
                  1181ade0    000000e0                     : hostwrite.obj (.text:HOSTwrite)
                  1181aec0    000000e0                     : divi.obj (.text:__divi)
                  1181afa0    000000e0                     : close.obj (.text:close)
                  1181b080    000000e0                     : exit.obj (.text:exit)
                  1181b160    000000e0                     : ltoa.obj (.text:ltoa)
                  1181b240    000000e0                     : memset.obj (.text:memset)
                  1181b320    000000e0                     : printf.obj (.text:printf)
                  1181b400    000000e0     sysbios.ae674 : BIOS.obj (.text:ti_sysbios_knl_Swi_runLoop__I)
                  1181b4e0    000000e0                   : BIOS.obj (.text:ti_sysbios_knl_Task_Module_startup__E)
                  1181b5c0    000000e0                   : BIOS.obj (.text:ti_sysbios_knl_Task_exit__E)
                  1181b6a0    000000e0                   : BIOS.obj (.text:ti_sysbios_knl_Task_schedule__I)
                  1181b780    000000e0                   : BIOS.obj (.text:ti_sysbios_timers_timer64_Timer_startup__E)
                  1181b860    000000e0     ti.targets.rts6000.ae674 : Text.oe674 (.text:xdc_runtime_Text_visitRope2__I)
                  1181b940    000000c0     rts6740_elf.lib : hostread.obj (.text:HOSTread)
                  1181ba00    000000c0                     : hostunlink.obj (.text:HOSTunlink)
                  1181bac0    000000c0                     : fflush.obj (.text:__TI_doflush)
                  1181bb80    000000c0                     : divu.obj (.text:__divu)
                  1181bc40    000000c0                     : remi.obj (.text:__remi)
                  1181bd00    000000c0                     : _printfi.obj (.text:_ecpy)
                  1181bdc0    000000c0     sysbios.ae674 : BIOS.obj (.text:ti_sysbios_family_c64p_Hwi_dispatchCore__I)
                  1181be80    000000c0                   : BIOS.obj (.text:ti_sysbios_heaps_HeapMem_getStats__E)
                  1181bf40    000000c0                   : BIOS.obj (.text:ti_sysbios_knl_Semaphore_post__E)
                  1181c000    000000c0                   : BIOS.obj (.text:ti_sysbios_knl_Swi_run__I)
                  1181c0c0    000000c0                   : BIOS.obj (.text:ti_sysbios_knl_Swi_schedule__I)
                  1181c180    000000c0                   : BIOS.obj (.text:ti_sysbios_knl_Task_startCore__E)
                  1181c240    000000c0     rts6740_elf.lib : tls.obj (.text:tls:init:__TI_tls_init)
                  1181c300    000000c0     ti.targets.rts6000.ae674 : Error.oe674 (.text:xdc_runtime_Error_setX__E)
                  1181c3c0    000000c0                              : SysMin.oe674 (.text:xdc_runtime_SysMin_abort__E)
                  1181c480    000000c0                              : SysMin.oe674 (.text:xdc_runtime_SysMin_flush__E)
                  1181c540    000000a0     rts6740_elf.lib : hostclose.obj (.text:HOSTclose)
                  1181c5e0    000000a0                     : fopen.obj (.text:__TI_cleanup)
                  1181c680    000000a0                     : round.obj (.text:__c6xabi_nround)
                  1181c720    000000a0                     : remu.obj (.text:__remu)
                  1181c7c0    000000a0     boot.ae674 : boot.oe674 (.text:_c_int00)
                  1181c860    000000a0     rts6740_elf.lib : memcpy64.obj (.text:memcpy)
                  1181c900    000000a0                     : modf.obj (.text:modf)
                  1181c9a0    000000a0     sysbios.ae674 : BIOS.obj (.text:ti_sysbios_family_c64p_Exception_Module_startup__E)
                  1181ca40    000000a0                   : BIOS.obj (.text:ti_sysbios_family_c64p_Hwi_eventMap__E)
                  1181cae0    000000a0                   : BIOS.obj (.text:ti_sysbios_family_c64p_Hwi_getStackInfo__E)
                  1181cb80    000000a0                   : BIOS.obj (.text:ti_sysbios_gates_GateMutex_enter__E)
                  1181cc20    000000a0                   : BIOS.obj (.text:ti_sysbios_heaps_HeapMem_init__I)
                  1181ccc0    000000a0                   : BIOS.obj (.text:ti_sysbios_knl_Task_allBlockedFunction__I)
                  1181cd60    000000a0                   : BIOS.obj (.text:ti_sysbios_timers_timer64_Timer_stop__E)
                  1181ce00    000000a0     ti.targets.rts6000.ae674 : SysMin.oe674 (.text:xdc_runtime_SysMin_putch__E)
                  1181cea0    000000a0                              : System.oe674 (.text:xdc_runtime_System_formatNum__I)
                  1181cf40    000000a0                              : System.oe674 (.text:xdc_runtime_System_putchar__I)
                  1181cfe0    000000a0                              : Text.oe674 (.text:xdc_runtime_Text_printVisFxn__I)
                  1181d080    000000a0                              : Text.oe674 (.text:xdc_runtime_Text_xprintf__I)
                  1181d120    00000080     rts6740_elf.lib : trgmsg.obj (.text:__TI_readmsg)
                  1181d1a0    00000080                     : llshift.obj (.text:__c6xabi_llshl)
                  1181d220    00000080                     : roundf.obj (.text:__c6xabi_roundf)
                  1181d2a0    00000080     sysbios.ae674 : c62_TaskSupport_asm.obj (.text:_ti_sysbios_family_c62_TaskSupport_swap__E)
                  1181d320    00000080     rts6740_elf.lib : getdevice.obj (.text:finddevice)
                  1181d3a0    00000080     sysbios.ae674 : BIOS.obj (.text:ti_sysbios_family_c64p_Cache_wait__E)
                  1181d420    00000080                   : BIOS.obj (.text:ti_sysbios_hal_Hwi_checkStack)
                  1181d4a0    00000080                   : BIOS.obj (.text:ti_sysbios_hal_Hwi_initStack)
                  1181d520    00000080                   : BIOS.obj (.text:ti_sysbios_knl_Idle_run__E)
                  1181d5a0    00000080                   : BIOS.obj (.text:ti_sysbios_knl_Swi_post__E)
                  1181d620    00000080                   : BIOS.obj (.text:ti_sysbios_knl_Swi_startup__E)
                  1181d6a0    00000080                   : BIOS.obj (.text:ti_sysbios_knl_Task_processVitalTaskFlag__I)
                  1181d720    00000080                   : BIOS.obj (.text:ti_sysbios_knl_Task_restoreHwi__E)
                  1181d7a0    00000080                   : BIOS.obj (.text:ti_sysbios_knl_Task_restore__E)
                  1181d820    00000080     productive_walruses_pe674.oe674 (.text:ti_sysbios_rts_MemAlloc_alloc)
                  1181d8a0    00000080     rts6740_elf.lib : unlink.obj (.text:unlink)
                  1181d920    00000080     ti.targets.rts6000.ae674 : LoggerBuf.oe674 (.text:xdc_runtime_LoggerBuf_Module_startup__E)
                  1181d9a0    00000080                              : LoggerBuf.oe674 (.text:xdc_runtime_LoggerBuf_filterOutEvent__I)
                  1181da20    00000080                              : System.oe674 (.text:xdc_runtime_System_atexit__E)
                  1181daa0    00000080                              : System.oe674 (.text:xdc_runtime_System_avprintf__E)
                  1181db20    00000080                              : System.oe674 (.text:xdc_runtime_System_processAtExit__E)
                  1181dba0    00000080                              : System.oe674 (.text:xdc_runtime_System_vprintf__E)
                  1181dc20    00000060     rts6740_elf.lib : trgmsg.obj (.text:__TI_writemsg)
                  1181dc80    00000060                     : llshift.obj (.text:__c6xabi_llshru)
                  1181dce0    00000060                     : imath64.obj (.text:__c6xabi_remull)
                  1181dd40    00000060                     : imath64.obj (.text:_subcull)
                  1181dda0    00000060     sysbios.ae674 : c64p_Hwi_asm_switch.obj (.text:_ti_sysbios_family_c64p_Hwi_switchAndDispatch__I)
                  1181de00    00000060                   : c64p_Hwi_asm_switch.obj (.text:_ti_sysbios_family_xxx_Hwi_switchAndRunFunc)
                  1181de60    00000060     rts6740_elf.lib : lseek.obj (.text:lseek)
                  1181dec0    00000060                     : memccpy.obj (.text:memccpy)
                  1181df20    00000060                     : modff.obj (.text:modff)
                  1181df80    00000060                     : sprintf.obj (.text:sprintf)
                  1181dfe0    00000060                     : sscanf.obj (.text:sscanf)
                  1181e040    00000060                     : _scanfi.obj (.text:strrchr)
                  1181e0a0    00000060     productive_walruses_pe674.oe674 (.text:ti_sysbios_BIOS_atExitFunc__I)
                  1181e100    00000060     productive_walruses_pe674.oe674 (.text:ti_sysbios_BIOS_errorRaiseHook__I)
                  1181e160    00000060     productive_walruses_pe674.oe674 (.text:ti_sysbios_BIOS_rtsLock__I)
                  1181e1c0    00000060     productive_walruses_pe674.oe674 (.text:ti_sysbios_BIOS_rtsUnlock__I)
                  1181e220    00000060     sysbios.ae674 : BIOS.obj (.text:ti_sysbios_family_c62_TaskSupport_start__E)
                  1181e280    00000060                   : BIOS.obj (.text:ti_sysbios_family_c64p_Cache_marInit__I)
                  1181e2e0    00000060                   : BIOS.obj (.text:ti_sysbios_family_c64p_Cache_setMar__E)
                  1181e340    00000060     productive_walruses_pe674.oe674 (.text:ti_sysbios_heaps_HeapMem_Object__get__S)
                  1181e3a0    00000060     sysbios.ae674 : BIOS.obj (.text:ti_sysbios_knl_Clock_Module_startup__E)
                  1181e400    00000060     productive_walruses_pe674.oe674 (.text:ti_sysbios_knl_Clock_doTick__I)
                  1181e460    00000060     sysbios.ae674 : BIOS.obj (.text:ti_sysbios_knl_Semaphore_pendTimeout__I)
                  1181e4c0    00000060                   : BIOS.obj (.text:ti_sysbios_knl_Swi_Module_startup__E)
                  1181e520    00000060     productive_walruses_pe674.oe674 (.text:ti_sysbios_knl_Swi_Object__get__S)
                  1181e580    00000060     productive_walruses_pe674.oe674 (.text:ti_sysbios_knl_Task_Object__get__S)
                  1181e5e0    00000060     sysbios.ae674 : BIOS.obj (.text:ti_sysbios_knl_Task_enter__I)
                  1181e640    00000060                   : BIOS.obj (.text:ti_sysbios_knl_Task_unblockI__E)
                  1181e6a0    00000060     rts6740_elf.lib : write.obj (.text:write)
                  1181e700    00000060     productive_walruses_pe674.oe674 (.text:xdc_runtime_LoggerBuf_Object__get__S)
                  1181e760    00000060     ti.targets.rts6000.ae674 : LoggerBuf.oe674 (.text:xdc_runtime_LoggerBuf_reset__E)
                  1181e7c0    00000060     productive_walruses_pe674.oe674 (.text:xdc_runtime_SysMin_output__I)
                  1181e820    00000040     rts6740_elf.lib : frcmpyd_div.obj (.text:__TI_frcmpyd_div)
                  1181e860    00000040                     : isinf.obj (.text:__c6xabi_isinf)
                  1181e8a0    00000040                     : _printfi.obj (.text:__c6xabi_isnan)
                  1181e8e0    00000040                     : args_main.obj (.text:_args_main)
                  1181e920    00000040                     : sprintf.obj (.text:_outs)
                  1181e960    00000040                     : vsprintf.obj (.text:_outs)
                  1181e9a0    00000040     sysbios.ae674 : c62_TaskSupport_asm.obj (.text:_ti_sysbios_family_c62_TaskSupport_buildTaskStack)
                  1181e9e0    00000040     productive_walruses_pe674.oe674 (.text:free)
                  1181ea20    00000040     productive_walruses_pe674.oe674 (.text:ti_sysbios_BIOS_exitFunc__I)
                  1181ea60    00000040     productive_walruses_pe674.oe674 (.text:ti_sysbios_BIOS_registerRTSLock__I)
                  1181eaa0    00000040     productive_walruses_pe674.oe674 (.text:ti_sysbios_BIOS_removeRTSLock__I)
                  1181eae0    00000040     productive_walruses_pe674.oe674 (.text:ti_sysbios_BIOS_startFunc__I)
                  1181eb20    00000040     productive_walruses_pe674.oe674 (.text:ti_sysbios_family_c64p_Hwi_Module__startupDone__F)
                  1181eb60    00000040     sysbios.ae674 : BIOS.obj (.text:ti_sysbios_family_c64p_Hwi_disableInterrupt__E)
                  1181eba0    00000040                   : BIOS.obj (.text:ti_sysbios_family_c64p_Hwi_dispatchC__I)
                  1181ebe0    00000040                   : BIOS.obj (.text:ti_sysbios_family_c64p_Hwi_enableInterrupt__E)
                  1181ec20    00000040                   : BIOS.obj (.text:ti_sysbios_family_c64p_primus_TimerSupport_enable__E)
                  1181ec60    00000040                   : BIOS.obj (.text:ti_sysbios_gates_GateMutex_leave__E)
                  1181eca0    00000040     productive_walruses_pe674.oe674 (.text:ti_sysbios_hal_Hwi_HwiProxy_getStackInfo__E)
                  1181ece0    00000040     productive_walruses_pe674.oe674 (.text:ti_sysbios_knl_Clock_Module_State_clockQ)
                  1181ed20    00000040     productive_walruses_pe674.oe674 (.text:ti_sysbios_knl_Queue_Object__get__S)
                  1181ed60    00000040     productive_walruses_pe674.oe674 (.text:ti_sysbios_timers_timer64_Timer_Module__startupDone__F)
                  1181eda0    00000040     rts6740_elf.lib : vsprintf.obj (.text:vsprintf)
                  1181ede0    00000040     ti.targets.rts6000.ae674 : Error.oe674 (.text:xdc_runtime_Error_check__E)
                  1181ee20    00000040                              : Error.oe674 (.text:xdc_runtime_Error_init__E)
                  1181ee60    00000040     productive_walruses_pe674.oe674 (.text:xdc_runtime_IHeap_alloc)
                  1181eea0    00000040     productive_walruses_pe674.oe674 (.text:xdc_runtime_IHeap_free)
                  1181eee0    00000040     ti.targets.rts6000.ae674 : LoggerBuf.oe674 (.text:xdc_runtime_LoggerBuf_write0__E)
                  1181ef20    00000040                              : LoggerBuf.oe674 (.text:xdc_runtime_LoggerBuf_write1__E)
                  1181ef60    00000040                              : LoggerBuf.oe674 (.text:xdc_runtime_LoggerBuf_write2__E)
                  1181efa0    00000040                              : Registry.oe674 (.text:xdc_runtime_Registry_findById__E)
                  1181efe0    00000040     productive_walruses_pe674.oe674 (.text:xdc_runtime_Startup_exec__I)
                  1181f020    00000040     ti.targets.rts6000.ae674 : SysMin.oe674 (.text:xdc_runtime_SysMin_Module_startup__E)
                  1181f060    00000040                              : SysMin.oe674 (.text:xdc_runtime_SysMin_exit__E)
                  1181f0a0    00000040                              : System.oe674 (.text:xdc_runtime_System_abort__E)
                  1181f0e0    00000040     productive_walruses_pe674.oe674 (.text:xdc_runtime_System_aprintf__E)
                  1181f120    00000040     ti.targets.rts6000.ae674 : System.oe674 (.text:xdc_runtime_System_exit__E)
                  1181f160    00000040     productive_walruses_pe674.oe674 (.text:xdc_runtime_System_printf__E)
                  1181f1a0    00000040     productive_walruses_pe674.oe674 (.text:xdc_runtime_Text_visitRope__I)
                  1181f1e0    00000020     rts6740_elf.lib : errno.obj (.text:__c6xabi_errno_addr)
                  1181f200    00000020                     : trunc.obj (.text:__c6xabi_trunc)
                  1181f220    00000020                     : truncf.obj (.text:__c6xabi_truncf)
                  1181f240    00000020                     : sscanf.obj (.text:_inpchar)
                  1181f260    00000020                     : _lock.obj (.text:_nop)
                  1181f280    00000020                     : printf.obj (.text:_outc)
                  1181f2a0    00000020                     : sprintf.obj (.text:_outc)
                  1181f2c0    00000020                     : vsprintf.obj (.text:_outc)
                  1181f2e0    00000020                     : printf.obj (.text:_outs)
                  1181f300    00000020                     : _lock.obj (.text:_register_lock)
                  1181f320    00000020                     : _lock.obj (.text:_register_unlock)
                  1181f340    00000020     sysbios.ae674 : c62_TaskSupport_asm.obj (.text:_ti_sysbios_family_c62_TaskSupport_glue)
                  1181f360    00000020     rts6740_elf.lib : sscanf.obj (.text:_uninpchar)
                  1181f380    00000020                     : exit.obj (.text:abort)
                  1181f3a0    00000020                     : copy_decompress_none.obj (.text:decompress:none:__TI_decompress_none)
                  1181f3c0    00000020                     : copy_decompress_rle.obj (.text:decompress:rle24:__TI_decompress_rle24)
                  1181f3e0    00000020     productive_walruses_pe674.oe674 (.text:malloc)
                  1181f400    00000020     productive_walruses_pe674.oe674 (.text:ti_sysbios_BIOS_RtsGateProxy_enter__E)
                  1181f420    00000020     productive_walruses_pe674.oe674 (.text:ti_sysbios_BIOS_RtsGateProxy_leave__E)
                  1181f440    00000020     sysbios.ae674 : BIOS.obj (.text:ti_sysbios_BIOS_linkedWithIncorrectBootLibrary__E)
                  1181f460    00000020     productive_walruses_pe674.oe674 (.text:ti_sysbios_BIOS_nullFunc__I)
                  1181f480    00000020     sysbios.ae674 : BIOS.obj (.text:ti_sysbios_BIOS_setThreadType__E)
                  1181f4a0    00000020                   : BIOS.obj (.text:ti_sysbios_BIOS_start__E)
                  1181f4c0    00000020     productive_walruses_pe674.oe674 (.text:ti_sysbios_family_c62_TaskSupport_Module__startupDone__S)
                  1181f4e0    00000020     sysbios.ae674 : BIOS.obj (.text:ti_sysbios_family_c62_TaskSupport_checkStack__E)
                  1181f500    00000020                   : BIOS.obj (.text:ti_sysbios_family_c64p_Cache_inv__E)
                  1181f520    00000020                   : BIOS.obj (.text:ti_sysbios_family_c64p_Cache_wb__E)
                  1181f540    00000020     productive_walruses_pe674.oe674 (.text:ti_sysbios_family_c64p_Hwi_Module__startupDone__S)
                  1181f560    00000020     sysbios.ae674 : BIOS.obj (.text:ti_sysbios_family_c64p_Hwi_clearInterrupt__E)
                  1181f580    00000020                   : BIOS.obj (.text:ti_sysbios_family_c64p_Hwi_startup__E)
                  1181f5a0    00000020                   : BIOS.obj (.text:ti_sysbios_family_c64p_Hwi_switchFromBootStack__E)
                  1181f5c0    00000020                   : BIOS.obj (.text:ti_sysbios_family_c64p_TimestampProvider_Module_startup__E)
                  1181f5e0    00000020                   : BIOS.obj (.text:ti_sysbios_family_c64p_TimestampProvider_get64__E)
                  1181f600    00000020                   : BIOS.obj (.text:ti_sysbios_gates_GateHwi_enter__E)
                  1181f620    00000020                   : BIOS.obj (.text:ti_sysbios_gates_GateHwi_leave__E)
                  1181f640    00000020                   : BIOS.obj (.text:ti_sysbios_gates_GateHwi_query__E)
                  1181f660    00000020                   : BIOS.obj (.text:ti_sysbios_gates_GateMutex_query__E)
                  1181f680    00000020     productive_walruses_pe674.oe674 (.text:ti_sysbios_hal_Hwi_HwiProxy_Module__startupDone__S)
                  1181f6a0    00000020     productive_walruses_pe674.oe674 (.text:ti_sysbios_hal_Hwi_HwiProxy_clearInterrupt__E)
                  1181f6c0    00000020     productive_walruses_pe674.oe674 (.text:ti_sysbios_hal_Hwi_HwiProxy_disableInterrupt__E)
                  1181f6e0    00000020     productive_walruses_pe674.oe674 (.text:ti_sysbios_hal_Hwi_HwiProxy_enableInterrupt__E)
                  1181f700    00000020     productive_walruses_pe674.oe674 (.text:ti_sysbios_hal_Hwi_HwiProxy_startup__E)
                  1181f720    00000020     productive_walruses_pe674.oe674 (.text:ti_sysbios_hal_Hwi_HwiProxy_switchFromBootStack__E)
                  1181f740    00000020     sysbios.ae674 : BIOS.obj (.text:ti_sysbios_hal_Hwi_Module_startup__E)
                  1181f760    00000020     productive_walruses_pe674.oe674 (.text:ti_sysbios_heaps_HeapMem_Module_GateProxy_enter__E)
                  1181f780    00000020     productive_walruses_pe674.oe674 (.text:ti_sysbios_heaps_HeapMem_Module_GateProxy_leave__E)
                  1181f7a0    00000020     productive_walruses_pe674.oe674 (.text:ti_sysbios_heaps_HeapMem_Module_GateProxy_query__E)
                  1181f7c0    00000020     sysbios.ae674 : BIOS.obj (.text:ti_sysbios_heaps_HeapMem_isBlocking__E)
                  1181f7e0    00000020     productive_walruses_pe674.oe674 (.text:ti_sysbios_knl_Clock_TimerProxy_Module__startupDone__S)
                  1181f800    00000020     productive_walruses_pe674.oe674 (.text:ti_sysbios_knl_Clock_TimerProxy_getMaxTicks__E)
                  1181f820    00000020     sysbios.ae674 : BIOS.obj (.text:ti_sysbios_knl_Clock_getTicks__E)
                  1181f840    00000020                   : BIOS.obj (.text:ti_sysbios_knl_Clock_logTick__E)
                  1181f860    00000020                   : BIOS.obj (.text:ti_sysbios_knl_Idle_loop__E)
                  1181f880    00000020                   : BIOS.obj (.text:ti_sysbios_knl_Queue_empty__E)
                  1181f8a0    00000020                   : BIOS.obj (.text:ti_sysbios_knl_Swi_disable__E)
                  1181f8c0    00000020     productive_walruses_pe674.oe674 (.text:ti_sysbios_knl_Task_SupportProxy_Module__startupDone__S)
                  1181f8e0    00000020     productive_walruses_pe674.oe674 (.text:ti_sysbios_knl_Task_SupportProxy_checkStack__E)
                  1181f900    00000020     productive_walruses_pe674.oe674 (.text:ti_sysbios_knl_Task_SupportProxy_start__E)
                  1181f920    00000020     productive_walruses_pe674.oe674 (.text:ti_sysbios_knl_Task_SupportProxy_swap__E)
                  1181f940    00000020     sysbios.ae674 : BIOS.obj (.text:ti_sysbios_knl_Task_disable__E)
                  1181f960    00000020                   : BIOS.obj (.text:ti_sysbios_knl_Task_sleepTimeout__I)
                  1181f980    00000020                   : BIOS.obj (.text:ti_sysbios_knl_Task_startup__E)
                  1181f9a0    00000020     productive_walruses_pe674.oe674 (.text:ti_sysbios_timers_timer64_Timer_Module__startupDone__S)
                  1181f9c0    00000020     productive_walruses_pe674.oe674 (.text:ti_sysbios_timers_timer64_Timer_TimerSupportProxy_enable__E)
                  1181f9e0    00000020     sysbios.ae674 : BIOS.obj (.text:ti_sysbios_timers_timer64_Timer_getMaxTicks__E)
                  1181fa00    00000020     productive_walruses_pe674.oe674 (.text:xdc_iargToPtr)
                  1181fa20    00000020     ti.targets.rts6000.ae674 : Error.oe674 (.text:xdc_runtime_Error_getSite__E)
                  1181fa40    00000020                              : Error.oe674 (.text:xdc_runtime_Error_raiseX__E)
                  1181fa60    00000020                              : Gate.oe674 (.text:xdc_runtime_Gate_enterSystem__E)
                  1181fa80    00000020                              : Gate.oe674 (.text:xdc_runtime_Gate_leaveSystem__E)
                  1181faa0    00000020     productive_walruses_pe674.oe674 (.text:xdc_runtime_LoggerBuf_Module_GateProxy_enter__E)
                  1181fac0    00000020     productive_walruses_pe674.oe674 (.text:xdc_runtime_LoggerBuf_Module_GateProxy_leave__E)
                  1181fae0    00000020     productive_walruses_pe674.oe674 (.text:xdc_runtime_LoggerBuf_TimestampProxy_get64__E)
                  1181fb00    00000020     ti.targets.rts6000.ae674 : LoggerBuf.oe674 (.text:xdc_runtime_LoggerBuf_disable__E)
                  1181fb20    00000020                              : LoggerBuf.oe674 (.text:xdc_runtime_LoggerBuf_enable__E)
                  1181fb40    00000020     productive_walruses_pe674.oe674 (.text:xdc_runtime_Memory_HeapProxy_alloc__E)
                  1181fb60    00000020     productive_walruses_pe674.oe674 (.text:xdc_runtime_Memory_HeapProxy_free__E)
                  1181fb80    00000020     ti.targets.rts6000.ae674 : Memory.oe674 (.text:xdc_runtime_Memory_free__E)
                  1181fba0    00000020                              : Memory.oe674 (.text:xdc_runtime_Memory_getMaxDefaultTypeAlign__E)
                  1181fbc0    00000020     productive_walruses_pe674.oe674 (.text:xdc_runtime_Startup_reset__I)
                  1181fbe0    00000020     ti.targets.rts6000.ae674 : Startup.oe674 (.text:xdc_runtime_Startup_rtsDone__E)
                  1181fc00    00000020                              : SysMin.oe674 (.text:xdc_runtime_SysMin_ready__E)
                  1181fc20    00000020     productive_walruses_pe674.oe674 (.text:xdc_runtime_System_Module_GateProxy_enter__E)
                  1181fc40    00000020     productive_walruses_pe674.oe674 (.text:xdc_runtime_System_Module_GateProxy_leave__E)
                  1181fc60    00000020     ti.targets.rts6000.ae674 : System.oe674 (.text:xdc_runtime_System_Module_startup__E)
                  1181fc80    00000020     productive_walruses_pe674.oe674 (.text:xdc_runtime_System_SupportProxy_abort__E)
                  1181fca0    00000020     productive_walruses_pe674.oe674 (.text:xdc_runtime_System_SupportProxy_exit__E)
                  1181fcc0    00000020     productive_walruses_pe674.oe674 (.text:xdc_runtime_System_SupportProxy_putch__E)
                  1181fce0    00000020     productive_walruses_pe674.oe674 (.text:xdc_runtime_System_SupportProxy_ready__E)
                  1181fd00    00000020     ti.targets.rts6000.ae674 : System.oe674 (.text:xdc_runtime_System_vsnprintf__E)
                  1181fd20    00000020                              : Text.oe674 (.text:xdc_runtime_Text_ropeText__E)

.const.1   0    1181fd40    00000040     
                  1181fd40    00000040     evmomapl138_bsl.lib : evmomapl138.obj (.const:.string)

.far.1     0    1181fd80    00008e78     UNINITIALIZED
                  1181fd80    000028c0     productive_walruses_pe674.oe674 (.far:taskStackSection)
                  11822640    00001000     (.common:ti_sysbios_heaps_HeapMem_Instance_State_0_buf__A)
                  11823640    00000fa0     (.common:enc0_array)
                  118245e0    00000c00     (.common:object_stats)
                  118251e0    0000001e     (.common:LADARoutBuffer)
                  118251fe    00000002     --HOLE--
                  11825200    00000578     (.common:LADARinBuffer)
                  11825778    00000400     (.common:equivalency_objects)
                  11825b78    00000400     (.common:temp_equivalency_objects)
                  11825f78    000003e8     (.common:LADARangle)
                  11826360    000003e8     (.common:LADARdataX)
                  11826748    000003e8     (.common:LADARdataY)
                  11826b30    000003e8     (.common:LADARdistance)
                  11826f18    000003e8     (.common:newLADARangle)
                  11827300    000003e8     (.common:newLADARdataX)
                  118276e8    000003e8     (.common:newLADARdataY)
                  11827ad0    000003e8     (.common:newLADARdistance)
                  11827eb8    0000039c     (.common:final_object_stats)
                  11828254    00000004     --HOLE--
                  11828258    00000200     (.common:xdc_runtime_LoggerBuf_Instance_State_0_entryArr__A)
                  11828458    00000200     (.common:xdc_runtime_SysMin_Module_State_0_outbuf__A)
                  11828658    00000140     (.common:__TI_tmpnams)
                  11828798    00000102     (.common:fromLinuxstring)
                  1182889a    00000006     --HOLE--
                  118288a0    00000102     (.common:toLinuxstring)
                  118289a2    00000006     --HOLE--
                  118289a8    000000f0     (.common:robotdest)
                  11828a98    00000028     (.common:i2cdata)
                  11828ac0    00000024     (.common:temp_3x3)
                  11828ae4    00000004     --HOLE--
                  11828ae8    00000014     (.common:Optitrackdata)
                  11828afc    00000004     --HOLE--
                  11828b00    0000009c     (.common:f28335recData)
                  11828b9c    0000000c     (.common:LADARps)
                  11828ba8    0000000c     (.common:OPTITRACKps)
                  11828bb4    0000000c     (.common:ROBOTps)
                  11828bc0    0000000c     (.common:temp_3x1)
                  11828bcc    00000004     --HOLE--
                  11828bd0    0000000c     (.common:ytilde)
                  11828bdc    00000004     --HOLE--
                  11828be0    0000000c     (.common:z)
                  11828bec    00000004     --HOLE--
                  11828bf0    00000008     (.common:parmbuf)

.const.2   0    11828bf8    00000008     
                  11828bf8    00000008     productive_walruses_pe674.oe674 (.const:ti_sysbios_knl_Idle_funcList__C)

.far.2     0    11828c00    00000068     UNINITIALIZED
                  11828c00    00000068     (.common:f28335TXData)

.const.3   0    11828c68    0000260e     
                  11828c68    000019b9     productive_walruses_pe674.oe674 (.const:xdc_runtime_Text_charTab__A)
                  1182a621    00000001     productive_walruses_pe674.oe674 (.const:ti_sysbios_timers_timer64_Timer_localTimerBaseId__C)
                  1182a622    00000002     productive_walruses_pe674.oe674 (.const:ti_sysbios_family_c64p_Cache_Module__id__C)
                  1182a624    00000518     sysbios.ae674 : BIOS.obj (.const:.string)
                  1182ab3c    00000004     productive_walruses_pe674.oe674 (.const:ti_sysbios_BIOS_installedErrorHook__C)
                  1182ab40    00000101     rts6740_elf.lib : ctype.obj (.const:.string:_ctypes_)
                  1182ac41    00000001     --HOLE-- [fill = 0]
                  1182ac42    00000002     productive_walruses_pe674.oe674 (.const:ti_sysbios_family_c64p_Exception_Module__id__C)
                  1182ac44    00000004     productive_walruses_pe674.oe674 (.const:ti_sysbios_family_c64p_Cache_EMIFA_BASE__C)
                  1182ac48    000000cc     productive_walruses_pe674.oe674 (.const:xdc_runtime_Text_nodeTab__A)
                  1182ad14    00000004     productive_walruses_pe674.oe674 (.const:ti_sysbios_family_c64p_Cache_EMIFA_CFG__C)
                  1182ad18    00000080     evmomapl138_bsl.lib : evmomapl138.obj (.const:bitval_u32)
                  1182ad98    00000058     ti.targets.rts6000.ae674 : Error.oe674 (.const:.string)
                  1182adf0    00000050     user_productive_walruses.obj (.const:.string)
                  1182ae40    00000050     rts6740_elf.lib : strtod.obj (.const:digits)
                  1182ae90    00000048                     : strtod.obj (.const:powerof10)
                  1182aed8    00000044     Ladar.obj (.const:.string)
                  1182af1c    00000040     ti.targets.rts6000.ae674 : Text.oe674 (.const:.string)
                  1182af5c    0000003c     productive_walruses_pe674.oe674 (.const:xdc_runtime_LoggerBuf_Module__FXNS__C)
                  1182af98    00000030     productive_walruses_pe674.oe674 (.const:xdc_runtime_Startup_sfxnTab__A)
                  1182afc8    0000002c     ti.targets.rts6000.ae674 : Startup.oe674 (.const:.string)
                  1182aff4    00000028     productive_walruses_pe674.oe674 (.const:ti_sysbios_heaps_HeapMem_Module__FXNS__C)
                  1182b01c    00000024     rts6740_elf.lib : _printfi.obj (.const:.string)
                  1182b040    00000024     productive_walruses_pe674.oe674 (.const:ti_sysbios_gates_GateHwi_Module__FXNS__C)
                  1182b064    00000024     productive_walruses_pe674.oe674 (.const:ti_sysbios_gates_GateMutex_Module__FXNS__C)
                  1182b088    00000018     ColorLCD.obj (.const:$P$T0$1)
                  1182b0a0    00000018     ti.targets.rts6000.ae674 : System.oe674 (.const:.string)
                  1182b0b8    00000018     productive_walruses_pe674.oe674 (.const:xdc_runtime_Startup_sfxnRts__A)
                  1182b0d0    00000010     evmomapl138_bsl.lib : evmomapl138_uart.obj (.const:.string)
                  1182b0e0    00000008     productive_walruses_pe674.oe674 (.const:xdc_runtime_Startup_firstFxns__A)
                  1182b0e8    00000008     productive_walruses_pe674.oe674 (.const:xdc_runtime_Startup_firstFxns__C)
                  1182b0f0    00000008     productive_walruses_pe674.oe674 (.const:xdc_runtime_Startup_lastFxns__C)
                  1182b0f8    00000007     rts6740_elf.lib : _scanfi.obj (.const:.string:flit$1)
                  1182b0ff    00000001     --HOLE-- [fill = 0]
                  1182b100    00000006                     : _scanfi.obj (.const:.string:barr$2)
                  1182b106    00000002     productive_walruses_pe674.oe674 (.const:ti_sysbios_family_c64p_Exception_useInternalBuffer__C)
                  1182b108    00000004     Ladar.obj (.const:.string:$P$T0$1)
                  1182b10c    00000004     productive_walruses_pe674.oe674 (.const:ti_sysbios_family_c64p_Cache_EMIFA_LENGTH__C)
                  1182b110    00000004     productive_walruses_pe674.oe674 (.const:ti_sysbios_family_c64p_Cache_EMIFB_BASE__C)
                  1182b114    00000004     productive_walruses_pe674.oe674 (.const:ti_sysbios_family_c64p_Cache_EMIFB_CFG__C)
                  1182b118    00000004     productive_walruses_pe674.oe674 (.const:ti_sysbios_family_c64p_Cache_EMIFB_LENGTH__C)
                  1182b11c    00000004     productive_walruses_pe674.oe674 (.const:ti_sysbios_family_c64p_Cache_EMIFC_BASE__C)
                  1182b120    00000004     productive_walruses_pe674.oe674 (.const:ti_sysbios_family_c64p_Cache_EMIFC_CFG__C)
                  1182b124    00000004     productive_walruses_pe674.oe674 (.const:ti_sysbios_family_c64p_Cache_EMIFC_LENGTH__C)
                  1182b128    00000004     productive_walruses_pe674.oe674 (.const:ti_sysbios_family_c64p_Cache_E_invalidL1CacheSize__C)
                  1182b12c    00000004     productive_walruses_pe674.oe674 (.const:ti_sysbios_family_c64p_Cache_E_invalidL2CacheSize__C)
                  1182b130    00000004     productive_walruses_pe674.oe674 (.const:ti_sysbios_family_c64p_Cache_MAR0_31__C)
                  1182b134    00000004     productive_walruses_pe674.oe674 (.const:ti_sysbios_family_c64p_Cache_MAR128_159__C)
                  1182b138    00000004     productive_walruses_pe674.oe674 (.const:ti_sysbios_family_c64p_Cache_MAR160_191__C)
                  1182b13c    00000004     productive_walruses_pe674.oe674 (.const:ti_sysbios_family_c64p_Cache_MAR192_223__C)
                  1182b140    00000004     productive_walruses_pe674.oe674 (.const:ti_sysbios_family_c64p_Cache_MAR224_255__C)
                  1182b144    00000004     productive_walruses_pe674.oe674 (.const:ti_sysbios_family_c64p_Cache_MAR32_63__C)
                  1182b148    00000004     productive_walruses_pe674.oe674 (.const:ti_sysbios_family_c64p_Cache_MAR64_95__C)
                  1182b14c    00000004     productive_walruses_pe674.oe674 (.const:ti_sysbios_family_c64p_Cache_MAR96_127__C)
                  1182b150    00000004     productive_walruses_pe674.oe674 (.const:ti_sysbios_family_c64p_Exception_E_exceptionMax__C)
                  1182b154    00000004     productive_walruses_pe674.oe674 (.const:ti_sysbios_family_c64p_Exception_exceptionHook__C)
                  1182b158    00000004     productive_walruses_pe674.oe674 (.const:ti_sysbios_family_c64p_Exception_externalHook__C)
                  1182b15c    00000004     productive_walruses_pe674.oe674 (.const:ti_sysbios_family_c64p_Exception_internalHook__C)
                  1182b160    00000004     productive_walruses_pe674.oe674 (.const:ti_sysbios_family_c64p_Exception_nmiHook__C)
                  1182b164    00000004     productive_walruses_pe674.oe674 (.const:ti_sysbios_gates_GateMutex_Instance_State_sem__O)
                  1182b168    00000004     productive_walruses_pe674.oe674 (.const:ti_sysbios_hal_Hwi_E_stackOverflow__C)
                  1182b16c    00000004     productive_walruses_pe674.oe674 (.const:ti_sysbios_heaps_HeapMem_E_memory__C)
                  1182b170    00000004     productive_walruses_pe674.oe674 (.const:ti_sysbios_heaps_HeapMem_Module__gateObj__C)
                  1182b174    00000004     productive_walruses_pe674.oe674 (.const:ti_sysbios_heaps_HeapMem_Object__count__C)
                  1182b178    00000004     productive_walruses_pe674.oe674 (.const:ti_sysbios_heaps_HeapMem_Object__table__C)
                  1182b17c    00000004     productive_walruses_pe674.oe674 (.const:ti_sysbios_knl_Clock_Module_State_clockQ__O)
                  1182b180    00000004     productive_walruses_pe674.oe674 (.const:ti_sysbios_knl_Idle_funcList__A)
                  1182b184    00000004     productive_walruses_pe674.oe674 (.const:ti_sysbios_knl_Semaphore_Instance_State_pendQ__O)
                  1182b188    00000004     productive_walruses_pe674.oe674 (.const:ti_sysbios_knl_Swi_Object__count__C)
                  1182b18c    00000004     productive_walruses_pe674.oe674 (.const:ti_sysbios_knl_Swi_Object__table__C)
                  1182b190    00000004     productive_walruses_pe674.oe674 (.const:ti_sysbios_knl_Task_E_spOutOfBounds__C)
                  1182b194    00000004     productive_walruses_pe674.oe674 (.const:ti_sysbios_knl_Task_E_stackOverflow__C)
                  1182b198    00000004     productive_walruses_pe674.oe674 (.const:ti_sysbios_knl_Task_Module_State_inactiveQ__O)
                  1182b19c    00000004     productive_walruses_pe674.oe674 (.const:ti_sysbios_knl_Task_Object__count__C)
                  1182b1a0    00000004     productive_walruses_pe674.oe674 (.const:ti_sysbios_knl_Task_Object__table__C)
                  1182b1a4    00000004     productive_walruses_pe674.oe674 (.const:ti_sysbios_knl_Task_allBlockedFunc__C)
                  1182b1a8    00000004     productive_walruses_pe674.oe674 (.const:ti_sysbios_knl_Task_numConstructedTasks__C)
                  1182b1ac    00000004     productive_walruses_pe674.oe674 (.const:ti_sysbios_timers_timer64_Timer_E_cannotSupport__C)
                  1182b1b0    00000004     productive_walruses_pe674.oe674 (.const:ti_sysbios_timers_timer64_Timer_anyMaskHigh__C)
                  1182b1b4    00000004     productive_walruses_pe674.oe674 (.const:ti_sysbios_timers_timer64_Timer_anyMask__C)
                  1182b1b8    00000004     productive_walruses_pe674.oe674 (.const:ti_sysbios_timers_timer64_Timer_freqDivisor__C)
                  1182b1bc    00000004     productive_walruses_pe674.oe674 (.const:ti_sysbios_timers_timer64_Timer_numLocalTimers__C)
                  1182b1c0    00000004     productive_walruses_pe674.oe674 (.const:ti_sysbios_timers_timer64_Timer_numTimerDevices__C)
                  1182b1c4    00000004     productive_walruses_pe674.oe674 (.const:xdc_runtime_Assert_E_assertFailed__C)
                  1182b1c8    00000004     productive_walruses_pe674.oe674 (.const:xdc_runtime_Error_E_memory__C)
                  1182b1cc    00000004     productive_walruses_pe674.oe674 (.const:xdc_runtime_Error_Module__diagsEnabled__C)
                  1182b1d0    00000004     productive_walruses_pe674.oe674 (.const:xdc_runtime_Error_Module__diagsIncluded__C)
                  1182b1d4    00000004     productive_walruses_pe674.oe674 (.const:xdc_runtime_Error_Module__diagsMask__C)
                  1182b1d8    00000004     productive_walruses_pe674.oe674 (.const:xdc_runtime_Error_Module__loggerFxn8__C)
                  1182b1dc    00000004     productive_walruses_pe674.oe674 (.const:xdc_runtime_Error_Module__loggerObj__C)
                  1182b1e0    00000004     productive_walruses_pe674.oe674 (.const:xdc_runtime_Error_policyFxn__C)
                  1182b1e4    00000004     productive_walruses_pe674.oe674 (.const:xdc_runtime_Error_policy__C)
                  1182b1e8    00000004     productive_walruses_pe674.oe674 (.const:xdc_runtime_Error_raiseHook__C)
                  1182b1ec    00000004     productive_walruses_pe674.oe674 (.const:xdc_runtime_IFilterLogger_Interface__BASE__C)
                  1182b1f0    00000004     productive_walruses_pe674.oe674 (.const:xdc_runtime_IGateProvider_Interface__BASE__C)
                  1182b1f4    00000004     productive_walruses_pe674.oe674 (.const:xdc_runtime_IHeap_Interface__BASE__C)
                  1182b1f8    00000004     productive_walruses_pe674.oe674 (.const:xdc_runtime_ILogger_Interface__BASE__C)
                  1182b1fc    00000004     productive_walruses_pe674.oe674 (.const:xdc_runtime_IModule_Interface__BASE__C)
                  1182b200    00000004     productive_walruses_pe674.oe674 (.const:xdc_runtime_Log_L_error__C)
                  1182b204    00000004     productive_walruses_pe674.oe674 (.const:xdc_runtime_LoggerBuf_E_badLevel__C)
                  1182b208    00000004     productive_walruses_pe674.oe674 (.const:xdc_runtime_LoggerBuf_Module__gateObj__C)
                  1182b20c    00000004     productive_walruses_pe674.oe674 (.const:xdc_runtime_LoggerBuf_Object__count__C)
                  1182b210    00000004     productive_walruses_pe674.oe674 (.const:xdc_runtime_LoggerBuf_Object__table__C)
                  1182b214    00000004     productive_walruses_pe674.oe674 (.const:xdc_runtime_LoggerBuf_statusLogger__C)
                  1182b218    00000004     productive_walruses_pe674.oe674 (.const:xdc_runtime_Memory_defaultHeapInstance__C)
                  1182b21c    00000004     productive_walruses_pe674.oe674 (.const:xdc_runtime_Startup_execImpl__C)
                  1182b220    00000004     productive_walruses_pe674.oe674 (.const:xdc_runtime_Startup_maxPasses__C)
                  1182b224    00000004     productive_walruses_pe674.oe674 (.const:xdc_runtime_Startup_sfxnRts__C)
                  1182b228    00000004     productive_walruses_pe674.oe674 (.const:xdc_runtime_Startup_sfxnTab__C)
                  1182b22c    00000004     productive_walruses_pe674.oe674 (.const:xdc_runtime_Startup_startModsFxn__C)
                  1182b230    00000004     productive_walruses_pe674.oe674 (.const:xdc_runtime_SysMin_bufSize__C)
                  1182b234    00000004     productive_walruses_pe674.oe674 (.const:xdc_runtime_SysMin_outputFunc__C)
                  1182b238    00000004     productive_walruses_pe674.oe674 (.const:xdc_runtime_System_Module__gateObj__C)
                  1182b23c    00000004     productive_walruses_pe674.oe674 (.const:xdc_runtime_System_abortFxn__C)
                  1182b240    00000004     productive_walruses_pe674.oe674 (.const:xdc_runtime_System_exitFxn__C)
                  1182b244    00000004     productive_walruses_pe674.oe674 (.const:xdc_runtime_System_extendFxn__C)
                  1182b248    00000004     productive_walruses_pe674.oe674 (.const:xdc_runtime_System_maxAtexitHandlers__C)
                  1182b24c    00000004     productive_walruses_pe674.oe674 (.const:xdc_runtime_Text_charTab__C)
                  1182b250    00000004     productive_walruses_pe674.oe674 (.const:xdc_runtime_Text_nodeTab__C)
                  1182b254    00000004     productive_walruses_pe674.oe674 (.const:xdc_runtime_Text_visitRopeFxn__C)
                  1182b258    00000002     productive_walruses_pe674.oe674 (.const:ti_sysbios_hal_Hwi_Module__id__C)
                  1182b25a    00000002     productive_walruses_pe674.oe674 (.const:ti_sysbios_heaps_HeapMem_Module__id__C)
                  1182b25c    00000002     productive_walruses_pe674.oe674 (.const:ti_sysbios_knl_Task_Module__id__C)
                  1182b25e    00000002     productive_walruses_pe674.oe674 (.const:ti_sysbios_timers_timer64_Timer_Module__id__C)
                  1182b260    00000002     productive_walruses_pe674.oe674 (.const:ti_sysbios_timers_timer64_Timer_startupNeeded__C)
                  1182b262    00000002     productive_walruses_pe674.oe674 (.const:ti_sysbios_timers_timer64_Timer_useTimer64pRegMap__C)
                  1182b264    00000002     productive_walruses_pe674.oe674 (.const:xdc_runtime_Error_Module__loggerDefined__C)
                  1182b266    00000002     productive_walruses_pe674.oe674 (.const:xdc_runtime_Error_maxDepth__C)
                  1182b268    00000002     productive_walruses_pe674.oe674 (.const:xdc_runtime_LoggerBuf_Module__id__C)
                  1182b26a    00000002     productive_walruses_pe674.oe674 (.const:xdc_runtime_LoggerBuf_filterByLevel__C)
                  1182b26c    00000002     productive_walruses_pe674.oe674 (.const:xdc_runtime_Memory_Module__id__C)
                  1182b26e    00000002     productive_walruses_pe674.oe674 (.const:xdc_runtime_SysMin_flushAtExit__C)
                  1182b270    00000002     productive_walruses_pe674.oe674 (.const:xdc_runtime_Text_isLoaded__C)
                  1182b272    00000002     productive_walruses_pe674.oe674 (.const:xdc_runtime_Text_registryModsLastId__C)
                  1182b274    00000002     productive_walruses_pe674.oe674 (.const:xdc_runtime_Text_unnamedModsLastId__C)

.fardata   0    1182d278    00000f7c     UNINITIALIZED
                  1182d278    0000025c     ColorVision.obj (.fardata:PRUCode)
                  1182d4d4    00000004     rts6740_elf.lib : _lock.obj (.fardata:_lock)
                  1182d4d8    000001e0                     : defs.obj (.fardata:_ftable)
                  1182d6b8    00000114     productive_walruses_pe674.oe674 (.fardata:ti_sysbios_knl_Task_Object__table__V)
                  1182d7cc    00000004     rts6740_elf.lib : _lock.obj (.fardata:_unlock)
                  1182d7d0    000000c0     productive_walruses_pe674.oe674 (.fardata:ti_sysbios_knl_Swi_Object__table__V)
                  1182d890    000000a0     rts6740_elf.lib : write.obj (.fardata:_stream)
                  1182d930    00000080     productive_walruses_pe674.oe674 (.fardata:ti_sysbios_knl_Swi_Module_State_0_readyQ__A)
                  1182d9b0    00000080     productive_walruses_pe674.oe674 (.fardata:ti_sysbios_knl_Task_Module_State_0_readyQ__A)
                  1182da30    00000078     rts6740_elf.lib : write.obj (.fardata:_device)
                  1182daa8    00000078     productive_walruses_pe674.oe674 (.fardata:ti_sysbios_family_c64p_Hwi_Object__table__V)
                  1182db20    0000006c     productive_walruses_pe674.oe674 (.fardata:ti_sysbios_family_c64p_Hwi_Module__state__V)
                  1182db8c    00000004     rts6740_elf.lib : defs.obj (.fardata)
                  1182db90    00000060     productive_walruses_pe674.oe674 (.fardata:ti_sysbios_timers_timer64_Timer_Module_State_0_device__A)
                  1182dbf0    00000050     Ladar.obj (.fardata:cornersX)
                  1182dc40    00000050     Ladar.obj (.fardata:cornersY)
                  1182dc90    00000050     productive_walruses_pe674.oe674 (.fardata:ti_sysbios_timers_timer64_Timer_Object__table__V)
                  1182dce0    00000048     productive_walruses_pe674.oe674 (.fardata:ti_sysbios_knl_Task_Module__state__V)
                  1182dd28    00000040     rts6740_elf.lib : cos.obj (.fardata:R$1)
                  1182dd68    00000040                     : sin.obj (.fardata:R$1)
                  1182dda8    00000040     productive_walruses_pe674.oe674 (.fardata:ti_sysbios_gates_GateMutex_Object__table__V)
                  1182dde8    00000040     productive_walruses_pe674.oe674 (.fardata:ti_sysbios_knl_Clock_Object__table__V)
                  1182de28    00000030     productive_walruses_pe674.oe674 (.fardata:ti_sysbios_family_c64p_Exception_Module__state__V)
                  1182de58    0000002c     productive_walruses_pe674.oe674 (.fardata:ti_sysbios_knl_Clock_Module__state__V)
                  1182de84    00000004     rts6740_elf.lib : errno.obj (.fardata)
                  1182de88    00000028     productive_walruses_pe674.oe674 (.fardata:ti_sysbios_hal_Hwi_Object__table__V)
                  1182deb0    00000024     user_productive_walruses.obj (.fardata:K)
                  1182ded4    00000004     productive_walruses_pe674.oe674 (.fardata:ti_sysbios_family_c64p_Cache_Module__state__V)
                  1182ded8    00000024     user_productive_walruses.obj (.fardata:P_pred)
                  1182defc    00000004     productive_walruses_pe674.oe674 (.fardata:ti_sysbios_family_c64p_primus_TimerSupport_Module__state__V)
                  1182df00    00000024     user_productive_walruses.obj (.fardata:Q)
                  1182df24    00000004     productive_walruses_pe674.oe674 (.fardata:xdc_runtime_Memory_Module__state__V)
                  1182df28    00000024     user_productive_walruses.obj (.fardata:R)
                  1182df4c    00000002     productive_walruses_pe674.oe674 (.fardata:xdc_runtime_Error_Module__state__V)
                  1182df4e    00000002     --HOLE--
                  1182df50    00000024     user_productive_walruses.obj (.fardata:S)
                  1182df74    00000004     --HOLE--
                  1182df78    00000024     user_productive_walruses.obj (.fardata:S_inv)
                  1182df9c    00000004     --HOLE--
                  1182dfa0    00000024     user_productive_walruses.obj (.fardata:eye3)
                  1182dfc4    00000024     productive_walruses_pe674.oe674 (.fardata:ti_sysbios_BIOS_Module__state__V)
                  1182dfe8    00000024     productive_walruses_pe674.oe674 (.fardata:xdc_runtime_LoggerBuf_Object__table__V)
                  1182e00c    00000004     --HOLE--
                  1182e010    00000020     rts6740_elf.lib : atanf.obj (.fardata:arctan_consts$1)
                  1182e030    00000020     productive_walruses_pe674.oe674 (.fardata:ti_sysbios_timers_timer64_Timer_Module_State_0_gctrl__A)
                  1182e050    00000020     productive_walruses_pe674.oe674 (.fardata:ti_sysbios_timers_timer64_Timer_Module_State_0_handles__A)
                  1182e070    00000020     productive_walruses_pe674.oe674 (.fardata:ti_sysbios_timers_timer64_Timer_Module_State_0_intFreqs__A)
                  1182e090    00000020     productive_walruses_pe674.oe674 (.fardata:xdc_runtime_Error_IgnoreBlock)
                  1182e0b0    0000001c     productive_walruses_pe674.oe674 (.fardata:ti_sysbios_knl_Swi_Module__state__V)
                  1182e0cc    00000004     --HOLE--
                  1182e0d0    00000018     user_productive_walruses.obj (.fardata:B)
                  1182e0e8    00000018     productive_walruses_pe674.oe674 (.fardata:ti_sysbios_heaps_HeapMem_Object__table__V)
                  1182e100    00000018     productive_walruses_pe674.oe674 (.fardata:ti_sysbios_timers_timer64_Timer_Module__state__V)
                  1182e118    00000010     rts6740_elf.lib : cosf.obj (.fardata:R$1)
                  1182e128    00000010                     : sinf.obj (.fardata:R$1)
                  1182e138    00000010     productive_walruses_pe674.oe674 (.fardata:xdc_runtime_System_Module_State_0_atexitHandlers__A)
                  1182e148    0000000c     user_productive_walruses.obj (.fardata:Bu)
                  1182e154    0000000c     rts6740_elf.lib : exit.obj (.fardata)
                  1182e160    0000000c     user_productive_walruses.obj (.fardata:weed_blueX)
                  1182e16c    00000004     --HOLE--
                  1182e170    0000000c     user_productive_walruses.obj (.fardata:weed_blueY)
                  1182e17c    00000004     --HOLE--
                  1182e180    0000000c     user_productive_walruses.obj (.fardata:weed_pinkX)
                  1182e18c    00000004     --HOLE--
                  1182e190    0000000c     user_productive_walruses.obj (.fardata:weed_pinkY)
                  1182e19c    00000004     --HOLE--
                  1182e1a0    0000000c     user_productive_walruses.obj (.fardata:x_pred)
                  1182e1ac    0000000c     productive_walruses_pe674.oe674 (.fardata:xdc_runtime_SysMin_Module__state__V)
                  1182e1b8    00000008     productive_walruses_pe674.oe674 (.fardata:ti_sysbios_family_c64p_primus_TimerSupport_Module_State_0_suspSrc__A)
                  1182e1c0    00000008     user_productive_walruses.obj (.fardata:u)
                  1182e1c8    00000008     productive_walruses_pe674.oe674 (.fardata:xdc_runtime_Registry_Module__state__V)
                  1182e1d0    00000008     productive_walruses_pe674.oe674 (.fardata:xdc_runtime_Startup_Module__state__V)
                  1182e1d8    00000008     productive_walruses_pe674.oe674 (.fardata:xdc_runtime_System_Module__state__V)
                  1182e1e0    00000006     productive_walruses_pe674.oe674 (.fardata:xdc_runtime_LoggerBuf_Module__state__V)
                  1182e1e6    00000002     --HOLE--
                  1182e1e8    00000004     productive_walruses_pe674.oe674 (.fardata:ti_sysbios_gates_GateHwi_Object__table__V)
                  1182e1ec    00000004     --HOLE--
                  1182e1f0    00000004     productive_walruses_pe674.oe674 (.fardata:ti_sysbios_knl_Task_Module_State_0_idleTask__A)

.cio       0    1182e618    00000120     UNINITIALIZED
                  1182e618    00000120     rts6740_elf.lib : trgmsg.obj (.cio)

.switch    0    1182e738    000000b8     
                  1182e738    00000038     rts6740_elf.lib : _printfi.obj (.switch:__TI_printfi)
                  1182e770    00000028                     : _scanfi.obj (.switch:__TI_scanfi)
                  1182e798    00000024     evmomapl138_bsl.lib : evmomapl138_gpio.obj (.switch:getRegisterBankAndBit)
                  1182e7bc    00000014     user_productive_walruses.obj (.switch:RobotControl)
                  1182e7d0    00000010     evmomapl138_bsl.lib : evmomapl138_spi.obj (.switch:SPI_init)
                  1182e7e0    00000010     ColorVision.obj (.switch:userProcessColorImageFunc_laser)

MODULE SUMMARY

       Module                            code     ro data   rw data
       ------                            ----     -------   -------
    .\
       user_productive_walruses.obj      14400    100       5676   
       Ladar.obj                         7968     72        5718   
       ColorVision.obj                   5120     16        6940   
       COECSL_edma3.obj                  1216     0         4136   
       ColorLCD.obj                      2400     24        11     
       MatrixMath.obj                    2336     0         0      
       COECSL_mcbsp.obj                  1664     0         300    
       user_xy.obj                       960      0         0      
       LCDprintf.obj                     416      0         8      
       pru.obj                           256      0         0      
    +--+---------------------------------+--------+---------+---------+
       Total:                            36736    212       22789  
                                                                   
    C:\kt2_smm2_dg2_ma2\SE423Repo\Labs\productive_walruses\productive_walrusesProject\Debug\configPkg\package\cfg\
       productive_walruses_pe674.oe674   4608     7490      17376  
    +--+---------------------------------+--------+---------+---------+
       Total:                            4608     7490      17376  
                                                                   
    C:/kt2_smm2_dg2_ma2/SE423Repo/LabFiles/bsl_forSYSBIOS/lib/evmomapl138_bsl.lib
       evmomapl138.obj                   4064     192       0      
       evmomapl138_vpif.obj              1920     0         0      
       evmomapl138_i2c.obj               1376     0         4      
       evmomapl138_uart.obj              1344     16        0      
       evmomapl138_i2c_gpio.obj          1344     0         0      
       evmomapl138_spi.obj               1184     16        0      
       evmomapl138_gpio.obj              1152     36        0      
       evmomapl138_timer.obj             384      0         0      
    +--+---------------------------------+--------+---------+---------+
       Total:                            12768    260       4      
                                                                   
    C:\CCStudio_v8\bios_6_70_01_03\packages\ti\targets\rts6000\lib\boot.ae674
       autoinit.oe674                    288      0         0      
       boot.oe674                        160      0         0      
    +--+---------------------------------+--------+---------+---------+
       Total:                            448      0         0      
                                                                   
    C:\CCStudio_v8\bios_6_70_01_03\packages\ti\targets\rts6000\lib\ti.targets.rts6000.ae674
       System.oe674                      3232     24        0      
       LoggerBuf.oe674                   2400     0         0      
       Text.oe674                        1728     64        0      
       Error.oe674                       1152     88        0      
       Startup.oe674                     896      44        0      
       SysMin.oe674                      704      0         0      
       Memory.oe674                      320      0         0      
       Gate.oe674                        64       0         0      
       Registry.oe674                    64       0         0      
    +--+---------------------------------+--------+---------+---------+
       Total:                            10560    220       0      
                                                                   
    C:\CCStudio_v8\ccsv8\tools\compiler\ti-cgt-c6000_8.2.2\lib\rts6740_elf.lib
       _printfi.obj                      13504    92        0      
       _scanfi.obj                       7296     53        0      
       divd.obj                          1472     0         0      
       strtod.obj                        1248     152       0      
       strtoll.obj                       1184     0         0      
       strtoull.obj                      1088     0         0      
       fputs.obj                         992      0         0      
       strtol.obj                        928      0         0      
       cos.obj                           800      0         64     
       fmodf.obj                         864      0         0      
       defs.obj                          0        0         804    
       imath64.obj                       800      0         0      
       sin.obj                           736      0         64     
       strtoul.obj                       768      0         0      
       divf.obj                          672      0         0      
       cosf.obj                          640      0         16     
       sinf.obj                          608      0         16     
       fputc.obj                         544      0         0      
       setvbuf.obj                       544      0         0      
       trgmsg.obj                        224      0         288    
       sscanf.obj                        480      0         0      
       frexp.obj                         448      0         0      
       getdevice.obj                     448      0         0      
       imath40.obj                       448      0         0      
       frexpf.obj                        416      0         0      
       hostrename.obj                    416      0         0      
       ldexp.obj                         384      0         0      
       ldexpf.obj                        384      0         0      
       write.obj                         96       0         280    
       sqrt.obj                          352      0         0      
       atan2f.obj                        320      0         0      
       fclose.obj                        320      0         0      
       atanf.obj                         256      0         32     
       copy_decompress_rle.obj           288      0         0      
       fseek.obj                         288      0         0      
       printf.obj                        288      0         0      
       sqrtf.obj                         288      0         0      
       exit.obj                          256      0         12     
       ctype.obj                         0        257       0      
       _io_perm.obj                      256      0         0      
       atoi.obj                          256      0         0      
       hostopen.obj                      224      0         8      
       close.obj                         224      0         0      
       divi.obj                          224      0         0      
       hostlseek.obj                     224      0         0      
       hostwrite.obj                     224      0         0      
       llshift.obj                       224      0         0      
       ltoa.obj                          224      0         0      
       memset.obj                        224      0         0      
       divu.obj                          192      0         0      
       fflush.obj                        192      0         0      
       hostread.obj                      192      0         0      
       hostunlink.obj                    192      0         0      
       remi.obj                          192      0         0      
       sprintf.obj                       192      0         0      
       tls.obj                           192      0         0      
       fopen.obj                         160      0         0      
       hostclose.obj                     160      0         0      
       memcpy64.obj                      160      0         0      
       modf.obj                          160      0         0      
       remu.obj                          160      0         0      
       round.obj                         160      0         0      
       vsprintf.obj                      160      0         0      
       roundf.obj                        128      0         0      
       unlink.obj                        128      0         0      
       _lock.obj                         96       0         8      
       lseek.obj                         96       0         0      
       memccpy.obj                       96       0         0      
       modff.obj                         96       0         0      
       args_main.obj                     64       0         0      
       frcmpyd_div.obj                   64       0         0      
       isinf.obj                         64       0         0      
       errno.obj                         32       0         4      
       copy_decompress_none.obj          32       0         0      
       trunc.obj                         32       0         0      
       truncf.obj                        32       0         0      
    +--+---------------------------------+--------+---------+---------+
       Total:                            46816    554       1596   
                                                                   
    C:\kt2_smm2_dg2_ma2\SE423Repo\Labs\productive_walruses\SYSBIOS\src\sysbios\sysbios.ae674
       BIOS.obj                          17632    1304      0      
       c64p_Hwi_disp_always.obj          512      0         0      
       c64p_Exception_asm.obj            384      0         0      
       c62_TaskSupport_asm.obj           224      0         0      
       c64p_Hwi_asm_switch.obj           192      0         0      
    +--+---------------------------------+--------+---------+---------+
       Total:                            18944    1304      0      
[...]
1182e2c4  statePos                                                            
1182e2c8  robotdestSize                                                       
1182e2cc  trackableIDerror                                                    
1182e2d0  firstdata                                                           
1182e2d4  new_optitrack                                                       
1182e2d8  previous_frame                                                      
1182e2dc  frame_error                                                         
1182e2e0  temp_theta                                                          
1182e2e4  tempOPTITRACK_theta                                                 
1182e2e8  temp_trackableID                                                    
1182e2ec  trackableID                                                         
1182e2f0  errorcheck                                                          
1182e2f4  blue_x_obj_local                                                    
1182e2f8  blue_y_obj_local                                                    
1182e2fc  Nblue_local                                                         
1182e300  pink_x_obj_local                                                    
1182e304  pink_y_obj_local                                                    
1182e308  Npink_local                                                         
1182e30c  real_dist_blue                                                      
1182e310  real_dist_pink                                                      
1182e314  real_dist_blue_mm                                                   
1182e318  real_dist_pink_mm                                                   
1182e31c  weed_x                                                              
1182e320  weed_y                                                              
1182e324  kp_vision                                                           
1182e328  weed_time                                                           
1182e32c  blue_weed_ind                                                       
1182e330  pink_weed_ind                                                       
1182e334  departed_state                                                      
1182e338  facing_weed                                                         
1182e33c  front_180                                                           
1182e340  front_120                                                           
1182e344  front_90                                                            
1182e348  front_60                                                            
1182e34c  front_30                                                            
1182e350  left_30                                                             
1182e354  left_50                                                             
1182e358  left_side                                                           
1182e35c  left_rear                                                           
1182e360  left_forward                                                        
1182e364  right_30                                                            
1182e368  right_50                                                            
1182e36c  right_side                                                          
1182e370  right_rear                                                          
1182e374  right_forward                                                       
1182e378  ref_right_wall                                                      
1182e37c  left_turn_Start_threshold                                           
1182e380  left_turn_Stop_threshold                                            
1182e384  Kp_right_wall                                                       
1182e388  Kp_front_wall                                                       
1182e38c  turn_command_saturation                                             
1182e390  forward_velocity                                                    
1182e394  pval                                                                
1182e398  ppval                                                               
1182e39c  tc                                                                  
1182e3a0  v1_x                                                                
1182e3a4  v1_y                                                                
1182e3a8  v1_theta                                                            
1182e3ac  v1_theta360                                                         
1182e3b0  v1_mag                                                              
1182e3b4  Ro_theta                                                            
1182e3b8  Ro_theta2                                                           
1182e3bc  mytheta                                                             
1182e3c0  Lx                                                                  
1182e3c4  Ly                                                                  
1182e3c8  hit_x                                                               
1182e3cc  hit_y                                                               
1182e3d0  hit_theta                                                           
1182e3d4  hit_Ro_theta                                                        
1182e3d8  hit_mag                                                             
1182e3dc  min_LD_index                                                        
1182e3e0  min_LD_val                                                          
1182e3e4  min_LD_obj60                                                        
1182e3e8  min_side_ind                                                        
1182e3ec  min_side_val                                                        
1182e3f0  LeftRight                                                           
1182e3f4  _att                                                                
1182e3f8  _swap_val                                                           
1182e3fc  _ii                                                                 
1182e400  _index                                                              
1182e404  _mdpt                                                               
1182e408  _offset                                                             
1182e40c  _rval                                                               
1182e410  _temp_theta                                                         
1182e414  _size                                                               
1182e418  _j                                                                  
1182e41c  timecount                                                           
1182e420  whichled                                                            
1182e424  updateLCD                                                           
1182e428  testvar                                                             
1182e42c  noimagefound                                                        
1182e430  object_x                                                            
1182e434  object_y                                                            
1182e438  new_coordata                                                        
1182e43c  numpels                                                             
1182e440  new_num_found_objects                                               
1182e444  new_object_theta                                                    
1182e448  new_C20                                                             
1182e44c  new_C02                                                             
1182e450  k                                                                   
1182e454  top                                                                 
1182e458  left                                                                
1182e45c  num_unique_objects                                                  
1182e460  current_object                                                      
1182e464  color                                                               
1182e468  color2                                                              
1182e46c  Cdifference                                                         
1182e470  neighbor_type                                                       
1182e474  too_many_objects                                                    
1182e478  object_detected                                                     
1182e47c  print_hue                                                           
1182e47d  print_sat                                                           
1182e47e  print_val                                                           
1182e47f  print_r                                                             
1182e480  print_b                                                             
1182e481  print_g                                                             
1182e484  specs_s                                                             
1182e488  specs_srad                                                          
1182e48c  specs_v                                                             
1182e490  specs_vrad                                                          
1182e494  specs_h                                                             
1182e498  specs_h2                                                            
1182e49c  specs_hrad                                                          
1182e4a0  blue_x_obj                                                          
1182e4a4  blue_y_obj                                                          
1182e4a8  Nblue                                                               
1182e4ac  pink_x_obj                                                          
1182e4b0  pink_y_obj                                                          
1182e4b4  Npink                                                               
1182e4b8  prnt_flag                                                           
1182e4bc  color_togg                                                          
1182e4c0  VPIF_beginning_line                                                 
1182e4c4  equivalency                                                         
1182e4c8  done                                                                
1182e4cc  f28335RecFirsttime                                                  
1182e4d0  enc1                                                                
1182e4d4  enc2                                                                
1182e4d8  enc3                                                                
1182e4dc  enc4                                                                
1182e4e0  compass                                                             
1182e4e4  switchstate                                                         
1182e4e8  adcA0                                                               
1182e4ec  adcB0                                                               
1182e4f0  adcA1                                                               
1182e4f4  adcB1                                                               
1182e4f8  adcA2                                                               
1182e4fc  adcB2                                                               
1182e500  adcA3                                                               
1182e504  adcB3                                                               
1182e508  adcA4                                                               
1182e50c  adcB4                                                               
1182e510  adcA5                                                               
1182e514  adcB5                                                               
1182e518  adcA6                                                               
1182e51c  adcA7                                                               
1182e520  F28335_Extra1                                                       
1182e524  F28335_Extra2                                                       
1182e528  F28335_Extra3                                                       
1182e52c  F28335_Extra4                                                       
1182e530  new_sendtolinux_F28335_Extra                                        
1182e534  send_F28335_Extra1                                                  
1182e538  send_F28335_Extra2                                                  
1182e53c  send_F28335_Extra3                                                  
1182e540  send_F28335_Extra4                                                  
1182e544  num_EDMA3_0                                                         
1182e548  numofints                                                           
1182e54c  scalingLadar                                                        
1182e550  LADARready                                                          
1182e554  LADARprocess                                                        
1182e558  uart1count                                                          
1182e55c  numReadings                                                         
1182e560  errL                                                                
1182e564  errC                                                                
1182e568  errR                                                                
1182e56c  tLADARleftFt                                                        
1182e570  tLADARcenterFt                                                      
1182e574  tLADARrightFt                                                       
1182e578  cPrevLADARdata                                                      
1182e579  cLADARdata                                                          
1182e57c  iLADARrcv                                                           
1182e580  cCommandName                                                        
1182e584  LADARleftFt                                                         
1182e588  LADARcenterFt                                                       
1182e58c  LADARrightFt                                                        
1182e590  numreadings_lastscan                                                
1182e594  startAngle                                                          
1182e598  stepSize                                                            
1182e59c  newLADARdata                                                        
1182e5a0  robotX                                                              
1182e5a4  robotY                                                              
1182e5a8  robotT                                                              
1182e5ac  tempSign                                                            
1182e5b0  tempOff                                                             
1182e5b4  servosPosted                                                        
1182e5b8  newServos                                                           
1182e5bc  McBSPrecerror                                                       
1182e5c0  firsttimeintMCBSPrec                                                
1182e5c4  timeint                                                             
1182e5c8  mcbspReset                                                          
1182e5cc  testcount                                                           
1182e5d0  danindex                                                            
1182e5d4  firsttimeLine1                                                      
1182e5d8  firsttimeLine2                                                      
1182e5dc  LCDnewMsgLine1                                                      
1182e5e0  LCDnewMsgLine2                                                      
1182e5e4  bluegain                                                            
1182e5e8  bkgrnd_red                                                          
1182e5e9  bkgrnd_green                                                        
1182e5ea  bkgrnd_blue                                                         
1182e5ec  SWI_RobotControl                                                    
1182e5f0  CLK_addtime                                                         
1182e5f4  CLK_startMcBSP                                                      
1182e5f8  HWI8_EDMA3_0                                                        
1182e5fc  SWI_LCD                                                             
1182e600  SWI_vision                                                          
1182e604  HWI4_VPIF95                                                         
1182e608  HWI7_PRU6                                                           
1182e60c  HWI5_EDMA3_1                                                        
1182e610  TASK_ComWithLinux                                                   
1182e614  TASK_LADAR                                                          
1182e618  __CIOBUF_                                                           
1182e800  ti_sysbios_family_c64p_Hwi0                                         
1182e800  ti_sysbios_family_c64p_Hwi_int0                                     
1182e820  ti_sysbios_family_c64p_Hwi_int1                                     
1182e840  ti_sysbios_family_c64p_Hwi_int2                                     
1182e860  ti_sysbios_family_c64p_Hwi_int3                                     
1182e880  ti_sysbios_family_c64p_Hwi_int4                                     
1182e8a0  ti_sysbios_family_c64p_Hwi_int5                                     
1182e8c0  ti_sysbios_family_c64p_Hwi_int6                                     
1182e8e0  ti_sysbios_family_c64p_Hwi_int7                                     
1182e900  ti_sysbios_family_c64p_Hwi_int8                                     
1182e920  ti_sysbios_family_c64p_Hwi_int9                                     
1182e940  ti_sysbios_family_c64p_Hwi_int10                                    
1182e960  ti_sysbios_family_c64p_Hwi_int11                                    
1182e980  ti_sysbios_family_c64p_Hwi_int12                                    
1182e9a0  ti_sysbios_family_c64p_Hwi_int13                                    
1182e9c0  ti_sysbios_family_c64p_Hwi_int14                                    
1182e9e0  ti_sysbios_family_c64p_Hwi_int15                                    
1182f46c  __TI_Handler_Table_Base                                             
1182f474  __TI_Handler_Table_Limit                                            
1182f478  __TI_CINIT_Base                                                     
1182f4a8  __TI_CINIT_Limit                                                    
ffffffff  __TI_pprof_out_hndl                                                 
ffffffff  __TI_prof_data_size                                                 
ffffffff  __TI_prof_data_start                                                
ffffffff  __binit__                                                           
ffffffff  __c_args__                                                          
ffffffff  binit                                                               
UNDEFED   __TI_INITARRAY_Base                                                 
UNDEFED   __TI_INITARRAY_Limit                                                
UNDEFED   __TI_TLS_INIT_Base                                                  
UNDEFED   __TI_TLS_INIT_Limit                                                 

[968 symbols]
