******************************************************************************
               TMS320C6x Linker PC v8.2.2                      
******************************************************************************
>> Linked Sun May  5 14:27:08 2019

OUTPUT FILE NAME:   <productive_walruses.out>
ENTRY POINT SYMBOL: "_c_int00"  address: 1181ca80


MEMORY CONFIGURATION

         name            origin    length      used     unused   attr    fill
----------------------  --------  ---------  --------  --------  ----  --------
  IROM                  11700000   00100000  00000000  00100000  R  X
  IRAM                  11800000   00038000  0002f792  0000886e  RW X
  L3_CBA_RAM            80000000   00020000  00000000  00020000  RW X
  DDR                   c3000000   01000000  00000000  01000000  RW X


SEGMENT ALLOCATION MAP

run origin  load origin   length   init length attrs members
----------  ----------- ---------- ----------- ----- -------
11800000    11800000    00020000   00020000    r-x
  11800000    11800000    00020000   00020000    r-x .text
11820000    11820000    00008e78   00000000    rw-
  11820000    11820000    00008e78   00000000    rw- .far.1
11828e78    11828e78    00000008   00000008    r--
  11828e78    11828e78    00000008   00000008    r-- .const.1
11828e80    11828e80    00000068   00000000    rw-
  11828e80    11828e80    00000068   00000000    rw- .far.2
11828ee8    11828ee8    00002696   00002696    r--
  11828ee8    11828ee8    00002696   00002696    r-- .const.2
1182b580    1182b580    0000337b   00000000    rw-
  1182b580    1182b580    00002000   00000000    rw- .stack
  1182d580    1182d580    00000f7c   00000000    rw- .fardata
  1182e4fc    1182e4fc    00000068   00000000    rw- .bss
  1182e564    1182e564    00000397   00000000    rw- .neardata
1182e8fc    1182e8fc    0000002c   00000000    r--
  1182e8fc    1182e8fc    0000002c   00000000    r-- .rodata
1182e928    1182e928    00000120   00000000    rw-
  1182e928    1182e928    00000120   00000000    rw- .cio
1182ea48    1182ea48    000000a4   000000a4    r--
  1182ea48    1182ea48    000000a4   000000a4    r-- .switch
1182ec00    1182ec00    00000ca8   00000ca8    r-x
  1182ec00    1182ec00    00000200   00000200    r-x .vecs
  1182ee00    1182ee00    00000aa8   00000aa8    r-- .cinit


SECTION ALLOCATION MAP

 output                                  attributes/
section   page    origin      length       input sections
--------  ----  ----------  ----------   ----------------
.stack     0    1182b580    00002000     UNINITIALIZED
                  1182b580    00000008     boot.ae674 : boot.oe674 (.stack)
                  1182b588    00001ff8     --HOLE--

.bss       0    1182e4fc    00000068     UNINITIALIZED
                  1182e4fc    00000004     evmomapl138_bsl.lib : evmomapl138_i2c.obj (.bss)
                  1182e500    00000004     (.common:EDMA3_0_Regs)
                  1182e504    00000004     (.common:EDMA3_1_Regs)
                  1182e508    00000004     (.common:Image_data)
                  1182e50c    00000004     (.common:LCD_Image)
                  1182e510    00000004     (.common:LCD_mem)
                  1182e514    00000004     (.common:Linux_Image)
                  1182e518    00000004     (.common:Thres_Image)
                  1182e51c    00000004     (.common:blue)
                  1182e520    00000004     (.common:c)
                  1182e524    00000004     (.common:cbar)
                  1182e528    00000004     (.common:current)
                  1182e52c    00000004     (.common:delta)
                  1182e530    00000004     (.common:green)
                  1182e534    00000004     (.common:hue)
                  1182e538    00000004     (.common:index)
                  1182e53c    00000004     (.common:largest_num_pixels)
                  1182e540    00000004     (.common:largest_object)
                  1182e544    00000004     (.common:min)
                  1182e548    00000004     (.common:pic_data)
                  1182e54c    00000004     (.common:ptrshrdmem)
                  1182e550    00000004     (.common:r)
                  1182e554    00000004     (.common:rbar)
                  1182e558    00000004     (.common:red)
                  1182e55c    00000004     (.common:sat)
                  1182e560    00000004     (.common:value)

.neardata 
*          0    1182e564    00000397     UNINITIALIZED
                  1182e564    000001d0     user_productive_walruses.obj (.neardata)
                  1182e734    000000a8     ColorVision.obj (.neardata)
                  1182e7dc    00000080     COECSL_edma3.obj (.neardata)
                  1182e85c    00000068     Ladar.obj (.neardata)
                  1182e8c4    00000028     COECSL_mcbsp.obj (.neardata)
                  1182e8ec    00000008     LCDprintf.obj (.neardata)
                  1182e8f4    00000007     ColorLCD.obj (.neardata)

.rodata    0    1182e8fc    0000002c     UNINITIALIZED
                  1182e8fc    0000002c     productive_walruses_pe674.oe674 (.rodata)

.cinit     0    1182ee00    00000aa8     
                  1182ee00    00000951     (.cinit..fardata.load) [load image, compression = rle]
                  1182f751    000000cb     (.cinit..neardata.load) [load image, compression = rle]
                  1182f81c    00000032     (.cinit..rodata.load) [load image, compression = rle]
                  1182f84e    0000000b     (.cinit..far.1.load) [load image, compression = rle]
                  1182f859    00000009     (.cinit..bss.load) [load image, compression = rle]
                  1182f862    00000009     (.cinit..far.2.load) [load image, compression = rle]
                  1182f86b    00000001     --HOLE-- [fill = 0]
                  1182f86c    00000008     (__TI_handler_table)
                  1182f874    00000004     --HOLE-- [fill = 0]
                  1182f878    00000030     (__TI_cinit_table)

.init_array 
*          0    11800000    00000000     UNINITIALIZED

.vecs      0    1182ec00    00000200     
                  1182ec00    00000200     productive_walruses_pe674.oe674 (.vecs)

xdc.meta   0    11800000    00000128     COPY SECTION
                  11800000    00000128     productive_walruses_pe674.oe674 (xdc.meta)

.text      0    11800000    00020000     
                  11800000    00003b00     user_productive_walruses.obj (.text)
                  11803b00    00001f20     Ladar.obj (.text)
                  11805a20    00001ce0     rts6740_elf.lib : _printfi.obj (.text:__TI_printfi)
                  11807700    00001a80                     : _scanfi.obj (.text:__TI_scanfi)
                  11809180    00001400     ColorVision.obj (.text)
                  1180a580    00000fe0     evmomapl138_bsl.lib : evmomapl138.obj (.text)
                  1180b560    00000960     ColorLCD.obj (.text)
                  1180bec0    00000920     MatrixMath.obj (.text)
                  1180c7e0    000008a0     ti.targets.rts6000.ae674 : System.oe674 (.text:xdc_runtime_System_doPrint__I)
                  1180d080    00000780     evmomapl138_bsl.lib : evmomapl138_vpif.obj (.text)
                  1180d800    00000780     sysbios.ae674 : BIOS.obj (.text:ti_sysbios_family_c64p_Exception_handler__I)
                  1180df80    00000680     COECSL_mcbsp.obj (.text)
                  1180e600    00000680     rts6740_elf.lib : _printfi.obj (.text:_pconv_a)
                  1180ec80    000005c0                     : divd.obj (.text:__c6xabi_divd)
                  1180f240    00000560     evmomapl138_bsl.lib : evmomapl138_i2c.obj (.text)
                  1180f7a0    00000540                         : evmomapl138_i2c_gpio.obj (.text)
                  1180fce0    00000540                         : evmomapl138_uart.obj (.text)
                  11810220    00000500     rts6740_elf.lib : _printfi.obj (.text:_pconv_g)
                  11810720    000004e0                     : strtod.obj (.text:strtod)
                  11810c00    000004c0     COECSL_edma3.obj (.text)
                  118110c0    000004a0     evmomapl138_bsl.lib : evmomapl138_spi.obj (.text)
                  11811560    000004a0     rts6740_elf.lib : strtoll.obj (.text:strtoll)
                  11811a00    00000480     evmomapl138_bsl.lib : evmomapl138_gpio.obj (.text)
                  11811e80    00000440     rts6740_elf.lib : strtoull.obj (.text:strtoull)
                  118122c0    00000420                     : _printfi.obj (.text:_pconv_e)
                  118126e0    000003e0                     : fputs.obj (.text:fputs)
                  11812ac0    000003c0     sysbios.ae674 : BIOS.obj (.text:ti_sysbios_timers_timer64_Timer_Module_startup__E)
                  11812e80    000003c0     user_xy.obj (.text)
                  11813240    000003a0     rts6740_elf.lib : strtol.obj (.text:strtol)
                  118135e0    00000360                     : fmodf.obj (.text:fmodf)
                  11813940    00000340     sysbios.ae674 : BIOS.obj (.text:ti_sysbios_knl_Semaphore_pend__E)
                  11813c80    00000340                   : BIOS.obj (.text:ti_sysbios_timers_timer64_Timer_deviceConfig__I)
                  11813fc0    00000340     productive_walruses_pe674.oe674 (.text:xdc_runtime_System_printfExtend__I)
                  11814300    00000320     rts6740_elf.lib : cos.obj (.text:cos)
                  11814620    00000300                     : strtoul.obj (.text:strtoul)
                  11814920    000002e0                     : sin.obj (.text:sin)
                  11814c00    000002e0     sysbios.ae674 : BIOS.obj (.text:ti_sysbios_timers_timer64_Timer_setPeriodMicroSecs__E)
                  11814ee0    000002c0     ti.targets.rts6000.ae674 : LoggerBuf.oe674 (.text:xdc_runtime_LoggerBuf_write8__E)
                  118151a0    000002a0     rts6740_elf.lib : divf.obj (.text:__c6xabi_divf)
                  11815440    000002a0                     : _printfi.obj (.text:_pconv_f)
                  118156e0    000002a0                     : _printfi.obj (.text:fcvt)
                  11815980    00000280                     : cosf.obj (.text:cosf)
                  11815c00    00000260                     : imath64.obj (.text:__c6xabi_divull)
                  11815e60    00000260                     : sinf.obj (.text:sinf)
                  118160c0    00000260     ti.targets.rts6000.ae674 : Startup.oe674 (.text:xdc_runtime_Startup_startMods__I)
                  11816320    00000240     sysbios.ae674 : BIOS.obj (.text:ti_sysbios_family_c64p_Exception_internalHandler__I)
                  11816560    00000220     rts6740_elf.lib : fputc.obj (.text:fputc)
                  11816780    00000220                     : setvbuf.obj (.text:setvbuf)
                  118169a0    00000200                     : _printfi.obj (.text:_ltostr)
                  11816ba0    00000200     sysbios.ae674 : c64p_Hwi_disp_always.obj (.text:_ti_sysbios_family_c64p_Hwi_dispatchAlways)
                  11816da0    00000200     ti.targets.rts6000.ae674 : Error.oe674 (.text:xdc_runtime_Error_policyDefault__E)
                  11816fa0    000001e0     sysbios.ae674 : BIOS.obj (.text:ti_sysbios_family_c64p_Cache_block__I)
                  11817180    000001e0     ti.targets.rts6000.ae674 : LoggerBuf.oe674 (.text:xdc_runtime_LoggerBuf_write4__E)
                  11817360    000001e0                              : Text.oe674 (.text:xdc_runtime_Text_putSite__E)
                  11817540    000001c0     rts6740_elf.lib : imath40.obj (.text:__c6xabi_divul)
                  11817700    000001c0                     : frexp.obj (.text:frexp)
                  118178c0    000001c0     sysbios.ae674 : BIOS.obj (.text:ti_sysbios_heaps_HeapMem_alloc__E)
                  11817a80    000001c0                   : BIOS.obj (.text:ti_sysbios_knl_Task_checkStacks__E)
                  11817c40    000001a0     rts6740_elf.lib : hostrename.obj (.text:HOSTrename)
                  11817de0    000001a0     LCDprintf.obj (.text)
                  11817f80    000001a0     rts6740_elf.lib : _scanfi.obj (.text:_sproc_str)
                  11818120    000001a0                     : frexpf.obj (.text:frexpf)
                  118182c0    000001a0     sysbios.ae674 : BIOS.obj (.text:ti_sysbios_family_c64p_Cache_getL2InitSize__I)
                  11818460    000001a0                   : BIOS.obj (.text:ti_sysbios_timers_timer64_Timer_start__E)
                  11818600    00000180     evmomapl138_bsl.lib : evmomapl138_timer.obj (.text)
                  11818780    00000180     rts6740_elf.lib : ldexp.obj (.text:ldexp)
                  11818900    00000180                     : ldexpf.obj (.text:ldexpf)
                  11818a80    00000180     sysbios.ae674 : c64p_Exception_asm.obj (.text)
                  11818c00    00000180                   : BIOS.obj (.text:ti_sysbios_knl_Task_sleep__E)
                  11818d80    00000160     rts6740_elf.lib : sqrt.obj (.text:sqrt)
                  11818ee0    00000160     sysbios.ae674 : BIOS.obj (.text:ti_sysbios_heaps_HeapMem_free__E)
                  11819040    00000160     ti.targets.rts6000.ae674 : Text.oe674 (.text:xdc_runtime_Text_putMod__E)
                  118191a0    00000140     rts6740_elf.lib : fclose.obj (.text:__TI_closefile)
                  118192e0    00000140                     : sscanf.obj (.text:_chkmbc)
                  11819420    00000140                     : atan2f.obj (.text:atan2f)
                  11819560    00000140                     : getdevice.obj (.text:getdevice)
                  118196a0    00000140     sysbios.ae674 : BIOS.obj (.text:ti_sysbios_family_c64p_Cache_Module_startup__E)
                  118197e0    00000140                   : BIOS.obj (.text:ti_sysbios_family_c64p_Cache_getL1DInitSize__I)
                  11819920    00000140                   : BIOS.obj (.text:ti_sysbios_family_c64p_Cache_getL1PInitSize__I)
                  11819a60    00000140                   : BIOS.obj (.text:ti_sysbios_knl_Task_postInit__I)
                  11819ba0    00000140     ti.targets.rts6000.ae674 : LoggerBuf.oe674 (.text:xdc_runtime_LoggerBuf_setFilterLevel__E)
                  11819ce0    00000140                              : Text.oe674 (.text:xdc_runtime_Text_putLab__E)
                  11819e20    00000120     boot.ae674 : autoinit.oe674 (.text:_auto_init_elf)
                  11819f40    00000120     rts6740_elf.lib : fseek.obj (.text:fseek)
                  1181a060    00000120                     : sqrtf.obj (.text:sqrtf)
                  1181a180    00000120     sysbios.ae674 : BIOS.obj (.text:ti_sysbios_family_c64p_Hwi_Module_startup__E)
                  1181a2a0    00000120                   : BIOS.obj (.text:ti_sysbios_knl_Clock_workFunc__E)
                  1181a3c0    00000120     ti.targets.rts6000.ae674 : LoggerBuf.oe674 (.text:xdc_runtime_LoggerBuf_getFilterLevel__E)
                  1181a4e0    00000100     rts6740_elf.lib : copy_decompress_rle.obj (.text:__TI_decompress_rle_core)
                  1181a5e0    00000100                     : _io_perm.obj (.text:__TI_wrt_ok)
                  1181a6e0    00000100                     : atanf.obj (.text:atanf)
                  1181a7e0    00000100                     : atoi.obj (.text:atoi)
                  1181a8e0    00000100     pru.obj (.text)
                  1181a9e0    00000100     sysbios.ae674 : BIOS.obj (.text:ti_sysbios_knl_Swi_restoreHwi__E)
                  1181aae0    00000100                   : BIOS.obj (.text:ti_sysbios_timers_timer64_Timer_initDevice__I)
                  1181abe0    00000100     ti.targets.rts6000.ae674 : Error.oe674 (.text:xdc_runtime_Error_print__E)
                  1181ace0    00000100                              : Memory.oe674 (.text:xdc_runtime_Memory_alloc__E)
                  1181ade0    00000100                              : Startup.oe674 (.text:xdc_runtime_Startup_exec__E)
                  1181aee0    000000e0     rts6740_elf.lib : hostlseek.obj (.text:HOSTlseek)
                  1181afc0    000000e0                     : hostopen.obj (.text:HOSTopen)
                  1181b0a0    000000e0                     : hostwrite.obj (.text:HOSTwrite)
                  1181b180    000000e0                     : divi.obj (.text:__divi)
                  1181b260    000000e0                     : close.obj (.text:close)
                  1181b340    000000e0                     : exit.obj (.text:exit)
                  1181b420    000000e0                     : ltoa.obj (.text:ltoa)
                  1181b500    000000e0                     : memset.obj (.text:memset)
                  1181b5e0    000000e0                     : printf.obj (.text:printf)
                  1181b6c0    000000e0     sysbios.ae674 : BIOS.obj (.text:ti_sysbios_knl_Swi_runLoop__I)
                  1181b7a0    000000e0                   : BIOS.obj (.text:ti_sysbios_knl_Task_Module_startup__E)
                  1181b880    000000e0                   : BIOS.obj (.text:ti_sysbios_knl_Task_exit__E)
                  1181b960    000000e0                   : BIOS.obj (.text:ti_sysbios_knl_Task_schedule__I)
                  1181ba40    000000e0                   : BIOS.obj (.text:ti_sysbios_timers_timer64_Timer_startup__E)
                  1181bb20    000000e0     ti.targets.rts6000.ae674 : Text.oe674 (.text:xdc_runtime_Text_visitRope2__I)
                  1181bc00    000000c0     rts6740_elf.lib : hostread.obj (.text:HOSTread)
                  1181bcc0    000000c0                     : hostunlink.obj (.text:HOSTunlink)
                  1181bd80    000000c0                     : fflush.obj (.text:__TI_doflush)
                  1181be40    000000c0                     : divu.obj (.text:__divu)
                  1181bf00    000000c0                     : remi.obj (.text:__remi)
                  1181bfc0    000000c0                     : _printfi.obj (.text:_ecpy)
                  1181c080    000000c0     sysbios.ae674 : BIOS.obj (.text:ti_sysbios_family_c64p_Hwi_dispatchCore__I)
                  1181c140    000000c0                   : BIOS.obj (.text:ti_sysbios_heaps_HeapMem_getStats__E)
                  1181c200    000000c0                   : BIOS.obj (.text:ti_sysbios_knl_Semaphore_post__E)
                  1181c2c0    000000c0                   : BIOS.obj (.text:ti_sysbios_knl_Swi_run__I)
                  1181c380    000000c0                   : BIOS.obj (.text:ti_sysbios_knl_Swi_schedule__I)
                  1181c440    000000c0                   : BIOS.obj (.text:ti_sysbios_knl_Task_startCore__E)
                  1181c500    000000c0     rts6740_elf.lib : tls.obj (.text:tls:init:__TI_tls_init)
                  1181c5c0    000000c0     ti.targets.rts6000.ae674 : Error.oe674 (.text:xdc_runtime_Error_setX__E)
                  1181c680    000000c0                              : SysMin.oe674 (.text:xdc_runtime_SysMin_abort__E)
                  1181c740    000000c0                              : SysMin.oe674 (.text:xdc_runtime_SysMin_flush__E)
                  1181c800    000000a0     rts6740_elf.lib : hostclose.obj (.text:HOSTclose)
                  1181c8a0    000000a0                     : fopen.obj (.text:__TI_cleanup)
                  1181c940    000000a0                     : round.obj (.text:__c6xabi_nround)
                  1181c9e0    000000a0                     : remu.obj (.text:__remu)
                  1181ca80    000000a0     boot.ae674 : boot.oe674 (.text:_c_int00)
                  1181cb20    000000a0     rts6740_elf.lib : memcpy64.obj (.text:memcpy)
                  1181cbc0    000000a0                     : modf.obj (.text:modf)
                  1181cc60    000000a0     sysbios.ae674 : BIOS.obj (.text:ti_sysbios_family_c64p_Exception_Module_startup__E)
                  1181cd00    000000a0                   : BIOS.obj (.text:ti_sysbios_family_c64p_Hwi_eventMap__E)
                  1181cda0    000000a0                   : BIOS.obj (.text:ti_sysbios_family_c64p_Hwi_getStackInfo__E)
                  1181ce40    000000a0                   : BIOS.obj (.text:ti_sysbios_gates_GateMutex_enter__E)
                  1181cee0    000000a0                   : BIOS.obj (.text:ti_sysbios_heaps_HeapMem_init__I)
                  1181cf80    000000a0                   : BIOS.obj (.text:ti_sysbios_knl_Task_allBlockedFunction__I)
                  1181d020    000000a0                   : BIOS.obj (.text:ti_sysbios_timers_timer64_Timer_stop__E)
                  1181d0c0    000000a0     ti.targets.rts6000.ae674 : SysMin.oe674 (.text:xdc_runtime_SysMin_putch__E)
                  1181d160    000000a0                              : System.oe674 (.text:xdc_runtime_System_formatNum__I)
                  1181d200    000000a0                              : System.oe674 (.text:xdc_runtime_System_putchar__I)
                  1181d2a0    000000a0                              : Text.oe674 (.text:xdc_runtime_Text_printVisFxn__I)
                  1181d340    000000a0                              : Text.oe674 (.text:xdc_runtime_Text_xprintf__I)
                  1181d3e0    00000080     rts6740_elf.lib : trgmsg.obj (.text:__TI_readmsg)
                  1181d460    00000080                     : llshift.obj (.text:__c6xabi_llshl)
                  1181d4e0    00000080                     : roundf.obj (.text:__c6xabi_roundf)
                  1181d560    00000080     sysbios.ae674 : c62_TaskSupport_asm.obj (.text:_ti_sysbios_family_c62_TaskSupport_swap__E)
                  1181d5e0    00000080     rts6740_elf.lib : getdevice.obj (.text:finddevice)
                  1181d660    00000080     sysbios.ae674 : BIOS.obj (.text:ti_sysbios_family_c64p_Cache_wait__E)
                  1181d6e0    00000080                   : BIOS.obj (.text:ti_sysbios_hal_Hwi_checkStack)
                  1181d760    00000080                   : BIOS.obj (.text:ti_sysbios_hal_Hwi_initStack)
                  1181d7e0    00000080                   : BIOS.obj (.text:ti_sysbios_knl_Idle_run__E)
                  1181d860    00000080                   : BIOS.obj (.text:ti_sysbios_knl_Swi_post__E)
                  1181d8e0    00000080                   : BIOS.obj (.text:ti_sysbios_knl_Swi_startup__E)
                  1181d960    00000080                   : BIOS.obj (.text:ti_sysbios_knl_Task_processVitalTaskFlag__I)
                  1181d9e0    00000080                   : BIOS.obj (.text:ti_sysbios_knl_Task_restoreHwi__E)
                  1181da60    00000080                   : BIOS.obj (.text:ti_sysbios_knl_Task_restore__E)
                  1181dae0    00000080     productive_walruses_pe674.oe674 (.text:ti_sysbios_rts_MemAlloc_alloc)
                  1181db60    00000080     rts6740_elf.lib : unlink.obj (.text:unlink)
                  1181dbe0    00000080     ti.targets.rts6000.ae674 : LoggerBuf.oe674 (.text:xdc_runtime_LoggerBuf_Module_startup__E)
                  1181dc60    00000080                              : LoggerBuf.oe674 (.text:xdc_runtime_LoggerBuf_filterOutEvent__I)
                  1181dce0    00000080                              : System.oe674 (.text:xdc_runtime_System_atexit__E)
                  1181dd60    00000080                              : System.oe674 (.text:xdc_runtime_System_avprintf__E)
                  1181dde0    00000080                              : System.oe674 (.text:xdc_runtime_System_processAtExit__E)
                  1181de60    00000080                              : System.oe674 (.text:xdc_runtime_System_vprintf__E)
                  1181dee0    00000060     rts6740_elf.lib : trgmsg.obj (.text:__TI_writemsg)
                  1181df40    00000060                     : llshift.obj (.text:__c6xabi_llshru)
                  1181dfa0    00000060                     : imath64.obj (.text:__c6xabi_remull)
                  1181e000    00000060                     : imath64.obj (.text:_subcull)
                  1181e060    00000060     sysbios.ae674 : c64p_Hwi_asm_switch.obj (.text:_ti_sysbios_family_c64p_Hwi_switchAndDispatch__I)
                  1181e0c0    00000060                   : c64p_Hwi_asm_switch.obj (.text:_ti_sysbios_family_xxx_Hwi_switchAndRunFunc)
                  1181e120    00000060     rts6740_elf.lib : lseek.obj (.text:lseek)
                  1181e180    00000060                     : memccpy.obj (.text:memccpy)
                  1181e1e0    00000060                     : modff.obj (.text:modff)
                  1181e240    00000060                     : sprintf.obj (.text:sprintf)
                  1181e2a0    00000060                     : sscanf.obj (.text:sscanf)
                  1181e300    00000060                     : _scanfi.obj (.text:strrchr)
                  1181e360    00000060     productive_walruses_pe674.oe674 (.text:ti_sysbios_BIOS_atExitFunc__I)
                  1181e3c0    00000060     productive_walruses_pe674.oe674 (.text:ti_sysbios_BIOS_errorRaiseHook__I)
                  1181e420    00000060     productive_walruses_pe674.oe674 (.text:ti_sysbios_BIOS_rtsLock__I)
                  1181e480    00000060     productive_walruses_pe674.oe674 (.text:ti_sysbios_BIOS_rtsUnlock__I)
                  1181e4e0    00000060     sysbios.ae674 : BIOS.obj (.text:ti_sysbios_family_c62_TaskSupport_start__E)
                  1181e540    00000060                   : BIOS.obj (.text:ti_sysbios_family_c64p_Cache_marInit__I)
                  1181e5a0    00000060                   : BIOS.obj (.text:ti_sysbios_family_c64p_Cache_setMar__E)
                  1181e600    00000060     productive_walruses_pe674.oe674 (.text:ti_sysbios_heaps_HeapMem_Object__get__S)
                  1181e660    00000060     sysbios.ae674 : BIOS.obj (.text:ti_sysbios_knl_Clock_Module_startup__E)
                  1181e6c0    00000060     productive_walruses_pe674.oe674 (.text:ti_sysbios_knl_Clock_doTick__I)
                  1181e720    00000060     sysbios.ae674 : BIOS.obj (.text:ti_sysbios_knl_Semaphore_pendTimeout__I)
                  1181e780    00000060                   : BIOS.obj (.text:ti_sysbios_knl_Swi_Module_startup__E)
                  1181e7e0    00000060     productive_walruses_pe674.oe674 (.text:ti_sysbios_knl_Swi_Object__get__S)
                  1181e840    00000060     productive_walruses_pe674.oe674 (.text:ti_sysbios_knl_Task_Object__get__S)
                  1181e8a0    00000060     sysbios.ae674 : BIOS.obj (.text:ti_sysbios_knl_Task_enter__I)
                  1181e900    00000060                   : BIOS.obj (.text:ti_sysbios_knl_Task_unblockI__E)
                  1181e960    00000060     rts6740_elf.lib : write.obj (.text:write)
                  1181e9c0    00000060     productive_walruses_pe674.oe674 (.text:xdc_runtime_LoggerBuf_Object__get__S)
                  1181ea20    00000060     ti.targets.rts6000.ae674 : LoggerBuf.oe674 (.text:xdc_runtime_LoggerBuf_reset__E)
                  1181ea80    00000060     productive_walruses_pe674.oe674 (.text:xdc_runtime_SysMin_output__I)
                  1181eae0    00000040     rts6740_elf.lib : frcmpyd_div.obj (.text:__TI_frcmpyd_div)
                  1181eb20    00000040                     : isinf.obj (.text:__c6xabi_isinf)
                  1181eb60    00000040                     : _printfi.obj (.text:__c6xabi_isnan)
                  1181eba0    00000040                     : args_main.obj (.text:_args_main)
                  1181ebe0    00000040                     : sprintf.obj (.text:_outs)
                  1181ec20    00000040                     : vsprintf.obj (.text:_outs)
                  1181ec60    00000040     sysbios.ae674 : c62_TaskSupport_asm.obj (.text:_ti_sysbios_family_c62_TaskSupport_buildTaskStack)
                  1181eca0    00000040     productive_walruses_pe674.oe674 (.text:free)
                  1181ece0    00000040     productive_walruses_pe674.oe674 (.text:ti_sysbios_BIOS_exitFunc__I)
                  1181ed20    00000040     productive_walruses_pe674.oe674 (.text:ti_sysbios_BIOS_registerRTSLock__I)
                  1181ed60    00000040     productive_walruses_pe674.oe674 (.text:ti_sysbios_BIOS_removeRTSLock__I)
                  1181eda0    00000040     productive_walruses_pe674.oe674 (.text:ti_sysbios_BIOS_startFunc__I)
                  1181ede0    00000040     productive_walruses_pe674.oe674 (.text:ti_sysbios_family_c64p_Hwi_Module__startupDone__F)
                  1181ee20    00000040     sysbios.ae674 : BIOS.obj (.text:ti_sysbios_family_c64p_Hwi_disableInterrupt__E)
                  1181ee60    00000040                   : BIOS.obj (.text:ti_sysbios_family_c64p_Hwi_dispatchC__I)
                  1181eea0    00000040                   : BIOS.obj (.text:ti_sysbios_family_c64p_Hwi_enableInterrupt__E)
                  1181eee0    00000040                   : BIOS.obj (.text:ti_sysbios_family_c64p_primus_TimerSupport_enable__E)
                  1181ef20    00000040                   : BIOS.obj (.text:ti_sysbios_gates_GateMutex_leave__E)
                  1181ef60    00000040     productive_walruses_pe674.oe674 (.text:ti_sysbios_hal_Hwi_HwiProxy_getStackInfo__E)
                  1181efa0    00000040     productive_walruses_pe674.oe674 (.text:ti_sysbios_knl_Clock_Module_State_clockQ)
                  1181efe0    00000040     productive_walruses_pe674.oe674 (.text:ti_sysbios_knl_Queue_Object__get__S)
                  1181f020    00000040     productive_walruses_pe674.oe674 (.text:ti_sysbios_timers_timer64_Timer_Module__startupDone__F)
                  1181f060    00000040     rts6740_elf.lib : vsprintf.obj (.text:vsprintf)
                  1181f0a0    00000040     ti.targets.rts6000.ae674 : Error.oe674 (.text:xdc_runtime_Error_check__E)
                  1181f0e0    00000040                              : Error.oe674 (.text:xdc_runtime_Error_init__E)
                  1181f120    00000040     productive_walruses_pe674.oe674 (.text:xdc_runtime_IHeap_alloc)
                  1181f160    00000040     productive_walruses_pe674.oe674 (.text:xdc_runtime_IHeap_free)
                  1181f1a0    00000040     ti.targets.rts6000.ae674 : LoggerBuf.oe674 (.text:xdc_runtime_LoggerBuf_write0__E)
                  1181f1e0    00000040                              : LoggerBuf.oe674 (.text:xdc_runtime_LoggerBuf_write1__E)
                  1181f220    00000040                              : LoggerBuf.oe674 (.text:xdc_runtime_LoggerBuf_write2__E)
                  1181f260    00000040                              : Registry.oe674 (.text:xdc_runtime_Registry_findById__E)
                  1181f2a0    00000040     productive_walruses_pe674.oe674 (.text:xdc_runtime_Startup_exec__I)
                  1181f2e0    00000040     ti.targets.rts6000.ae674 : SysMin.oe674 (.text:xdc_runtime_SysMin_Module_startup__E)
                  1181f320    00000040                              : SysMin.oe674 (.text:xdc_runtime_SysMin_exit__E)
                  1181f360    00000040                              : System.oe674 (.text:xdc_runtime_System_abort__E)
                  1181f3a0    00000040     productive_walruses_pe674.oe674 (.text:xdc_runtime_System_aprintf__E)
                  1181f3e0    00000040     ti.targets.rts6000.ae674 : System.oe674 (.text:xdc_runtime_System_exit__E)
                  1181f420    00000040     productive_walruses_pe674.oe674 (.text:xdc_runtime_System_printf__E)
                  1181f460    00000040     productive_walruses_pe674.oe674 (.text:xdc_runtime_Text_visitRope__I)
                  1181f4a0    00000020     rts6740_elf.lib : errno.obj (.text:__c6xabi_errno_addr)
                  1181f4c0    00000020                     : trunc.obj (.text:__c6xabi_trunc)
                  1181f4e0    00000020                     : truncf.obj (.text:__c6xabi_truncf)
                  1181f500    00000020                     : sscanf.obj (.text:_inpchar)
                  1181f520    00000020                     : _lock.obj (.text:_nop)
                  1181f540    00000020                     : printf.obj (.text:_outc)
                  1181f560    00000020                     : sprintf.obj (.text:_outc)
                  1181f580    00000020                     : vsprintf.obj (.text:_outc)
                  1181f5a0    00000020                     : printf.obj (.text:_outs)
                  1181f5c0    00000020                     : _lock.obj (.text:_register_lock)
                  1181f5e0    00000020                     : _lock.obj (.text:_register_unlock)
                  1181f600    00000020     sysbios.ae674 : c62_TaskSupport_asm.obj (.text:_ti_sysbios_family_c62_TaskSupport_glue)
                  1181f620    00000020     rts6740_elf.lib : sscanf.obj (.text:_uninpchar)
                  1181f640    00000020                     : exit.obj (.text:abort)
                  1181f660    00000020                     : copy_decompress_none.obj (.text:decompress:none:__TI_decompress_none)
                  1181f680    00000020                     : copy_decompress_rle.obj (.text:decompress:rle24:__TI_decompress_rle24)
                  1181f6a0    00000020     productive_walruses_pe674.oe674 (.text:malloc)
                  1181f6c0    00000020     productive_walruses_pe674.oe674 (.text:ti_sysbios_BIOS_RtsGateProxy_enter__E)
                  1181f6e0    00000020     productive_walruses_pe674.oe674 (.text:ti_sysbios_BIOS_RtsGateProxy_leave__E)
                  1181f700    00000020     sysbios.ae674 : BIOS.obj (.text:ti_sysbios_BIOS_linkedWithIncorrectBootLibrary__E)
                  1181f720    00000020     productive_walruses_pe674.oe674 (.text:ti_sysbios_BIOS_nullFunc__I)
                  1181f740    00000020     sysbios.ae674 : BIOS.obj (.text:ti_sysbios_BIOS_setThreadType__E)
                  1181f760    00000020                   : BIOS.obj (.text:ti_sysbios_BIOS_start__E)
                  1181f780    00000020     productive_walruses_pe674.oe674 (.text:ti_sysbios_family_c62_TaskSupport_Module__startupDone__S)
                  1181f7a0    00000020     sysbios.ae674 : BIOS.obj (.text:ti_sysbios_family_c62_TaskSupport_checkStack__E)
                  1181f7c0    00000020                   : BIOS.obj (.text:ti_sysbios_family_c64p_Cache_inv__E)
                  1181f7e0    00000020                   : BIOS.obj (.text:ti_sysbios_family_c64p_Cache_wb__E)
                  1181f800    00000020     productive_walruses_pe674.oe674 (.text:ti_sysbios_family_c64p_Hwi_Module__startupDone__S)
                  1181f820    00000020     sysbios.ae674 : BIOS.obj (.text:ti_sysbios_family_c64p_Hwi_clearInterrupt__E)
                  1181f840    00000020                   : BIOS.obj (.text:ti_sysbios_family_c64p_Hwi_startup__E)
                  1181f860    00000020                   : BIOS.obj (.text:ti_sysbios_family_c64p_Hwi_switchFromBootStack__E)
                  1181f880    00000020                   : BIOS.obj (.text:ti_sysbios_family_c64p_TimestampProvider_Module_startup__E)
                  1181f8a0    00000020                   : BIOS.obj (.text:ti_sysbios_family_c64p_TimestampProvider_get64__E)
                  1181f8c0    00000020                   : BIOS.obj (.text:ti_sysbios_gates_GateHwi_enter__E)
                  1181f8e0    00000020                   : BIOS.obj (.text:ti_sysbios_gates_GateHwi_leave__E)
                  1181f900    00000020                   : BIOS.obj (.text:ti_sysbios_gates_GateHwi_query__E)
                  1181f920    00000020                   : BIOS.obj (.text:ti_sysbios_gates_GateMutex_query__E)
                  1181f940    00000020     productive_walruses_pe674.oe674 (.text:ti_sysbios_hal_Hwi_HwiProxy_Module__startupDone__S)
                  1181f960    00000020     productive_walruses_pe674.oe674 (.text:ti_sysbios_hal_Hwi_HwiProxy_clearInterrupt__E)
                  1181f980    00000020     productive_walruses_pe674.oe674 (.text:ti_sysbios_hal_Hwi_HwiProxy_disableInterrupt__E)
                  1181f9a0    00000020     productive_walruses_pe674.oe674 (.text:ti_sysbios_hal_Hwi_HwiProxy_enableInterrupt__E)
                  1181f9c0    00000020     productive_walruses_pe674.oe674 (.text:ti_sysbios_hal_Hwi_HwiProxy_startup__E)
                  1181f9e0    00000020     productive_walruses_pe674.oe674 (.text:ti_sysbios_hal_Hwi_HwiProxy_switchFromBootStack__E)
                  1181fa00    00000020     sysbios.ae674 : BIOS.obj (.text:ti_sysbios_hal_Hwi_Module_startup__E)
                  1181fa20    00000020     productive_walruses_pe674.oe674 (.text:ti_sysbios_heaps_HeapMem_Module_GateProxy_enter__E)
                  1181fa40    00000020     productive_walruses_pe674.oe674 (.text:ti_sysbios_heaps_HeapMem_Module_GateProxy_leave__E)
                  1181fa60    00000020     productive_walruses_pe674.oe674 (.text:ti_sysbios_heaps_HeapMem_Module_GateProxy_query__E)
                  1181fa80    00000020     sysbios.ae674 : BIOS.obj (.text:ti_sysbios_heaps_HeapMem_isBlocking__E)
                  1181faa0    00000020     productive_walruses_pe674.oe674 (.text:ti_sysbios_knl_Clock_TimerProxy_Module__startupDone__S)
                  1181fac0    00000020     productive_walruses_pe674.oe674 (.text:ti_sysbios_knl_Clock_TimerProxy_getMaxTicks__E)
                  1181fae0    00000020     sysbios.ae674 : BIOS.obj (.text:ti_sysbios_knl_Clock_getTicks__E)
                  1181fb00    00000020                   : BIOS.obj (.text:ti_sysbios_knl_Clock_logTick__E)
                  1181fb20    00000020                   : BIOS.obj (.text:ti_sysbios_knl_Idle_loop__E)
                  1181fb40    00000020                   : BIOS.obj (.text:ti_sysbios_knl_Queue_empty__E)
                  1181fb60    00000020                   : BIOS.obj (.text:ti_sysbios_knl_Swi_disable__E)
                  1181fb80    00000020     productive_walruses_pe674.oe674 (.text:ti_sysbios_knl_Task_SupportProxy_Module__startupDone__S)
                  1181fba0    00000020     productive_walruses_pe674.oe674 (.text:ti_sysbios_knl_Task_SupportProxy_checkStack__E)
                  1181fbc0    00000020     productive_walruses_pe674.oe674 (.text:ti_sysbios_knl_Task_SupportProxy_start__E)
                  1181fbe0    00000020     productive_walruses_pe674.oe674 (.text:ti_sysbios_knl_Task_SupportProxy_swap__E)
                  1181fc00    00000020     sysbios.ae674 : BIOS.obj (.text:ti_sysbios_knl_Task_disable__E)
                  1181fc20    00000020                   : BIOS.obj (.text:ti_sysbios_knl_Task_sleepTimeout__I)
                  1181fc40    00000020                   : BIOS.obj (.text:ti_sysbios_knl_Task_startup__E)
                  1181fc60    00000020     productive_walruses_pe674.oe674 (.text:ti_sysbios_timers_timer64_Timer_Module__startupDone__S)
                  1181fc80    00000020     productive_walruses_pe674.oe674 (.text:ti_sysbios_timers_timer64_Timer_TimerSupportProxy_enable__E)
                  1181fca0    00000020     sysbios.ae674 : BIOS.obj (.text:ti_sysbios_timers_timer64_Timer_getMaxTicks__E)
                  1181fcc0    00000020     productive_walruses_pe674.oe674 (.text:xdc_iargToPtr)
                  1181fce0    00000020     ti.targets.rts6000.ae674 : Error.oe674 (.text:xdc_runtime_Error_getSite__E)
                  1181fd00    00000020                              : Error.oe674 (.text:xdc_runtime_Error_raiseX__E)
                  1181fd20    00000020                              : Gate.oe674 (.text:xdc_runtime_Gate_enterSystem__E)
                  1181fd40    00000020                              : Gate.oe674 (.text:xdc_runtime_Gate_leaveSystem__E)
                  1181fd60    00000020     productive_walruses_pe674.oe674 (.text:xdc_runtime_LoggerBuf_Module_GateProxy_enter__E)
                  1181fd80    00000020     productive_walruses_pe674.oe674 (.text:xdc_runtime_LoggerBuf_Module_GateProxy_leave__E)
                  1181fda0    00000020     productive_walruses_pe674.oe674 (.text:xdc_runtime_LoggerBuf_TimestampProxy_get64__E)
                  1181fdc0    00000020     ti.targets.rts6000.ae674 : LoggerBuf.oe674 (.text:xdc_runtime_LoggerBuf_disable__E)
                  1181fde0    00000020                              : LoggerBuf.oe674 (.text:xdc_runtime_LoggerBuf_enable__E)
                  1181fe00    00000020     productive_walruses_pe674.oe674 (.text:xdc_runtime_Memory_HeapProxy_alloc__E)
                  1181fe20    00000020     productive_walruses_pe674.oe674 (.text:xdc_runtime_Memory_HeapProxy_free__E)
                  1181fe40    00000020     ti.targets.rts6000.ae674 : Memory.oe674 (.text:xdc_runtime_Memory_free__E)
                  1181fe60    00000020                              : Memory.oe674 (.text:xdc_runtime_Memory_getMaxDefaultTypeAlign__E)
                  1181fe80    00000020     productive_walruses_pe674.oe674 (.text:xdc_runtime_Startup_reset__I)
                  1181fea0    00000020     ti.targets.rts6000.ae674 : Startup.oe674 (.text:xdc_runtime_Startup_rtsDone__E)
                  1181fec0    00000020                              : SysMin.oe674 (.text:xdc_runtime_SysMin_ready__E)
                  1181fee0    00000020     productive_walruses_pe674.oe674 (.text:xdc_runtime_System_Module_GateProxy_enter__E)
                  1181ff00    00000020     productive_walruses_pe674.oe674 (.text:xdc_runtime_System_Module_GateProxy_leave__E)
                  1181ff20    00000020     ti.targets.rts6000.ae674 : System.oe674 (.text:xdc_runtime_System_Module_startup__E)
                  1181ff40    00000020     productive_walruses_pe674.oe674 (.text:xdc_runtime_System_SupportProxy_abort__E)
                  1181ff60    00000020     productive_walruses_pe674.oe674 (.text:xdc_runtime_System_SupportProxy_exit__E)
                  1181ff80    00000020     productive_walruses_pe674.oe674 (.text:xdc_runtime_System_SupportProxy_putch__E)
                  1181ffa0    00000020     productive_walruses_pe674.oe674 (.text:xdc_runtime_System_SupportProxy_ready__E)
                  1181ffc0    00000020     ti.targets.rts6000.ae674 : System.oe674 (.text:xdc_runtime_System_vsnprintf__E)
                  1181ffe0    00000020                              : Text.oe674 (.text:xdc_runtime_Text_ropeText__E)

.far.1     0    11820000    00008e78     UNINITIALIZED
                  11820000    000028c0     productive_walruses_pe674.oe674 (.far:taskStackSection)
                  118228c0    00001000     (.common:ti_sysbios_heaps_HeapMem_Instance_State_0_buf__A)
                  118238c0    00000fa0     (.common:enc0_array)
                  11824860    00000c00     (.common:object_stats)
                  11825460    0000001e     (.common:LADARoutBuffer)
                  1182547e    00000002     --HOLE--
                  11825480    00000578     (.common:LADARinBuffer)
                  118259f8    00000400     (.common:equivalency_objects)
                  11825df8    00000400     (.common:temp_equivalency_objects)
                  118261f8    000003e8     (.common:LADARangle)
                  118265e0    000003e8     (.common:LADARdataX)
                  118269c8    000003e8     (.common:LADARdataY)
                  11826db0    000003e8     (.common:LADARdistance)
                  11827198    000003e8     (.common:newLADARangle)
                  11827580    000003e8     (.common:newLADARdataX)
                  11827968    000003e8     (.common:newLADARdataY)
                  11827d50    000003e8     (.common:newLADARdistance)
                  11828138    0000039c     (.common:final_object_stats)
                  118284d4    00000004     --HOLE--
                  118284d8    00000200     (.common:xdc_runtime_LoggerBuf_Instance_State_0_entryArr__A)
                  118286d8    00000200     (.common:xdc_runtime_SysMin_Module_State_0_outbuf__A)
                  118288d8    00000140     (.common:__TI_tmpnams)
                  11828a18    00000102     (.common:fromLinuxstring)
                  11828b1a    00000006     --HOLE--
                  11828b20    00000102     (.common:toLinuxstring)
                  11828c22    00000006     --HOLE--
                  11828c28    000000f0     (.common:robotdest)
                  11828d18    00000028     (.common:i2cdata)
                  11828d40    00000024     (.common:temp_3x3)
                  11828d64    00000004     --HOLE--
                  11828d68    00000014     (.common:Optitrackdata)
                  11828d7c    00000004     --HOLE--
                  11828d80    0000009c     (.common:f28335recData)
                  11828e1c    0000000c     (.common:LADARps)
                  11828e28    0000000c     (.common:OPTITRACKps)
                  11828e34    0000000c     (.common:ROBOTps)
                  11828e40    0000000c     (.common:temp_3x1)
                  11828e4c    00000004     --HOLE--
                  11828e50    0000000c     (.common:ytilde)
                  11828e5c    00000004     --HOLE--
                  11828e60    0000000c     (.common:z)
                  11828e6c    00000004     --HOLE--
                  11828e70    00000008     (.common:parmbuf)

.const.1   0    11828e78    00000008     
                  11828e78    00000008     productive_walruses_pe674.oe674 (.const:ti_sysbios_knl_Idle_funcList__C)

.far.2     0    11828e80    00000068     UNINITIALIZED
                  11828e80    00000068     (.common:f28335TXData)

.const.2   0    11828ee8    00002696     
                  11828ee8    000019b9     productive_walruses_pe674.oe674 (.const:xdc_runtime_Text_charTab__A)
                  1182a8a1    00000001     productive_walruses_pe674.oe674 (.const:ti_sysbios_timers_timer64_Timer_localTimerBaseId__C)
                  1182a8a2    00000002     productive_walruses_pe674.oe674 (.const:ti_sysbios_family_c64p_Cache_Module__id__C)
                  1182a8a4    00000518     sysbios.ae674 : BIOS.obj (.const:.string)
                  1182adbc    00000004     productive_walruses_pe674.oe674 (.const:ti_sysbios_BIOS_installedErrorHook__C)
                  1182adc0    00000101     rts6740_elf.lib : ctype.obj (.const:.string:_ctypes_)
                  1182aec1    00000001     --HOLE-- [fill = 0]
                  1182aec2    00000002     productive_walruses_pe674.oe674 (.const:ti_sysbios_family_c64p_Exception_Module__id__C)
                  1182aec4    00000004     productive_walruses_pe674.oe674 (.const:ti_sysbios_family_c64p_Cache_EMIFA_BASE__C)
                  1182aec8    000000cc     productive_walruses_pe674.oe674 (.const:xdc_runtime_Text_nodeTab__A)
                  1182af94    00000098     user_productive_walruses.obj (.const:.string)
                  1182b02c    00000004     productive_walruses_pe674.oe674 (.const:ti_sysbios_family_c64p_Cache_EMIFA_CFG__C)
                  1182b030    00000080     evmomapl138_bsl.lib : evmomapl138.obj (.const:bitval_u32)
                  1182b0b0    00000058     ti.targets.rts6000.ae674 : Error.oe674 (.const:.string)
                  1182b108    00000050     rts6740_elf.lib : strtod.obj (.const:digits)
                  1182b158    00000048                     : strtod.obj (.const:powerof10)
                  1182b1a0    00000044     Ladar.obj (.const:.string)
                  1182b1e4    00000040     evmomapl138_bsl.lib : evmomapl138.obj (.const:.string)
                  1182b224    00000040     ti.targets.rts6000.ae674 : Text.oe674 (.const:.string)
                  1182b264    0000003c     productive_walruses_pe674.oe674 (.const:xdc_runtime_LoggerBuf_Module__FXNS__C)
                  1182b2a0    00000030     productive_walruses_pe674.oe674 (.const:xdc_runtime_Startup_sfxnTab__A)
                  1182b2d0    0000002c     ti.targets.rts6000.ae674 : Startup.oe674 (.const:.string)
                  1182b2fc    00000028     productive_walruses_pe674.oe674 (.const:ti_sysbios_heaps_HeapMem_Module__FXNS__C)
                  1182b324    00000024     rts6740_elf.lib : _printfi.obj (.const:.string)
                  1182b348    00000024     productive_walruses_pe674.oe674 (.const:ti_sysbios_gates_GateHwi_Module__FXNS__C)
                  1182b36c    00000024     productive_walruses_pe674.oe674 (.const:ti_sysbios_gates_GateMutex_Module__FXNS__C)
                  1182b390    00000018     ColorLCD.obj (.const:$P$T0$1)
                  1182b3a8    00000018     ti.targets.rts6000.ae674 : System.oe674 (.const:.string)
                  1182b3c0    00000018     productive_walruses_pe674.oe674 (.const:xdc_runtime_Startup_sfxnRts__A)
                  1182b3d8    00000010     evmomapl138_bsl.lib : evmomapl138_uart.obj (.const:.string)
                  1182b3e8    00000008     productive_walruses_pe674.oe674 (.const:xdc_runtime_Startup_firstFxns__A)
                  1182b3f0    00000008     productive_walruses_pe674.oe674 (.const:xdc_runtime_Startup_firstFxns__C)
                  1182b3f8    00000008     productive_walruses_pe674.oe674 (.const:xdc_runtime_Startup_lastFxns__C)
                  1182b400    00000007     rts6740_elf.lib : _scanfi.obj (.const:.string:flit$1)
                  1182b407    00000001     --HOLE-- [fill = 0]
                  1182b408    00000006                     : _scanfi.obj (.const:.string:barr$2)
                  1182b40e    00000002     productive_walruses_pe674.oe674 (.const:ti_sysbios_family_c64p_Exception_useInternalBuffer__C)
                  1182b410    00000004     Ladar.obj (.const:.string:$P$T0$1)
                  1182b414    00000004     productive_walruses_pe674.oe674 (.const:ti_sysbios_family_c64p_Cache_EMIFA_LENGTH__C)
                  1182b418    00000004     productive_walruses_pe674.oe674 (.const:ti_sysbios_family_c64p_Cache_EMIFB_BASE__C)
                  1182b41c    00000004     productive_walruses_pe674.oe674 (.const:ti_sysbios_family_c64p_Cache_EMIFB_CFG__C)
                  1182b420    00000004     productive_walruses_pe674.oe674 (.const:ti_sysbios_family_c64p_Cache_EMIFB_LENGTH__C)
                  1182b424    00000004     productive_walruses_pe674.oe674 (.const:ti_sysbios_family_c64p_Cache_EMIFC_BASE__C)
                  1182b428    00000004     productive_walruses_pe674.oe674 (.const:ti_sysbios_family_c64p_Cache_EMIFC_CFG__C)
                  1182b42c    00000004     productive_walruses_pe674.oe674 (.const:ti_sysbios_family_c64p_Cache_EMIFC_LENGTH__C)
                  1182b430    00000004     productive_walruses_pe674.oe674 (.const:ti_sysbios_family_c64p_Cache_E_invalidL1CacheSize__C)
                  1182b434    00000004     productive_walruses_pe674.oe674 (.const:ti_sysbios_family_c64p_Cache_E_invalidL2CacheSize__C)
                  1182b438    00000004     productive_walruses_pe674.oe674 (.const:ti_sysbios_family_c64p_Cache_MAR0_31__C)
                  1182b43c    00000004     productive_walruses_pe674.oe674 (.const:ti_sysbios_family_c64p_Cache_MAR128_159__C)
                  1182b440    00000004     productive_walruses_pe674.oe674 (.const:ti_sysbios_family_c64p_Cache_MAR160_191__C)
                  1182b444    00000004     productive_walruses_pe674.oe674 (.const:ti_sysbios_family_c64p_Cache_MAR192_223__C)
                  1182b448    00000004     productive_walruses_pe674.oe674 (.const:ti_sysbios_family_c64p_Cache_MAR224_255__C)
                  1182b44c    00000004     productive_walruses_pe674.oe674 (.const:ti_sysbios_family_c64p_Cache_MAR32_63__C)
                  1182b450    00000004     productive_walruses_pe674.oe674 (.const:ti_sysbios_family_c64p_Cache_MAR64_95__C)
                  1182b454    00000004     productive_walruses_pe674.oe674 (.const:ti_sysbios_family_c64p_Cache_MAR96_127__C)
                  1182b458    00000004     productive_walruses_pe674.oe674 (.const:ti_sysbios_family_c64p_Exception_E_exceptionMax__C)
                  1182b45c    00000004     productive_walruses_pe674.oe674 (.const:ti_sysbios_family_c64p_Exception_exceptionHook__C)
                  1182b460    00000004     productive_walruses_pe674.oe674 (.const:ti_sysbios_family_c64p_Exception_externalHook__C)
                  1182b464    00000004     productive_walruses_pe674.oe674 (.const:ti_sysbios_family_c64p_Exception_internalHook__C)
                  1182b468    00000004     productive_walruses_pe674.oe674 (.const:ti_sysbios_family_c64p_Exception_nmiHook__C)
                  1182b46c    00000004     productive_walruses_pe674.oe674 (.const:ti_sysbios_gates_GateMutex_Instance_State_sem__O)
                  1182b470    00000004     productive_walruses_pe674.oe674 (.const:ti_sysbios_hal_Hwi_E_stackOverflow__C)
                  1182b474    00000004     productive_walruses_pe674.oe674 (.const:ti_sysbios_heaps_HeapMem_E_memory__C)
                  1182b478    00000004     productive_walruses_pe674.oe674 (.const:ti_sysbios_heaps_HeapMem_Module__gateObj__C)
                  1182b47c    00000004     productive_walruses_pe674.oe674 (.const:ti_sysbios_heaps_HeapMem_Object__count__C)
                  1182b480    00000004     productive_walruses_pe674.oe674 (.const:ti_sysbios_heaps_HeapMem_Object__table__C)
                  1182b484    00000004     productive_walruses_pe674.oe674 (.const:ti_sysbios_knl_Clock_Module_State_clockQ__O)
                  1182b488    00000004     productive_walruses_pe674.oe674 (.const:ti_sysbios_knl_Idle_funcList__A)
                  1182b48c    00000004     productive_walruses_pe674.oe674 (.const:ti_sysbios_knl_Semaphore_Instance_State_pendQ__O)
                  1182b490    00000004     productive_walruses_pe674.oe674 (.const:ti_sysbios_knl_Swi_Object__count__C)
                  1182b494    00000004     productive_walruses_pe674.oe674 (.const:ti_sysbios_knl_Swi_Object__table__C)
                  1182b498    00000004     productive_walruses_pe674.oe674 (.const:ti_sysbios_knl_Task_E_spOutOfBounds__C)
                  1182b49c    00000004     productive_walruses_pe674.oe674 (.const:ti_sysbios_knl_Task_E_stackOverflow__C)
                  1182b4a0    00000004     productive_walruses_pe674.oe674 (.const:ti_sysbios_knl_Task_Module_State_inactiveQ__O)
                  1182b4a4    00000004     productive_walruses_pe674.oe674 (.const:ti_sysbios_knl_Task_Object__count__C)
                  1182b4a8    00000004     productive_walruses_pe674.oe674 (.const:ti_sysbios_knl_Task_Object__table__C)
                  1182b4ac    00000004     productive_walruses_pe674.oe674 (.const:ti_sysbios_knl_Task_allBlockedFunc__C)
                  1182b4b0    00000004     productive_walruses_pe674.oe674 (.const:ti_sysbios_knl_Task_numConstructedTasks__C)
                  1182b4b4    00000004     productive_walruses_pe674.oe674 (.const:ti_sysbios_timers_timer64_Timer_E_cannotSupport__C)
                  1182b4b8    00000004     productive_walruses_pe674.oe674 (.const:ti_sysbios_timers_timer64_Timer_anyMaskHigh__C)
                  1182b4bc    00000004     productive_walruses_pe674.oe674 (.const:ti_sysbios_timers_timer64_Timer_anyMask__C)
                  1182b4c0    00000004     productive_walruses_pe674.oe674 (.const:ti_sysbios_timers_timer64_Timer_freqDivisor__C)
                  1182b4c4    00000004     productive_walruses_pe674.oe674 (.const:ti_sysbios_timers_timer64_Timer_numLocalTimers__C)
                  1182b4c8    00000004     productive_walruses_pe674.oe674 (.const:ti_sysbios_timers_timer64_Timer_numTimerDevices__C)
                  1182b4cc    00000004     productive_walruses_pe674.oe674 (.const:xdc_runtime_Assert_E_assertFailed__C)
                  1182b4d0    00000004     productive_walruses_pe674.oe674 (.const:xdc_runtime_Error_E_memory__C)
                  1182b4d4    00000004     productive_walruses_pe674.oe674 (.const:xdc_runtime_Error_Module__diagsEnabled__C)
                  1182b4d8    00000004     productive_walruses_pe674.oe674 (.const:xdc_runtime_Error_Module__diagsIncluded__C)
                  1182b4dc    00000004     productive_walruses_pe674.oe674 (.const:xdc_runtime_Error_Module__diagsMask__C)
                  1182b4e0    00000004     productive_walruses_pe674.oe674 (.const:xdc_runtime_Error_Module__loggerFxn8__C)
                  1182b4e4    00000004     productive_walruses_pe674.oe674 (.const:xdc_runtime_Error_Module__loggerObj__C)
                  1182b4e8    00000004     productive_walruses_pe674.oe674 (.const:xdc_runtime_Error_policyFxn__C)
                  1182b4ec    00000004     productive_walruses_pe674.oe674 (.const:xdc_runtime_Error_policy__C)
                  1182b4f0    00000004     productive_walruses_pe674.oe674 (.const:xdc_runtime_Error_raiseHook__C)
                  1182b4f4    00000004     productive_walruses_pe674.oe674 (.const:xdc_runtime_IFilterLogger_Interface__BASE__C)
                  1182b4f8    00000004     productive_walruses_pe674.oe674 (.const:xdc_runtime_IGateProvider_Interface__BASE__C)
                  1182b4fc    00000004     productive_walruses_pe674.oe674 (.const:xdc_runtime_IHeap_Interface__BASE__C)
                  1182b500    00000004     productive_walruses_pe674.oe674 (.const:xdc_runtime_ILogger_Interface__BASE__C)
                  1182b504    00000004     productive_walruses_pe674.oe674 (.const:xdc_runtime_IModule_Interface__BASE__C)
                  1182b508    00000004     productive_walruses_pe674.oe674 (.const:xdc_runtime_Log_L_error__C)
                  1182b50c    00000004     productive_walruses_pe674.oe674 (.const:xdc_runtime_LoggerBuf_E_badLevel__C)
                  1182b510    00000004     productive_walruses_pe674.oe674 (.const:xdc_runtime_LoggerBuf_Module__gateObj__C)
                  1182b514    00000004     productive_walruses_pe674.oe674 (.const:xdc_runtime_LoggerBuf_Object__count__C)
                  1182b518    00000004     productive_walruses_pe674.oe674 (.const:xdc_runtime_LoggerBuf_Object__table__C)
                  1182b51c    00000004     productive_walruses_pe674.oe674 (.const:xdc_runtime_LoggerBuf_statusLogger__C)
                  1182b520    00000004     productive_walruses_pe674.oe674 (.const:xdc_runtime_Memory_defaultHeapInstance__C)
                  1182b524    00000004     productive_walruses_pe674.oe674 (.const:xdc_runtime_Startup_execImpl__C)
                  1182b528    00000004     productive_walruses_pe674.oe674 (.const:xdc_runtime_Startup_maxPasses__C)
                  1182b52c    00000004     productive_walruses_pe674.oe674 (.const:xdc_runtime_Startup_sfxnRts__C)
                  1182b530    00000004     productive_walruses_pe674.oe674 (.const:xdc_runtime_Startup_sfxnTab__C)
                  1182b534    00000004     productive_walruses_pe674.oe674 (.const:xdc_runtime_Startup_startModsFxn__C)
                  1182b538    00000004     productive_walruses_pe674.oe674 (.const:xdc_runtime_SysMin_bufSize__C)
                  1182b53c    00000004     productive_walruses_pe674.oe674 (.const:xdc_runtime_SysMin_outputFunc__C)
                  1182b540    00000004     productive_walruses_pe674.oe674 (.const:xdc_runtime_System_Module__gateObj__C)
                  1182b544    00000004     productive_walruses_pe674.oe674 (.const:xdc_runtime_System_abortFxn__C)
                  1182b548    00000004     productive_walruses_pe674.oe674 (.const:xdc_runtime_System_exitFxn__C)
                  1182b54c    00000004     productive_walruses_pe674.oe674 (.const:xdc_runtime_System_extendFxn__C)
                  1182b550    00000004     productive_walruses_pe674.oe674 (.const:xdc_runtime_System_maxAtexitHandlers__C)
                  1182b554    00000004     productive_walruses_pe674.oe674 (.const:xdc_runtime_Text_charTab__C)
                  1182b558    00000004     productive_walruses_pe674.oe674 (.const:xdc_runtime_Text_nodeTab__C)
                  1182b55c    00000004     productive_walruses_pe674.oe674 (.const:xdc_runtime_Text_visitRopeFxn__C)
                  1182b560    00000002     productive_walruses_pe674.oe674 (.const:ti_sysbios_hal_Hwi_Module__id__C)
                  1182b562    00000002     productive_walruses_pe674.oe674 (.const:ti_sysbios_heaps_HeapMem_Module__id__C)
                  1182b564    00000002     productive_walruses_pe674.oe674 (.const:ti_sysbios_knl_Task_Module__id__C)
                  1182b566    00000002     productive_walruses_pe674.oe674 (.const:ti_sysbios_timers_timer64_Timer_Module__id__C)
                  1182b568    00000002     productive_walruses_pe674.oe674 (.const:ti_sysbios_timers_timer64_Timer_startupNeeded__C)
                  1182b56a    00000002     productive_walruses_pe674.oe674 (.const:ti_sysbios_timers_timer64_Timer_useTimer64pRegMap__C)
                  1182b56c    00000002     productive_walruses_pe674.oe674 (.const:xdc_runtime_Error_Module__loggerDefined__C)
                  1182b56e    00000002     productive_walruses_pe674.oe674 (.const:xdc_runtime_Error_maxDepth__C)
                  1182b570    00000002     productive_walruses_pe674.oe674 (.const:xdc_runtime_LoggerBuf_Module__id__C)
                  1182b572    00000002     productive_walruses_pe674.oe674 (.const:xdc_runtime_LoggerBuf_filterByLevel__C)
                  1182b574    00000002     productive_walruses_pe674.oe674 (.const:xdc_runtime_Memory_Module__id__C)
                  1182b576    00000002     productive_walruses_pe674.oe674 (.const:xdc_runtime_SysMin_flushAtExit__C)
                  1182b578    00000002     productive_walruses_pe674.oe674 (.const:xdc_runtime_Text_isLoaded__C)
                  1182b57a    00000002     productive_walruses_pe674.oe674 (.const:xdc_runtime_Text_registryModsLastId__C)
                  1182b57c    00000002     productive_walruses_pe674.oe674 (.const:xdc_runtime_Text_unnamedModsLastId__C)

.fardata   0    1182d580    00000f7c     UNINITIALIZED
                  1182d580    0000025c     ColorVision.obj (.fardata:PRUCode)
                  1182d7dc    00000004     rts6740_elf.lib : _lock.obj (.fardata:_lock)
                  1182d7e0    000001e0                     : defs.obj (.fardata:_ftable)
                  1182d9c0    00000114     productive_walruses_pe674.oe674 (.fardata:ti_sysbios_knl_Task_Object__table__V)
                  1182dad4    00000004     rts6740_elf.lib : _lock.obj (.fardata:_unlock)
                  1182dad8    000000c0     productive_walruses_pe674.oe674 (.fardata:ti_sysbios_knl_Swi_Object__table__V)
                  1182db98    000000a0     rts6740_elf.lib : write.obj (.fardata:_stream)
                  1182dc38    00000080     productive_walruses_pe674.oe674 (.fardata:ti_sysbios_knl_Swi_Module_State_0_readyQ__A)
                  1182dcb8    00000080     productive_walruses_pe674.oe674 (.fardata:ti_sysbios_knl_Task_Module_State_0_readyQ__A)
                  1182dd38    00000078     rts6740_elf.lib : write.obj (.fardata:_device)
                  1182ddb0    00000078     productive_walruses_pe674.oe674 (.fardata:ti_sysbios_family_c64p_Hwi_Object__table__V)
                  1182de28    0000006c     productive_walruses_pe674.oe674 (.fardata:ti_sysbios_family_c64p_Hwi_Module__state__V)
                  1182de94    00000004     rts6740_elf.lib : defs.obj (.fardata)
                  1182de98    00000060     productive_walruses_pe674.oe674 (.fardata:ti_sysbios_timers_timer64_Timer_Module_State_0_device__A)
                  1182def8    00000050     Ladar.obj (.fardata:cornersX)
                  1182df48    00000050     Ladar.obj (.fardata:cornersY)
                  1182df98    00000050     productive_walruses_pe674.oe674 (.fardata:ti_sysbios_timers_timer64_Timer_Object__table__V)
                  1182dfe8    00000048     productive_walruses_pe674.oe674 (.fardata:ti_sysbios_knl_Task_Module__state__V)
                  1182e030    00000040     rts6740_elf.lib : cos.obj (.fardata:R$1)
                  1182e070    00000040                     : sin.obj (.fardata:R$1)
                  1182e0b0    00000040     productive_walruses_pe674.oe674 (.fardata:ti_sysbios_gates_GateMutex_Object__table__V)
                  1182e0f0    00000040     productive_walruses_pe674.oe674 (.fardata:ti_sysbios_knl_Clock_Object__table__V)
                  1182e130    00000030     productive_walruses_pe674.oe674 (.fardata:ti_sysbios_family_c64p_Exception_Module__state__V)
                  1182e160    0000002c     productive_walruses_pe674.oe674 (.fardata:ti_sysbios_knl_Clock_Module__state__V)
                  1182e18c    00000004     rts6740_elf.lib : errno.obj (.fardata)
                  1182e190    00000028     productive_walruses_pe674.oe674 (.fardata:ti_sysbios_hal_Hwi_Object__table__V)
                  1182e1b8    00000024     user_productive_walruses.obj (.fardata:K)
                  1182e1dc    00000004     productive_walruses_pe674.oe674 (.fardata:ti_sysbios_family_c64p_Cache_Module__state__V)
                  1182e1e0    00000024     user_productive_walruses.obj (.fardata:P_pred)
                  1182e204    00000004     productive_walruses_pe674.oe674 (.fardata:ti_sysbios_family_c64p_primus_TimerSupport_Module__state__V)
                  1182e208    00000024     user_productive_walruses.obj (.fardata:Q)
                  1182e22c    00000004     productive_walruses_pe674.oe674 (.fardata:xdc_runtime_Memory_Module__state__V)
                  1182e230    00000024     user_productive_walruses.obj (.fardata:R)
                  1182e254    00000002     productive_walruses_pe674.oe674 (.fardata:xdc_runtime_Error_Module__state__V)
                  1182e256    00000002     --HOLE--
                  1182e258    00000024     user_productive_walruses.obj (.fardata:S)
                  1182e27c    00000004     --HOLE--
                  1182e280    00000024     user_productive_walruses.obj (.fardata:S_inv)
                  1182e2a4    00000004     --HOLE--
                  1182e2a8    00000024     user_productive_walruses.obj (.fardata:eye3)
                  1182e2cc    00000024     productive_walruses_pe674.oe674 (.fardata:ti_sysbios_BIOS_Module__state__V)
                  1182e2f0    00000024     productive_walruses_pe674.oe674 (.fardata:xdc_runtime_LoggerBuf_Object__table__V)
                  1182e314    00000004     --HOLE--
                  1182e318    00000020     rts6740_elf.lib : atanf.obj (.fardata:arctan_consts$1)
                  1182e338    00000020     productive_walruses_pe674.oe674 (.fardata:ti_sysbios_timers_timer64_Timer_Module_State_0_gctrl__A)
                  1182e358    00000020     productive_walruses_pe674.oe674 (.fardata:ti_sysbios_timers_timer64_Timer_Module_State_0_handles__A)
                  1182e378    00000020     productive_walruses_pe674.oe674 (.fardata:ti_sysbios_timers_timer64_Timer_Module_State_0_intFreqs__A)
                  1182e398    00000020     productive_walruses_pe674.oe674 (.fardata:xdc_runtime_Error_IgnoreBlock)
                  1182e3b8    0000001c     productive_walruses_pe674.oe674 (.fardata:ti_sysbios_knl_Swi_Module__state__V)
                  1182e3d4    00000004     --HOLE--
                  1182e3d8    00000018     user_productive_walruses.obj (.fardata:B)
                  1182e3f0    00000018     productive_walruses_pe674.oe674 (.fardata:ti_sysbios_heaps_HeapMem_Object__table__V)
                  1182e408    00000018     productive_walruses_pe674.oe674 (.fardata:ti_sysbios_timers_timer64_Timer_Module__state__V)
                  1182e420    00000010     rts6740_elf.lib : cosf.obj (.fardata:R$1)
                  1182e430    00000010                     : sinf.obj (.fardata:R$1)
                  1182e440    00000010     productive_walruses_pe674.oe674 (.fardata:xdc_runtime_System_Module_State_0_atexitHandlers__A)
                  1182e450    0000000c     user_productive_walruses.obj (.fardata:Bu)
                  1182e45c    0000000c     rts6740_elf.lib : exit.obj (.fardata)
                  1182e468    0000000c     user_productive_walruses.obj (.fardata:weed_blueX)
                  1182e474    00000004     --HOLE--
                  1182e478    0000000c     user_productive_walruses.obj (.fardata:weed_blueY)
                  1182e484    00000004     --HOLE--
                  1182e488    0000000c     user_productive_walruses.obj (.fardata:weed_pinkX)
                  1182e494    00000004     --HOLE--
                  1182e498    0000000c     user_productive_walruses.obj (.fardata:weed_pinkY)
                  1182e4a4    00000004     --HOLE--
                  1182e4a8    0000000c     user_productive_walruses.obj (.fardata:x_pred)
                  1182e4b4    0000000c     productive_walruses_pe674.oe674 (.fardata:xdc_runtime_SysMin_Module__state__V)
                  1182e4c0    00000008     productive_walruses_pe674.oe674 (.fardata:ti_sysbios_family_c64p_primus_TimerSupport_Module_State_0_suspSrc__A)
                  1182e4c8    00000008     user_productive_walruses.obj (.fardata:u)
                  1182e4d0    00000008     productive_walruses_pe674.oe674 (.fardata:xdc_runtime_Registry_Module__state__V)
                  1182e4d8    00000008     productive_walruses_pe674.oe674 (.fardata:xdc_runtime_Startup_Module__state__V)
                  1182e4e0    00000008     productive_walruses_pe674.oe674 (.fardata:xdc_runtime_System_Module__state__V)
                  1182e4e8    00000006     productive_walruses_pe674.oe674 (.fardata:xdc_runtime_LoggerBuf_Module__state__V)
                  1182e4ee    00000002     --HOLE--
                  1182e4f0    00000004     productive_walruses_pe674.oe674 (.fardata:ti_sysbios_gates_GateHwi_Object__table__V)
                  1182e4f4    00000004     --HOLE--
                  1182e4f8    00000004     productive_walruses_pe674.oe674 (.fardata:ti_sysbios_knl_Task_Module_State_0_idleTask__A)

.cio       0    1182e928    00000120     UNINITIALIZED
                  1182e928    00000120     rts6740_elf.lib : trgmsg.obj (.cio)

.switch    0    1182ea48    000000a4     
                  1182ea48    00000038     rts6740_elf.lib : _printfi.obj (.switch:__TI_printfi)
                  1182ea80    00000028                     : _scanfi.obj (.switch:__TI_scanfi)
                  1182eaa8    00000024     evmomapl138_bsl.lib : evmomapl138_gpio.obj (.switch:getRegisterBankAndBit)
                  1182eacc    00000010                         : evmomapl138_spi.obj (.switch:SPI_init)
                  1182eadc    00000010     ColorVision.obj (.switch:userProcessColorImageFunc_laser)

MODULE SUMMARY

       Module                            code     ro data   rw data
       ------                            ----     -------   -------
    .\
       user_productive_walruses.obj      15104    152       5684   
       Ladar.obj                         7968     72        5718   
       ColorVision.obj                   5120     16        6940   
       COECSL_edma3.obj                  1216     0         4136   
       ColorLCD.obj                      2400     24        11     
       MatrixMath.obj                    2336     0         0      
       COECSL_mcbsp.obj                  1664     0         300    
       user_xy.obj                       960      0         0      
       LCDprintf.obj                     416      0         8      
       pru.obj                           256      0         0      
    +--+---------------------------------+--------+---------+---------+
       Total:                            37440    264       22797  
                                                                   
    C:\kt2_smm2_dg2_ma2\SE423Repo\Labs\productive_walruses\productive_walrusesProject\Debug\configPkg\package\cfg\
       productive_walruses_pe674.oe674   4608     7490      17376  
    +--+---------------------------------+--------+---------+---------+
       Total:                            4608     7490      17376  
                                                                   
    C:/kt2_smm2_dg2_ma2/SE423Repo/LabFiles/bsl_forSYSBIOS/lib/evmomapl138_bsl.lib
       evmomapl138.obj                   4064     192       0      
       evmomapl138_vpif.obj              1920     0         0      
       evmomapl138_i2c.obj               1376     0         4      
       evmomapl138_uart.obj              1344     16        0      
       evmomapl138_i2c_gpio.obj          1344     0         0      
       evmomapl138_spi.obj               1184     16        0      
       evmomapl138_gpio.obj              1152     36        0      
       evmomapl138_timer.obj             384      0         0      
    +--+---------------------------------+--------+---------+---------+
       Total:                            12768    260       4      
                                                                   
    C:\CCStudio_v8\bios_6_70_01_03\packages\ti\targets\rts6000\lib\boot.ae674
       autoinit.oe674                    288      0         0      
       boot.oe674                        160      0         0      
    +--+---------------------------------+--------+---------+---------+
       Total:                            448      0         0      
                                                                   
    C:\CCStudio_v8\bios_6_70_01_03\packages\ti\targets\rts6000\lib\ti.targets.rts6000.ae674
       System.oe674                      3232     24        0      
       LoggerBuf.oe674                   2400     0         0      
       Text.oe674                        1728     64        0      
       Error.oe674                       1152     88        0      
       Startup.oe674                     896      44        0      
       SysMin.oe674                      704      0         0      
       Memory.oe674                      320      0         0      
       Gate.oe674                        64       0         0      
       Registry.oe674                    64       0         0      
    +--+---------------------------------+--------+---------+---------+
       Total:                            10560    220       0      
                                                                   
    C:\CCStudio_v8\ccsv8\tools\compiler\ti-cgt-c6000_8.2.2\lib\rts6740_elf.lib
       _printfi.obj                      13504    92        0      
       _scanfi.obj                       7296     53        0      
       divd.obj                          1472     0         0      
       strtod.obj                        1248     152       0      
       strtoll.obj                       1184     0         0      
       strtoull.obj                      1088     0         0      
       fputs.obj                         992      0         0      
       strtol.obj                        928      0         0      
       cos.obj                           800      0         64     
       fmodf.obj                         864      0         0      
       defs.obj                          0        0         804    
       imath64.obj                       800      0         0      
       sin.obj                           736      0         64     
       strtoul.obj                       768      0         0      
       divf.obj                          672      0         0      
       cosf.obj                          640      0         16     
       sinf.obj                          608      0         16     
       fputc.obj                         544      0         0      
       setvbuf.obj                       544      0         0      
       trgmsg.obj                        224      0         288    
       sscanf.obj                        480      0         0      
       frexp.obj                         448      0         0      
       getdevice.obj                     448      0         0      
       imath40.obj                       448      0         0      
       frexpf.obj                        416      0         0      
       hostrename.obj                    416      0         0      
       ldexp.obj                         384      0         0      
       ldexpf.obj                        384      0         0      
       write.obj                         96       0         280    
       sqrt.obj                          352      0         0      
       atan2f.obj                        320      0         0      
       fclose.obj                        320      0         0      
       atanf.obj                         256      0         32     
       copy_decompress_rle.obj           288      0         0      
       fseek.obj                         288      0         0      
       printf.obj                        288      0         0      
       sqrtf.obj                         288      0         0      
       exit.obj                          256      0         12     
       ctype.obj                         0        257       0      
       _io_perm.obj                      256      0         0      
       atoi.obj                          256      0         0      
       hostopen.obj                      224      0         8      
       close.obj                         224      0         0      
       divi.obj                          224      0         0      
       hostlseek.obj                     224      0         0      
       hostwrite.obj                     224      0         0      
       llshift.obj                       224      0         0      
       ltoa.obj                          224      0         0      
       memset.obj                        224      0         0      
       divu.obj                          192      0         0      
       fflush.obj                        192      0         0      
       hostread.obj                      192      0         0      
       hostunlink.obj                    192      0         0      
       remi.obj                          192      0         0      
       sprintf.obj                       192      0         0      
       tls.obj                           192      0         0      
       fopen.obj                         160      0         0      
       hostclose.obj                     160      0         0      
       memcpy64.obj                      160      0         0      
       modf.obj                          160      0         0      
       remu.obj                          160      0         0      
       round.obj                         160      0         0      
       vsprintf.obj                      160      0         0      
       roundf.obj                        128      0         0      
       unlink.obj                        128      0         0      
       _lock.obj                         96       0         8      
       lseek.obj                         96       0         0      
       memccpy.obj                       96       0         0      
       modff.obj                         96       0         0      
       args_main.obj                     64       0         0      
       frcmpyd_div.obj                   64       0         0      
       isinf.obj                         64       0         0      
       errno.obj                         32       0         4      
       copy_decompress_none.obj          32       0         0      
       trunc.obj                         32       0         0      
       truncf.obj                        32       0         0      
    +--+---------------------------------+--------+---------+---------+
       Total:                            46816    554       1596   
                                                                   
    C:\kt2_smm2_dg2_ma2\SE423Repo\Labs\productive_walruses\SYSBIOS\src\sysbios\sysbios.ae674
       BIOS.obj                          17632    1304      0      
       c64p_Hwi_disp_always.obj          512      0         0      
       c64p_Exception_asm.obj            384      0         0      
       c62_TaskSupport_asm.obj           224      0         0      
       c64p_Hwi_asm_switch.obj           192      0         0      
    +--+---------------------------------+--------+---------+---------+
       Total:                            18944    1304      0      
                                                                   
       Stack:                            0        0         8192   
[...]
1182e5d4  trackableIDerror                                                    
1182e5d8  firstdata                                                           
1182e5dc  new_optitrack                                                       
1182e5e0  previous_frame                                                      
1182e5e4  frame_error                                                         
1182e5e8  temp_theta                                                          
1182e5ec  tempOPTITRACK_theta                                                 
1182e5f0  temp_trackableID                                                    
1182e5f4  trackableID                                                         
1182e5f8  errorcheck                                                          
1182e5fc  tc                                                                  
1182e600  weed_time                                                           
1182e604  ignore_weed_time                                                    
1182e608  forward_velocity                                                    
1182e60c  blue_x_obj_local                                                    
1182e610  blue_y_obj_local                                                    
1182e614  Nblue_local                                                         
1182e618  pink_x_obj_local                                                    
1182e61c  pink_y_obj_local                                                    
1182e620  Npink_local                                                         
1182e624  x_obj_local                                                         
1182e628  y_obj_local                                                         
1182e62c  real_dist_cm                                                        
1182e630  real_dist_mm                                                        
1182e634  weed_x                                                              
1182e638  weed_y                                                              
1182e63c  found_blue                                                          
1182e640  found_pink                                                          
1182e644  analyzing_blue                                                      
1182e648  analyzing_pink                                                      
1182e64c  weedX                                                               
1182e650  weedY                                                               
1182e654  departed_statePos                                                   
1182e658  facing_weed                                                         
1182e65c  n_pink                                                              
1182e660  n_blue                                                              
1182e664  num_sprayed                                                         
1182e668  left_turn_Start_threshold                                           
1182e66c  ref_right_wall                                                      
1182e670  front_180                                                           
1182e674  front_120                                                           
1182e678  front_90                                                            
1182e67c  front_60                                                            
1182e680  front_30                                                            
1182e684  left_30                                                             
1182e688  left_50                                                             
1182e68c  left_side                                                           
1182e690  left_rear                                                           
1182e694  left_forward                                                        
1182e698  right_30                                                            
1182e69c  right_50                                                            
1182e6a0  right_side                                                          
1182e6a4  right_rear                                                          
1182e6a8  right_forward                                                       
1182e6ac  side_45                                                             
1182e6b0  pval                                                                
1182e6b4  ppval                                                               
1182e6b8  v1_x                                                                
1182e6bc  v1_y                                                                
1182e6c0  v1_theta                                                            
1182e6c4  v1_theta360                                                         
1182e6c8  v1_mag                                                              
1182e6cc  Ro_theta                                                            
1182e6d0  mytheta                                                             
1182e6d4  hit_x                                                               
1182e6d8  hit_y                                                               
1182e6dc  hit_theta                                                           
1182e6e0  hit_Ro_theta                                                        
1182e6e4  hit_mag                                                             
1182e6e8  min_LD_index                                                        
1182e6ec  min_LD_val                                                          
1182e6f0  min_LD_obj60                                                        
1182e6f4  min_side_ind                                                        
1182e6f8  min_side_val                                                        
1182e6fc  LeftRight                                                           
1182e700  _att                                                                
1182e704  _swap_val                                                           
1182e708  _ii                                                                 
1182e70c  _index                                                              
1182e710  _mdpt                                                               
1182e714  _offset                                                             
1182e718  _rval                                                               
1182e71c  _j                                                                  
1182e720  _lifo_prev                                                          
1182e724  _lifo_curr                                                          
1182e728  _temp_var                                                           
1182e72c  timecount                                                           
1182e730  whichled                                                            
1182e734  updateLCD                                                           
1182e738  testvar                                                             
1182e73c  noimagefound                                                        
1182e740  object_x                                                            
1182e744  object_y                                                            
1182e748  new_coordata                                                        
1182e74c  numpels                                                             
1182e750  new_num_found_objects                                               
1182e754  new_object_theta                                                    
1182e758  new_C20                                                             
1182e75c  new_C02                                                             
1182e760  k                                                                   
1182e764  top                                                                 
1182e768  left                                                                
1182e76c  num_unique_objects                                                  
1182e770  current_object                                                      
1182e774  color                                                               
1182e778  color2                                                              
1182e77c  Cdifference                                                         
1182e780  neighbor_type                                                       
1182e784  too_many_objects                                                    
1182e788  object_detected                                                     
1182e78c  print_hue                                                           
1182e78d  print_sat                                                           
1182e78e  print_val                                                           
1182e78f  print_r                                                             
1182e790  print_b                                                             
1182e791  print_g                                                             
1182e794  specs_s                                                             
1182e798  specs_srad                                                          
1182e79c  specs_v                                                             
1182e7a0  specs_vrad                                                          
1182e7a4  specs_h                                                             
1182e7a8  specs_h2                                                            
1182e7ac  specs_hrad                                                          
1182e7b0  blue_x_obj                                                          
1182e7b4  blue_y_obj                                                          
1182e7b8  Nblue                                                               
1182e7bc  pink_x_obj                                                          
1182e7c0  pink_y_obj                                                          
1182e7c4  Npink                                                               
1182e7c8  prnt_flag                                                           
1182e7cc  color_togg                                                          
1182e7d0  VPIF_beginning_line                                                 
1182e7d4  equivalency                                                         
1182e7d8  done                                                                
1182e7dc  f28335RecFirsttime                                                  
1182e7e0  enc1                                                                
1182e7e4  enc2                                                                
1182e7e8  enc3                                                                
1182e7ec  enc4                                                                
1182e7f0  compass                                                             
1182e7f4  switchstate                                                         
1182e7f8  adcA0                                                               
1182e7fc  adcB0                                                               
1182e800  adcA1                                                               
1182e804  adcB1                                                               
1182e808  adcA2                                                               
1182e80c  adcB2                                                               
1182e810  adcA3                                                               
1182e814  adcB3                                                               
1182e818  adcA4                                                               
1182e81c  adcB4                                                               
1182e820  adcA5                                                               
1182e824  adcB5                                                               
1182e828  adcA6                                                               
1182e82c  adcA7                                                               
1182e830  F28335_Extra1                                                       
1182e834  F28335_Extra2                                                       
1182e838  F28335_Extra3                                                       
1182e83c  F28335_Extra4                                                       
1182e840  new_sendtolinux_F28335_Extra                                        
1182e844  send_F28335_Extra1                                                  
1182e848  send_F28335_Extra2                                                  
1182e84c  send_F28335_Extra3                                                  
1182e850  send_F28335_Extra4                                                  
1182e854  num_EDMA3_0                                                         
1182e858  numofints                                                           
1182e85c  scalingLadar                                                        
1182e860  LADARready                                                          
1182e864  LADARprocess                                                        
1182e868  uart1count                                                          
1182e86c  numReadings                                                         
1182e870  errL                                                                
1182e874  errC                                                                
1182e878  errR                                                                
1182e87c  tLADARleftFt                                                        
1182e880  tLADARcenterFt                                                      
1182e884  tLADARrightFt                                                       
1182e888  cPrevLADARdata                                                      
1182e889  cLADARdata                                                          
1182e88c  iLADARrcv                                                           
1182e890  cCommandName                                                        
1182e894  LADARleftFt                                                         
1182e898  LADARcenterFt                                                       
1182e89c  LADARrightFt                                                        
1182e8a0  numreadings_lastscan                                                
1182e8a4  startAngle                                                          
1182e8a8  stepSize                                                            
1182e8ac  newLADARdata                                                        
1182e8b0  robotX                                                              
1182e8b4  robotY                                                              
1182e8b8  robotT                                                              
1182e8bc  tempSign                                                            
1182e8c0  tempOff                                                             
1182e8c4  servosPosted                                                        
1182e8c8  newServos                                                           
1182e8cc  McBSPrecerror                                                       
1182e8d0  firsttimeintMCBSPrec                                                
1182e8d4  timeint                                                             
1182e8d8  mcbspReset                                                          
1182e8dc  testcount                                                           
1182e8e0  danindex                                                            
1182e8e4  firsttimeLine1                                                      
1182e8e8  firsttimeLine2                                                      
1182e8ec  LCDnewMsgLine1                                                      
1182e8f0  LCDnewMsgLine2                                                      
1182e8f4  bluegain                                                            
1182e8f8  bkgrnd_red                                                          
1182e8f9  bkgrnd_green                                                        
1182e8fa  bkgrnd_blue                                                         
1182e8fc  SWI_RobotControl                                                    
1182e900  CLK_addtime                                                         
1182e904  CLK_startMcBSP                                                      
1182e908  HWI8_EDMA3_0                                                        
1182e90c  SWI_LCD                                                             
1182e910  SWI_vision                                                          
1182e914  HWI4_VPIF95                                                         
1182e918  HWI7_PRU6                                                           
1182e91c  HWI5_EDMA3_1                                                        
1182e920  TASK_ComWithLinux                                                   
1182e924  TASK_LADAR                                                          
1182e928  __CIOBUF_                                                           
1182ec00  ti_sysbios_family_c64p_Hwi0                                         
1182ec00  ti_sysbios_family_c64p_Hwi_int0                                     
1182ec20  ti_sysbios_family_c64p_Hwi_int1                                     
1182ec40  ti_sysbios_family_c64p_Hwi_int2                                     
1182ec60  ti_sysbios_family_c64p_Hwi_int3                                     
1182ec80  ti_sysbios_family_c64p_Hwi_int4                                     
1182eca0  ti_sysbios_family_c64p_Hwi_int5                                     
1182ecc0  ti_sysbios_family_c64p_Hwi_int6                                     
1182ece0  ti_sysbios_family_c64p_Hwi_int7                                     
1182ed00  ti_sysbios_family_c64p_Hwi_int8                                     
1182ed20  ti_sysbios_family_c64p_Hwi_int9                                     
1182ed40  ti_sysbios_family_c64p_Hwi_int10                                    
1182ed60  ti_sysbios_family_c64p_Hwi_int11                                    
1182ed80  ti_sysbios_family_c64p_Hwi_int12                                    
1182eda0  ti_sysbios_family_c64p_Hwi_int13                                    
1182edc0  ti_sysbios_family_c64p_Hwi_int14                                    
1182ede0  ti_sysbios_family_c64p_Hwi_int15                                    
1182f86c  __TI_Handler_Table_Base                                             
1182f874  __TI_Handler_Table_Limit                                            
1182f878  __TI_CINIT_Base                                                     
1182f8a8  __TI_CINIT_Limit                                                    
ffffffff  __TI_pprof_out_hndl                                                 
ffffffff  __TI_prof_data_size                                                 
ffffffff  __TI_prof_data_start                                                
ffffffff  __binit__                                                           
ffffffff  __c_args__                                                          
ffffffff  binit                                                               
UNDEFED   __TI_INITARRAY_Base                                                 
UNDEFED   __TI_INITARRAY_Limit                                                
UNDEFED   __TI_TLS_INIT_Base                                                  
UNDEFED   __TI_TLS_INIT_Limit                                                 

[978 symbols]
