<?xml version="1.0"?>
<link_info>
   <banner>TMS320C2000 Linker PC v17.6.0.STS</banner>
   <copyright>Copyright (c) 1996-2017 Texas Instruments Incorporated</copyright>
   <link_time>0x5ca3ce14</link_time>
   <link_errors>0x0</link_errors>
   <output_file>lab3_1.out</output_file>
   <entry_point>
      <name>_c_int00</name>
      <address>0x30293b</address>
   </entry_point>
   <input_file_list>
      <input_file id="fl-2">
         <path>.\</path>
         <kind>object</kind>
         <file>28335_dma.obj</file>
         <name>28335_dma.obj</name>
      </input_file>
      <input_file id="fl-3">
         <path>.\</path>
         <kind>object</kind>
         <file>28335_eqep.obj</file>
         <name>28335_eqep.obj</name>
      </input_file>
      <input_file id="fl-4">
         <path>.\</path>
         <kind>object</kind>
         <file>28335_inits.obj</file>
         <name>28335_inits.obj</name>
      </input_file>
      <input_file id="fl-5">
         <path>.\</path>
         <kind>object</kind>
         <file>28335_mcbsp.obj</file>
         <name>28335_mcbsp.obj</name>
      </input_file>
      <input_file id="fl-6">
         <path>.\</path>
         <kind>object</kind>
         <file>28335_pwm.obj</file>
         <name>28335_pwm.obj</name>
      </input_file>
      <input_file id="fl-7">
         <path>.\</path>
         <kind>object</kind>
         <file>28335_serial.obj</file>
         <name>28335_serial.obj</name>
      </input_file>
      <input_file id="fl-8">
         <path>.\</path>
         <kind>object</kind>
         <file>28335_spi.obj</file>
         <name>28335_spi.obj</name>
      </input_file>
      <input_file id="fl-9">
         <path>.\</path>
         <kind>object</kind>
         <file>DSP2833x_ADC_cal.obj</file>
         <name>DSP2833x_ADC_cal.obj</name>
      </input_file>
      <input_file id="fl-a">
         <path>.\</path>
         <kind>object</kind>
         <file>DSP2833x_Adc.obj</file>
         <name>DSP2833x_Adc.obj</name>
      </input_file>
      <input_file id="fl-b">
         <path>.\</path>
         <kind>object</kind>
         <file>DSP2833x_CSMPasswords.obj</file>
         <name>DSP2833x_CSMPasswords.obj</name>
      </input_file>
      <input_file id="fl-c">
         <path>.\</path>
         <kind>object</kind>
         <file>DSP2833x_CodeStartBranch.obj</file>
         <name>DSP2833x_CodeStartBranch.obj</name>
      </input_file>
      <input_file id="fl-d">
         <path>.\</path>
         <kind>object</kind>
         <file>DSP2833x_CpuTimers.obj</file>
         <name>DSP2833x_CpuTimers.obj</name>
      </input_file>
      <input_file id="fl-e">
         <path>.\</path>
         <kind>object</kind>
         <file>DSP2833x_GlobalVariableDefs.obj</file>
         <name>DSP2833x_GlobalVariableDefs.obj</name>
      </input_file>
      <input_file id="fl-f">
         <path>.\</path>
         <kind>object</kind>
         <file>DSP2833x_Mcbsp.obj</file>
         <name>DSP2833x_Mcbsp.obj</name>
      </input_file>
      <input_file id="fl-10">
         <path>.\</path>
         <kind>object</kind>
         <file>DSP2833x_PieCtrl.obj</file>
         <name>DSP2833x_PieCtrl.obj</name>
      </input_file>
      <input_file id="fl-11">
         <path>.\</path>
         <kind>object</kind>
         <file>DSP2833x_Spi.obj</file>
         <name>DSP2833x_Spi.obj</name>
      </input_file>
      <input_file id="fl-12">
         <path>.\</path>
         <kind>object</kind>
         <file>DSP2833x_SysCtrl.obj</file>
         <name>DSP2833x_SysCtrl.obj</name>
      </input_file>
      <input_file id="fl-13">
         <path>.\</path>
         <kind>object</kind>
         <file>DSP2833x_usDelay.obj</file>
         <name>DSP2833x_usDelay.obj</name>
      </input_file>
      <input_file id="fl-14">
         <path>.\</path>
         <kind>object</kind>
         <file>i2c.obj</file>
         <name>i2c.obj</name>
      </input_file>
      <input_file id="fl-15">
         <path>.\</path>
         <kind>object</kind>
         <file>lcd.obj</file>
         <name>lcd.obj</name>
      </input_file>
      <input_file id="fl-16">
         <path>.\</path>
         <kind>object</kind>
         <file>user_lab3_1.obj</file>
         <name>user_lab3_1.obj</name>
      </input_file>
      <input_file id="fl-1b">
         <path>C:\dgnava2_maneyko2\SE423Repo\Labs\lab3_1\lab3_1Project\Debug\configPkg\package\cfg\</path>
         <kind>object</kind>
         <file>lab3_1_p28FP.o28FP</file>
         <name>lab3_1_p28FP.o28FP</name>
      </input_file>
      <input_file id="fl-22">
         <kind>object</kind>
         <file>&lt;internal&gt;</file>
         <name>&lt;internal&gt;</name>
      </input_file>
      <input_file id="fl-23">
         <path>C:\dgnava2_maneyko2\SE423Repo\Labs\lab3_1\SYSBIOS\src\sysbios\</path>
         <kind>archive</kind>
         <file>sysbios.a28FP</file>
         <name>BIOS.obj</name>
      </input_file>
      <input_file id="fl-24">
         <path>C:\dgnava2_maneyko2\SE423Repo\Labs\lab3_1\SYSBIOS\src\sysbios\</path>
         <kind>archive</kind>
         <file>sysbios.a28FP</file>
         <name>c28_Hwi_asm.obj</name>
      </input_file>
      <input_file id="fl-25">
         <path>C:\dgnava2_maneyko2\SE423Repo\Labs\lab3_1\SYSBIOS\src\sysbios\</path>
         <kind>archive</kind>
         <file>sysbios.a28FP</file>
         <name>c28_Hwi_disp_asm.obj</name>
      </input_file>
      <input_file id="fl-26">
         <path>C:\dgnava2_maneyko2\SE423Repo\Labs\lab3_1\SYSBIOS\src\sysbios\</path>
         <kind>archive</kind>
         <file>sysbios.a28FP</file>
         <name>c28_IntrinsicsSupport_asm.obj</name>
      </input_file>
      <input_file id="fl-27">
         <path>C:\dgnava2_maneyko2\SE423Repo\Labs\lab3_1\SYSBIOS\src\sysbios\</path>
         <kind>archive</kind>
         <file>sysbios.a28FP</file>
         <name>c28_TaskSupport_asm.obj</name>
      </input_file>
      <input_file id="fl-28">
         <path>C:\CCStudio_v8\bios_6_70_01_03\packages\ti\catalog\c2800\init\lib\</path>
         <kind>archive</kind>
         <file>Boot.a28FP</file>
         <name>Boot.o28FP</name>
      </input_file>
      <input_file id="fl-29">
         <path>C:\CCStudio_v8\bios_6_70_01_03\packages\ti\targets\rts2800\lib\</path>
         <kind>archive</kind>
         <file>ti.targets.rts2800.a28FP</file>
         <name>Core-smem.o28FP</name>
      </input_file>
      <input_file id="fl-2a">
         <path>C:\CCStudio_v8\bios_6_70_01_03\packages\ti\targets\rts2800\lib\</path>
         <kind>archive</kind>
         <file>ti.targets.rts2800.a28FP</file>
         <name>Core-label.o28FP</name>
      </input_file>
      <input_file id="fl-2b">
         <path>C:\CCStudio_v8\bios_6_70_01_03\packages\ti\targets\rts2800\lib\</path>
         <kind>archive</kind>
         <file>ti.targets.rts2800.a28FP</file>
         <name>Core-params.o28FP</name>
      </input_file>
      <input_file id="fl-2c">
         <path>C:\CCStudio_v8\bios_6_70_01_03\packages\ti\targets\rts2800\lib\</path>
         <kind>archive</kind>
         <file>ti.targets.rts2800.a28FP</file>
         <name>Error.o28FP</name>
      </input_file>
      <input_file id="fl-2d">
         <path>C:\CCStudio_v8\bios_6_70_01_03\packages\ti\targets\rts2800\lib\</path>
         <kind>archive</kind>
         <file>ti.targets.rts2800.a28FP</file>
         <name>Gate.o28FP</name>
      </input_file>
      <input_file id="fl-2e">
         <path>C:\CCStudio_v8\bios_6_70_01_03\packages\ti\targets\rts2800\lib\</path>
         <kind>archive</kind>
         <file>ti.targets.rts2800.a28FP</file>
         <name>LoggerBuf.o28FP</name>
      </input_file>
      <input_file id="fl-2f">
         <path>C:\CCStudio_v8\bios_6_70_01_03\packages\ti\targets\rts2800\lib\</path>
         <kind>archive</kind>
         <file>ti.targets.rts2800.a28FP</file>
         <name>Memory.o28FP</name>
      </input_file>
      <input_file id="fl-30">
         <path>C:\CCStudio_v8\bios_6_70_01_03\packages\ti\targets\rts2800\lib\</path>
         <kind>archive</kind>
         <file>ti.targets.rts2800.a28FP</file>
         <name>Startup.o28FP</name>
      </input_file>
      <input_file id="fl-31">
         <path>C:\CCStudio_v8\bios_6_70_01_03\packages\ti\targets\rts2800\lib\</path>
         <kind>archive</kind>
         <file>ti.targets.rts2800.a28FP</file>
         <name>System.o28FP</name>
      </input_file>
      <input_file id="fl-32">
         <path>C:\CCStudio_v8\bios_6_70_01_03\packages\ti\targets\rts2800\lib\</path>
         <kind>archive</kind>
         <file>ti.targets.rts2800.a28FP</file>
         <name>SysMin.o28FP</name>
      </input_file>
      <input_file id="fl-33">
         <path>C:\CCStudio_v8\bios_6_70_01_03\packages\ti\targets\rts2800\lib\</path>
         <kind>archive</kind>
         <file>ti.targets.rts2800.a28FP</file>
         <name>Text.o28FP</name>
      </input_file>
      <input_file id="fl-34">
         <path>C:\CCStudio_v8\bios_6_70_01_03\packages\ti\targets\rts2800\lib\</path>
         <kind>archive</kind>
         <file>ti.targets.rts2800.a28FP</file>
         <name>xdc_noinit.o28FP</name>
      </input_file>
      <input_file id="fl-35">
         <path>C:\CCStudio_v8\bios_6_70_01_03\packages\ti\targets\rts2800\lib\</path>
         <kind>archive</kind>
         <file>ti.targets.rts2800.a28FP</file>
         <name>Assert.o28FP</name>
      </input_file>
      <input_file id="fl-36">
         <path>C:\CCStudio_v8\bios_6_70_01_03\packages\ti\targets\rts2800\lib\</path>
         <kind>archive</kind>
         <file>ti.targets.rts2800.a28FP</file>
         <name>Log.o28FP</name>
      </input_file>
      <input_file id="fl-37">
         <path>C:\CCStudio_v8\bios_6_70_01_03\packages\ti\targets\rts2800\lib\</path>
         <kind>archive</kind>
         <file>ti.targets.rts2800.a28FP</file>
         <name>Registry.o28FP</name>
      </input_file>
      <input_file id="fl-38">
         <path>C:\CCStudio_v8\bios_6_70_01_03\packages\ti\targets\rts2800\lib\</path>
         <kind>archive</kind>
         <file>boot.a28FP</file>
         <name>boot_cg.o28FP</name>
      </input_file>
      <input_file id="fl-44">
         <path>C:\CCStudio_v8\ccsv8\tools\compiler\ti-cgt-c2000_17.6.0.STS\lib\</path>
         <kind>archive</kind>
         <file>rts2800_fpu32.lib</file>
         <name>fs_div28.obj</name>
      </input_file>
      <input_file id="fl-45">
         <path>C:\CCStudio_v8\ccsv8\tools\compiler\ti-cgt-c2000_17.6.0.STS\lib\</path>
         <kind>archive</kind>
         <file>rts2800_fpu32.lib</file>
         <name>ll_div28.obj</name>
      </input_file>
      <input_file id="fl-46">
         <path>C:\CCStudio_v8\ccsv8\tools\compiler\ti-cgt-c2000_17.6.0.STS\lib\</path>
         <kind>archive</kind>
         <file>rts2800_fpu32.lib</file>
         <name>l_div28.obj</name>
      </input_file>
      <input_file id="fl-47">
         <path>C:\CCStudio_v8\ccsv8\tools\compiler\ti-cgt-c2000_17.6.0.STS\lib\</path>
         <kind>archive</kind>
         <file>rts2800_fpu32.lib</file>
         <name>cpy_tbl.obj</name>
      </input_file>
      <input_file id="fl-48">
         <path>C:\CCStudio_v8\ccsv8\tools\compiler\ti-cgt-c2000_17.6.0.STS\lib\</path>
         <kind>archive</kind>
         <file>rts2800_fpu32.lib</file>
         <name>memcpy.obj</name>
      </input_file>
      <input_file id="fl-49">
         <path>C:\CCStudio_v8\ccsv8\tools\compiler\ti-cgt-c2000_17.6.0.STS\lib\</path>
         <kind>archive</kind>
         <file>rts2800_fpu32.lib</file>
         <name>pre_init.obj</name>
      </input_file>
      <input_file id="fl-4a">
         <path>C:\CCStudio_v8\ccsv8\tools\compiler\ti-cgt-c2000_17.6.0.STS\lib\</path>
         <kind>archive</kind>
         <file>rts2800_fpu32.lib</file>
         <name>startup.obj</name>
      </input_file>
      <input_file id="fl-4b">
         <path>C:\CCStudio_v8\ccsv8\tools\compiler\ti-cgt-c2000_17.6.0.STS\lib\</path>
         <kind>archive</kind>
         <file>rts2800_fpu32.lib</file>
         <name>exit.obj</name>
      </input_file>
      <input_file id="fl-4c">
         <path>C:\CCStudio_v8\ccsv8\tools\compiler\ti-cgt-c2000_17.6.0.STS\lib\</path>
         <kind>archive</kind>
         <file>rts2800_fpu32.lib</file>
         <name>_lock.obj</name>
      </input_file>
      <input_file id="fl-4d">
         <path>C:\CCStudio_v8\ccsv8\tools\compiler\ti-cgt-c2000_17.6.0.STS\lib\</path>
         <kind>archive</kind>
         <file>rts2800_fpu32.lib</file>
         <name>args_main.obj</name>
      </input_file>
      <input_file id="fl-4e">
         <path>C:\CCStudio_v8\ccsv8\tools\compiler\ti-cgt-c2000_17.6.0.STS\lib\</path>
         <kind>archive</kind>
         <file>rts2800_fpu32.lib</file>
         <name>memset.obj</name>
      </input_file>
      <input_file id="fl-4f">
         <path>C:\CCStudio_v8\ccsv8\tools\compiler\ti-cgt-c2000_17.6.0.STS\lib\</path>
         <kind>archive</kind>
         <file>rts2800_fpu32.lib</file>
         <name>strcmp.obj</name>
      </input_file>
      <input_file id="fl-50">
         <path>C:\CCStudio_v8\ccsv8\tools\compiler\ti-cgt-c2000_17.6.0.STS\lib\</path>
         <kind>archive</kind>
         <file>rts2800_fpu32.lib</file>
         <name>strlen.obj</name>
      </input_file>
      <input_file id="fl-51">
         <path>C:\CCStudio_v8\ccsv8\tools\compiler\ti-cgt-c2000_17.6.0.STS\lib\</path>
         <kind>archive</kind>
         <file>rts2800_fpu32.lib</file>
         <name>hostwrite.obj</name>
      </input_file>
      <input_file id="fl-52">
         <path>C:\CCStudio_v8\ccsv8\tools\compiler\ti-cgt-c2000_17.6.0.STS\lib\</path>
         <kind>archive</kind>
         <file>rts2800_fpu32.lib</file>
         <name>trgmsg.obj</name>
      </input_file>
      <input_file id="fl-53">
         <path>C:\CCStudio_v8\ccsv8\tools\compiler\ti-cgt-c2000_17.6.0.STS\lib\</path>
         <kind>archive</kind>
         <file>rts2800_fpu32.lib</file>
         <name>vsprintf.obj</name>
      </input_file>
      <input_file id="fl-54">
         <path>C:\CCStudio_v8\ccsv8\tools\compiler\ti-cgt-c2000_17.6.0.STS\lib\</path>
         <kind>archive</kind>
         <file>rts2800_fpu32.lib</file>
         <name>_printfi.obj</name>
      </input_file>
      <input_file id="fl-55">
         <path>C:\CCStudio_v8\ccsv8\tools\compiler\ti-cgt-c2000_17.6.0.STS\lib\</path>
         <kind>archive</kind>
         <file>rts2800_fpu32.lib</file>
         <name>atoi.obj</name>
      </input_file>
      <input_file id="fl-56">
         <path>C:\CCStudio_v8\ccsv8\tools\compiler\ti-cgt-c2000_17.6.0.STS\lib\</path>
         <kind>archive</kind>
         <file>rts2800_fpu32.lib</file>
         <name>ctype.obj</name>
      </input_file>
      <input_file id="fl-57">
         <path>C:\CCStudio_v8\ccsv8\tools\compiler\ti-cgt-c2000_17.6.0.STS\lib\</path>
         <kind>archive</kind>
         <file>rts2800_fpu32.lib</file>
         <name>ltoa.obj</name>
      </input_file>
      <input_file id="fl-58">
         <path>C:\CCStudio_v8\ccsv8\tools\compiler\ti-cgt-c2000_17.6.0.STS\lib\</path>
         <kind>archive</kind>
         <file>rts2800_fpu32.lib</file>
         <name>memccpy.obj</name>
      </input_file>
      <input_file id="fl-59">
         <path>C:\CCStudio_v8\ccsv8\tools\compiler\ti-cgt-c2000_17.6.0.STS\lib\</path>
         <kind>archive</kind>
         <file>rts2800_fpu32.lib</file>
         <name>strchr.obj</name>
      </input_file>
      <input_file id="fl-5a">
         <path>C:\CCStudio_v8\ccsv8\tools\compiler\ti-cgt-c2000_17.6.0.STS\lib\</path>
         <kind>archive</kind>
         <file>rts2800_fpu32.lib</file>
         <name>strcpy.obj</name>
      </input_file>
      <input_file id="fl-5b">
         <path>C:\CCStudio_v8\ccsv8\tools\compiler\ti-cgt-c2000_17.6.0.STS\lib\</path>
         <kind>archive</kind>
         <file>rts2800_fpu32.lib</file>
         <name>hostopen.obj</name>
      </input_file>
      <input_file id="fl-5c">
         <path>C:\CCStudio_v8\ccsv8\tools\compiler\ti-cgt-c2000_17.6.0.STS\lib\</path>
         <kind>archive</kind>
         <file>rts2800_fpu32.lib</file>
         <name>s_frexp.obj</name>
      </input_file>
      <input_file id="fl-5d">
         <path>C:\CCStudio_v8\ccsv8\tools\compiler\ti-cgt-c2000_17.6.0.STS\lib\</path>
         <kind>archive</kind>
         <file>rts2800_fpu32.lib</file>
         <name>s_scalbn.obj</name>
      </input_file>
      <input_file id="fl-5e">
         <path>C:\CCStudio_v8\ccsv8\tools\compiler\ti-cgt-c2000_17.6.0.STS\lib\</path>
         <kind>archive</kind>
         <file>rts2800_fpu32.lib</file>
         <name>fd_add28.obj</name>
      </input_file>
      <input_file id="fl-5f">
         <path>C:\CCStudio_v8\ccsv8\tools\compiler\ti-cgt-c2000_17.6.0.STS\lib\</path>
         <kind>archive</kind>
         <file>rts2800_fpu32.lib</file>
         <name>fd_cmp28.obj</name>
      </input_file>
      <input_file id="fl-60">
         <path>C:\CCStudio_v8\ccsv8\tools\compiler\ti-cgt-c2000_17.6.0.STS\lib\</path>
         <kind>archive</kind>
         <file>rts2800_fpu32.lib</file>
         <name>fd_div28.obj</name>
      </input_file>
      <input_file id="fl-61">
         <path>C:\CCStudio_v8\ccsv8\tools\compiler\ti-cgt-c2000_17.6.0.STS\lib\</path>
         <kind>archive</kind>
         <file>rts2800_fpu32.lib</file>
         <name>fd_mpy28.obj</name>
      </input_file>
      <input_file id="fl-62">
         <path>C:\CCStudio_v8\ccsv8\tools\compiler\ti-cgt-c2000_17.6.0.STS\lib\</path>
         <kind>archive</kind>
         <file>rts2800_fpu32.lib</file>
         <name>fd_neg28.obj</name>
      </input_file>
      <input_file id="fl-63">
         <path>C:\CCStudio_v8\ccsv8\tools\compiler\ti-cgt-c2000_17.6.0.STS\lib\</path>
         <kind>archive</kind>
         <file>rts2800_fpu32.lib</file>
         <name>fd_sub28.obj</name>
      </input_file>
      <input_file id="fl-64">
         <path>C:\CCStudio_v8\ccsv8\tools\compiler\ti-cgt-c2000_17.6.0.STS\lib\</path>
         <kind>archive</kind>
         <file>rts2800_fpu32.lib</file>
         <name>fd_toi28.obj</name>
      </input_file>
      <input_file id="fl-65">
         <path>C:\CCStudio_v8\ccsv8\tools\compiler\ti-cgt-c2000_17.6.0.STS\lib\</path>
         <kind>archive</kind>
         <file>rts2800_fpu32.lib</file>
         <name>fd_tol28.obj</name>
      </input_file>
      <input_file id="fl-66">
         <path>C:\CCStudio_v8\ccsv8\tools\compiler\ti-cgt-c2000_17.6.0.STS\lib\</path>
         <kind>archive</kind>
         <file>rts2800_fpu32.lib</file>
         <name>ll_aox28.obj</name>
      </input_file>
      <input_file id="fl-67">
         <path>C:\CCStudio_v8\ccsv8\tools\compiler\ti-cgt-c2000_17.6.0.STS\lib\</path>
         <kind>archive</kind>
         <file>rts2800_fpu32.lib</file>
         <name>ll_cmp28.obj</name>
      </input_file>
      <input_file id="fl-68">
         <path>C:\CCStudio_v8\ccsv8\tools\compiler\ti-cgt-c2000_17.6.0.STS\lib\</path>
         <kind>archive</kind>
         <file>rts2800_fpu32.lib</file>
         <name>i_tofd28.obj</name>
      </input_file>
      <input_file id="fl-69">
         <path>C:\CCStudio_v8\ccsv8\tools\compiler\ti-cgt-c2000_17.6.0.STS\lib\</path>
         <kind>archive</kind>
         <file>rts2800_fpu32.lib</file>
         <name>l_tofd28.obj</name>
      </input_file>
      <input_file id="fl-6a">
         <path>C:\CCStudio_v8\ccsv8\tools\compiler\ti-cgt-c2000_17.6.0.STS\lib\</path>
         <kind>archive</kind>
         <file>rts2800_fpu32.lib</file>
         <name>fs_tofdfpu32.obj</name>
      </input_file>
      <input_file id="fl-6b">
         <path>C:\CCStudio_v8\ccsv8\tools\compiler\ti-cgt-c2000_17.6.0.STS\lib\</path>
         <kind>archive</kind>
         <file>rts2800_fpu32.lib</file>
         <name>errno.obj</name>
      </input_file>
      <input_file id="fl-6c">
         <path>C:\CCStudio_v8\ccsv8\tools\compiler\ti-cgt-c2000_17.6.0.STS\lib\</path>
         <kind>archive</kind>
         <file>rts2800_fpu32.lib</file>
         <name>s_copysign.obj</name>
      </input_file>
   </input_file_list>
   <object_component_list>
      <object_component id="oc-c0">
         <name>PieVectTableFile</name>
         <uninitialized>true</uninitialized>
         <run_address>0xd00</run_address>
         <size>0x100</size>
         <input_file_ref idref="fl-e"/>
      </object_component>
      <object_component id="oc-bc">
         <name>DevEmuRegsFile</name>
         <uninitialized>true</uninitialized>
         <run_address>0x880</run_address>
         <size>0xd0</size>
         <input_file_ref idref="fl-e"/>
      </object_component>
      <object_component id="oc-92">
         <name>FlashRegsFile</name>
         <uninitialized>true</uninitialized>
         <run_address>0xa80</run_address>
         <size>0x8</size>
         <input_file_ref idref="fl-e"/>
      </object_component>
      <object_component id="oc-9c">
         <name>CsmRegsFile</name>
         <uninitialized>true</uninitialized>
         <run_address>0xae0</run_address>
         <size>0x10</size>
         <input_file_ref idref="fl-e"/>
      </object_component>
      <object_component id="oc-9b">
         <name>AdcMirrorFile</name>
         <uninitialized>true</uninitialized>
         <run_address>0xb00</run_address>
         <size>0x10</size>
         <input_file_ref idref="fl-e"/>
      </object_component>
      <object_component id="oc-9f">
         <name>XintfRegsFile</name>
         <uninitialized>true</uninitialized>
         <run_address>0xb20</run_address>
         <size>0x1e</size>
         <input_file_ref idref="fl-e"/>
      </object_component>
      <object_component id="oc-93">
         <name>CpuTimer0RegsFile</name>
         <uninitialized>true</uninitialized>
         <run_address>0xc00</run_address>
         <size>0x8</size>
         <input_file_ref idref="fl-e"/>
      </object_component>
      <object_component id="oc-91">
         <name>CpuTimer1RegsFile</name>
         <uninitialized>true</uninitialized>
         <run_address>0xc08</run_address>
         <size>0x8</size>
         <input_file_ref idref="fl-e"/>
      </object_component>
      <object_component id="oc-90">
         <name>CpuTimer2RegsFile</name>
         <uninitialized>true</uninitialized>
         <run_address>0xc10</run_address>
         <size>0x8</size>
         <input_file_ref idref="fl-e"/>
      </object_component>
      <object_component id="oc-9d">
         <name>PieCtrlRegsFile</name>
         <uninitialized>true</uninitialized>
         <run_address>0xce0</run_address>
         <size>0x1a</size>
         <input_file_ref idref="fl-e"/>
      </object_component>
      <object_component id="oc-bd">
         <name>DmaRegsFile</name>
         <uninitialized>true</uninitialized>
         <run_address>0x1000</run_address>
         <size>0xe0</size>
         <input_file_ref idref="fl-e"/>
      </object_component>
      <object_component id="oc-af">
         <name>McbspaRegsFile</name>
         <uninitialized>true</uninitialized>
         <run_address>0x5000</run_address>
         <size>0x25</size>
         <input_file_ref idref="fl-e"/>
      </object_component>
      <object_component id="oc-b0">
         <name>McbspbRegsFile</name>
         <uninitialized>true</uninitialized>
         <run_address>0x5040</run_address>
         <size>0x25</size>
         <input_file_ref idref="fl-e"/>
      </object_component>
      <object_component id="oc-b3">
         <name>ECanaRegsFile</name>
         <uninitialized>true</uninitialized>
         <run_address>0x6000</run_address>
         <size>0x34</size>
         <input_file_ref idref="fl-e"/>
      </object_component>
      <object_component id="oc-b6">
         <name>ECanaLAMRegsFile</name>
         <uninitialized>true</uninitialized>
         <run_address>0x6040</run_address>
         <size>0x40</size>
         <input_file_ref idref="fl-e"/>
      </object_component>
      <object_component id="oc-bf">
         <name>ECanaMboxesFile</name>
         <uninitialized>true</uninitialized>
         <run_address>0x6100</run_address>
         <size>0x100</size>
         <input_file_ref idref="fl-e"/>
      </object_component>
      <object_component id="oc-b7">
         <name>ECanaMOTSRegsFile</name>
         <uninitialized>true</uninitialized>
         <run_address>0x6080</run_address>
         <size>0x40</size>
         <input_file_ref idref="fl-e"/>
      </object_component>
      <object_component id="oc-b4">
         <name>ECanaMOTORegsFile</name>
         <uninitialized>true</uninitialized>
         <run_address>0x60c0</run_address>
         <size>0x40</size>
         <input_file_ref idref="fl-e"/>
      </object_component>
      <object_component id="oc-b2">
         <name>ECanbRegsFile</name>
         <uninitialized>true</uninitialized>
         <run_address>0x6200</run_address>
         <size>0x34</size>
         <input_file_ref idref="fl-e"/>
      </object_component>
      <object_component id="oc-ba">
         <name>ECanbLAMRegsFile</name>
         <uninitialized>true</uninitialized>
         <run_address>0x6240</run_address>
         <size>0x40</size>
         <input_file_ref idref="fl-e"/>
      </object_component>
      <object_component id="oc-be">
         <name>ECanbMboxesFile</name>
         <uninitialized>true</uninitialized>
         <run_address>0x6300</run_address>
         <size>0x100</size>
         <input_file_ref idref="fl-e"/>
      </object_component>
      <object_component id="oc-b5">
         <name>ECanbMOTSRegsFile</name>
         <uninitialized>true</uninitialized>
         <run_address>0x6280</run_address>
         <size>0x40</size>
         <input_file_ref idref="fl-e"/>
      </object_component>
      <object_component id="oc-b8">
         <name>ECanbMOTORegsFile</name>
         <uninitialized>true</uninitialized>
         <run_address>0x62c0</run_address>
         <size>0x40</size>
         <input_file_ref idref="fl-e"/>
      </object_component>
      <object_component id="oc-aa">
         <name>EPwm1RegsFile</name>
         <uninitialized>true</uninitialized>
         <run_address>0x6800</run_address>
         <size>0x22</size>
         <input_file_ref idref="fl-e"/>
      </object_component>
      <object_component id="oc-a9">
         <name>EPwm2RegsFile</name>
         <uninitialized>true</uninitialized>
         <run_address>0x6840</run_address>
         <size>0x22</size>
         <input_file_ref idref="fl-e"/>
      </object_component>
      <object_component id="oc-ab">
         <name>EPwm3RegsFile</name>
         <uninitialized>true</uninitialized>
         <run_address>0x6880</run_address>
         <size>0x22</size>
         <input_file_ref idref="fl-e"/>
      </object_component>
      <object_component id="oc-ad">
         <name>EPwm4RegsFile</name>
         <uninitialized>true</uninitialized>
         <run_address>0x68c0</run_address>
         <size>0x22</size>
         <input_file_ref idref="fl-e"/>
      </object_component>
      <object_component id="oc-ac">
         <name>EPwm5RegsFile</name>
         <uninitialized>true</uninitialized>
         <run_address>0x6900</run_address>
         <size>0x22</size>
         <input_file_ref idref="fl-e"/>
      </object_component>
      <object_component id="oc-ae">
         <name>EPwm6RegsFile</name>
         <uninitialized>true</uninitialized>
         <run_address>0x6940</run_address>
         <size>0x22</size>
         <input_file_ref idref="fl-e"/>
      </object_component>
      <object_component id="oc-a6">
         <name>ECap1RegsFile</name>
         <uninitialized>true</uninitialized>
         <run_address>0x6a00</run_address>
         <size>0x20</size>
         <input_file_ref idref="fl-e"/>
      </object_component>
      <object_component id="oc-a2">
         <name>ECap2RegsFile</name>
         <uninitialized>true</uninitialized>
         <run_address>0x6a20</run_address>
         <size>0x20</size>
         <input_file_ref idref="fl-e"/>
      </object_component>
      <object_component id="oc-a3">
         <name>ECap3RegsFile</name>
         <uninitialized>true</uninitialized>
         <run_address>0x6a40</run_address>
         <size>0x20</size>
         <input_file_ref idref="fl-e"/>
      </object_component>
      <object_component id="oc-a0">
         <name>ECap4RegsFile</name>
         <uninitialized>true</uninitialized>
         <run_address>0x6a60</run_address>
         <size>0x20</size>
         <input_file_ref idref="fl-e"/>
      </object_component>
      <object_component id="oc-a1">
         <name>ECap5RegsFile</name>
         <uninitialized>true</uninitialized>
         <run_address>0x6a80</run_address>
         <size>0x20</size>
         <input_file_ref idref="fl-e"/>
      </object_component>
      <object_component id="oc-a7">
         <name>ECap6RegsFile</name>
         <uninitialized>true</uninitialized>
         <run_address>0x6aa0</run_address>
         <size>0x20</size>
         <input_file_ref idref="fl-e"/>
      </object_component>
      <object_component id="oc-bb">
         <name>EQep1RegsFile</name>
         <uninitialized>true</uninitialized>
         <run_address>0x6b00</run_address>
         <size>0x40</size>
         <input_file_ref idref="fl-e"/>
      </object_component>
      <object_component id="oc-b9">
         <name>EQep2RegsFile</name>
         <uninitialized>true</uninitialized>
         <run_address>0x6b40</run_address>
         <size>0x40</size>
         <input_file_ref idref="fl-e"/>
      </object_component>
      <object_component id="oc-b1">
         <name>GpioCtrlRegsFile</name>
         <uninitialized>true</uninitialized>
         <run_address>0x6f80</run_address>
         <size>0x2e</size>
         <input_file_ref idref="fl-e"/>
      </object_component>
      <object_component id="oc-a4">
         <name>GpioDataRegsFile</name>
         <uninitialized>true</uninitialized>
         <run_address>0x6fc0</run_address>
         <size>0x20</size>
         <input_file_ref idref="fl-e"/>
      </object_component>
      <object_component id="oc-95">
         <name>GpioIntRegsFile</name>
         <uninitialized>true</uninitialized>
         <run_address>0x6fe0</run_address>
         <size>0xa</size>
         <input_file_ref idref="fl-e"/>
      </object_component>
      <object_component id="oc-a5">
         <name>SysCtrlRegsFile</name>
         <uninitialized>true</uninitialized>
         <run_address>0x7010</run_address>
         <size>0x20</size>
         <input_file_ref idref="fl-e"/>
      </object_component>
      <object_component id="oc-98">
         <name>SpiaRegsFile</name>
         <uninitialized>true</uninitialized>
         <run_address>0x7040</run_address>
         <size>0x10</size>
         <input_file_ref idref="fl-e"/>
      </object_component>
      <object_component id="oc-99">
         <name>SciaRegsFile</name>
         <uninitialized>true</uninitialized>
         <run_address>0x7050</run_address>
         <size>0x10</size>
         <input_file_ref idref="fl-e"/>
      </object_component>
      <object_component id="oc-9a">
         <name>XIntruptRegsFile</name>
         <uninitialized>true</uninitialized>
         <run_address>0x7070</run_address>
         <size>0x10</size>
         <input_file_ref idref="fl-e"/>
      </object_component>
      <object_component id="oc-9e">
         <name>AdcRegsFile</name>
         <uninitialized>true</uninitialized>
         <run_address>0x7100</run_address>
         <size>0x1e</size>
         <input_file_ref idref="fl-e"/>
      </object_component>
      <object_component id="oc-97">
         <name>ScibRegsFile</name>
         <uninitialized>true</uninitialized>
         <run_address>0x7750</run_address>
         <size>0x10</size>
         <input_file_ref idref="fl-e"/>
      </object_component>
      <object_component id="oc-96">
         <name>ScicRegsFile</name>
         <uninitialized>true</uninitialized>
         <run_address>0x7770</run_address>
         <size>0x10</size>
         <input_file_ref idref="fl-e"/>
      </object_component>
      <object_component id="oc-a8">
         <name>I2caRegsFile</name>
         <uninitialized>true</uninitialized>
         <run_address>0x7900</run_address>
         <size>0x22</size>
         <input_file_ref idref="fl-e"/>
      </object_component>
      <object_component id="oc-94">
         <name>CsmPwlFile</name>
         <uninitialized>true</uninitialized>
         <run_address>0x3f7ff8</run_address>
         <size>0x8</size>
         <input_file_ref idref="fl-e"/>
      </object_component>
      <object_component id="oc-f2">
         <name>.cinit</name>
         <load_address>0x306101</load_address>
         <run_address>0x306101</run_address>
         <size>0x428</size>
         <input_file_ref idref="fl-1b"/>
      </object_component>
      <object_component id="oc-ea">
         <name>.cinit</name>
         <load_address>0x306529</load_address>
         <run_address>0x306529</run_address>
         <size>0xf1</size>
         <input_file_ref idref="fl-16"/>
      </object_component>
      <object_component id="oc-5c">
         <name>.cinit</name>
         <load_address>0x30661a</load_address>
         <run_address>0x30661a</run_address>
         <size>0x3c</size>
         <input_file_ref idref="fl-5"/>
      </object_component>
      <object_component id="oc-71">
         <name>.cinit</name>
         <load_address>0x306656</load_address>
         <run_address>0x306656</run_address>
         <size>0x24</size>
         <input_file_ref idref="fl-8"/>
      </object_component>
      <object_component id="oc-dc">
         <name>.cinit</name>
         <load_address>0x30667a</load_address>
         <run_address>0x30667a</run_address>
         <size>0x11</size>
         <input_file_ref idref="fl-14"/>
      </object_component>
      <object_component id="oc-191">
         <name>.cinit</name>
         <load_address>0x30668b</load_address>
         <run_address>0x30668b</run_address>
         <size>0xe</size>
         <input_file_ref idref="fl-4b"/>
      </object_component>
      <object_component id="oc-64">
         <name>.cinit</name>
         <load_address>0x306699</load_address>
         <run_address>0x306699</run_address>
         <size>0xc</size>
         <input_file_ref idref="fl-6"/>
      </object_component>
      <object_component id="oc-55">
         <name>.cinit</name>
         <load_address>0x3066a5</load_address>
         <run_address>0x3066a5</run_address>
         <size>0x8</size>
         <input_file_ref idref="fl-4"/>
      </object_component>
      <object_component id="oc-2ce">
         <name>.cinit:__lock</name>
         <load_address>0x3066ad</load_address>
         <run_address>0x3066ad</run_address>
         <size>0x5</size>
         <input_file_ref idref="fl-4c"/>
      </object_component>
      <object_component id="oc-2cf">
         <name>.cinit:__unlock</name>
         <load_address>0x3066b2</load_address>
         <run_address>0x3066b2</run_address>
         <size>0x5</size>
         <input_file_ref idref="fl-4c"/>
      </object_component>
      <object_component id="oc-e3">
         <name>.cinit</name>
         <load_address>0x3066b7</load_address>
         <run_address>0x3066b7</run_address>
         <size>0x5</size>
         <input_file_ref idref="fl-15"/>
      </object_component>
      <object_component id="oc-236">
         <name>.cinit</name>
         <load_address>0x3066bc</load_address>
         <run_address>0x3066bc</run_address>
         <size>0x4</size>
         <input_file_ref idref="fl-6b"/>
      </object_component>
      <object_component id="oc-336">
         <name>.text</name>
         <load_address>0x300000</load_address>
         <run_address>0x300000</run_address>
         <size>0xc16</size>
         <input_file_ref idref="fl-54"/>
      </object_component>
      <object_component id="oc-2a7">
         <name>.text:_init_PWM</name>
         <load_address>0x300c16</load_address>
         <run_address>0x300c16</run_address>
         <size>0x294</size>
         <input_file_ref idref="fl-6"/>
      </object_component>
      <object_component id="oc-38f">
         <name>.text:_xdc_runtime_System_doPrint__I</name>
         <load_address>0x300eaa</load_address>
         <run_address>0x300eaa</run_address>
         <size>0x232</size>
         <input_file_ref idref="fl-31"/>
      </object_component>
      <object_component id="oc-255">
         <name>.text:_SPI_RXint</name>
         <load_address>0x3010dc</load_address>
         <run_address>0x3010dc</run_address>
         <size>0x21a</size>
         <input_file_ref idref="fl-8"/>
      </object_component>
      <object_component id="oc-2a8">
         <name>.text:_init_PWM_AS_RCSERVO</name>
         <load_address>0x3012f6</load_address>
         <run_address>0x3012f6</run_address>
         <size>0x1bc</size>
         <input_file_ref idref="fl-6"/>
      </object_component>
      <object_component id="oc-257">
         <name>.text:_McBSP_RX_INTCH2_ISR</name>
         <load_address>0x3014b2</load_address>
         <run_address>0x3014b2</run_address>
         <size>0x14e</size>
         <input_file_ref idref="fl-5"/>
      </object_component>
      <object_component id="oc-2aa">
         <name>.text:_init_serial</name>
         <load_address>0x301600</load_address>
         <run_address>0x301600</run_address>
         <size>0x131</size>
         <input_file_ref idref="fl-7"/>
      </object_component>
      <object_component id="oc-24f">
         <name>.text:_control</name>
         <load_address>0x301731</load_address>
         <run_address>0x301731</run_address>
         <size>0x12d</size>
         <input_file_ref idref="fl-16"/>
      </object_component>
      <object_component id="oc-172">
         <name>.text</name>
         <load_address>0x30185e</load_address>
         <run_address>0x30185e</run_address>
         <size>0x107</size>
         <input_file_ref idref="fl-45"/>
      </object_component>
      <object_component id="oc-2af">
         <name>.text:_init_SPI</name>
         <load_address>0x301965</load_address>
         <run_address>0x301965</run_address>
         <size>0x101</size>
         <input_file_ref idref="fl-8"/>
      </object_component>
      <object_component id="oc-290">
         <name>.text:_sendData</name>
         <load_address>0x301a66</load_address>
         <run_address>0x301a66</run_address>
         <size>0xf6</size>
         <input_file_ref idref="fl-16"/>
      </object_component>
      <object_component id="oc-27b">
         <name>.text:_xdc_runtime_LoggerBuf_write8__E</name>
         <load_address>0x301b5c</load_address>
         <run_address>0x301b5c</run_address>
         <size>0xd2</size>
         <input_file_ref idref="fl-2e"/>
      </object_component>
      <object_component id="oc-267">
         <name>.text:_main</name>
         <load_address>0x301c2e</load_address>
         <run_address>0x301c2e</run_address>
         <size>0xc7</size>
         <input_file_ref idref="fl-16"/>
      </object_component>
      <object_component id="oc-3a0">
         <name>.text:_xdc_runtime_System_printfExtend__I</name>
         <load_address>0x301cf5</load_address>
         <run_address>0x301cf5</run_address>
         <size>0xc0</size>
         <input_file_ref idref="fl-1b"/>
      </object_component>
      <object_component id="oc-347">
         <name>.text</name>
         <load_address>0x301db5</load_address>
         <run_address>0x301db5</run_address>
         <size>0xc0</size>
         <input_file_ref idref="fl-5d"/>
      </object_component>
      <object_component id="oc-28d">
         <name>.text:_PWM_out</name>
         <load_address>0x301e75</load_address>
         <run_address>0x301e75</run_address>
         <size>0xb2</size>
         <input_file_ref idref="fl-6"/>
      </object_component>
      <object_component id="oc-2db">
         <name>.text:_ti_sysbios_knl_Semaphore_pend__E</name>
         <load_address>0x301f27</load_address>
         <run_address>0x301f27</run_address>
         <size>0xa9</size>
         <input_file_ref idref="fl-23"/>
      </object_component>
      <object_component id="oc-2e9">
         <name>.text:_xdc_runtime_Error_policyDefault__E</name>
         <load_address>0x301fd0</load_address>
         <run_address>0x301fd0</run_address>
         <size>0x9c</size>
         <input_file_ref idref="fl-2c"/>
      </object_component>
      <object_component id="oc-1f4">
         <name>.text</name>
         <load_address>0x30206c</load_address>
         <run_address>0x30206c</run_address>
         <size>0x9c</size>
         <input_file_ref idref="fl-5e"/>
      </object_component>
      <object_component id="oc-37c">
         <name>.text:_ti_sysbios_family_c28_Hwi_dispatch</name>
         <load_address>0x302108</load_address>
         <run_address>0x302108</run_address>
         <size>0x9b</size>
         <input_file_ref idref="fl-25"/>
      </object_component>
      <object_component id="oc-27f">
         <name>.text:_ti_sysbios_BIOS_linkedWithIncorrectBootLibrary__E</name>
         <load_address>0x3021a3</load_address>
         <run_address>0x3021a3</run_address>
         <size>0x1</size>
         <input_file_ref idref="fl-23"/>
      </object_component>
      <object_component id="oc-387">
         <name>.text</name>
         <load_address>0x3021a4</load_address>
         <run_address>0x3021a4</run_address>
         <size>0x94</size>
         <input_file_ref idref="fl-52"/>
      </object_component>
      <object_component id="oc-28c">
         <name>.text:_updateData</name>
         <load_address>0x302238</load_address>
         <run_address>0x302238</run_address>
         <size>0x90</size>
         <input_file_ref idref="fl-16"/>
      </object_component>
      <object_component id="oc-300">
         <name>.text:_ti_sysbios_family_c28_Hwi_clearInterrupt__E</name>
         <load_address>0x3022c8</load_address>
         <run_address>0x3022c8</run_address>
         <size>0x8b</size>
         <input_file_ref idref="fl-23"/>
      </object_component>
      <object_component id="oc-27a">
         <name>.text:_xdc_runtime_LoggerBuf_write4__E</name>
         <load_address>0x302353</load_address>
         <run_address>0x302353</run_address>
         <size>0x8b</size>
         <input_file_ref idref="fl-2e"/>
      </object_component>
      <object_component id="oc-1fe">
         <name>.text</name>
         <load_address>0x3023de</load_address>
         <run_address>0x3023de</run_address>
         <size>0x8b</size>
         <input_file_ref idref="fl-60"/>
      </object_component>
      <object_component id="oc-16d">
         <name>.text</name>
         <load_address>0x302469</load_address>
         <run_address>0x302469</run_address>
         <size>0x88</size>
         <input_file_ref idref="fl-44"/>
      </object_component>
      <object_component id="oc-2ab">
         <name>.text:_init_dma_mcbsp</name>
         <load_address>0x3024f1</load_address>
         <run_address>0x3024f1</run_address>
         <size>0x87</size>
         <input_file_ref idref="fl-2"/>
      </object_component>
      <object_component id="oc-203">
         <name>.text</name>
         <load_address>0x302578</load_address>
         <run_address>0x302578</run_address>
         <size>0x83</size>
         <input_file_ref idref="fl-61"/>
      </object_component>
      <object_component id="oc-2a6">
         <name>.text:_init_EQEP</name>
         <load_address>0x3025fb</load_address>
         <run_address>0x3025fb</run_address>
         <size>0x82</size>
         <input_file_ref idref="fl-3"/>
      </object_component>
      <object_component id="oc-296">
         <name>.text:_i2c_stdrecv</name>
         <load_address>0x30267d</load_address>
         <run_address>0x30267d</run_address>
         <size>0x80</size>
         <input_file_ref idref="fl-14"/>
      </object_component>
      <object_component id="oc-299">
         <name>.text:_RCSERVO_out</name>
         <load_address>0x3026fd</load_address>
         <run_address>0x3026fd</run_address>
         <size>0x7a</size>
         <input_file_ref idref="fl-6"/>
      </object_component>
      <object_component id="oc-2ee">
         <name>.text:_xdc_runtime_Startup_startMods__I</name>
         <load_address>0x302777</load_address>
         <run_address>0x302777</run_address>
         <size>0x79</size>
         <input_file_ref idref="fl-30"/>
      </object_component>
      <object_component id="oc-304">
         <name>.text:_ti_sysbios_knl_Task_checkStacks__E</name>
         <load_address>0x3027f0</load_address>
         <run_address>0x3027f0</run_address>
         <size>0x73</size>
         <input_file_ref idref="fl-23"/>
      </object_component>
      <object_component id="oc-28e">
         <name>.text:_writeDAC7564</name>
         <load_address>0x302863</load_address>
         <run_address>0x302863</run_address>
         <size>0x6d</size>
         <input_file_ref idref="fl-8"/>
      </object_component>
      <object_component id="oc-361">
         <name>.text:_xdc_runtime_Text_putSite__E</name>
         <load_address>0x3028d0</load_address>
         <run_address>0x3028d0</run_address>
         <size>0x6b</size>
         <input_file_ref idref="fl-33"/>
      </object_component>
      <object_component id="oc-49">
         <name>.text</name>
         <load_address>0x30293b</load_address>
         <run_address>0x30293b</run_address>
         <size>0x69</size>
         <input_file_ref idref="fl-38"/>
      </object_component>
      <object_component id="oc-37d">
         <name>.text:_ti_sysbios_family_c28_Timer_stopAndClear__I</name>
         <load_address>0x3029a4</load_address>
         <run_address>0x3029a4</run_address>
         <size>0x66</size>
         <input_file_ref idref="fl-23"/>
      </object_component>
      <object_component id="oc-297">
         <name>.text:_i2c_stdsend</name>
         <load_address>0x302a0a</load_address>
         <run_address>0x302a0a</run_address>
         <size>0x61</size>
         <input_file_ref idref="fl-14"/>
      </object_component>
      <object_component id="oc-2ba">
         <name>.text:_ti_sysbios_heaps_HeapMem_allocUnprotected__E</name>
         <load_address>0x302a6b</load_address>
         <run_address>0x302a6b</run_address>
         <size>0x5e</size>
         <input_file_ref idref="fl-23"/>
      </object_component>
      <object_component id="oc-2a9">
         <name>.text:_pre_init</name>
         <load_address>0x302ac9</load_address>
         <run_address>0x302ac9</run_address>
         <size>0x5c</size>
         <input_file_ref idref="fl-4"/>
      </object_component>
      <object_component id="oc-346">
         <name>.text</name>
         <load_address>0x302b25</load_address>
         <run_address>0x302b25</run_address>
         <size>0x5a</size>
         <input_file_ref idref="fl-5c"/>
      </object_component>
      <object_component id="oc-2f1">
         <name>.text:_InitPeripheralClocks</name>
         <load_address>0x302b7f</load_address>
         <run_address>0x302b7f</run_address>
         <size>0x56</size>
         <input_file_ref idref="fl-12"/>
      </object_component>
      <object_component id="oc-2de">
         <name>.text:_LCDvPrintfLine</name>
         <load_address>0x302bd5</load_address>
         <run_address>0x302bd5</run_address>
         <size>0x54</size>
         <input_file_ref idref="fl-7"/>
      </object_component>
      <object_component id="oc-295">
         <name>.text:_ti_sysbios_knl_Task_sleep__E</name>
         <load_address>0x302c29</load_address>
         <run_address>0x302c29</run_address>
         <size>0x53</size>
         <input_file_ref idref="fl-23"/>
      </object_component>
      <object_component id="oc-2f0">
         <name>.text:_InitPll</name>
         <load_address>0x302c7c</load_address>
         <run_address>0x302c7c</run_address>
         <size>0x51</size>
         <input_file_ref idref="fl-12"/>
      </object_component>
      <object_component id="oc-250">
         <name>.text:_ti_sysbios_knl_Clock_workFunc__E</name>
         <load_address>0x302ccd</load_address>
         <run_address>0x302ccd</run_address>
         <size>0x4d</size>
         <input_file_ref idref="fl-23"/>
      </object_component>
      <object_component id="oc-3a2">
         <name>.text:_ti_sysbios_family_c28_Hwi_dispatchCore__I</name>
         <load_address>0x302d1a</load_address>
         <run_address>0x302d1a</run_address>
         <size>0x4c</size>
         <input_file_ref idref="fl-23"/>
      </object_component>
      <object_component id="oc-3a5">
         <name>.text:_xdc_runtime_Text_putLab__E</name>
         <load_address>0x302d66</load_address>
         <run_address>0x302d66</run_address>
         <size>0x4b</size>
         <input_file_ref idref="fl-33"/>
      </object_component>
      <object_component id="oc-2fa">
         <name>.text:_ti_sysbios_family_c28_TimestampProvider_get64__E</name>
         <load_address>0x302db1</load_address>
         <run_address>0x302db1</run_address>
         <size>0x48</size>
         <input_file_ref idref="fl-23"/>
      </object_component>
      <object_component id="oc-356">
         <name>.text:_ti_sysbios_family_c28_Hwi_Module_startup__E</name>
         <load_address>0x302df9</load_address>
         <run_address>0x302df9</run_address>
         <size>0x47</size>
         <input_file_ref idref="fl-23"/>
      </object_component>
      <object_component id="oc-374">
         <name>.text:_ti_sysbios_knl_Task_postInit__I</name>
         <load_address>0x302e40</load_address>
         <run_address>0x302e40</run_address>
         <size>0x47</size>
         <input_file_ref idref="fl-23"/>
      </object_component>
      <object_component id="oc-26f">
         <name>.text:_ti_sysbios_heaps_HeapMem_alloc__E</name>
         <load_address>0x302e87</load_address>
         <run_address>0x302e87</run_address>
         <size>0x46</size>
         <input_file_ref idref="fl-23"/>
      </object_component>
      <object_component id="oc-337">
         <name>.text:_ti_sysbios_knl_Swi_run__I</name>
         <load_address>0x302ecd</load_address>
         <run_address>0x302ecd</run_address>
         <size>0x46</size>
         <input_file_ref idref="fl-23"/>
      </object_component>
      <object_component id="oc-36c">
         <name>.text:_ti_sysbios_family_c28_Timer_postInit__I</name>
         <load_address>0x302f13</load_address>
         <run_address>0x302f13</run_address>
         <size>0x43</size>
         <input_file_ref idref="fl-23"/>
      </object_component>
      <object_component id="oc-fd">
         <name>.text:_ti_sysbios_family_c28_Hwi_unPluggedInterrupt__I</name>
         <load_address>0x302f56</load_address>
         <run_address>0x302f56</run_address>
         <size>0x42</size>
         <input_file_ref idref="fl-23"/>
      </object_component>
      <object_component id="oc-378">
         <name>.text:_xdc_runtime_Text_putMod__E</name>
         <load_address>0x302f98</load_address>
         <run_address>0x302f98</run_address>
         <size>0x3f</size>
         <input_file_ref idref="fl-33"/>
      </object_component>
      <object_component id="oc-3a6">
         <name>.text:_ti_sysbios_knl_Swi_restoreHwi__E</name>
         <load_address>0x302fd7</load_address>
         <run_address>0x302fd7</run_address>
         <size>0x3e</size>
         <input_file_ref idref="fl-23"/>
      </object_component>
      <object_component id="oc-27d">
         <name>.text:_xdc_runtime_LoggerBuf_getFilterLevel__E</name>
         <load_address>0x303015</load_address>
         <run_address>0x303015</run_address>
         <size>0x3d</size>
         <input_file_ref idref="fl-2e"/>
      </object_component>
      <object_component id="oc-253">
         <name>.text:_compassTask</name>
         <load_address>0x303052</load_address>
         <run_address>0x303052</run_address>
         <size>0x3c</size>
         <input_file_ref idref="fl-14"/>
      </object_component>
      <object_component id="oc-27c">
         <name>.text:_xdc_runtime_LoggerBuf_setFilterLevel__E</name>
         <load_address>0x30308e</load_address>
         <run_address>0x30308e</run_address>
         <size>0x3c</size>
         <input_file_ref idref="fl-2e"/>
      </object_component>
      <object_component id="oc-397">
         <name>.text:_xdc_runtime_System_formatNum__I</name>
         <load_address>0x3030ca</load_address>
         <run_address>0x3030ca</run_address>
         <size>0x3c</size>
         <input_file_ref idref="fl-31"/>
      </object_component>
      <object_component id="oc-393">
         <name>.text:_ti_sysbios_family_c28_TaskSupport_start__E</name>
         <load_address>0x303106</load_address>
         <run_address>0x303106</run_address>
         <size>0x3a</size>
         <input_file_ref idref="fl-23"/>
      </object_component>
      <object_component id="oc-377">
         <name>.text</name>
         <load_address>0x303140</load_address>
         <run_address>0x303140</run_address>
         <size>0x38</size>
         <input_file_ref idref="fl-51"/>
      </object_component>
      <object_component id="oc-29b">
         <name>.text:_serial_recv_ready</name>
         <load_address>0x303178</load_address>
         <run_address>0x303178</run_address>
         <size>0x37</size>
         <input_file_ref idref="fl-7"/>
      </object_component>
      <object_component id="oc-2be">
         <name>.text:_ti_sysbios_heaps_HeapMem_freeUnprotected__E</name>
         <load_address>0x3031af</load_address>
         <run_address>0x3031af</run_address>
         <size>0x36</size>
         <input_file_ref idref="fl-23"/>
      </object_component>
      <object_component id="oc-2d8">
         <name>.text:_ti_sysbios_knl_Task_startCore__E</name>
         <load_address>0x3031e5</load_address>
         <run_address>0x3031e5</run_address>
         <size>0x35</size>
         <input_file_ref idref="fl-23"/>
      </object_component>
      <object_component id="oc-301">
         <name>.text:_ti_sysbios_family_c28_Hwi_enableInterrupt__E</name>
         <load_address>0x30321a</load_address>
         <run_address>0x30321a</run_address>
         <size>0x33</size>
         <input_file_ref idref="fl-23"/>
      </object_component>
      <object_component id="oc-2dd">
         <name>.text:_EQEP_read</name>
         <load_address>0x30324d</load_address>
         <run_address>0x30324d</run_address>
         <size>0x32</size>
         <input_file_ref idref="fl-3"/>
      </object_component>
      <object_component id="oc-35a">
         <name>.text:_ti_sysbios_knl_Task_Module_startup__E</name>
         <load_address>0x30327f</load_address>
         <run_address>0x30327f</run_address>
         <size>0x32</size>
         <input_file_ref idref="fl-23"/>
      </object_component>
      <object_component id="oc-39f">
         <name>.text:_xdc_runtime_Text_visitRope2__I</name>
         <load_address>0x3032b1</load_address>
         <run_address>0x3032b1</run_address>
         <size>0x32</size>
         <input_file_ref idref="fl-33"/>
      </object_component>
      <object_component id="oc-29a">
         <name>.text:_serial_send</name>
         <load_address>0x3032e3</load_address>
         <run_address>0x3032e3</run_address>
         <size>0x31</size>
         <input_file_ref idref="fl-7"/>
      </object_component>
      <object_component id="oc-344">
         <name>.text</name>
         <load_address>0x303314</load_address>
         <run_address>0x303314</run_address>
         <size>0x31</size>
         <input_file_ref idref="fl-55"/>
      </object_component>
      <object_component id="oc-34f">
         <name>.text:_xdc_runtime_Error_print__E</name>
         <load_address>0x303345</load_address>
         <run_address>0x303345</run_address>
         <size>0x30</size>
         <input_file_ref idref="fl-2c"/>
      </object_component>
      <object_component id="oc-311">
         <name>.text:_xdc_runtime_Error_setX__E</name>
         <load_address>0x303375</load_address>
         <run_address>0x303375</run_address>
         <size>0x30</size>
         <input_file_ref idref="fl-2c"/>
      </object_component>
      <object_component id="oc-30a">
         <name>.text</name>
         <load_address>0x3033a5</load_address>
         <run_address>0x3033a5</run_address>
         <size>0x30</size>
         <input_file_ref idref="fl-53"/>
      </object_component>
      <object_component id="oc-241">
         <name>.text:_xdc_runtime_Startup_exec__E</name>
         <load_address>0x3033d5</load_address>
         <run_address>0x3033d5</run_address>
         <size>0x2f</size>
         <input_file_ref idref="fl-30"/>
      </object_component>
      <object_component id="oc-262">
         <name>.text:.bootCodeSection:_ti_catalog_c2800_init_Boot_configurePll2802x</name>
         <load_address>0x303404</load_address>
         <run_address>0x303404</run_address>
         <size>0x2e</size>
         <input_file_ref idref="fl-28"/>
      </object_component>
      <object_component id="oc-2ad">
         <name>.text:_InitMcbspb</name>
         <load_address>0x303432</load_address>
         <run_address>0x303432</run_address>
         <size>0x2e</size>
         <input_file_ref idref="fl-f"/>
      </object_component>
      <object_component id="oc-2ac">
         <name>.text:_InitMcbspbGpio</name>
         <load_address>0x303460</load_address>
         <run_address>0x303460</run_address>
         <size>0x2e</size>
         <input_file_ref idref="fl-f"/>
      </object_component>
      <object_component id="oc-30c">
         <name>.text:_ti_sysbios_knl_Swi_runLoop__I</name>
         <load_address>0x30348e</load_address>
         <run_address>0x30348e</run_address>
         <size>0x2e</size>
         <input_file_ref idref="fl-23"/>
      </object_component>
      <object_component id="oc-2e0">
         <name>.text:_ti_sysbios_knl_Swi_schedule__I</name>
         <load_address>0x3034bc</load_address>
         <run_address>0x3034bc</run_address>
         <size>0x2e</size>
         <input_file_ref idref="fl-23"/>
      </object_component>
      <object_component id="oc-30f">
         <name>.text:_ti_sysbios_knl_Task_schedule__I</name>
         <load_address>0x3034ea</load_address>
         <run_address>0x3034ea</run_address>
         <size>0x2e</size>
         <input_file_ref idref="fl-23"/>
      </object_component>
      <object_component id="oc-345">
         <name>.text</name>
         <load_address>0x303518</load_address>
         <run_address>0x303518</run_address>
         <size>0x2e</size>
         <input_file_ref idref="fl-57"/>
      </object_component>
      <object_component id="oc-342">
         <name>.text:_ti_sysbios_family_c28_Hwi_getInterruptFlag__E</name>
         <load_address>0x303546</load_address>
         <run_address>0x303546</run_address>
         <size>0x2d</size>
         <input_file_ref idref="fl-23"/>
      </object_component>
      <object_component id="oc-33e">
         <name>.text:_ti_sysbios_family_c28_Hwi_getStackInfo__E</name>
         <load_address>0x303573</load_address>
         <run_address>0x303573</run_address>
         <size>0x2d</size>
         <input_file_ref idref="fl-23"/>
      </object_component>
      <object_component id="oc-272">
         <name>.text:_ti_sysbios_heaps_HeapMem_getStats__E</name>
         <load_address>0x3035a0</load_address>
         <run_address>0x3035a0</run_address>
         <size>0x2d</size>
         <input_file_ref idref="fl-23"/>
      </object_component>
      <object_component id="oc-2dc">
         <name>.text:_ti_sysbios_knl_Semaphore_post__E</name>
         <load_address>0x3035cd</load_address>
         <run_address>0x3035cd</run_address>
         <size>0x2d</size>
         <input_file_ref idref="fl-23"/>
      </object_component>
      <object_component id="oc-2d5">
         <name>.text:_ti_sysbios_family_c28_Timer_start__E</name>
         <load_address>0x3035fa</load_address>
         <run_address>0x3035fa</run_address>
         <size>0x2c</size>
         <input_file_ref idref="fl-23"/>
      </object_component>
      <object_component id="oc-32c">
         <name>.text:_ti_sysbios_family_c28_Hwi_disablePIEIER__E</name>
         <load_address>0x303626</load_address>
         <run_address>0x303626</run_address>
         <size>0x2b</size>
         <input_file_ref idref="fl-23"/>
      </object_component>
      <object_component id="oc-32b">
         <name>.text:_ti_sysbios_family_c28_Hwi_enablePIEIER__E</name>
         <load_address>0x303651</load_address>
         <run_address>0x303651</run_address>
         <size>0x2a</size>
         <input_file_ref idref="fl-23"/>
      </object_component>
      <object_component id="oc-1f9">
         <name>.text</name>
         <load_address>0x30367b</load_address>
         <run_address>0x30367b</run_address>
         <size>0x2a</size>
         <input_file_ref idref="fl-5f"/>
      </object_component>
      <object_component id="oc-177">
         <name>.text</name>
         <load_address>0x3036a5</load_address>
         <run_address>0x3036a5</run_address>
         <size>0x2a</size>
         <input_file_ref idref="fl-46"/>
      </object_component>
      <object_component id="oc-327">
         <name>.text:_ti_sysbios_family_c28_Timer_getExpiredCounts64__E</name>
         <load_address>0x3036cf</load_address>
         <run_address>0x3036cf</run_address>
         <size>0x29</size>
         <input_file_ref idref="fl-23"/>
      </object_component>
      <object_component id="oc-2f9">
         <name>.text</name>
         <load_address>0x3036f8</load_address>
         <run_address>0x3036f8</run_address>
         <size>0x29</size>
         <input_file_ref idref="fl-4b"/>
      </object_component>
      <object_component id="oc-379">
         <name>.text:_xdc_runtime_Text_xprintf__I</name>
         <load_address>0x303721</load_address>
         <run_address>0x303721</run_address>
         <size>0x28</size>
         <input_file_ref idref="fl-33"/>
      </object_component>
      <object_component id="oc-2ec">
         <name>.text:_ti_sysbios_heaps_HeapMem_init__I</name>
         <load_address>0x303749</load_address>
         <run_address>0x303749</run_address>
         <size>0x27</size>
         <input_file_ref idref="fl-23"/>
      </object_component>
      <object_component id="oc-2f5">
         <name>.text:_InitSpiaGpio</name>
         <load_address>0x303770</load_address>
         <run_address>0x303770</run_address>
         <size>0x26</size>
         <input_file_ref idref="fl-11"/>
      </object_component>
      <object_component id="oc-325">
         <name>.text:_xdc_runtime_SysMin_flush__E</name>
         <load_address>0x303796</load_address>
         <run_address>0x303796</run_address>
         <size>0x26</size>
         <input_file_ref idref="fl-32"/>
      </object_component>
      <object_component id="oc-39e">
         <name>.text:_ti_sysbios_family_c28_TaskSupport_buildTaskStack</name>
         <load_address>0x3037bc</load_address>
         <run_address>0x3037bc</run_address>
         <size>0x25</size>
         <input_file_ref idref="fl-27"/>
      </object_component>
      <object_component id="oc-328">
         <name>.text:_ti_sysbios_family_c28_Timer_getExpiredCounts__E</name>
         <load_address>0x3037e1</load_address>
         <run_address>0x3037e1</run_address>
         <size>0x25</size>
         <input_file_ref idref="fl-23"/>
      </object_component>
      <object_component id="oc-391">
         <name>.text:_ti_sysbios_family_c28_Hwi_disableInterrupt__E</name>
         <load_address>0x303806</load_address>
         <run_address>0x303806</run_address>
         <size>0x24</size>
         <input_file_ref idref="fl-23"/>
      </object_component>
      <object_component id="oc-294">
         <name>.text:_ti_sysbios_knl_Swi_post__E</name>
         <load_address>0x30382a</load_address>
         <run_address>0x30382a</run_address>
         <size>0x24</size>
         <input_file_ref idref="fl-23"/>
      </object_component>
      <object_component id="oc-240">
         <name>.text</name>
         <load_address>0x30384e</load_address>
         <run_address>0x30384e</run_address>
         <size>0x24</size>
         <input_file_ref idref="fl-47"/>
      </object_component>
      <object_component id="oc-35f">
         <name>.text</name>
         <load_address>0x303872</load_address>
         <run_address>0x303872</run_address>
         <size>0x24</size>
         <input_file_ref idref="fl-6c"/>
      </object_component>
      <object_component id="oc-268">
         <name>.text:_xdc_runtime_System_processAtExit__E</name>
         <load_address>0x303896</load_address>
         <run_address>0x303896</run_address>
         <size>0x23</size>
         <input_file_ref idref="fl-31"/>
      </object_component>
      <object_component id="oc-270">
         <name>.text:_ti_sysbios_heaps_HeapMem_free__E</name>
         <load_address>0x3038b9</load_address>
         <run_address>0x3038b9</run_address>
         <size>0x21</size>
         <input_file_ref idref="fl-23"/>
      </object_component>
      <object_component id="oc-302">
         <name>.text:_ti_sysbios_knl_Task_allBlockedFunction__I</name>
         <load_address>0x3038da</load_address>
         <run_address>0x3038da</run_address>
         <size>0x21</size>
         <input_file_ref idref="fl-23"/>
      </object_component>
      <object_component id="oc-212">
         <name>.text</name>
         <load_address>0x3038fb</load_address>
         <run_address>0x3038fb</run_address>
         <size>0x21</size>
         <input_file_ref idref="fl-64"/>
      </object_component>
      <object_component id="oc-37f">
         <name>.text:_ti_sysbios_family_c28_Timer_setPrescale__E</name>
         <load_address>0x30391c</load_address>
         <run_address>0x30391c</run_address>
         <size>0x20</size>
         <input_file_ref idref="fl-23"/>
      </object_component>
      <object_component id="oc-2e6">
         <name>.text:_ti_sysbios_knl_Task_yield__E</name>
         <load_address>0x30393c</load_address>
         <run_address>0x30393c</run_address>
         <size>0x20</size>
         <input_file_ref idref="fl-23"/>
      </object_component>
      <object_component id="oc-281">
         <name>.text:_xdc_runtime_System_atexit__E</name>
         <load_address>0x30395c</load_address>
         <run_address>0x30395c</run_address>
         <size>0x20</size>
         <input_file_ref idref="fl-31"/>
      </object_component>
      <object_component id="oc-381">
         <name>.text:_ti_sysbios_knl_Task_exit__E</name>
         <load_address>0x30397c</load_address>
         <run_address>0x30397c</run_address>
         <size>0x1f</size>
         <input_file_ref idref="fl-23"/>
      </object_component>
      <object_component id="oc-2c2">
         <name>.text:_xdc_runtime_LoggerBuf_filterOutEvent__I</name>
         <load_address>0x30399b</load_address>
         <run_address>0x30399b</run_address>
         <size>0x1f</size>
         <input_file_ref idref="fl-2e"/>
      </object_component>
      <object_component id="oc-217">
         <name>.text</name>
         <load_address>0x3039ba</load_address>
         <run_address>0x3039ba</run_address>
         <size>0x1f</size>
         <input_file_ref idref="fl-65"/>
      </object_component>
      <object_component id="oc-2e3">
         <name>.text:_ti_sysbios_knl_Task_blockI__E</name>
         <load_address>0x3039d9</load_address>
         <run_address>0x3039d9</run_address>
         <size>0x1e</size>
         <input_file_ref idref="fl-23"/>
      </object_component>
      <object_component id="oc-364">
         <name>.text:_xdc_runtime_SysMin_putch__E</name>
         <load_address>0x3039f7</load_address>
         <run_address>0x3039f7</run_address>
         <size>0x1e</size>
         <input_file_ref idref="fl-32"/>
      </object_component>
      <object_component id="oc-221">
         <name>.text</name>
         <load_address>0x303a15</load_address>
         <run_address>0x303a15</run_address>
         <size>0x1e</size>
         <input_file_ref idref="fl-67"/>
      </object_component>
      <object_component id="oc-263">
         <name>.text</name>
         <load_address>0x303a33</load_address>
         <run_address>0x303a33</run_address>
         <size>0x1e</size>
         <input_file_ref idref="fl-48"/>
      </object_component>
      <object_component id="oc-335">
         <name>.text:_ti_sysbios_family_c28_TaskSupport_swap__E</name>
         <load_address>0x303a51</load_address>
         <run_address>0x303a51</run_address>
         <size>0x1d</size>
         <input_file_ref idref="fl-27"/>
      </object_component>
      <object_component id="oc-226">
         <name>.text</name>
         <load_address>0x303a6e</load_address>
         <run_address>0x303a6e</run_address>
         <size>0x1d</size>
         <input_file_ref idref="fl-68"/>
      </object_component>
      <object_component id="oc-338">
         <name>.text:_ti_sysbios_hal_Hwi_checkStack</name>
         <load_address>0x303a8b</load_address>
         <run_address>0x303a8b</run_address>
         <size>0x1c</size>
         <input_file_ref idref="fl-23"/>
      </object_component>
      <object_component id="oc-35c">
         <name>.text:_xdc_runtime_SysMin_output__I</name>
         <load_address>0x303aa7</load_address>
         <run_address>0x303aa7</run_address>
         <size>0x1c</size>
         <input_file_ref idref="fl-1b"/>
      </object_component>
      <object_component id="oc-230">
         <name>.text</name>
         <load_address>0x303ac3</load_address>
         <run_address>0x303ac3</run_address>
         <size>0x1c</size>
         <input_file_ref idref="fl-6a"/>
      </object_component>
      <object_component id="oc-22b">
         <name>.text</name>
         <load_address>0x303adf</load_address>
         <run_address>0x303adf</run_address>
         <size>0x1c</size>
         <input_file_ref idref="fl-69"/>
      </object_component>
      <object_component id="oc-399">
         <name>.text:_ti_sysbios_family_c28_Hwi_switchAndDispatch__I</name>
         <load_address>0x303afb</load_address>
         <run_address>0x303afb</run_address>
         <size>0x1b</size>
         <input_file_ref idref="fl-24"/>
      </object_component>
      <object_component id="oc-2ed">
         <name>.text:_ti_sysbios_hal_Hwi_initStack</name>
         <load_address>0x303b16</load_address>
         <run_address>0x303b16</run_address>
         <size>0x1b</size>
         <input_file_ref idref="fl-23"/>
      </object_component>
      <object_component id="oc-392">
         <name>.text:_ti_sysbios_knl_Task_processVitalTaskFlag__I</name>
         <load_address>0x303b31</load_address>
         <run_address>0x303b31</run_address>
         <size>0x1b</size>
         <input_file_ref idref="fl-23"/>
      </object_component>
      <object_component id="oc-28a">
         <name>.text:_ti_sysbios_gates_GateMutex_enter__E</name>
         <load_address>0x303b4c</load_address>
         <run_address>0x303b4c</run_address>
         <size>0x1a</size>
         <input_file_ref idref="fl-23"/>
      </object_component>
      <object_component id="oc-2e2">
         <name>.text:_ti_sysbios_knl_Clock_addI__E</name>
         <load_address>0x303b66</load_address>
         <run_address>0x303b66</run_address>
         <size>0x1a</size>
         <input_file_ref idref="fl-23"/>
      </object_component>
      <object_component id="oc-37a">
         <name>.text:_xdc_runtime_System_avprintf__E</name>
         <load_address>0x303b80</load_address>
         <run_address>0x303b80</run_address>
         <size>0x1a</size>
         <input_file_ref idref="fl-31"/>
      </object_component>
      <object_component id="oc-2b1">
         <name>.text:_Init_i2c</name>
         <load_address>0x303b9a</load_address>
         <run_address>0x303b9a</run_address>
         <size>0x19</size>
         <input_file_ref idref="fl-14"/>
      </object_component>
      <object_component id="oc-273">
         <name>.text:_start_SPI</name>
         <load_address>0x303bb3</load_address>
         <run_address>0x303bb3</run_address>
         <size>0x19</size>
         <input_file_ref idref="fl-8"/>
      </object_component>
      <object_component id="oc-2d7">
         <name>.text:_ti_sysbios_knl_Swi_restore__E</name>
         <load_address>0x303bcc</load_address>
         <run_address>0x303bcc</run_address>
         <size>0x19</size>
         <input_file_ref idref="fl-23"/>
      </object_component>
      <object_component id="oc-398">
         <name>.text:_xdc_runtime_System_putchar__I</name>
         <load_address>0x303be5</load_address>
         <run_address>0x303be5</run_address>
         <size>0x19</size>
         <input_file_ref idref="fl-31"/>
      </object_component>
      <object_component id="oc-37b">
         <name>.text:_xdc_runtime_System_vprintf__E</name>
         <load_address>0x303bfe</load_address>
         <run_address>0x303bfe</run_address>
         <size>0x19</size>
         <input_file_ref idref="fl-31"/>
      </object_component>
      <object_component id="oc-243">
         <name>.text</name>
         <load_address>0x303c17</load_address>
         <run_address>0x303c17</run_address>
         <size>0x19</size>
         <input_file_ref idref="fl-4d"/>
      </object_component>
      <object_component id="oc-2b2">
         <name>.text:_post_init</name>
         <load_address>0x303c30</load_address>
         <run_address>0x303c30</run_address>
         <size>0x18</size>
         <input_file_ref idref="fl-4"/>
      </object_component>
      <object_component id="oc-30d">
         <name>.text:_ti_sysbios_family_xxx_Hwi_switchAndRunFunc</name>
         <load_address>0x303c48</load_address>
         <run_address>0x303c48</run_address>
         <size>0x18</size>
         <input_file_ref idref="fl-24"/>
      </object_component>
      <object_component id="oc-367">
         <name>.text:_xdc_runtime_LoggerBuf_reset__E</name>
         <load_address>0x303c60</load_address>
         <run_address>0x303c60</run_address>
         <size>0x18</size>
         <input_file_ref idref="fl-2e"/>
      </object_component>
      <object_component id="oc-38c">
         <name>.text:_xdc_runtime_Text_printVisFxn__I</name>
         <load_address>0x303c78</load_address>
         <run_address>0x303c78</run_address>
         <size>0x18</size>
         <input_file_ref idref="fl-33"/>
      </object_component>
      <object_component id="oc-21c">
         <name>.text</name>
         <load_address>0x303c90</load_address>
         <run_address>0x303c90</run_address>
         <size>0x18</size>
         <input_file_ref idref="fl-66"/>
      </object_component>
      <object_component id="oc-283">
         <name>.text:_ti_sysbios_family_c28_Timer_startup__E</name>
         <load_address>0x303ca8</load_address>
         <run_address>0x303ca8</run_address>
         <size>0x17</size>
         <input_file_ref idref="fl-23"/>
      </object_component>
      <object_component id="oc-252">
         <name>.text:_ti_sysbios_knl_Clock_doTick__I</name>
         <load_address>0x303cbf</load_address>
         <run_address>0x303cbf</run_address>
         <size>0x17</size>
         <input_file_ref idref="fl-1b"/>
      </object_component>
      <object_component id="oc-307">
         <name>.text:_ti_sysbios_knl_Semaphore_pendTimeout__I</name>
         <load_address>0x303cd6</load_address>
         <run_address>0x303cd6</run_address>
         <size>0x17</size>
         <input_file_ref idref="fl-23"/>
      </object_component>
      <object_component id="oc-2e4">
         <name>.text:_ti_sysbios_knl_Task_restore__E</name>
         <load_address>0x303ced</load_address>
         <run_address>0x303ced</run_address>
         <size>0x17</size>
         <input_file_ref idref="fl-23"/>
      </object_component>
      <object_component id="oc-309">
         <name>.text:_ti_sysbios_knl_Task_unblockI__E</name>
         <load_address>0x303d04</load_address>
         <run_address>0x303d04</run_address>
         <size>0x17</size>
         <input_file_ref idref="fl-23"/>
      </object_component>
      <object_component id="oc-352">
         <name>.text:_xdc_runtime_LoggerBuf_Module_startup__E</name>
         <load_address>0x303d1b</load_address>
         <run_address>0x303d1b</run_address>
         <size>0x17</size>
         <input_file_ref idref="fl-2e"/>
      </object_component>
      <object_component id="oc-2b0">
         <name>.text:_InitI2CGpio</name>
         <load_address>0x303d32</load_address>
         <run_address>0x303d32</run_address>
         <size>0x16</size>
         <input_file_ref idref="fl-14"/>
      </object_component>
      <object_component id="oc-2f4">
         <name>.text:_clkg_delay_loop</name>
         <load_address>0x303d48</load_address>
         <run_address>0x303d48</run_address>
         <size>0x16</size>
         <input_file_ref idref="fl-f"/>
      </object_component>
      <object_component id="oc-2f3">
         <name>.text:_delay_loop</name>
         <load_address>0x303d5e</load_address>
         <run_address>0x303d5e</run_address>
         <size>0x16</size>
         <input_file_ref idref="fl-f"/>
      </object_component>
      <object_component id="oc-280">
         <name>.text:_ti_sysbios_BIOS_atExitFunc__I</name>
         <load_address>0x303d74</load_address>
         <run_address>0x303d74</run_address>
         <size>0x16</size>
         <input_file_ref idref="fl-1b"/>
      </object_component>
      <object_component id="oc-357">
         <name>.text:_ti_sysbios_family_c28_Timer_Module_startup__E</name>
         <load_address>0x303d8a</load_address>
         <run_address>0x303d8a</run_address>
         <size>0x16</size>
         <input_file_ref idref="fl-23"/>
      </object_component>
      <object_component id="oc-350">
         <name>.text:_xdc_runtime_SysMin_abort__E</name>
         <load_address>0x303da0</load_address>
         <run_address>0x303da0</run_address>
         <size>0x16</size>
         <input_file_ref idref="fl-32"/>
      </object_component>
      <object_component id="oc-24c">
         <name>.text:_ti_sysbios_BIOS_startFunc__I</name>
         <load_address>0x303db6</load_address>
         <run_address>0x303db6</run_address>
         <size>0x15</size>
         <input_file_ref idref="fl-1b"/>
      </object_component>
      <object_component id="oc-359">
         <name>.text:_ti_sysbios_knl_Swi_Module_startup__E</name>
         <load_address>0x303dcb</load_address>
         <run_address>0x303dcb</run_address>
         <size>0x15</size>
         <input_file_ref idref="fl-23"/>
      </object_component>
      <object_component id="oc-298">
         <name>.text:_ti_sysbios_knl_Idle_run__E</name>
         <load_address>0x303de0</load_address>
         <run_address>0x303de0</run_address>
         <size>0x14</size>
         <input_file_ref idref="fl-23"/>
      </object_component>
      <object_component id="oc-2a3">
         <name>.text:_MemCopy</name>
         <load_address>0x303df4</load_address>
         <run_address>0x303df4</run_address>
         <size>0x13</size>
         <input_file_ref idref="fl-16"/>
      </object_component>
      <object_component id="oc-260">
         <name>.text:_xdc_runtime_Error_raiseX__E</name>
         <load_address>0x303e07</load_address>
         <run_address>0x303e07</run_address>
         <size>0x13</size>
         <input_file_ref idref="fl-2c"/>
      </object_component>
      <object_component id="oc-358">
         <name>.text:_ti_sysbios_knl_Clock_Module_startup__E</name>
         <load_address>0x303e1a</load_address>
         <run_address>0x303e1a</run_address>
         <size>0x12</size>
         <input_file_ref idref="fl-23"/>
      </object_component>
      <object_component id="oc-2f2">
         <name>.text:_init_buffer</name>
         <load_address>0x303e2c</load_address>
         <run_address>0x303e2c</run_address>
         <size>0x11</size>
         <input_file_ref idref="fl-7"/>
      </object_component>
      <object_component id="oc-39a">
[...]
         <name>_ti_catalog_c2800_init_Boot_disableWatchdog</name>
         <value>0x303e7e</value>
         <object_component_ref idref="oc-261"/>
      </symbol>
      <symbol id="sm-975">
         <name>_ti_catalog_c2800_init_Boot_defaultLimpAbortFunction</name>
         <value>0x3041c6</value>
         <object_component_ref idref="oc-2ea"/>
      </symbol>
      <symbol id="sm-9b9">
         <name>_xdc_runtime_Error_getSite__E</name>
         <value>0x3041d0</value>
         <object_component_ref idref="oc-360"/>
      </symbol>
      <symbol id="sm-9ba">
         <name>_xdc_runtime_Error_print__E</name>
         <value>0x303345</value>
         <object_component_ref idref="oc-34f"/>
      </symbol>
      <symbol id="sm-9bb">
         <name>_xdc_runtime_Error_policyDefault__E</name>
         <value>0x301fd0</value>
         <object_component_ref idref="oc-2e9"/>
      </symbol>
      <symbol id="sm-9bc">
         <name>_xdc_runtime_Error_init__E</name>
         <value>0x304038</value>
         <object_component_ref idref="oc-2c8"/>
      </symbol>
      <symbol id="sm-9bd">
         <name>_xdc_runtime_Error_raiseX__E</name>
         <value>0x303e07</value>
         <object_component_ref idref="oc-260"/>
      </symbol>
      <symbol id="sm-9be">
         <name>_xdc_runtime_Error_setX__E</name>
         <value>0x303375</value>
         <object_component_ref idref="oc-311"/>
      </symbol>
      <symbol id="sm-9cc">
         <name>_xdc_runtime_Gate_leaveSystem__E</name>
         <value>0x304138</value>
         <object_component_ref idref="oc-2d1"/>
      </symbol>
      <symbol id="sm-9cd">
         <name>_xdc_runtime_Gate_enterSystem__E</name>
         <value>0x304132</value>
         <object_component_ref idref="oc-2b4"/>
      </symbol>
      <symbol id="sm-a16">
         <name>_xdc_runtime_LoggerBuf_write0__E</name>
         <value>0x303f4e</value>
         <object_component_ref idref="oc-277"/>
      </symbol>
      <symbol id="sm-a17">
         <name>_xdc_runtime_LoggerBuf_Module_startup__E</name>
         <value>0x303d1b</value>
         <object_component_ref idref="oc-352"/>
      </symbol>
      <symbol id="sm-a18">
         <name>_xdc_runtime_LoggerBuf_reset__E</name>
         <value>0x303c60</value>
         <object_component_ref idref="oc-367"/>
      </symbol>
      <symbol id="sm-a19">
         <name>_xdc_runtime_LoggerBuf_write4__E</name>
         <value>0x302353</value>
         <object_component_ref idref="oc-27a"/>
      </symbol>
      <symbol id="sm-a1a">
         <name>_xdc_runtime_LoggerBuf_getFilterLevel__E</name>
         <value>0x303015</value>
         <object_component_ref idref="oc-27d"/>
      </symbol>
      <symbol id="sm-a1b">
         <name>_xdc_runtime_LoggerBuf_disable__E</name>
         <value>0x30414e</value>
         <object_component_ref idref="oc-276"/>
      </symbol>
      <symbol id="sm-a1c">
         <name>_xdc_runtime_LoggerBuf_setFilterLevel__E</name>
         <value>0x30308e</value>
         <object_component_ref idref="oc-27c"/>
      </symbol>
      <symbol id="sm-a1d">
         <name>_xdc_runtime_LoggerBuf_write8__E</name>
         <value>0x301b5c</value>
         <object_component_ref idref="oc-27b"/>
      </symbol>
      <symbol id="sm-a1e">
         <name>_xdc_runtime_LoggerBuf_write2__E</name>
         <value>0x303e9c</value>
         <object_component_ref idref="oc-279"/>
      </symbol>
      <symbol id="sm-a1f">
         <name>_xdc_runtime_LoggerBuf_filterOutEvent__I</name>
         <value>0x30399b</value>
         <object_component_ref idref="oc-2c2"/>
      </symbol>
      <symbol id="sm-a20">
         <name>_xdc_runtime_LoggerBuf_write1__E</name>
         <value>0x303f5b</value>
         <object_component_ref idref="oc-278"/>
      </symbol>
      <symbol id="sm-a21">
         <name>_xdc_runtime_LoggerBuf_enable__E</name>
         <value>0x30413e</value>
         <object_component_ref idref="oc-275"/>
      </symbol>
      <symbol id="sm-a4c">
         <name>_xdc_runtime_Startup_startMods__I</name>
         <value>0x302777</value>
         <object_component_ref idref="oc-2ee"/>
      </symbol>
      <symbol id="sm-a4d">
         <name>_xdc_runtime_Startup_rtsDone__E</name>
         <value>0x304168</value>
         <object_component_ref idref="oc-27e"/>
      </symbol>
      <symbol id="sm-a4e">
         <name>_xdc_runtime_Startup_exec__E</name>
         <value>0x3033d5</value>
         <object_component_ref idref="oc-241"/>
      </symbol>
      <symbol id="sm-ad0">
         <name>_xdc_runtime_System_formatNum__I</name>
         <value>0x3030ca</value>
         <object_component_ref idref="oc-397"/>
      </symbol>
      <symbol id="sm-ad1">
         <name>_xdc_runtime_System_exit__E</name>
         <value>0x30402d</value>
         <object_component_ref idref="oc-244"/>
      </symbol>
      <symbol id="sm-ad2">
         <name>_xdc_runtime_System_exitStd__E</name>
         <value>0x3041c3</value>
         <object_component_ref idref="oc-2b6"/>
      </symbol>
      <symbol id="sm-ad3">
         <name>_xdc_runtime_System_printf_va__F</name>
         <value>0x303bfe</value>
         <object_component_ref idref="oc-37b"/>
      </symbol>
      <symbol id="sm-ad4">
         <name>_xdc_runtime_System_atexit__E</name>
         <value>0x30395c</value>
         <object_component_ref idref="oc-281"/>
      </symbol>
      <symbol id="sm-ad5">
         <name>_xdc_runtime_System_abortStd__E</name>
         <value>0x3041c0</value>
         <object_component_ref idref="oc-351"/>
      </symbol>
      <symbol id="sm-ad6">
         <name>_xdc_runtime_System_putchar__I</name>
         <value>0x303be5</value>
         <object_component_ref idref="oc-398"/>
      </symbol>
      <symbol id="sm-ad7">
         <name>_xdc_runtime_System_snprintf_va__F</name>
         <value>0x304042</value>
         <object_component_ref idref="oc-38d"/>
      </symbol>
      <symbol id="sm-ad8">
         <name>_xdc_runtime_System_Module_startup__E</name>
         <value>0x3041b1</value>
         <object_component_ref idref="oc-353"/>
      </symbol>
      <symbol id="sm-ad9">
         <name>_xdc_runtime_System_avprintf__E</name>
         <value>0x303b80</value>
         <object_component_ref idref="oc-37a"/>
      </symbol>
      <symbol id="sm-ada">
         <name>_xdc_runtime_System_vprintf__E</name>
         <value>0x303bfe</value>
         <object_component_ref idref="oc-37b"/>
      </symbol>
      <symbol id="sm-adb">
         <name>_xdc_runtime_System_aprintf_va__F</name>
         <value>0x303b80</value>
         <object_component_ref idref="oc-37a"/>
      </symbol>
      <symbol id="sm-adc">
         <name>_xdc_runtime_System_doPrint__I</name>
         <value>0x300eaa</value>
         <object_component_ref idref="oc-38f"/>
      </symbol>
      <symbol id="sm-add">
         <name>_xdc_runtime_System_processAtExit__E</name>
         <value>0x303896</value>
         <object_component_ref idref="oc-268"/>
      </symbol>
      <symbol id="sm-ade">
         <name>_xdc_runtime_System_vsnprintf__E</name>
         <value>0x304042</value>
         <object_component_ref idref="oc-38d"/>
      </symbol>
      <symbol id="sm-adf">
         <name>_xdc_runtime_System_abort__E</name>
         <value>0x303f68</value>
         <object_component_ref idref="oc-31c"/>
      </symbol>
      <symbol id="sm-afe">
         <name>_xdc_runtime_SysMin_abort__E</name>
         <value>0x303da0</value>
         <object_component_ref idref="oc-350"/>
      </symbol>
      <symbol id="sm-aff">
         <name>_xdc_runtime_SysMin_ready__E</name>
         <value>0x3040e2</value>
         <object_component_ref idref="oc-395"/>
      </symbol>
      <symbol id="sm-b00">
         <name>_xdc_runtime_SysMin_flush__E</name>
         <value>0x303796</value>
         <object_component_ref idref="oc-325"/>
      </symbol>
      <symbol id="sm-b01">
         <name>_xdc_runtime_SysMin_Module_startup__E</name>
         <value>0x303e6e</value>
         <object_component_ref idref="oc-354"/>
      </symbol>
      <symbol id="sm-b02">
         <name>_xdc_runtime_SysMin_putch__E</name>
         <value>0x3039f7</value>
         <object_component_ref idref="oc-364"/>
      </symbol>
      <symbol id="sm-b03">
         <name>_xdc_runtime_SysMin_exit__E</name>
         <value>0x304022</value>
         <object_component_ref idref="oc-2f8"/>
      </symbol>
      <symbol id="sm-b45">
         <name>_xdc_runtime_Text_putLab__E</name>
         <value>0x302d66</value>
         <object_component_ref idref="oc-3a5"/>
      </symbol>
      <symbol id="sm-b46">
         <name>_xdc_runtime_Text_printVisFxn__I</name>
         <value>0x303c78</value>
         <object_component_ref idref="oc-38c"/>
      </symbol>
      <symbol id="sm-b47">
         <name>_xdc_runtime_Text_putMod__E</name>
         <value>0x302f98</value>
         <object_component_ref idref="oc-378"/>
      </symbol>
      <symbol id="sm-b48">
         <name>_xdc_runtime_Text_xprintf__I</name>
         <value>0x303721</value>
         <object_component_ref idref="oc-379"/>
      </symbol>
      <symbol id="sm-b49">
         <name>_xdc_runtime_Text_visitRope2__I</name>
         <value>0x3032b1</value>
         <object_component_ref idref="oc-39f"/>
      </symbol>
      <symbol id="sm-b4a">
         <name>_xdc_runtime_Text_ropeText__E</name>
         <value>0x30404c</value>
         <object_component_ref idref="oc-33a"/>
      </symbol>
      <symbol id="sm-b4b">
         <name>_xdc_runtime_Text_putSite__E</name>
         <value>0x3028d0</value>
         <object_component_ref idref="oc-361"/>
      </symbol>
      <symbol id="sm-b57">
         <name>___xdc__init</name>
         <value>0x30416c</value>
         <object_component_ref idref="oc-245"/>
      </symbol>
      <symbol id="sm-b84">
         <name>_xdc_runtime_Registry_findById__E</name>
         <value>0x303eab</value>
         <object_component_ref idref="oc-38a"/>
      </symbol>
      <symbol id="sm-b9f">
         <name>_c_int00</name>
         <value>0x30293b</value>
         <object_component_ref idref="oc-49"/>
      </symbol>
      <symbol id="sm-ba0">
         <name>__stack</name>
         <value>0x98ea</value>
         <object_component_ref idref="oc-168"/>
      </symbol>
      <symbol id="sm-bb1">
         <name>FS$$DIV</name>
         <value>0x302469</value>
         <object_component_ref idref="oc-16d"/>
      </symbol>
      <symbol id="sm-bdd">
         <name>ULL$$MOD</name>
         <value>0x301903</value>
         <object_component_ref idref="oc-172"/>
      </symbol>
      <symbol id="sm-bde">
         <name>ULL$$DIV</name>
         <value>0x3018d4</value>
         <object_component_ref idref="oc-172"/>
      </symbol>
      <symbol id="sm-bdf">
         <name>LL$$MOD</name>
         <value>0x30189a</value>
         <object_component_ref idref="oc-172"/>
      </symbol>
      <symbol id="sm-be0">
         <name>LL$$DIV</name>
         <value>0x30185e</value>
         <object_component_ref idref="oc-172"/>
      </symbol>
      <symbol id="sm-bec">
         <name>UL$$MOD</name>
         <value>0x3036c9</value>
         <object_component_ref idref="oc-177"/>
      </symbol>
      <symbol id="sm-bed">
         <name>L$$MOD</name>
         <value>0x3036b4</value>
         <object_component_ref idref="oc-177"/>
      </symbol>
      <symbol id="sm-bee">
         <name>L$$DIV</name>
         <value>0x3036a5</value>
         <object_component_ref idref="oc-177"/>
      </symbol>
      <symbol id="sm-bef">
         <name>UL$$DIV</name>
         <value>0x3036c2</value>
         <object_component_ref idref="oc-177"/>
      </symbol>
      <symbol id="sm-bfe">
         <name>_copy_in</name>
         <value>0x30384e</value>
         <object_component_ref idref="oc-240"/>
      </symbol>
      <symbol id="sm-c0f">
         <name>_memcpy</name>
         <value>0x303a33</value>
         <object_component_ref idref="oc-263"/>
      </symbol>
      <symbol id="sm-c1b">
         <name>__system_pre_init</name>
         <value>0x3041d2</value>
         <object_component_ref idref="oc-23e"/>
      </symbol>
      <symbol id="sm-c27">
         <name>__system_post_cinit</name>
         <value>0x3041d7</value>
         <object_component_ref idref="oc-242"/>
      </symbol>
      <symbol id="sm-c3b">
         <name>C$$EXIT</name>
         <value>0x3036f8</value>
         <object_component_ref idref="oc-2f9"/>
      </symbol>
      <symbol id="sm-c3c">
         <name>_exit</name>
         <value>0x3036fa</value>
         <object_component_ref idref="oc-2f9"/>
      </symbol>
      <symbol id="sm-c3d">
         <name>___TI_cleanup_ptr</name>
         <value>0x8d3c</value>
         <object_component_ref idref="oc-192"/>
      </symbol>
      <symbol id="sm-c3e">
         <name>___TI_enable_exit_profile_output</name>
         <value>0x8d3a</value>
         <object_component_ref idref="oc-192"/>
      </symbol>
      <symbol id="sm-c3f">
         <name>_abort</name>
         <value>0x3036f8</value>
         <object_component_ref idref="oc-2f9"/>
      </symbol>
      <symbol id="sm-c40">
         <name>___TI_dtors_ptr</name>
         <value>0x8d3e</value>
         <object_component_ref idref="oc-192"/>
      </symbol>
      <symbol id="sm-c54">
         <name>__unlock</name>
         <value>0x97e6</value>
         <object_component_ref idref="oc-2fb"/>
      </symbol>
      <symbol id="sm-c55">
         <name>__lock</name>
         <value>0x97e4</value>
         <object_component_ref idref="oc-2fc"/>
      </symbol>
      <symbol id="sm-c56">
         <name>__register_lock</name>
         <value>0x3040b4</value>
         <object_component_ref idref="oc-2cd"/>
      </symbol>
      <symbol id="sm-c57">
         <name>__nop</name>
         <value>0x3040b8</value>
         <object_component_ref idref="oc-2cd"/>
      </symbol>
      <symbol id="sm-c58">
         <name>__register_unlock</name>
         <value>0x3040b0</value>
         <object_component_ref idref="oc-2cd"/>
      </symbol>
      <symbol id="sm-c67">
         <name>__args_main</name>
         <value>0x303c17</value>
         <object_component_ref idref="oc-243"/>
      </symbol>
      <symbol id="sm-c75">
         <name>_memset</name>
         <value>0x303fb2</value>
         <object_component_ref idref="oc-349"/>
      </symbol>
      <symbol id="sm-c8b">
         <name>_strlen</name>
         <value>0x3040ea</value>
         <object_component_ref idref="oc-30b"/>
      </symbol>
      <symbol id="sm-c98">
         <name>_HOSTwrite</name>
         <value>0x303140</value>
         <object_component_ref idref="oc-377"/>
      </symbol>
      <symbol id="sm-cb1">
         <name>___TI_readmsg</name>
         <value>0x3021fc</value>
         <object_component_ref idref="oc-387"/>
      </symbol>
      <symbol id="sm-cb2">
         <name>C$$IO$$</name>
         <value>0x3021f7</value>
         <object_component_ref idref="oc-387"/>
      </symbol>
      <symbol id="sm-cb3">
         <name>__CIOBUF_</name>
         <value>0xa680</value>
         <object_component_ref idref="oc-1b6"/>
      </symbol>
      <symbol id="sm-cb4">
         <name>___TI_writemsg</name>
         <value>0x3021a4</value>
         <object_component_ref idref="oc-387"/>
      </symbol>
      <symbol id="sm-cc2">
         <name>_vsprintf</name>
         <value>0x3033a5</value>
         <object_component_ref idref="oc-30a"/>
      </symbol>
      <symbol id="sm-dee">
         <name>___TI_printfi</name>
         <value>0x300ae2</value>
         <object_component_ref idref="oc-336"/>
      </symbol>
      <symbol id="sm-e02">
         <name>_atoi</name>
         <value>0x303314</value>
         <object_component_ref idref="oc-344"/>
      </symbol>
      <symbol id="sm-e0a">
         <name>__ctypes_</name>
         <value>0x3059f0</value>
         <object_component_ref idref="oc-35e"/>
      </symbol>
      <symbol id="sm-e18">
         <name>_ltoa</name>
         <value>0x303518</value>
         <object_component_ref idref="oc-345"/>
      </symbol>
      <symbol id="sm-e27">
         <name>_memccpy</name>
         <value>0x303f75</value>
         <object_component_ref idref="oc-34b"/>
      </symbol>
      <symbol id="sm-e36">
         <name>_strchr</name>
         <value>0x303fbe</value>
         <object_component_ref idref="oc-348"/>
      </symbol>
      <symbol id="sm-e43">
         <name>_strcpy</name>
         <value>0x304153</value>
         <object_component_ref idref="oc-34a"/>
      </symbol>
      <symbol id="sm-e4f">
         <name>_parmbuf</name>
         <value>0x8d32</value>
         <object_component_ref idref="oc-1e3"/>
      </symbol>
      <symbol id="sm-e62">
         <name>_frexpl</name>
         <value>0x302b25</value>
         <object_component_ref idref="oc-346"/>
      </symbol>
      <symbol id="sm-e7f">
         <name>_scalbnl</name>
         <value>0x301db5</value>
         <object_component_ref idref="oc-347"/>
      </symbol>
      <symbol id="sm-e80">
         <name>_ldexpl</name>
         <value>0x301db5</value>
         <object_component_ref idref="oc-347"/>
      </symbol>
      <symbol id="sm-e9b">
         <name>FD$$ADD</name>
         <value>0x30206c</value>
         <object_component_ref idref="oc-1f4"/>
      </symbol>
      <symbol id="sm-eab">
         <name>FD$$CMP</name>
         <value>0x30367b</value>
         <object_component_ref idref="oc-1f9"/>
      </symbol>
      <symbol id="sm-ec2">
         <name>FD$$DIV</name>
         <value>0x3023de</value>
         <object_component_ref idref="oc-1fe"/>
      </symbol>
      <symbol id="sm-ed4">
         <name>FD$$MPY</name>
         <value>0x302578</value>
         <object_component_ref idref="oc-203"/>
      </symbol>
      <symbol id="sm-ee1">
         <name>FD$$NEG</name>
         <value>0x3040b9</value>
         <object_component_ref idref="oc-208"/>
      </symbol>
      <symbol id="sm-eed">
         <name>FD$$SUB</name>
         <value>0x303ef2</value>
         <object_component_ref idref="oc-20d"/>
      </symbol>
      <symbol id="sm-efc">
         <name>FD$$TOI</name>
         <value>0x3038fb</value>
         <object_component_ref idref="oc-212"/>
      </symbol>
      <symbol id="sm-f0b">
         <name>FD$$TOL</name>
         <value>0x3039ba</value>
         <object_component_ref idref="oc-217"/>
      </symbol>
      <symbol id="sm-f17">
         <name>LL$$AND</name>
         <value>0x303c90</value>
         <object_component_ref idref="oc-21c"/>
      </symbol>
      <symbol id="sm-f18">
         <name>LL$$OR</name>
         <value>0x303c98</value>
         <object_component_ref idref="oc-21c"/>
      </symbol>
      <symbol id="sm-f19">
         <name>LL$$XOR</name>
         <value>0x303ca0</value>
         <object_component_ref idref="oc-21c"/>
      </symbol>
      <symbol id="sm-f27">
         <name>ULL$$CMP</name>
         <value>0x303a27</value>
         <object_component_ref idref="oc-221"/>
      </symbol>
      <symbol id="sm-f28">
         <name>LL$$CMP</name>
         <value>0x303a15</value>
         <object_component_ref idref="oc-221"/>
      </symbol>
      <symbol id="sm-f38">
         <name>I$$TOFD</name>
         <value>0x303a6e</value>
         <object_component_ref idref="oc-226"/>
      </symbol>
      <symbol id="sm-f48">
         <name>L$$TOFD</name>
         <value>0x303adf</value>
         <object_component_ref idref="oc-22b"/>
      </symbol>
      <symbol id="sm-f58">
         <name>FS$$TOFD</name>
         <value>0x303ac3</value>
         <object_component_ref idref="oc-230"/>
      </symbol>
      <symbol id="sm-f62">
         <name>_errno</name>
         <value>0x8d03</value>
         <object_component_ref idref="oc-237"/>
      </symbol>
      <symbol id="sm-f6f">
         <name>_copysignl</name>
         <value>0x303872</value>
         <object_component_ref idref="oc-35f"/>
      </symbol>
   </symbol_table>
   <title>Link successful</title>
</link_info>
