<?xml version="1.0"?>
<link_info>
   <banner>TMS320C2000 Linker PC v17.6.0.STS</banner>
   <copyright>Copyright (c) 1996-2017 Texas Instruments Incorporated</copyright>
   <link_time>0x5c7856cb</link_time>
   <link_errors>0x0</link_errors>
   <output_file>lab4_1.out</output_file>
   <entry_point>
      <name>_c_int00</name>
      <address>0x301b65</address>
   </entry_point>
   <input_file_list>
      <input_file id="fl-2">
         <path>.\</path>
         <kind>object</kind>
         <file>28335_dma.obj</file>
         <name>28335_dma.obj</name>
      </input_file>
      <input_file id="fl-3">
         <path>.\</path>
         <kind>object</kind>
         <file>28335_eqep.obj</file>
         <name>28335_eqep.obj</name>
      </input_file>
      <input_file id="fl-4">
         <path>.\</path>
         <kind>object</kind>
         <file>28335_inits.obj</file>
         <name>28335_inits.obj</name>
      </input_file>
      <input_file id="fl-5">
         <path>.\</path>
         <kind>object</kind>
         <file>28335_mcbsp.obj</file>
         <name>28335_mcbsp.obj</name>
      </input_file>
      <input_file id="fl-6">
         <path>.\</path>
         <kind>object</kind>
         <file>28335_pwm.obj</file>
         <name>28335_pwm.obj</name>
      </input_file>
      <input_file id="fl-7">
         <path>.\</path>
         <kind>object</kind>
         <file>28335_serial.obj</file>
         <name>28335_serial.obj</name>
      </input_file>
      <input_file id="fl-8">
         <path>.\</path>
         <kind>object</kind>
         <file>28335_spi.obj</file>
         <name>28335_spi.obj</name>
      </input_file>
      <input_file id="fl-9">
         <path>.\</path>
         <kind>object</kind>
         <file>DSP2833x_ADC_cal.obj</file>
         <name>DSP2833x_ADC_cal.obj</name>
      </input_file>
      <input_file id="fl-a">
         <path>.\</path>
         <kind>object</kind>
         <file>DSP2833x_Adc.obj</file>
         <name>DSP2833x_Adc.obj</name>
      </input_file>
      <input_file id="fl-b">
         <path>.\</path>
         <kind>object</kind>
         <file>DSP2833x_CSMPasswords.obj</file>
         <name>DSP2833x_CSMPasswords.obj</name>
      </input_file>
      <input_file id="fl-c">
         <path>.\</path>
         <kind>object</kind>
         <file>DSP2833x_CodeStartBranch.obj</file>
         <name>DSP2833x_CodeStartBranch.obj</name>
      </input_file>
      <input_file id="fl-d">
         <path>.\</path>
         <kind>object</kind>
         <file>DSP2833x_CpuTimers.obj</file>
         <name>DSP2833x_CpuTimers.obj</name>
      </input_file>
      <input_file id="fl-e">
         <path>.\</path>
         <kind>object</kind>
         <file>DSP2833x_GlobalVariableDefs.obj</file>
         <name>DSP2833x_GlobalVariableDefs.obj</name>
      </input_file>
      <input_file id="fl-f">
         <path>.\</path>
         <kind>object</kind>
         <file>DSP2833x_Mcbsp.obj</file>
         <name>DSP2833x_Mcbsp.obj</name>
      </input_file>
      <input_file id="fl-10">
         <path>.\</path>
         <kind>object</kind>
         <file>DSP2833x_PieCtrl.obj</file>
         <name>DSP2833x_PieCtrl.obj</name>
      </input_file>
      <input_file id="fl-11">
         <path>.\</path>
         <kind>object</kind>
         <file>DSP2833x_Spi.obj</file>
         <name>DSP2833x_Spi.obj</name>
      </input_file>
      <input_file id="fl-12">
         <path>.\</path>
         <kind>object</kind>
         <file>DSP2833x_SysCtrl.obj</file>
         <name>DSP2833x_SysCtrl.obj</name>
      </input_file>
      <input_file id="fl-13">
         <path>.\</path>
         <kind>object</kind>
         <file>DSP2833x_usDelay.obj</file>
         <name>DSP2833x_usDelay.obj</name>
      </input_file>
      <input_file id="fl-14">
         <path>.\</path>
         <kind>object</kind>
         <file>i2c.obj</file>
         <name>i2c.obj</name>
      </input_file>
      <input_file id="fl-15">
         <path>.\</path>
         <kind>object</kind>
         <file>lcd.obj</file>
         <name>lcd.obj</name>
      </input_file>
      <input_file id="fl-16">
         <path>.\</path>
         <kind>object</kind>
         <file>user_lab4_1.obj</file>
         <name>user_lab4_1.obj</name>
      </input_file>
      <input_file id="fl-1b">
         <path>C:\dgnava2_maneyko2\SE423Repo\Labs\lab4_1\lab4_1Project\Debug\configPkg\package\cfg\</path>
         <kind>object</kind>
         <file>lab4_1_p28FP.o28FP</file>
         <name>lab4_1_p28FP.o28FP</name>
      </input_file>
      <input_file id="fl-22">
         <kind>object</kind>
         <file>&lt;internal&gt;</file>
         <name>&lt;internal&gt;</name>
      </input_file>
      <input_file id="fl-23">
         <path>C:\dgnava2_maneyko2\SE423Repo\Labs\lab4_1\SYSBIOS\src\sysbios\</path>
         <kind>archive</kind>
         <file>sysbios.a28FP</file>
         <name>BIOS.obj</name>
      </input_file>
      <input_file id="fl-24">
         <path>C:\dgnava2_maneyko2\SE423Repo\Labs\lab4_1\SYSBIOS\src\sysbios\</path>
         <kind>archive</kind>
         <file>sysbios.a28FP</file>
         <name>c28_Hwi_asm.obj</name>
      </input_file>
      <input_file id="fl-25">
         <path>C:\dgnava2_maneyko2\SE423Repo\Labs\lab4_1\SYSBIOS\src\sysbios\</path>
         <kind>archive</kind>
         <file>sysbios.a28FP</file>
         <name>c28_Hwi_disp_asm.obj</name>
      </input_file>
      <input_file id="fl-26">
         <path>C:\dgnava2_maneyko2\SE423Repo\Labs\lab4_1\SYSBIOS\src\sysbios\</path>
         <kind>archive</kind>
         <file>sysbios.a28FP</file>
         <name>c28_IntrinsicsSupport_asm.obj</name>
      </input_file>
      <input_file id="fl-27">
         <path>C:\dgnava2_maneyko2\SE423Repo\Labs\lab4_1\SYSBIOS\src\sysbios\</path>
         <kind>archive</kind>
         <file>sysbios.a28FP</file>
         <name>c28_TaskSupport_asm.obj</name>
      </input_file>
      <input_file id="fl-28">
         <path>C:\CCStudio_v8\bios_6_70_01_03\packages\ti\catalog\c2800\init\lib\</path>
         <kind>archive</kind>
         <file>Boot.a28FP</file>
         <name>Boot.o28FP</name>
      </input_file>
      <input_file id="fl-29">
         <path>C:\CCStudio_v8\bios_6_70_01_03\packages\ti\targets\rts2800\lib\</path>
         <kind>archive</kind>
         <file>ti.targets.rts2800.a28FP</file>
         <name>Core-smem.o28FP</name>
      </input_file>
      <input_file id="fl-2a">
         <path>C:\CCStudio_v8\bios_6_70_01_03\packages\ti\targets\rts2800\lib\</path>
         <kind>archive</kind>
         <file>ti.targets.rts2800.a28FP</file>
         <name>Core-label.o28FP</name>
      </input_file>
      <input_file id="fl-2b">
         <path>C:\CCStudio_v8\bios_6_70_01_03\packages\ti\targets\rts2800\lib\</path>
         <kind>archive</kind>
         <file>ti.targets.rts2800.a28FP</file>
         <name>Core-params.o28FP</name>
      </input_file>
      <input_file id="fl-2c">
         <path>C:\CCStudio_v8\bios_6_70_01_03\packages\ti\targets\rts2800\lib\</path>
         <kind>archive</kind>
         <file>ti.targets.rts2800.a28FP</file>
         <name>Error.o28FP</name>
      </input_file>
      <input_file id="fl-2d">
         <path>C:\CCStudio_v8\bios_6_70_01_03\packages\ti\targets\rts2800\lib\</path>
         <kind>archive</kind>
         <file>ti.targets.rts2800.a28FP</file>
         <name>Gate.o28FP</name>
      </input_file>
      <input_file id="fl-2e">
         <path>C:\CCStudio_v8\bios_6_70_01_03\packages\ti\targets\rts2800\lib\</path>
         <kind>archive</kind>
         <file>ti.targets.rts2800.a28FP</file>
         <name>LoggerBuf.o28FP</name>
      </input_file>
      <input_file id="fl-2f">
         <path>C:\CCStudio_v8\bios_6_70_01_03\packages\ti\targets\rts2800\lib\</path>
         <kind>archive</kind>
         <file>ti.targets.rts2800.a28FP</file>
         <name>Memory.o28FP</name>
      </input_file>
      <input_file id="fl-30">
         <path>C:\CCStudio_v8\bios_6_70_01_03\packages\ti\targets\rts2800\lib\</path>
         <kind>archive</kind>
         <file>ti.targets.rts2800.a28FP</file>
         <name>Startup.o28FP</name>
      </input_file>
      <input_file id="fl-31">
         <path>C:\CCStudio_v8\bios_6_70_01_03\packages\ti\targets\rts2800\lib\</path>
         <kind>archive</kind>
         <file>ti.targets.rts2800.a28FP</file>
         <name>System.o28FP</name>
      </input_file>
      <input_file id="fl-32">
         <path>C:\CCStudio_v8\bios_6_70_01_03\packages\ti\targets\rts2800\lib\</path>
         <kind>archive</kind>
         <file>ti.targets.rts2800.a28FP</file>
         <name>SysMin.o28FP</name>
      </input_file>
      <input_file id="fl-33">
         <path>C:\CCStudio_v8\bios_6_70_01_03\packages\ti\targets\rts2800\lib\</path>
         <kind>archive</kind>
         <file>ti.targets.rts2800.a28FP</file>
         <name>Text.o28FP</name>
      </input_file>
      <input_file id="fl-34">
         <path>C:\CCStudio_v8\bios_6_70_01_03\packages\ti\targets\rts2800\lib\</path>
         <kind>archive</kind>
         <file>ti.targets.rts2800.a28FP</file>
         <name>xdc_noinit.o28FP</name>
      </input_file>
      <input_file id="fl-35">
         <path>C:\CCStudio_v8\bios_6_70_01_03\packages\ti\targets\rts2800\lib\</path>
         <kind>archive</kind>
         <file>ti.targets.rts2800.a28FP</file>
         <name>Assert.o28FP</name>
      </input_file>
      <input_file id="fl-36">
         <path>C:\CCStudio_v8\bios_6_70_01_03\packages\ti\targets\rts2800\lib\</path>
         <kind>archive</kind>
         <file>ti.targets.rts2800.a28FP</file>
         <name>Log.o28FP</name>
      </input_file>
      <input_file id="fl-37">
         <path>C:\CCStudio_v8\bios_6_70_01_03\packages\ti\targets\rts2800\lib\</path>
         <kind>archive</kind>
         <file>ti.targets.rts2800.a28FP</file>
         <name>Registry.o28FP</name>
      </input_file>
      <input_file id="fl-38">
         <path>C:\CCStudio_v8\bios_6_70_01_03\packages\ti\targets\rts2800\lib\</path>
         <kind>archive</kind>
         <file>boot.a28FP</file>
         <name>boot_cg.o28FP</name>
      </input_file>
      <input_file id="fl-44">
         <path>C:\CCStudio_v8\ccsv8\tools\compiler\ti-cgt-c2000_17.6.0.STS\lib\</path>
         <kind>archive</kind>
         <file>rts2800_fpu32.lib</file>
         <name>fs_div28.obj</name>
      </input_file>
      <input_file id="fl-45">
         <path>C:\CCStudio_v8\ccsv8\tools\compiler\ti-cgt-c2000_17.6.0.STS\lib\</path>
         <kind>archive</kind>
         <file>rts2800_fpu32.lib</file>
         <name>ll_div28.obj</name>
      </input_file>
      <input_file id="fl-46">
         <path>C:\CCStudio_v8\ccsv8\tools\compiler\ti-cgt-c2000_17.6.0.STS\lib\</path>
         <kind>archive</kind>
         <file>rts2800_fpu32.lib</file>
         <name>l_div28.obj</name>
      </input_file>
      <input_file id="fl-47">
         <path>C:\CCStudio_v8\ccsv8\tools\compiler\ti-cgt-c2000_17.6.0.STS\lib\</path>
         <kind>archive</kind>
         <file>rts2800_fpu32.lib</file>
         <name>cpy_tbl.obj</name>
      </input_file>
      <input_file id="fl-48">
         <path>C:\CCStudio_v8\ccsv8\tools\compiler\ti-cgt-c2000_17.6.0.STS\lib\</path>
         <kind>archive</kind>
         <file>rts2800_fpu32.lib</file>
         <name>memcpy.obj</name>
      </input_file>
      <input_file id="fl-49">
         <path>C:\CCStudio_v8\ccsv8\tools\compiler\ti-cgt-c2000_17.6.0.STS\lib\</path>
         <kind>archive</kind>
         <file>rts2800_fpu32.lib</file>
         <name>pre_init.obj</name>
      </input_file>
      <input_file id="fl-4a">
         <path>C:\CCStudio_v8\ccsv8\tools\compiler\ti-cgt-c2000_17.6.0.STS\lib\</path>
         <kind>archive</kind>
         <file>rts2800_fpu32.lib</file>
         <name>startup.obj</name>
      </input_file>
      <input_file id="fl-4b">
         <path>C:\CCStudio_v8\ccsv8\tools\compiler\ti-cgt-c2000_17.6.0.STS\lib\</path>
         <kind>archive</kind>
         <file>rts2800_fpu32.lib</file>
         <name>exit.obj</name>
      </input_file>
      <input_file id="fl-4c">
         <path>C:\CCStudio_v8\ccsv8\tools\compiler\ti-cgt-c2000_17.6.0.STS\lib\</path>
         <kind>archive</kind>
         <file>rts2800_fpu32.lib</file>
         <name>_lock.obj</name>
      </input_file>
      <input_file id="fl-4d">
         <path>C:\CCStudio_v8\ccsv8\tools\compiler\ti-cgt-c2000_17.6.0.STS\lib\</path>
         <kind>archive</kind>
         <file>rts2800_fpu32.lib</file>
         <name>args_main.obj</name>
      </input_file>
      <input_file id="fl-4e">
         <path>C:\CCStudio_v8\ccsv8\tools\compiler\ti-cgt-c2000_17.6.0.STS\lib\</path>
         <kind>archive</kind>
         <file>rts2800_fpu32.lib</file>
         <name>memset.obj</name>
      </input_file>
      <input_file id="fl-4f">
         <path>C:\CCStudio_v8\ccsv8\tools\compiler\ti-cgt-c2000_17.6.0.STS\lib\</path>
         <kind>archive</kind>
         <file>rts2800_fpu32.lib</file>
         <name>strcmp.obj</name>
      </input_file>
      <input_file id="fl-50">
         <path>C:\CCStudio_v8\ccsv8\tools\compiler\ti-cgt-c2000_17.6.0.STS\lib\</path>
         <kind>archive</kind>
         <file>rts2800_fpu32.lib</file>
         <name>strlen.obj</name>
      </input_file>
      <input_file id="fl-51">
         <path>C:\CCStudio_v8\ccsv8\tools\compiler\ti-cgt-c2000_17.6.0.STS\lib\</path>
         <kind>archive</kind>
         <file>rts2800_fpu32.lib</file>
         <name>hostwrite.obj</name>
      </input_file>
      <input_file id="fl-52">
         <path>C:\CCStudio_v8\ccsv8\tools\compiler\ti-cgt-c2000_17.6.0.STS\lib\</path>
         <kind>archive</kind>
         <file>rts2800_fpu32.lib</file>
         <name>trgmsg.obj</name>
      </input_file>
      <input_file id="fl-53">
         <path>C:\CCStudio_v8\ccsv8\tools\compiler\ti-cgt-c2000_17.6.0.STS\lib\</path>
         <kind>archive</kind>
         <file>rts2800_fpu32.lib</file>
         <name>vsprintf.obj</name>
      </input_file>
      <input_file id="fl-54">
         <path>C:\CCStudio_v8\ccsv8\tools\compiler\ti-cgt-c2000_17.6.0.STS\lib\</path>
         <kind>archive</kind>
         <file>rts2800_fpu32.lib</file>
         <name>_printfi.obj</name>
      </input_file>
      <input_file id="fl-55">
         <path>C:\CCStudio_v8\ccsv8\tools\compiler\ti-cgt-c2000_17.6.0.STS\lib\</path>
         <kind>archive</kind>
         <file>rts2800_fpu32.lib</file>
         <name>atoi.obj</name>
      </input_file>
      <input_file id="fl-56">
         <path>C:\CCStudio_v8\ccsv8\tools\compiler\ti-cgt-c2000_17.6.0.STS\lib\</path>
         <kind>archive</kind>
         <file>rts2800_fpu32.lib</file>
         <name>ctype.obj</name>
      </input_file>
      <input_file id="fl-57">
         <path>C:\CCStudio_v8\ccsv8\tools\compiler\ti-cgt-c2000_17.6.0.STS\lib\</path>
         <kind>archive</kind>
         <file>rts2800_fpu32.lib</file>
         <name>ltoa.obj</name>
      </input_file>
      <input_file id="fl-58">
         <path>C:\CCStudio_v8\ccsv8\tools\compiler\ti-cgt-c2000_17.6.0.STS\lib\</path>
         <kind>archive</kind>
         <file>rts2800_fpu32.lib</file>
         <name>memccpy.obj</name>
      </input_file>
      <input_file id="fl-59">
         <path>C:\CCStudio_v8\ccsv8\tools\compiler\ti-cgt-c2000_17.6.0.STS\lib\</path>
         <kind>archive</kind>
         <file>rts2800_fpu32.lib</file>
         <name>strchr.obj</name>
      </input_file>
      <input_file id="fl-5a">
         <path>C:\CCStudio_v8\ccsv8\tools\compiler\ti-cgt-c2000_17.6.0.STS\lib\</path>
         <kind>archive</kind>
         <file>rts2800_fpu32.lib</file>
         <name>strcpy.obj</name>
      </input_file>
      <input_file id="fl-5b">
         <path>C:\CCStudio_v8\ccsv8\tools\compiler\ti-cgt-c2000_17.6.0.STS\lib\</path>
         <kind>archive</kind>
         <file>rts2800_fpu32.lib</file>
         <name>hostopen.obj</name>
      </input_file>
      <input_file id="fl-5c">
         <path>C:\CCStudio_v8\ccsv8\tools\compiler\ti-cgt-c2000_17.6.0.STS\lib\</path>
         <kind>archive</kind>
         <file>rts2800_fpu32.lib</file>
         <name>s_frexp.obj</name>
      </input_file>
      <input_file id="fl-5d">
         <path>C:\CCStudio_v8\ccsv8\tools\compiler\ti-cgt-c2000_17.6.0.STS\lib\</path>
         <kind>archive</kind>
         <file>rts2800_fpu32.lib</file>
         <name>s_scalbn.obj</name>
      </input_file>
      <input_file id="fl-5e">
         <path>C:\CCStudio_v8\ccsv8\tools\compiler\ti-cgt-c2000_17.6.0.STS\lib\</path>
         <kind>archive</kind>
         <file>rts2800_fpu32.lib</file>
         <name>fd_add28.obj</name>
      </input_file>
      <input_file id="fl-5f">
         <path>C:\CCStudio_v8\ccsv8\tools\compiler\ti-cgt-c2000_17.6.0.STS\lib\</path>
         <kind>archive</kind>
         <file>rts2800_fpu32.lib</file>
         <name>fd_cmp28.obj</name>
      </input_file>
      <input_file id="fl-60">
         <path>C:\CCStudio_v8\ccsv8\tools\compiler\ti-cgt-c2000_17.6.0.STS\lib\</path>
         <kind>archive</kind>
         <file>rts2800_fpu32.lib</file>
         <name>fd_div28.obj</name>
      </input_file>
      <input_file id="fl-61">
         <path>C:\CCStudio_v8\ccsv8\tools\compiler\ti-cgt-c2000_17.6.0.STS\lib\</path>
         <kind>archive</kind>
         <file>rts2800_fpu32.lib</file>
         <name>fd_mpy28.obj</name>
      </input_file>
      <input_file id="fl-62">
         <path>C:\CCStudio_v8\ccsv8\tools\compiler\ti-cgt-c2000_17.6.0.STS\lib\</path>
         <kind>archive</kind>
         <file>rts2800_fpu32.lib</file>
         <name>fd_neg28.obj</name>
      </input_file>
      <input_file id="fl-63">
         <path>C:\CCStudio_v8\ccsv8\tools\compiler\ti-cgt-c2000_17.6.0.STS\lib\</path>
         <kind>archive</kind>
         <file>rts2800_fpu32.lib</file>
         <name>fd_sub28.obj</name>
      </input_file>
      <input_file id="fl-64">
         <path>C:\CCStudio_v8\ccsv8\tools\compiler\ti-cgt-c2000_17.6.0.STS\lib\</path>
         <kind>archive</kind>
         <file>rts2800_fpu32.lib</file>
         <name>fd_toi28.obj</name>
      </input_file>
      <input_file id="fl-65">
         <path>C:\CCStudio_v8\ccsv8\tools\compiler\ti-cgt-c2000_17.6.0.STS\lib\</path>
         <kind>archive</kind>
         <file>rts2800_fpu32.lib</file>
         <name>fd_tol28.obj</name>
      </input_file>
      <input_file id="fl-66">
         <path>C:\CCStudio_v8\ccsv8\tools\compiler\ti-cgt-c2000_17.6.0.STS\lib\</path>
         <kind>archive</kind>
         <file>rts2800_fpu32.lib</file>
         <name>ll_aox28.obj</name>
      </input_file>
      <input_file id="fl-67">
         <path>C:\CCStudio_v8\ccsv8\tools\compiler\ti-cgt-c2000_17.6.0.STS\lib\</path>
         <kind>archive</kind>
         <file>rts2800_fpu32.lib</file>
         <name>ll_cmp28.obj</name>
      </input_file>
      <input_file id="fl-68">
         <path>C:\CCStudio_v8\ccsv8\tools\compiler\ti-cgt-c2000_17.6.0.STS\lib\</path>
         <kind>archive</kind>
         <file>rts2800_fpu32.lib</file>
         <name>i_tofd28.obj</name>
      </input_file>
      <input_file id="fl-69">
         <path>C:\CCStudio_v8\ccsv8\tools\compiler\ti-cgt-c2000_17.6.0.STS\lib\</path>
         <kind>archive</kind>
         <file>rts2800_fpu32.lib</file>
         <name>l_tofd28.obj</name>
      </input_file>
      <input_file id="fl-6a">
         <path>C:\CCStudio_v8\ccsv8\tools\compiler\ti-cgt-c2000_17.6.0.STS\lib\</path>
         <kind>archive</kind>
         <file>rts2800_fpu32.lib</file>
         <name>fs_tofdfpu32.obj</name>
      </input_file>
      <input_file id="fl-6b">
         <path>C:\CCStudio_v8\ccsv8\tools\compiler\ti-cgt-c2000_17.6.0.STS\lib\</path>
         <kind>archive</kind>
         <file>rts2800_fpu32.lib</file>
         <name>errno.obj</name>
      </input_file>
      <input_file id="fl-6c">
         <path>C:\CCStudio_v8\ccsv8\tools\compiler\ti-cgt-c2000_17.6.0.STS\lib\</path>
         <kind>archive</kind>
         <file>rts2800_fpu32.lib</file>
         <name>s_copysign.obj</name>
      </input_file>
   </input_file_list>
   <object_component_list>
      <object_component id="oc-c0">
         <name>PieVectTableFile</name>
         <uninitialized>true</uninitialized>
         <run_address>0xd00</run_address>
         <size>0x100</size>
         <input_file_ref idref="fl-e"/>
      </object_component>
      <object_component id="oc-bc">
         <name>DevEmuRegsFile</name>
         <uninitialized>true</uninitialized>
         <run_address>0x880</run_address>
         <size>0xd0</size>
         <input_file_ref idref="fl-e"/>
      </object_component>
      <object_component id="oc-92">
         <name>FlashRegsFile</name>
         <uninitialized>true</uninitialized>
         <run_address>0xa80</run_address>
         <size>0x8</size>
         <input_file_ref idref="fl-e"/>
      </object_component>
      <object_component id="oc-9c">
         <name>CsmRegsFile</name>
         <uninitialized>true</uninitialized>
         <run_address>0xae0</run_address>
         <size>0x10</size>
         <input_file_ref idref="fl-e"/>
      </object_component>
      <object_component id="oc-9b">
         <name>AdcMirrorFile</name>
         <uninitialized>true</uninitialized>
         <run_address>0xb00</run_address>
         <size>0x10</size>
         <input_file_ref idref="fl-e"/>
      </object_component>
      <object_component id="oc-9f">
         <name>XintfRegsFile</name>
         <uninitialized>true</uninitialized>
         <run_address>0xb20</run_address>
         <size>0x1e</size>
         <input_file_ref idref="fl-e"/>
      </object_component>
      <object_component id="oc-93">
         <name>CpuTimer0RegsFile</name>
         <uninitialized>true</uninitialized>
         <run_address>0xc00</run_address>
         <size>0x8</size>
         <input_file_ref idref="fl-e"/>
      </object_component>
      <object_component id="oc-91">
         <name>CpuTimer1RegsFile</name>
         <uninitialized>true</uninitialized>
         <run_address>0xc08</run_address>
         <size>0x8</size>
         <input_file_ref idref="fl-e"/>
      </object_component>
      <object_component id="oc-90">
         <name>CpuTimer2RegsFile</name>
         <uninitialized>true</uninitialized>
         <run_address>0xc10</run_address>
         <size>0x8</size>
         <input_file_ref idref="fl-e"/>
      </object_component>
      <object_component id="oc-9d">
         <name>PieCtrlRegsFile</name>
         <uninitialized>true</uninitialized>
         <run_address>0xce0</run_address>
         <size>0x1a</size>
         <input_file_ref idref="fl-e"/>
      </object_component>
      <object_component id="oc-bd">
         <name>DmaRegsFile</name>
         <uninitialized>true</uninitialized>
         <run_address>0x1000</run_address>
         <size>0xe0</size>
         <input_file_ref idref="fl-e"/>
      </object_component>
      <object_component id="oc-af">
         <name>McbspaRegsFile</name>
         <uninitialized>true</uninitialized>
         <run_address>0x5000</run_address>
         <size>0x25</size>
         <input_file_ref idref="fl-e"/>
      </object_component>
      <object_component id="oc-b0">
         <name>McbspbRegsFile</name>
         <uninitialized>true</uninitialized>
         <run_address>0x5040</run_address>
         <size>0x25</size>
         <input_file_ref idref="fl-e"/>
      </object_component>
      <object_component id="oc-b3">
         <name>ECanaRegsFile</name>
         <uninitialized>true</uninitialized>
         <run_address>0x6000</run_address>
         <size>0x34</size>
         <input_file_ref idref="fl-e"/>
      </object_component>
      <object_component id="oc-b6">
         <name>ECanaLAMRegsFile</name>
         <uninitialized>true</uninitialized>
         <run_address>0x6040</run_address>
         <size>0x40</size>
         <input_file_ref idref="fl-e"/>
      </object_component>
      <object_component id="oc-bf">
         <name>ECanaMboxesFile</name>
         <uninitialized>true</uninitialized>
         <run_address>0x6100</run_address>
         <size>0x100</size>
         <input_file_ref idref="fl-e"/>
      </object_component>
      <object_component id="oc-b7">
         <name>ECanaMOTSRegsFile</name>
         <uninitialized>true</uninitialized>
         <run_address>0x6080</run_address>
         <size>0x40</size>
         <input_file_ref idref="fl-e"/>
      </object_component>
      <object_component id="oc-b4">
         <name>ECanaMOTORegsFile</name>
         <uninitialized>true</uninitialized>
         <run_address>0x60c0</run_address>
         <size>0x40</size>
         <input_file_ref idref="fl-e"/>
      </object_component>
      <object_component id="oc-b2">
         <name>ECanbRegsFile</name>
         <uninitialized>true</uninitialized>
         <run_address>0x6200</run_address>
         <size>0x34</size>
         <input_file_ref idref="fl-e"/>
      </object_component>
      <object_component id="oc-ba">
         <name>ECanbLAMRegsFile</name>
         <uninitialized>true</uninitialized>
         <run_address>0x6240</run_address>
         <size>0x40</size>
         <input_file_ref idref="fl-e"/>
      </object_component>
      <object_component id="oc-be">
         <name>ECanbMboxesFile</name>
         <uninitialized>true</uninitialized>
         <run_address>0x6300</run_address>
         <size>0x100</size>
         <input_file_ref idref="fl-e"/>
      </object_component>
      <object_component id="oc-b5">
         <name>ECanbMOTSRegsFile</name>
         <uninitialized>true</uninitialized>
         <run_address>0x6280</run_address>
         <size>0x40</size>
         <input_file_ref idref="fl-e"/>
      </object_component>
      <object_component id="oc-b8">
         <name>ECanbMOTORegsFile</name>
         <uninitialized>true</uninitialized>
         <run_address>0x62c0</run_address>
         <size>0x40</size>
         <input_file_ref idref="fl-e"/>
      </object_component>
      <object_component id="oc-aa">
         <name>EPwm1RegsFile</name>
         <uninitialized>true</uninitialized>
         <run_address>0x6800</run_address>
         <size>0x22</size>
         <input_file_ref idref="fl-e"/>
      </object_component>
      <object_component id="oc-a9">
         <name>EPwm2RegsFile</name>
         <uninitialized>true</uninitialized>
         <run_address>0x6840</run_address>
         <size>0x22</size>
         <input_file_ref idref="fl-e"/>
      </object_component>
      <object_component id="oc-ab">
         <name>EPwm3RegsFile</name>
         <uninitialized>true</uninitialized>
         <run_address>0x6880</run_address>
         <size>0x22</size>
         <input_file_ref idref="fl-e"/>
      </object_component>
      <object_component id="oc-ad">
         <name>EPwm4RegsFile</name>
         <uninitialized>true</uninitialized>
         <run_address>0x68c0</run_address>
         <size>0x22</size>
         <input_file_ref idref="fl-e"/>
      </object_component>
      <object_component id="oc-ac">
         <name>EPwm5RegsFile</name>
         <uninitialized>true</uninitialized>
         <run_address>0x6900</run_address>
         <size>0x22</size>
         <input_file_ref idref="fl-e"/>
      </object_component>
      <object_component id="oc-ae">
         <name>EPwm6RegsFile</name>
         <uninitialized>true</uninitialized>
         <run_address>0x6940</run_address>
         <size>0x22</size>
         <input_file_ref idref="fl-e"/>
      </object_component>
      <object_component id="oc-a6">
         <name>ECap1RegsFile</name>
         <uninitialized>true</uninitialized>
         <run_address>0x6a00</run_address>
         <size>0x20</size>
         <input_file_ref idref="fl-e"/>
      </object_component>
      <object_component id="oc-a2">
         <name>ECap2RegsFile</name>
         <uninitialized>true</uninitialized>
         <run_address>0x6a20</run_address>
         <size>0x20</size>
         <input_file_ref idref="fl-e"/>
      </object_component>
      <object_component id="oc-a3">
         <name>ECap3RegsFile</name>
         <uninitialized>true</uninitialized>
         <run_address>0x6a40</run_address>
         <size>0x20</size>
         <input_file_ref idref="fl-e"/>
      </object_component>
      <object_component id="oc-a0">
         <name>ECap4RegsFile</name>
         <uninitialized>true</uninitialized>
         <run_address>0x6a60</run_address>
         <size>0x20</size>
         <input_file_ref idref="fl-e"/>
      </object_component>
      <object_component id="oc-a1">
         <name>ECap5RegsFile</name>
         <uninitialized>true</uninitialized>
         <run_address>0x6a80</run_address>
         <size>0x20</size>
         <input_file_ref idref="fl-e"/>
      </object_component>
      <object_component id="oc-a7">
         <name>ECap6RegsFile</name>
         <uninitialized>true</uninitialized>
         <run_address>0x6aa0</run_address>
         <size>0x20</size>
         <input_file_ref idref="fl-e"/>
      </object_component>
      <object_component id="oc-bb">
         <name>EQep1RegsFile</name>
         <uninitialized>true</uninitialized>
         <run_address>0x6b00</run_address>
         <size>0x40</size>
         <input_file_ref idref="fl-e"/>
      </object_component>
      <object_component id="oc-b9">
         <name>EQep2RegsFile</name>
         <uninitialized>true</uninitialized>
         <run_address>0x6b40</run_address>
         <size>0x40</size>
         <input_file_ref idref="fl-e"/>
      </object_component>
      <object_component id="oc-b1">
         <name>GpioCtrlRegsFile</name>
         <uninitialized>true</uninitialized>
         <run_address>0x6f80</run_address>
         <size>0x2e</size>
         <input_file_ref idref="fl-e"/>
      </object_component>
      <object_component id="oc-a4">
         <name>GpioDataRegsFile</name>
         <uninitialized>true</uninitialized>
         <run_address>0x6fc0</run_address>
         <size>0x20</size>
         <input_file_ref idref="fl-e"/>
      </object_component>
      <object_component id="oc-95">
         <name>GpioIntRegsFile</name>
         <uninitialized>true</uninitialized>
         <run_address>0x6fe0</run_address>
         <size>0xa</size>
         <input_file_ref idref="fl-e"/>
      </object_component>
      <object_component id="oc-a5">
         <name>SysCtrlRegsFile</name>
         <uninitialized>true</uninitialized>
         <run_address>0x7010</run_address>
         <size>0x20</size>
         <input_file_ref idref="fl-e"/>
      </object_component>
      <object_component id="oc-98">
         <name>SpiaRegsFile</name>
         <uninitialized>true</uninitialized>
         <run_address>0x7040</run_address>
         <size>0x10</size>
         <input_file_ref idref="fl-e"/>
      </object_component>
      <object_component id="oc-99">
         <name>SciaRegsFile</name>
         <uninitialized>true</uninitialized>
         <run_address>0x7050</run_address>
         <size>0x10</size>
         <input_file_ref idref="fl-e"/>
      </object_component>
      <object_component id="oc-9a">
         <name>XIntruptRegsFile</name>
         <uninitialized>true</uninitialized>
         <run_address>0x7070</run_address>
         <size>0x10</size>
         <input_file_ref idref="fl-e"/>
      </object_component>
      <object_component id="oc-9e">
         <name>AdcRegsFile</name>
         <uninitialized>true</uninitialized>
         <run_address>0x7100</run_address>
         <size>0x1e</size>
         <input_file_ref idref="fl-e"/>
      </object_component>
      <object_component id="oc-97">
         <name>ScibRegsFile</name>
         <uninitialized>true</uninitialized>
         <run_address>0x7750</run_address>
         <size>0x10</size>
         <input_file_ref idref="fl-e"/>
      </object_component>
      <object_component id="oc-96">
         <name>ScicRegsFile</name>
         <uninitialized>true</uninitialized>
         <run_address>0x7770</run_address>
         <size>0x10</size>
         <input_file_ref idref="fl-e"/>
      </object_component>
      <object_component id="oc-a8">
         <name>I2caRegsFile</name>
         <uninitialized>true</uninitialized>
         <run_address>0x7900</run_address>
         <size>0x22</size>
         <input_file_ref idref="fl-e"/>
      </object_component>
      <object_component id="oc-94">
         <name>CsmPwlFile</name>
         <uninitialized>true</uninitialized>
         <run_address>0x3f7ff8</run_address>
         <size>0x8</size>
         <input_file_ref idref="fl-e"/>
      </object_component>
      <object_component id="oc-f1">
         <name>.cinit</name>
         <load_address>0x3050e3</load_address>
         <run_address>0x3050e3</run_address>
         <size>0x438</size>
         <input_file_ref idref="fl-1b"/>
      </object_component>
      <object_component id="oc-ea">
         <name>.cinit</name>
         <load_address>0x30551b</load_address>
         <run_address>0x30551b</run_address>
         <size>0x122</size>
         <input_file_ref idref="fl-16"/>
      </object_component>
      <object_component id="oc-5c">
         <name>.cinit</name>
         <load_address>0x30563d</load_address>
         <run_address>0x30563d</run_address>
         <size>0x3c</size>
         <input_file_ref idref="fl-5"/>
      </object_component>
      <object_component id="oc-71">
         <name>.cinit</name>
         <load_address>0x305679</load_address>
         <run_address>0x305679</run_address>
         <size>0x24</size>
         <input_file_ref idref="fl-8"/>
      </object_component>
      <object_component id="oc-dc">
         <name>.cinit</name>
         <load_address>0x30569d</load_address>
         <run_address>0x30569d</run_address>
         <size>0x11</size>
         <input_file_ref idref="fl-14"/>
      </object_component>
      <object_component id="oc-190">
         <name>.cinit</name>
         <load_address>0x3056ae</load_address>
         <run_address>0x3056ae</run_address>
         <size>0xe</size>
         <input_file_ref idref="fl-4b"/>
      </object_component>
      <object_component id="oc-64">
         <name>.cinit</name>
         <load_address>0x3056bc</load_address>
         <run_address>0x3056bc</run_address>
         <size>0xc</size>
         <input_file_ref idref="fl-6"/>
      </object_component>
      <object_component id="oc-55">
         <name>.cinit</name>
         <load_address>0x3056c8</load_address>
         <run_address>0x3056c8</run_address>
         <size>0x8</size>
         <input_file_ref idref="fl-4"/>
      </object_component>
      <object_component id="oc-2c3">
         <name>.cinit:__lock</name>
         <load_address>0x3056d0</load_address>
         <run_address>0x3056d0</run_address>
         <size>0x5</size>
         <input_file_ref idref="fl-4c"/>
      </object_component>
      <object_component id="oc-2c2">
         <name>.cinit:__unlock</name>
         <load_address>0x3056d5</load_address>
         <run_address>0x3056d5</run_address>
         <size>0x5</size>
         <input_file_ref idref="fl-4c"/>
      </object_component>
      <object_component id="oc-e3">
         <name>.cinit</name>
         <load_address>0x3056da</load_address>
         <run_address>0x3056da</run_address>
         <size>0x5</size>
         <input_file_ref idref="fl-15"/>
      </object_component>
      <object_component id="oc-235">
         <name>.cinit</name>
         <load_address>0x3056df</load_address>
         <run_address>0x3056df</run_address>
         <size>0x4</size>
         <input_file_ref idref="fl-6b"/>
      </object_component>
      <object_component id="oc-2a5">
         <name>.text:_init_PWM</name>
         <load_address>0x300000</load_address>
         <run_address>0x300000</run_address>
         <size>0x294</size>
         <input_file_ref idref="fl-6"/>
      </object_component>
      <object_component id="oc-382">
         <name>.text:_xdc_runtime_System_doPrint__I</name>
         <load_address>0x300294</load_address>
         <run_address>0x300294</run_address>
         <size>0x232</size>
         <input_file_ref idref="fl-31"/>
      </object_component>
      <object_component id="oc-254">
         <name>.text:_SPI_RXint</name>
         <load_address>0x3004c6</load_address>
         <run_address>0x3004c6</run_address>
         <size>0x21a</size>
         <input_file_ref idref="fl-8"/>
      </object_component>
      <object_component id="oc-2a6">
         <name>.text:_init_PWM_AS_RCSERVO</name>
         <load_address>0x3006e0</load_address>
         <run_address>0x3006e0</run_address>
         <size>0x1bc</size>
         <input_file_ref idref="fl-6"/>
      </object_component>
      <object_component id="oc-256">
         <name>.text:_McBSP_RX_INTCH2_ISR</name>
         <load_address>0x30089c</load_address>
         <run_address>0x30089c</run_address>
         <size>0x14e</size>
         <input_file_ref idref="fl-5"/>
      </object_component>
      <object_component id="oc-2a8">
         <name>.text:_init_serial</name>
         <load_address>0x3009ea</load_address>
         <run_address>0x3009ea</run_address>
         <size>0x131</size>
         <input_file_ref idref="fl-7"/>
      </object_component>
      <object_component id="oc-267">
         <name>.text:_main</name>
         <load_address>0x300b1b</load_address>
         <run_address>0x300b1b</run_address>
         <size>0x10c</size>
         <input_file_ref idref="fl-16"/>
      </object_component>
      <object_component id="oc-171">
         <name>.text</name>
         <load_address>0x300c27</load_address>
         <run_address>0x300c27</run_address>
         <size>0x107</size>
         <input_file_ref idref="fl-45"/>
      </object_component>
      <object_component id="oc-2ad">
         <name>.text:_init_SPI</name>
         <load_address>0x300d2e</load_address>
         <run_address>0x300d2e</run_address>
         <size>0x101</size>
         <input_file_ref idref="fl-8"/>
      </object_component>
      <object_component id="oc-28d">
         <name>.text:_sendData</name>
         <load_address>0x300e2f</load_address>
         <run_address>0x300e2f</run_address>
         <size>0xf6</size>
         <input_file_ref idref="fl-16"/>
      </object_component>
      <object_component id="oc-285">
         <name>.text:_xdc_runtime_LoggerBuf_write8__E</name>
         <load_address>0x300f25</load_address>
         <run_address>0x300f25</run_address>
         <size>0xd2</size>
         <input_file_ref idref="fl-2e"/>
      </object_component>
      <object_component id="oc-393">
         <name>.text:_xdc_runtime_System_printfExtend__I</name>
         <load_address>0x300ff7</load_address>
         <run_address>0x300ff7</run_address>
         <size>0xc0</size>
         <input_file_ref idref="fl-1b"/>
      </object_component>
      <object_component id="oc-2da">
         <name>.text:_ti_sysbios_knl_Semaphore_pend__E</name>
         <load_address>0x3010b7</load_address>
         <run_address>0x3010b7</run_address>
         <size>0xa9</size>
         <input_file_ref idref="fl-23"/>
      </object_component>
      <object_component id="oc-2e7">
         <name>.text:_xdc_runtime_Error_policyDefault__E</name>
         <load_address>0x301160</load_address>
         <run_address>0x301160</run_address>
         <size>0x9c</size>
         <input_file_ref idref="fl-2c"/>
      </object_component>
      <object_component id="oc-1f3">
         <name>.text</name>
         <load_address>0x3011fc</load_address>
         <run_address>0x3011fc</run_address>
         <size>0x9c</size>
         <input_file_ref idref="fl-5e"/>
      </object_component>
      <object_component id="oc-36f">
         <name>.text:_ti_sysbios_family_c28_Hwi_dispatch</name>
         <load_address>0x301298</load_address>
         <run_address>0x301298</run_address>
         <size>0x9b</size>
         <input_file_ref idref="fl-25"/>
      </object_component>
      <object_component id="oc-24e">
         <name>.text:_control</name>
         <load_address>0x301333</load_address>
         <run_address>0x301333</run_address>
         <size>0x9a</size>
         <input_file_ref idref="fl-16"/>
      </object_component>
      <object_component id="oc-274">
         <name>.text:_ti_sysbios_BIOS_linkedWithIncorrectBootLibrary__E</name>
         <load_address>0x3013cd</load_address>
         <run_address>0x3013cd</run_address>
         <size>0x1</size>
         <input_file_ref idref="fl-23"/>
      </object_component>
      <object_component id="oc-37a">
         <name>.text</name>
         <load_address>0x3013ce</load_address>
         <run_address>0x3013ce</run_address>
         <size>0x94</size>
         <input_file_ref idref="fl-52"/>
      </object_component>
      <object_component id="oc-28b">
         <name>.text:_updateData</name>
         <load_address>0x301462</load_address>
         <run_address>0x301462</run_address>
         <size>0x90</size>
         <input_file_ref idref="fl-16"/>
      </object_component>
      <object_component id="oc-2fd">
         <name>.text:_ti_sysbios_family_c28_Hwi_clearInterrupt__E</name>
         <load_address>0x3014f2</load_address>
         <run_address>0x3014f2</run_address>
         <size>0x8b</size>
         <input_file_ref idref="fl-23"/>
      </object_component>
      <object_component id="oc-284">
         <name>.text:_xdc_runtime_LoggerBuf_write4__E</name>
         <load_address>0x30157d</load_address>
         <run_address>0x30157d</run_address>
         <size>0x8b</size>
         <input_file_ref idref="fl-2e"/>
      </object_component>
      <object_component id="oc-1fd">
         <name>.text</name>
         <load_address>0x301608</load_address>
         <run_address>0x301608</run_address>
         <size>0x8b</size>
         <input_file_ref idref="fl-60"/>
      </object_component>
      <object_component id="oc-16c">
         <name>.text</name>
         <load_address>0x301693</load_address>
         <run_address>0x301693</run_address>
         <size>0x88</size>
         <input_file_ref idref="fl-44"/>
      </object_component>
      <object_component id="oc-2a9">
         <name>.text:_init_dma_mcbsp</name>
         <load_address>0x30171b</load_address>
         <run_address>0x30171b</run_address>
         <size>0x87</size>
         <input_file_ref idref="fl-2"/>
      </object_component>
      <object_component id="oc-202">
         <name>.text</name>
         <load_address>0x3017a2</load_address>
         <run_address>0x3017a2</run_address>
         <size>0x83</size>
         <input_file_ref idref="fl-61"/>
      </object_component>
      <object_component id="oc-2a4">
         <name>.text:_init_EQEP</name>
         <load_address>0x301825</load_address>
         <run_address>0x301825</run_address>
         <size>0x82</size>
         <input_file_ref idref="fl-3"/>
      </object_component>
      <object_component id="oc-293">
         <name>.text:_i2c_stdrecv</name>
         <load_address>0x3018a7</load_address>
         <run_address>0x3018a7</run_address>
         <size>0x80</size>
         <input_file_ref idref="fl-14"/>
      </object_component>
      <object_component id="oc-296">
         <name>.text:_RCSERVO_out</name>
         <load_address>0x301927</load_address>
         <run_address>0x301927</run_address>
         <size>0x7a</size>
         <input_file_ref idref="fl-6"/>
      </object_component>
      <object_component id="oc-2ec">
         <name>.text:_xdc_runtime_Startup_startMods__I</name>
         <load_address>0x3019a1</load_address>
         <run_address>0x3019a1</run_address>
         <size>0x79</size>
         <input_file_ref idref="fl-30"/>
      </object_component>
      <object_component id="oc-301">
         <name>.text:_ti_sysbios_knl_Task_checkStacks__E</name>
         <load_address>0x301a1a</load_address>
         <run_address>0x301a1a</run_address>
         <size>0x73</size>
         <input_file_ref idref="fl-23"/>
      </object_component>
      <object_component id="oc-28c">
         <name>.text:_writeDAC7564</name>
         <load_address>0x301a8d</load_address>
         <run_address>0x301a8d</run_address>
         <size>0x6d</size>
         <input_file_ref idref="fl-8"/>
      </object_component>
      <object_component id="oc-352">
         <name>.text:_xdc_runtime_Text_putSite__E</name>
         <load_address>0x301afa</load_address>
         <run_address>0x301afa</run_address>
         <size>0x6b</size>
         <input_file_ref idref="fl-33"/>
      </object_component>
      <object_component id="oc-49">
         <name>.text</name>
         <load_address>0x301b65</load_address>
         <run_address>0x301b65</run_address>
         <size>0x69</size>
         <input_file_ref idref="fl-38"/>
      </object_component>
      <object_component id="oc-370">
         <name>.text:_ti_sysbios_family_c28_Timer_stopAndClear__I</name>
         <load_address>0x301bce</load_address>
         <run_address>0x301bce</run_address>
         <size>0x66</size>
         <input_file_ref idref="fl-23"/>
      </object_component>
      <object_component id="oc-294">
         <name>.text:_i2c_stdsend</name>
         <load_address>0x301c34</load_address>
         <run_address>0x301c34</run_address>
         <size>0x61</size>
         <input_file_ref idref="fl-14"/>
      </object_component>
      <object_component id="oc-2b9">
         <name>.text:_ti_sysbios_heaps_HeapMem_allocUnprotected__E</name>
         <load_address>0x301c95</load_address>
         <run_address>0x301c95</run_address>
         <size>0x5e</size>
         <input_file_ref idref="fl-23"/>
      </object_component>
      <object_component id="oc-2a7">
         <name>.text:_pre_init</name>
         <load_address>0x301cf3</load_address>
         <run_address>0x301cf3</run_address>
         <size>0x5c</size>
         <input_file_ref idref="fl-4"/>
      </object_component>
      <object_component id="oc-2ef">
         <name>.text:_InitPeripheralClocks</name>
         <load_address>0x301d4f</load_address>
         <run_address>0x301d4f</run_address>
         <size>0x56</size>
         <input_file_ref idref="fl-12"/>
      </object_component>
      <object_component id="oc-292">
         <name>.text:_ti_sysbios_knl_Task_sleep__E</name>
         <load_address>0x301da5</load_address>
         <run_address>0x301da5</run_address>
         <size>0x53</size>
         <input_file_ref idref="fl-23"/>
      </object_component>
      <object_component id="oc-2ee">
         <name>.text:_InitPll</name>
         <load_address>0x301df8</load_address>
         <run_address>0x301df8</run_address>
         <size>0x51</size>
         <input_file_ref idref="fl-12"/>
      </object_component>
      <object_component id="oc-24f">
         <name>.text:_ti_sysbios_knl_Clock_workFunc__E</name>
         <load_address>0x301e49</load_address>
         <run_address>0x301e49</run_address>
         <size>0x4d</size>
         <input_file_ref idref="fl-23"/>
      </object_component>
      <object_component id="oc-395">
         <name>.text:_ti_sysbios_family_c28_Hwi_dispatchCore__I</name>
         <load_address>0x301e96</load_address>
         <run_address>0x301e96</run_address>
         <size>0x4c</size>
         <input_file_ref idref="fl-23"/>
      </object_component>
      <object_component id="oc-398">
         <name>.text:_xdc_runtime_Text_putLab__E</name>
         <load_address>0x301ee2</load_address>
         <run_address>0x301ee2</run_address>
         <size>0x4b</size>
         <input_file_ref idref="fl-33"/>
      </object_component>
      <object_component id="oc-25d">
         <name>.text:_hwi37_ADCINT</name>
         <load_address>0x301f2d</load_address>
         <run_address>0x301f2d</run_address>
         <size>0x49</size>
         <input_file_ref idref="fl-16"/>
      </object_component>
      <object_component id="oc-304">
         <name>.text:_ti_sysbios_family_c28_TimestampProvider_get64__E</name>
         <load_address>0x301f76</load_address>
         <run_address>0x301f76</run_address>
         <size>0x48</size>
         <input_file_ref idref="fl-23"/>
      </object_component>
      <object_component id="oc-349">
         <name>.text:_ti_sysbios_family_c28_Hwi_Module_startup__E</name>
         <load_address>0x301fbe</load_address>
         <run_address>0x301fbe</run_address>
         <size>0x47</size>
         <input_file_ref idref="fl-23"/>
      </object_component>
      <object_component id="oc-366">
         <name>.text:_ti_sysbios_knl_Task_postInit__I</name>
         <load_address>0x302005</load_address>
         <run_address>0x302005</run_address>
         <size>0x47</size>
         <input_file_ref idref="fl-23"/>
      </object_component>
      <object_component id="oc-26f">
         <name>.text:_ti_sysbios_heaps_HeapMem_alloc__E</name>
         <load_address>0x30204c</load_address>
         <run_address>0x30204c</run_address>
         <size>0x46</size>
         <input_file_ref idref="fl-23"/>
      </object_component>
      <object_component id="oc-332">
         <name>.text:_ti_sysbios_knl_Swi_run__I</name>
         <load_address>0x302092</load_address>
         <run_address>0x302092</run_address>
         <size>0x46</size>
         <input_file_ref idref="fl-23"/>
      </object_component>
      <object_component id="oc-35e">
         <name>.text:_ti_sysbios_family_c28_Timer_postInit__I</name>
         <load_address>0x3020d8</load_address>
         <run_address>0x3020d8</run_address>
         <size>0x43</size>
         <input_file_ref idref="fl-23"/>
      </object_component>
      <object_component id="oc-fc">
         <name>.text:_ti_sysbios_family_c28_Hwi_unPluggedInterrupt__I</name>
         <load_address>0x30211b</load_address>
         <run_address>0x30211b</run_address>
         <size>0x42</size>
         <input_file_ref idref="fl-23"/>
      </object_component>
      <object_component id="oc-36a">
         <name>.text:_xdc_runtime_Text_putMod__E</name>
         <load_address>0x30215d</load_address>
         <run_address>0x30215d</run_address>
         <size>0x3f</size>
         <input_file_ref idref="fl-33"/>
      </object_component>
      <object_component id="oc-399">
         <name>.text:_ti_sysbios_knl_Swi_restoreHwi__E</name>
         <load_address>0x30219c</load_address>
         <run_address>0x30219c</run_address>
         <size>0x3e</size>
         <input_file_ref idref="fl-23"/>
      </object_component>
      <object_component id="oc-287">
         <name>.text:_xdc_runtime_LoggerBuf_getFilterLevel__E</name>
         <load_address>0x3021da</load_address>
         <run_address>0x3021da</run_address>
         <size>0x3d</size>
         <input_file_ref idref="fl-2e"/>
      </object_component>
      <object_component id="oc-252">
         <name>.text:_compassTask</name>
         <load_address>0x302217</load_address>
         <run_address>0x302217</run_address>
         <size>0x3c</size>
         <input_file_ref idref="fl-14"/>
      </object_component>
      <object_component id="oc-286">
         <name>.text:_xdc_runtime_LoggerBuf_setFilterLevel__E</name>
         <load_address>0x302253</load_address>
         <run_address>0x302253</run_address>
         <size>0x3c</size>
         <input_file_ref idref="fl-2e"/>
      </object_component>
      <object_component id="oc-38a">
         <name>.text:_xdc_runtime_System_formatNum__I</name>
         <load_address>0x30228f</load_address>
         <run_address>0x30228f</run_address>
         <size>0x3c</size>
         <input_file_ref idref="fl-31"/>
      </object_component>
      <object_component id="oc-386">
         <name>.text:_ti_sysbios_family_c28_TaskSupport_start__E</name>
         <load_address>0x3022cb</load_address>
         <run_address>0x3022cb</run_address>
         <size>0x3a</size>
         <input_file_ref idref="fl-23"/>
      </object_component>
      <object_component id="oc-369">
         <name>.text</name>
         <load_address>0x302305</load_address>
         <run_address>0x302305</run_address>
         <size>0x38</size>
         <input_file_ref idref="fl-51"/>
      </object_component>
      <object_component id="oc-298">
         <name>.text:_serial_recv_ready</name>
         <load_address>0x30233d</load_address>
         <run_address>0x30233d</run_address>
         <size>0x37</size>
         <input_file_ref idref="fl-7"/>
      </object_component>
      <object_component id="oc-2bd">
         <name>.text:_ti_sysbios_heaps_HeapMem_freeUnprotected__E</name>
         <load_address>0x302374</load_address>
         <run_address>0x302374</run_address>
         <size>0x36</size>
         <input_file_ref idref="fl-23"/>
      </object_component>
      <object_component id="oc-2cc">
         <name>.text:_ti_sysbios_knl_Task_startCore__E</name>
         <load_address>0x3023aa</load_address>
         <run_address>0x3023aa</run_address>
         <size>0x35</size>
         <input_file_ref idref="fl-23"/>
      </object_component>
      <object_component id="oc-2fe">
         <name>.text:_ti_sysbios_family_c28_Hwi_enableInterrupt__E</name>
         <load_address>0x3023df</load_address>
         <run_address>0x3023df</run_address>
         <size>0x33</size>
         <input_file_ref idref="fl-23"/>
      </object_component>
      <object_component id="oc-2dc">
         <name>.text:_EQEP_read</name>
         <load_address>0x302412</load_address>
         <run_address>0x302412</run_address>
         <size>0x32</size>
         <input_file_ref idref="fl-3"/>
      </object_component>
      <object_component id="oc-34d">
         <name>.text:_ti_sysbios_knl_Task_Module_startup__E</name>
         <load_address>0x302444</load_address>
         <run_address>0x302444</run_address>
         <size>0x32</size>
         <input_file_ref idref="fl-23"/>
      </object_component>
      <object_component id="oc-392">
         <name>.text:_xdc_runtime_Text_visitRope2__I</name>
         <load_address>0x302476</load_address>
         <run_address>0x302476</run_address>
         <size>0x32</size>
         <input_file_ref idref="fl-33"/>
      </object_component>
      <object_component id="oc-297">
         <name>.text:_serial_send</name>
         <load_address>0x3024a8</load_address>
         <run_address>0x3024a8</run_address>
         <size>0x31</size>
         <input_file_ref idref="fl-7"/>
      </object_component>
      <object_component id="oc-342">
         <name>.text:_xdc_runtime_Error_print__E</name>
         <load_address>0x3024d9</load_address>
         <run_address>0x3024d9</run_address>
         <size>0x30</size>
         <input_file_ref idref="fl-2c"/>
      </object_component>
      <object_component id="oc-30d">
         <name>.text:_xdc_runtime_Error_setX__E</name>
         <load_address>0x302509</load_address>
         <run_address>0x302509</run_address>
         <size>0x30</size>
         <input_file_ref idref="fl-2c"/>
      </object_component>
      <object_component id="oc-240">
         <name>.text:_xdc_runtime_Startup_exec__E</name>
         <load_address>0x302539</load_address>
         <run_address>0x302539</run_address>
         <size>0x2f</size>
         <input_file_ref idref="fl-30"/>
      </object_component>
      <object_component id="oc-262">
         <name>.text:.bootCodeSection:_ti_catalog_c2800_init_Boot_configurePll2802x</name>
         <load_address>0x302568</load_address>
         <run_address>0x302568</run_address>
         <size>0x2e</size>
         <input_file_ref idref="fl-28"/>
      </object_component>
      <object_component id="oc-2ab">
         <name>.text:_InitMcbspb</name>
         <load_address>0x302596</load_address>
         <run_address>0x302596</run_address>
         <size>0x2e</size>
         <input_file_ref idref="fl-f"/>
      </object_component>
      <object_component id="oc-2aa">
         <name>.text:_InitMcbspbGpio</name>
         <load_address>0x3025c4</load_address>
         <run_address>0x3025c4</run_address>
         <size>0x2e</size>
         <input_file_ref idref="fl-f"/>
      </object_component>
      <object_component id="oc-308">
         <name>.text:_ti_sysbios_knl_Swi_runLoop__I</name>
         <load_address>0x3025f2</load_address>
         <run_address>0x3025f2</run_address>
         <size>0x2e</size>
         <input_file_ref idref="fl-23"/>
      </object_component>
      <object_component id="oc-2de">
         <name>.text:_ti_sysbios_knl_Swi_schedule__I</name>
         <load_address>0x302620</load_address>
         <run_address>0x302620</run_address>
         <size>0x2e</size>
         <input_file_ref idref="fl-23"/>
      </object_component>
      <object_component id="oc-30b">
         <name>.text:_ti_sysbios_knl_Task_schedule__I</name>
         <load_address>0x30264e</load_address>
         <run_address>0x30264e</run_address>
         <size>0x2e</size>
         <input_file_ref idref="fl-23"/>
      </object_component>
      <object_component id="oc-33e">
         <name>.text:_ti_sysbios_family_c28_Hwi_getInterruptFlag__E</name>
         <load_address>0x30267c</load_address>
         <run_address>0x30267c</run_address>
         <size>0x2d</size>
         <input_file_ref idref="fl-23"/>
      </object_component>
      <object_component id="oc-339">
         <name>.text:_ti_sysbios_family_c28_Hwi_getStackInfo__E</name>
         <load_address>0x3026a9</load_address>
         <run_address>0x3026a9</run_address>
         <size>0x2d</size>
         <input_file_ref idref="fl-23"/>
      </object_component>
      <object_component id="oc-272">
         <name>.text:_ti_sysbios_heaps_HeapMem_getStats__E</name>
         <load_address>0x3026d6</load_address>
         <run_address>0x3026d6</run_address>
         <size>0x2d</size>
         <input_file_ref idref="fl-23"/>
      </object_component>
      <object_component id="oc-2db">
         <name>.text:_ti_sysbios_knl_Semaphore_post__E</name>
         <load_address>0x302703</load_address>
         <run_address>0x302703</run_address>
         <size>0x2d</size>
         <input_file_ref idref="fl-23"/>
      </object_component>
      <object_component id="oc-2c9">
         <name>.text:_ti_sysbios_family_c28_Timer_start__E</name>
         <load_address>0x302730</load_address>
         <run_address>0x302730</run_address>
         <size>0x2c</size>
         <input_file_ref idref="fl-23"/>
      </object_component>
      <object_component id="oc-325">
         <name>.text:_ti_sysbios_family_c28_Hwi_disablePIEIER__E</name>
         <load_address>0x30275c</load_address>
         <run_address>0x30275c</run_address>
         <size>0x2b</size>
         <input_file_ref idref="fl-23"/>
      </object_component>
      <object_component id="oc-324">
         <name>.text:_ti_sysbios_family_c28_Hwi_enablePIEIER__E</name>
         <load_address>0x302787</load_address>
         <run_address>0x302787</run_address>
         <size>0x2a</size>
         <input_file_ref idref="fl-23"/>
      </object_component>
      <object_component id="oc-1f8">
         <name>.text</name>
         <load_address>0x3027b1</load_address>
         <run_address>0x3027b1</run_address>
         <size>0x2a</size>
         <input_file_ref idref="fl-5f"/>
      </object_component>
      <object_component id="oc-176">
         <name>.text</name>
         <load_address>0x3027db</load_address>
         <run_address>0x3027db</run_address>
         <size>0x2a</size>
         <input_file_ref idref="fl-46"/>
      </object_component>
      <object_component id="oc-330">
         <name>.text:_ti_sysbios_family_c28_Timer_getExpiredCounts64__E</name>
         <load_address>0x302805</load_address>
         <run_address>0x302805</run_address>
         <size>0x29</size>
         <input_file_ref idref="fl-23"/>
      </object_component>
      <object_component id="oc-2f7">
         <name>.text</name>
         <load_address>0x30282e</load_address>
         <run_address>0x30282e</run_address>
         <size>0x29</size>
         <input_file_ref idref="fl-4b"/>
      </object_component>
      <object_component id="oc-36b">
         <name>.text:_xdc_runtime_Text_xprintf__I</name>
         <load_address>0x302857</load_address>
         <run_address>0x302857</run_address>
         <size>0x28</size>
         <input_file_ref idref="fl-33"/>
      </object_component>
      <object_component id="oc-2ea">
         <name>.text:_ti_sysbios_heaps_HeapMem_init__I</name>
         <load_address>0x30287f</load_address>
         <run_address>0x30287f</run_address>
         <size>0x27</size>
         <input_file_ref idref="fl-23"/>
      </object_component>
      <object_component id="oc-2f3">
         <name>.text:_InitSpiaGpio</name>
         <load_address>0x3028a6</load_address>
         <run_address>0x3028a6</run_address>
         <size>0x26</size>
         <input_file_ref idref="fl-11"/>
      </object_component>
      <object_component id="oc-321">
         <name>.text:_xdc_runtime_SysMin_flush__E</name>
         <load_address>0x3028cc</load_address>
         <run_address>0x3028cc</run_address>
         <size>0x26</size>
         <input_file_ref idref="fl-32"/>
      </object_component>
      <object_component id="oc-391">
         <name>.text:_ti_sysbios_family_c28_TaskSupport_buildTaskStack</name>
         <load_address>0x3028f2</load_address>
         <run_address>0x3028f2</run_address>
         <size>0x25</size>
         <input_file_ref idref="fl-27"/>
      </object_component>
      <object_component id="oc-331">
         <name>.text:_ti_sysbios_family_c28_Timer_getExpiredCounts__E</name>
         <load_address>0x302917</load_address>
         <run_address>0x302917</run_address>
         <size>0x25</size>
         <input_file_ref idref="fl-23"/>
      </object_component>
      <object_component id="oc-384">
         <name>.text:_ti_sysbios_family_c28_Hwi_disableInterrupt__E</name>
         <load_address>0x30293c</load_address>
         <run_address>0x30293c</run_address>
         <size>0x24</size>
         <input_file_ref idref="fl-23"/>
      </object_component>
      <object_component id="oc-291">
         <name>.text:_ti_sysbios_knl_Swi_post__E</name>
         <load_address>0x302960</load_address>
         <run_address>0x302960</run_address>
         <size>0x24</size>
         <input_file_ref idref="fl-23"/>
      </object_component>
      <object_component id="oc-23f">
         <name>.text</name>
         <load_address>0x302984</load_address>
         <run_address>0x302984</run_address>
         <size>0x24</size>
         <input_file_ref idref="fl-47"/>
      </object_component>
      <object_component id="oc-268">
         <name>.text:_xdc_runtime_System_processAtExit__E</name>
         <load_address>0x3029a8</load_address>
         <run_address>0x3029a8</run_address>
         <size>0x23</size>
         <input_file_ref idref="fl-31"/>
      </object_component>
      <object_component id="oc-270">
         <name>.text:_ti_sysbios_heaps_HeapMem_free__E</name>
         <load_address>0x3029cb</load_address>
         <run_address>0x3029cb</run_address>
         <size>0x21</size>
         <input_file_ref idref="fl-23"/>
      </object_component>
      <object_component id="oc-2ff">
         <name>.text:_ti_sysbios_knl_Task_allBlockedFunction__I</name>
         <load_address>0x3029ec</load_address>
         <run_address>0x3029ec</run_address>
         <size>0x21</size>
         <input_file_ref idref="fl-23"/>
      </object_component>
      <object_component id="oc-211">
         <name>.text</name>
         <load_address>0x302a0d</load_address>
         <run_address>0x302a0d</run_address>
         <size>0x21</size>
         <input_file_ref idref="fl-64"/>
      </object_component>
      <object_component id="oc-372">
         <name>.text:_ti_sysbios_family_c28_Timer_setPrescale__E</name>
         <load_address>0x302a2e</load_address>
         <run_address>0x302a2e</run_address>
         <size>0x20</size>
         <input_file_ref idref="fl-23"/>
      </object_component>
      <object_component id="oc-2e4">
         <name>.text:_ti_sysbios_knl_Task_yield__E</name>
         <load_address>0x302a4e</load_address>
         <run_address>0x302a4e</run_address>
         <size>0x20</size>
         <input_file_ref idref="fl-23"/>
      </object_component>
      <object_component id="oc-276">
         <name>.text:_xdc_runtime_System_atexit__E</name>
         <load_address>0x302a6e</load_address>
         <run_address>0x302a6e</run_address>
         <size>0x20</size>
         <input_file_ref idref="fl-31"/>
      </object_component>
      <object_component id="oc-374">
         <name>.text:_ti_sysbios_knl_Task_exit__E</name>
         <load_address>0x302a8e</load_address>
         <run_address>0x302a8e</run_address>
         <size>0x1f</size>
         <input_file_ref idref="fl-23"/>
      </object_component>
      <object_component id="oc-2d0">
         <name>.text:_xdc_runtime_LoggerBuf_filterOutEvent__I</name>
         <load_address>0x302aad</load_address>
         <run_address>0x302aad</run_address>
         <size>0x1f</size>
         <input_file_ref idref="fl-2e"/>
      </object_component>
      <object_component id="oc-216">
         <name>.text</name>
         <load_address>0x302acc</load_address>
         <run_address>0x302acc</run_address>
         <size>0x1f</size>
         <input_file_ref idref="fl-65"/>
      </object_component>
      <object_component id="oc-2e1">
         <name>.text:_ti_sysbios_knl_Task_blockI__E</name>
         <load_address>0x302aeb</load_address>
         <run_address>0x302aeb</run_address>
         <size>0x1e</size>
         <input_file_ref idref="fl-23"/>
      </object_component>
      <object_component id="oc-355">
         <name>.text:_xdc_runtime_SysMin_putch__E</name>
         <load_address>0x302b09</load_address>
         <run_address>0x302b09</run_address>
         <size>0x1e</size>
         <input_file_ref idref="fl-32"/>
      </object_component>
      <object_component id="oc-220">
         <name>.text</name>
         <load_address>0x302b27</load_address>
         <run_address>0x302b27</run_address>
         <size>0x1e</size>
         <input_file_ref idref="fl-67"/>
      </object_component>
      <object_component id="oc-263">
         <name>.text</name>
         <load_address>0x302b45</load_address>
         <run_address>0x302b45</run_address>
         <size>0x1e</size>
         <input_file_ref idref="fl-48"/>
      </object_component>
      <object_component id="oc-32e">
         <name>.text:_ti_sysbios_family_c28_TaskSupport_swap__E</name>
         <load_address>0x302b63</load_address>
         <run_address>0x302b63</run_address>
         <size>0x1d</size>
         <input_file_ref idref="fl-27"/>
      </object_component>
      <object_component id="oc-225">
         <name>.text</name>
         <load_address>0x302b80</load_address>
         <run_address>0x302b80</run_address>
         <size>0x1d</size>
         <input_file_ref idref="fl-68"/>
      </object_component>
      <object_component id="oc-333">
         <name>.text:_ti_sysbios_hal_Hwi_checkStack</name>
         <load_address>0x302b9d</load_address>
         <run_address>0x302b9d</run_address>
         <size>0x1c</size>
         <input_file_ref idref="fl-23"/>
      </object_component>
      <object_component id="oc-34f">
         <name>.text:_xdc_runtime_SysMin_output__I</name>
         <load_address>0x302bb9</load_address>
         <run_address>0x302bb9</run_address>
         <size>0x1c</size>
         <input_file_ref idref="fl-1b"/>
      </object_component>
      <object_component id="oc-22f">
         <name>.text</name>
         <load_address>0x302bd5</load_address>
         <run_address>0x302bd5</run_address>
         <size>0x1c</size>
         <input_file_ref idref="fl-6a"/>
      </object_component>
      <object_component id="oc-22a">
         <name>.text</name>
         <load_address>0x302bf1</load_address>
         <run_address>0x302bf1</run_address>
         <size>0x1c</size>
         <input_file_ref idref="fl-69"/>
      </object_component>
      <object_component id="oc-38c">
         <name>.text:_ti_sysbios_family_c28_Hwi_switchAndDispatch__I</name>
         <load_address>0x302c0d</load_address>
         <run_address>0x302c0d</run_address>
         <size>0x1b</size>
         <input_file_ref idref="fl-24"/>
      </object_component>
      <object_component id="oc-2eb">
         <name>.text:_ti_sysbios_hal_Hwi_initStack</name>
         <load_address>0x302c28</load_address>
         <run_address>0x302c28</run_address>
         <size>0x1b</size>
         <input_file_ref idref="fl-23"/>
      </object_component>
      <object_component id="oc-385">
         <name>.text:_ti_sysbios_knl_Task_processVitalTaskFlag__I</name>
         <load_address>0x302c43</load_address>
         <run_address>0x302c43</run_address>
         <size>0x1b</size>
         <input_file_ref idref="fl-23"/>
      </object_component>
      <object_component id="oc-289">
         <name>.text:_ti_sysbios_gates_GateMutex_enter__E</name>
         <load_address>0x302c5e</load_address>
         <run_address>0x302c5e</run_address>
         <size>0x1a</size>
         <input_file_ref idref="fl-23"/>
      </object_component>
      <object_component id="oc-2e0">
         <name>.text:_ti_sysbios_knl_Clock_addI__E</name>
         <load_address>0x302c78</load_address>
         <run_address>0x302c78</run_address>
         <size>0x1a</size>
         <input_file_ref idref="fl-23"/>
      </object_component>
      <object_component id="oc-36d">
         <name>.text:_xdc_runtime_System_avprintf__E</name>
         <load_address>0x302c92</load_address>
         <run_address>0x302c92</run_address>
         <size>0x1a</size>
         <input_file_ref idref="fl-31"/>
      </object_component>
      <object_component id="oc-2af">
         <name>.text:_Init_i2c</name>
         <load_address>0x302cac</load_address>
         <run_address>0x302cac</run_address>
         <size>0x19</size>
         <input_file_ref idref="fl-14"/>
      </object_component>
      <object_component id="oc-29b">
         <name>.text:_start_SPI</name>
         <load_address>0x302cc5</load_address>
         <run_address>0x302cc5</run_address>
         <size>0x19</size>
         <input_file_ref idref="fl-8"/>
      </object_component>
      <object_component id="oc-2cb">
         <name>.text:_ti_sysbios_knl_Swi_restore__E</name>
         <load_address>0x302cde</load_address>
         <run_address>0x302cde</run_address>
         <size>0x19</size>
         <input_file_ref idref="fl-23"/>
      </object_component>
      <object_component id="oc-38b">
         <name>.text:_xdc_runtime_System_putchar__I</name>
         <load_address>0x302cf7</load_address>
         <run_address>0x302cf7</run_address>
         <size>0x19</size>
         <input_file_ref idref="fl-31"/>
      </object_component>
      <object_component id="oc-36e">
         <name>.text:_xdc_runtime_System_vprintf__E</name>
         <load_address>0x302d10</load_address>
         <run_address>0x302d10</run_address>
         <size>0x19</size>
         <input_file_ref idref="fl-31"/>
      </object_component>
      <object_component id="oc-242">
         <name>.text</name>
         <load_address>0x302d29</load_address>
         <run_address>0x302d29</run_address>
         <size>0x19</size>
         <input_file_ref idref="fl-4d"/>
      </object_component>
      <object_component id="oc-2b1">
         <name>.text:_post_init</name>
         <load_address>0x302d42</load_address>
         <run_address>0x302d42</run_address>
         <size>0x18</size>
         <input_file_ref idref="fl-4"/>
      </object_component>
      <object_component id="oc-309">
         <name>.text:_ti_sysbios_family_xxx_Hwi_switchAndRunFunc</name>
         <load_address>0x302d5a</load_address>
         <run_address>0x302d5a</run_address>
         <size>0x18</size>
         <input_file_ref idref="fl-24"/>
      </object_component>
      <object_component id="oc-358">
         <name>.text:_xdc_runtime_LoggerBuf_reset__E</name>
         <load_address>0x302d72</load_address>
         <run_address>0x302d72</run_address>
         <size>0x18</size>
         <input_file_ref idref="fl-2e"/>
      </object_component>
      <object_component id="oc-37f">
         <name>.text:_xdc_runtime_Text_printVisFxn__I</name>
         <load_address>0x302d8a</load_address>
         <run_address>0x302d8a</run_address>
         <size>0x18</size>
         <input_file_ref idref="fl-33"/>
      </object_component>
      <object_component id="oc-21b">
         <name>.text</name>
         <load_address>0x302da2</load_address>
         <run_address>0x302da2</run_address>
         <size>0x18</size>
         <input_file_ref idref="fl-66"/>
      </object_component>
      <object_component id="oc-278">
         <name>.text:_ti_sysbios_family_c28_Timer_startup__E</name>
         <load_address>0x302dba</load_address>
         <run_address>0x302dba</run_address>
         <size>0x17</size>
         <input_file_ref idref="fl-23"/>
      </object_component>
      <object_component id="oc-251">
         <name>.text:_ti_sysbios_knl_Clock_doTick__I</name>
         <load_address>0x302dd1</load_address>
         <run_address>0x302dd1</run_address>
         <size>0x17</size>
         <input_file_ref idref="fl-1b"/>
      </object_component>
      <object_component id="oc-305">
         <name>.text:_ti_sysbios_knl_Semaphore_pendTimeout__I</name>
         <load_address>0x302de8</load_address>
         <run_address>0x302de8</run_address>
         <size>0x17</size>
         <input_file_ref idref="fl-23"/>
      </object_component>
      <object_component id="oc-2e2">
         <name>.text:_ti_sysbios_knl_Task_restore__E</name>
         <load_address>0x302dff</load_address>
         <run_address>0x302dff</run_address>
         <size>0x17</size>
         <input_file_ref idref="fl-23"/>
      </object_component>
      <object_component id="oc-307">
         <name>.text:_ti_sysbios_knl_Task_unblockI__E</name>
         <load_address>0x302e16</load_address>
         <run_address>0x302e16</run_address>
         <size>0x17</size>
         <input_file_ref idref="fl-23"/>
      </object_component>
      <object_component id="oc-345">
         <name>.text:_xdc_runtime_LoggerBuf_Module_startup__E</name>
         <load_address>0x302e2d</load_address>
         <run_address>0x302e2d</run_address>
         <size>0x17</size>
         <input_file_ref idref="fl-2e"/>
      </object_component>
      <object_component id="oc-2ae">
         <name>.text:_InitI2CGpio</name>
         <load_address>0x302e44</load_address>
         <run_address>0x302e44</run_address>
         <size>0x16</size>
         <input_file_ref idref="fl-14"/>
      </object_component>
      <object_component id="oc-2f2">
         <name>.text:_clkg_delay_loop</name>
         <load_address>0x302e5a</load_address>
         <run_address>0x302e5a</run_address>
         <size>0x16</size>
         <input_file_ref idref="fl-f"/>
      </object_component>
      <object_component id="oc-2f1">
         <name>.text:_delay_loop</name>
         <load_address>0x302e70</load_address>
         <run_address>0x302e70</run_address>
         <size>0x16</size>
         <input_file_ref idref="fl-f"/>
      </object_component>
      <object_component id="oc-275">
         <name>.text:_ti_sysbios_BIOS_atExitFunc__I</name>
         <load_address>0x302e86</load_address>
         <run_address>0x302e86</run_address>
         <size>0x16</size>
         <input_file_ref idref="fl-1b"/>
      </object_component>
      <object_component id="oc-34a">
         <name>.text:_ti_sysbios_family_c28_Timer_Module_startup__E</name>
         <load_address>0x302e9c</load_address>
         <run_address>0x302e9c</run_address>
         <size>0x16</size>
         <input_file_ref idref="fl-23"/>
      </object_component>
      <object_component id="oc-343">
         <name>.text:_xdc_runtime_SysMin_abort__E</name>
         <load_address>0x302eb2</load_address>
         <run_address>0x302eb2</run_address>
         <size>0x16</size>
         <input_file_ref idref="fl-32"/>
      </object_component>
      <object_component id="oc-24a">
         <name>.text:_ti_sysbios_BIOS_startFunc__I</name>
         <load_address>0x302ec8</load_address>
         <run_address>0x302ec8</run_address>
         <size>0x15</size>
         <input_file_ref idref="fl-1b"/>
      </object_component>
      <object_component id="oc-34c">
         <name>.text:_ti_sysbios_knl_Swi_Module_startup__E</name>
         <load_address>0x302edd</load_address>
         <run_address>0x302edd</run_address>
         <size>0x15</size>
         <input_file_ref idref="fl-23"/>
      </object_component>
      <object_component id="oc-2b0">
         <name>.text:_InitAdc</name>
         <load_address>0x302ef2</load_address>
         <run_address>0x302ef2</run_address>
         <size>0x14</size>
         <input_file_ref idref="fl-a"/>
      </object_component>
      <object_component id="oc-295">
         <name>.text:_ti_sysbios_knl_Idle_run__E</name>
         <load_address>0x302f06</load_address>
         <run_address>0x302f06</run_address>
         <size>0x14</size>
         <input_file_ref idref="fl-23"/>
      </object_component>
      <object_component id="oc-2a1">
         <name>.text:_MemCopy</name>
         <load_address>0x302f1a</load_address>
         <run_address>0x302f1a</run_address>
         <size>0x13</size>
         <input_file_ref idref="fl-16"/>
      </object_component>
      <object_component id="oc-260">
         <name>.text:_xdc_runtime_Error_raiseX__E</name>
         <load_address>0x302f2d</load_address>
         <run_address>0x302f2d</run_address>
         <size>0x13</size>
         <input_file_ref idref="fl-2c"/>
      </object_component>
      <object_component id="oc-34b">
         <name>.text:_ti_sysbios_knl_Clock_Module_startup__E</name>
         <load_address>0x302f40</load_address>
         <run_address>0x302f40</run_address>
         <size>0x12</size>
         <input_file_ref idref="fl-23"/>
      </object_component>
      <object_component id="oc-2f0">
         <name>.text:_init_buffer</name>
         <load_address>0x302f52</load_address>
         <run_address>0x302f52</run_address>
         <size>0x11</size>
         <input_file_ref idref="fl-7"/>
      </object_component>
      <object_component id="oc-38d">
         <name>.text:_ti_sysbios_knl_Task_restoreHwi__E</name>
         <load_address>0x302f63</load_address>
         <run_address>0x302f63</run_address>
         <size>0x11</size>
         <input_file_ref idref="fl-23"/>
      </object_component>
      <object_component id="oc-336">
         <name>.text:_ti_sysbios_BIOS_errorRaiseHook__I</name>
         <load_address>0x302f74</load_address>
         <run_address>0x302f74</run_address>
         <size>0x10</size>
         <input_file_ref idref="fl-1b"/>
      </object_component>
      <object_component id="oc-371">
         <name>.text:_ti_sysbios_family_c28_Timer_stop__E</name>
         <load_address>0x302f84</load_address>
         <run_address>0x302f84</run_address>
         <size>0x10</size>
         <input_file_ref idref="fl-23"/>
      </object_component>
      <object_component id="oc-347">
         <name>.text:_xdc_runtime_SysMin_Module_startup__E</name>
         <load_address>0x302f94</load_address>
         <run_address>0x302f94</run_address>
         <size>0x10</size>
         <input_file_ref idref="fl-32"/>
      </object_component>
      <object_component id="oc-261">
         <name>.text:.bootCodeSection:_ti_catalog_c2800_init_Boot_disableWatchdog</name>
         <load_address>0x302fa4</load_address>
         <run_address>0x302fa4</run_address>
         <size>0xf</size>
         <input_file_ref idref="fl-28"/>
      </object_component>
      <object_component id="oc-27c">
         <name>.text:_ti_sysbios_BIOS_removeRTSLock__I</name>
         <load_address>0x302fb3</load_address>
         <run_address>0x302fb3</run_address>
         <size>0xf</size>
         <input_file_ref idref="fl-1b"/>
      </object_component>
      <object_component id="oc-283">
[...]
         <value>0x302c0d</value>
         <object_component_ref idref="oc-38c"/>
      </symbol>
      <symbol id="sm-87e">
         <name>_ti_sysbios_family_c28_Hwi_interruptReturn__I</name>
         <value>0x3032d2</value>
         <object_component_ref idref="oc-323"/>
      </symbol>
      <symbol id="sm-87f">
         <name>_ti_sysbios_family_xxx_Hwi_switchAndRunFunc</name>
         <value>0x302d5a</value>
         <object_component_ref idref="oc-309"/>
      </symbol>
      <symbol id="sm-924">
         <name>_ti_sysbios_family_c28_Hwi_dispatchTable</name>
         <value>0x301298</value>
         <object_component_ref idref="oc-36f"/>
      </symbol>
      <symbol id="sm-925">
         <name>_ti_sysbios_family_c28_Hwi_dispatchPie</name>
         <value>0x3012f5</value>
         <object_component_ref idref="oc-36f"/>
      </symbol>
      <symbol id="sm-931">
         <name>_ti_sysbios_family_c28_IntrinsicsSupport_maxbit__E</name>
         <value>0x303214</value>
         <object_component_ref idref="oc-300"/>
      </symbol>
      <symbol id="sm-941">
         <name>_ti_sysbios_family_c28_TaskSupport_buildTaskStack</name>
         <value>0x3028f2</value>
         <object_component_ref idref="oc-391"/>
      </symbol>
      <symbol id="sm-942">
         <name>_ti_sysbios_family_c28_TaskSupport_swap__E</name>
         <value>0x302b63</value>
         <object_component_ref idref="oc-32e"/>
      </symbol>
      <symbol id="sm-943">
         <name>_ti_sysbios_family_c28_TaskSupport_glue</name>
         <value>0x303183</value>
         <object_component_ref idref="oc-396"/>
      </symbol>
      <symbol id="sm-956">
         <name>_ti_catalog_c2800_init_Boot_configurePll2802x</name>
         <value>0x302568</value>
         <object_component_ref idref="oc-262"/>
      </symbol>
      <symbol id="sm-957">
         <name>_ti_catalog_c2800_init_Boot_disableWatchdog</name>
         <value>0x302fa4</value>
         <object_component_ref idref="oc-261"/>
      </symbol>
      <symbol id="sm-958">
         <name>_ti_catalog_c2800_init_Boot_defaultLimpAbortFunction</name>
         <value>0x3032c3</value>
         <object_component_ref idref="oc-2e8"/>
      </symbol>
      <symbol id="sm-99c">
         <name>_xdc_runtime_Error_getSite__E</name>
         <value>0x3032cd</value>
         <object_component_ref idref="oc-351"/>
      </symbol>
      <symbol id="sm-99d">
         <name>_xdc_runtime_Error_print__E</name>
         <value>0x3024d9</value>
         <object_component_ref idref="oc-342"/>
      </symbol>
      <symbol id="sm-99e">
         <name>_xdc_runtime_Error_policyDefault__E</name>
         <value>0x301160</value>
         <object_component_ref idref="oc-2e7"/>
      </symbol>
      <symbol id="sm-99f">
         <name>_xdc_runtime_Error_init__E</name>
         <value>0x303138</value>
         <object_component_ref idref="oc-2d6"/>
      </symbol>
      <symbol id="sm-9a0">
         <name>_xdc_runtime_Error_raiseX__E</name>
         <value>0x302f2d</value>
         <object_component_ref idref="oc-260"/>
      </symbol>
      <symbol id="sm-9a1">
         <name>_xdc_runtime_Error_setX__E</name>
         <value>0x302509</value>
         <object_component_ref idref="oc-30d"/>
      </symbol>
      <symbol id="sm-9af">
         <name>_xdc_runtime_Gate_leaveSystem__E</name>
         <value>0x303238</value>
         <object_component_ref idref="oc-2c5"/>
      </symbol>
      <symbol id="sm-9b0">
         <name>_xdc_runtime_Gate_enterSystem__E</name>
         <value>0x303232</value>
         <object_component_ref idref="oc-2b3"/>
      </symbol>
      <symbol id="sm-9f9">
         <name>_xdc_runtime_LoggerBuf_write0__E</name>
         <value>0x303067</value>
         <object_component_ref idref="oc-281"/>
      </symbol>
      <symbol id="sm-9fa">
         <name>_xdc_runtime_LoggerBuf_Module_startup__E</name>
         <value>0x302e2d</value>
         <object_component_ref idref="oc-345"/>
      </symbol>
      <symbol id="sm-9fb">
         <name>_xdc_runtime_LoggerBuf_reset__E</name>
         <value>0x302d72</value>
         <object_component_ref idref="oc-358"/>
      </symbol>
      <symbol id="sm-9fc">
         <name>_xdc_runtime_LoggerBuf_write4__E</name>
         <value>0x30157d</value>
         <object_component_ref idref="oc-284"/>
      </symbol>
      <symbol id="sm-9fd">
         <name>_xdc_runtime_LoggerBuf_getFilterLevel__E</name>
         <value>0x3021da</value>
         <object_component_ref idref="oc-287"/>
      </symbol>
      <symbol id="sm-9fe">
         <name>_xdc_runtime_LoggerBuf_disable__E</name>
         <value>0x303253</value>
         <object_component_ref idref="oc-280"/>
      </symbol>
      <symbol id="sm-9ff">
         <name>_xdc_runtime_LoggerBuf_setFilterLevel__E</name>
         <value>0x302253</value>
         <object_component_ref idref="oc-286"/>
      </symbol>
      <symbol id="sm-a00">
         <name>_xdc_runtime_LoggerBuf_write8__E</name>
         <value>0x300f25</value>
         <object_component_ref idref="oc-285"/>
      </symbol>
      <symbol id="sm-a01">
         <name>_xdc_runtime_LoggerBuf_write2__E</name>
         <value>0x302fc2</value>
         <object_component_ref idref="oc-283"/>
      </symbol>
      <symbol id="sm-a02">
         <name>_xdc_runtime_LoggerBuf_filterOutEvent__I</name>
         <value>0x302aad</value>
         <object_component_ref idref="oc-2d0"/>
      </symbol>
      <symbol id="sm-a03">
         <name>_xdc_runtime_LoggerBuf_write1__E</name>
         <value>0x303074</value>
         <object_component_ref idref="oc-282"/>
      </symbol>
      <symbol id="sm-a04">
         <name>_xdc_runtime_LoggerBuf_enable__E</name>
         <value>0x30323e</value>
         <object_component_ref idref="oc-27f"/>
      </symbol>
      <symbol id="sm-a2f">
         <name>_xdc_runtime_Startup_startMods__I</name>
         <value>0x3019a1</value>
         <object_component_ref idref="oc-2ec"/>
      </symbol>
      <symbol id="sm-a30">
         <name>_xdc_runtime_Startup_rtsDone__E</name>
         <value>0x303268</value>
         <object_component_ref idref="oc-273"/>
      </symbol>
      <symbol id="sm-a31">
         <name>_xdc_runtime_Startup_exec__E</name>
         <value>0x302539</value>
         <object_component_ref idref="oc-240"/>
      </symbol>
      <symbol id="sm-ab3">
         <name>_xdc_runtime_System_formatNum__I</name>
         <value>0x30228f</value>
         <object_component_ref idref="oc-38a"/>
      </symbol>
      <symbol id="sm-ab4">
         <name>_xdc_runtime_System_exit__E</name>
         <value>0x30312d</value>
         <object_component_ref idref="oc-243"/>
      </symbol>
      <symbol id="sm-ab5">
         <name>_xdc_runtime_System_exitStd__E</name>
         <value>0x3032c0</value>
         <object_component_ref idref="oc-2b5"/>
      </symbol>
      <symbol id="sm-ab6">
         <name>_xdc_runtime_System_printf_va__F</name>
         <value>0x302d10</value>
         <object_component_ref idref="oc-36e"/>
      </symbol>
      <symbol id="sm-ab7">
         <name>_xdc_runtime_System_atexit__E</name>
         <value>0x302a6e</value>
         <object_component_ref idref="oc-276"/>
      </symbol>
      <symbol id="sm-ab8">
         <name>_xdc_runtime_System_abortStd__E</name>
         <value>0x3032bd</value>
         <object_component_ref idref="oc-344"/>
      </symbol>
      <symbol id="sm-ab9">
         <name>_xdc_runtime_System_putchar__I</name>
         <value>0x302cf7</value>
         <object_component_ref idref="oc-38b"/>
      </symbol>
      <symbol id="sm-aba">
         <name>_xdc_runtime_System_snprintf_va__F</name>
         <value>0x303142</value>
         <object_component_ref idref="oc-380"/>
      </symbol>
      <symbol id="sm-abb">
         <name>_xdc_runtime_System_Module_startup__E</name>
         <value>0x3032ae</value>
         <object_component_ref idref="oc-346"/>
      </symbol>
      <symbol id="sm-abc">
         <name>_xdc_runtime_System_avprintf__E</name>
         <value>0x302c92</value>
         <object_component_ref idref="oc-36d"/>
      </symbol>
      <symbol id="sm-abd">
         <name>_xdc_runtime_System_vprintf__E</name>
         <value>0x302d10</value>
         <object_component_ref idref="oc-36e"/>
      </symbol>
      <symbol id="sm-abe">
         <name>_xdc_runtime_System_aprintf_va__F</name>
         <value>0x302c92</value>
         <object_component_ref idref="oc-36d"/>
      </symbol>
      <symbol id="sm-abf">
         <name>_xdc_runtime_System_doPrint__I</name>
         <value>0x300294</value>
         <object_component_ref idref="oc-382"/>
      </symbol>
      <symbol id="sm-ac0">
         <name>_xdc_runtime_System_processAtExit__E</name>
         <value>0x3029a8</value>
         <object_component_ref idref="oc-268"/>
      </symbol>
      <symbol id="sm-ac1">
         <name>_xdc_runtime_System_vsnprintf__E</name>
         <value>0x303142</value>
         <object_component_ref idref="oc-380"/>
      </symbol>
      <symbol id="sm-ac2">
         <name>_xdc_runtime_System_abort__E</name>
         <value>0x303081</value>
         <object_component_ref idref="oc-318"/>
      </symbol>
      <symbol id="sm-ae1">
         <name>_xdc_runtime_SysMin_abort__E</name>
         <value>0x302eb2</value>
         <object_component_ref idref="oc-343"/>
      </symbol>
      <symbol id="sm-ae2">
         <name>_xdc_runtime_SysMin_ready__E</name>
         <value>0x3031e2</value>
         <object_component_ref idref="oc-388"/>
      </symbol>
      <symbol id="sm-ae3">
         <name>_xdc_runtime_SysMin_flush__E</name>
         <value>0x3028cc</value>
         <object_component_ref idref="oc-321"/>
      </symbol>
      <symbol id="sm-ae4">
         <name>_xdc_runtime_SysMin_Module_startup__E</name>
         <value>0x302f94</value>
         <object_component_ref idref="oc-347"/>
      </symbol>
      <symbol id="sm-ae5">
         <name>_xdc_runtime_SysMin_putch__E</name>
         <value>0x302b09</value>
         <object_component_ref idref="oc-355"/>
      </symbol>
      <symbol id="sm-ae6">
         <name>_xdc_runtime_SysMin_exit__E</name>
         <value>0x303122</value>
         <object_component_ref idref="oc-2f6"/>
      </symbol>
      <symbol id="sm-b28">
         <name>_xdc_runtime_Text_putLab__E</name>
         <value>0x301ee2</value>
         <object_component_ref idref="oc-398"/>
      </symbol>
      <symbol id="sm-b29">
         <name>_xdc_runtime_Text_printVisFxn__I</name>
         <value>0x302d8a</value>
         <object_component_ref idref="oc-37f"/>
      </symbol>
      <symbol id="sm-b2a">
         <name>_xdc_runtime_Text_putMod__E</name>
         <value>0x30215d</value>
         <object_component_ref idref="oc-36a"/>
      </symbol>
      <symbol id="sm-b2b">
         <name>_xdc_runtime_Text_xprintf__I</name>
         <value>0x302857</value>
         <object_component_ref idref="oc-36b"/>
      </symbol>
      <symbol id="sm-b2c">
         <name>_xdc_runtime_Text_visitRope2__I</name>
         <value>0x302476</value>
         <object_component_ref idref="oc-392"/>
      </symbol>
      <symbol id="sm-b2d">
         <name>_xdc_runtime_Text_ropeText__E</name>
         <value>0x30314c</value>
         <object_component_ref idref="oc-335"/>
      </symbol>
      <symbol id="sm-b2e">
         <name>_xdc_runtime_Text_putSite__E</name>
         <value>0x301afa</value>
         <object_component_ref idref="oc-352"/>
      </symbol>
      <symbol id="sm-b3a">
         <name>___xdc__init</name>
         <value>0x30326c</value>
         <object_component_ref idref="oc-244"/>
      </symbol>
      <symbol id="sm-b67">
         <name>_xdc_runtime_Registry_findById__E</name>
         <value>0x302fd1</value>
         <object_component_ref idref="oc-37d"/>
      </symbol>
      <symbol id="sm-b82">
         <name>_c_int00</name>
         <value>0x301b65</value>
         <object_component_ref idref="oc-49"/>
      </symbol>
      <symbol id="sm-b83">
         <name>__stack</name>
         <value>0x9940</value>
         <object_component_ref idref="oc-167"/>
      </symbol>
      <symbol id="sm-b94">
         <name>FS$$DIV</name>
         <value>0x301693</value>
         <object_component_ref idref="oc-16c"/>
      </symbol>
      <symbol id="sm-bc0">
         <name>ULL$$MOD</name>
         <value>0x300ccc</value>
         <object_component_ref idref="oc-171"/>
      </symbol>
      <symbol id="sm-bc1">
         <name>ULL$$DIV</name>
         <value>0x300c9d</value>
         <object_component_ref idref="oc-171"/>
      </symbol>
      <symbol id="sm-bc2">
         <name>LL$$MOD</name>
         <value>0x300c63</value>
         <object_component_ref idref="oc-171"/>
      </symbol>
      <symbol id="sm-bc3">
         <name>LL$$DIV</name>
         <value>0x300c27</value>
         <object_component_ref idref="oc-171"/>
      </symbol>
      <symbol id="sm-bcf">
         <name>UL$$MOD</name>
         <value>0x3027ff</value>
         <object_component_ref idref="oc-176"/>
      </symbol>
      <symbol id="sm-bd0">
         <name>L$$MOD</name>
         <value>0x3027ea</value>
         <object_component_ref idref="oc-176"/>
      </symbol>
      <symbol id="sm-bd1">
         <name>L$$DIV</name>
         <value>0x3027db</value>
         <object_component_ref idref="oc-176"/>
      </symbol>
      <symbol id="sm-bd2">
         <name>UL$$DIV</name>
         <value>0x3027f8</value>
         <object_component_ref idref="oc-176"/>
      </symbol>
      <symbol id="sm-be1">
         <name>_copy_in</name>
         <value>0x302984</value>
         <object_component_ref idref="oc-23f"/>
      </symbol>
      <symbol id="sm-bf2">
         <name>_memcpy</name>
         <value>0x302b45</value>
         <object_component_ref idref="oc-263"/>
      </symbol>
      <symbol id="sm-bfe">
         <name>__system_pre_init</name>
         <value>0x3032cf</value>
         <object_component_ref idref="oc-23d"/>
      </symbol>
      <symbol id="sm-c0a">
         <name>__system_post_cinit</name>
         <value>0x3032d4</value>
         <object_component_ref idref="oc-241"/>
      </symbol>
      <symbol id="sm-c1e">
         <name>C$$EXIT</name>
         <value>0x30282e</value>
         <object_component_ref idref="oc-2f7"/>
      </symbol>
      <symbol id="sm-c1f">
         <name>_exit</name>
         <value>0x302830</value>
         <object_component_ref idref="oc-2f7"/>
      </symbol>
      <symbol id="sm-c20">
         <name>___TI_cleanup_ptr</name>
         <value>0x8d3c</value>
         <object_component_ref idref="oc-191"/>
      </symbol>
      <symbol id="sm-c21">
         <name>___TI_enable_exit_profile_output</name>
         <value>0x8d3a</value>
         <object_component_ref idref="oc-191"/>
      </symbol>
      <symbol id="sm-c22">
         <name>_abort</name>
         <value>0x30282e</value>
         <object_component_ref idref="oc-2f7"/>
      </symbol>
      <symbol id="sm-c23">
         <name>___TI_dtors_ptr</name>
         <value>0x8d3e</value>
         <object_component_ref idref="oc-191"/>
      </symbol>
      <symbol id="sm-c37">
         <name>__unlock</name>
         <value>0x97e6</value>
         <object_component_ref idref="oc-2f8"/>
      </symbol>
      <symbol id="sm-c38">
         <name>__lock</name>
         <value>0x97e4</value>
         <object_component_ref idref="oc-2f9"/>
      </symbol>
      <symbol id="sm-c39">
         <name>__register_lock</name>
         <value>0x3031b4</value>
         <object_component_ref idref="oc-2c1"/>
      </symbol>
      <symbol id="sm-c3a">
         <name>__nop</name>
         <value>0x3031b8</value>
         <object_component_ref idref="oc-2c1"/>
      </symbol>
      <symbol id="sm-c3b">
         <name>__register_unlock</name>
         <value>0x3031b0</value>
         <object_component_ref idref="oc-2c1"/>
      </symbol>
      <symbol id="sm-c4a">
         <name>__args_main</name>
         <value>0x302d29</value>
         <object_component_ref idref="oc-242"/>
      </symbol>
      <symbol id="sm-c58">
         <name>_memset</name>
         <value>0x3030be</value>
         <object_component_ref idref="oc-359"/>
      </symbol>
      <symbol id="sm-c6e">
         <name>_strlen</name>
         <value>0x3031ea</value>
         <object_component_ref idref="oc-36c"/>
      </symbol>
      <symbol id="sm-c7b">
         <name>_HOSTwrite</name>
         <value>0x302305</value>
         <object_component_ref idref="oc-369"/>
      </symbol>
      <symbol id="sm-c94">
         <name>___TI_readmsg</name>
         <value>0x301426</value>
         <object_component_ref idref="oc-37a"/>
      </symbol>
      <symbol id="sm-c95">
         <name>C$$IO$$</name>
         <value>0x301421</value>
         <object_component_ref idref="oc-37a"/>
      </symbol>
      <symbol id="sm-c96">
         <name>__CIOBUF_</name>
         <value>0xa6c0</value>
         <object_component_ref idref="oc-1b5"/>
      </symbol>
      <symbol id="sm-c97">
         <name>___TI_writemsg</name>
         <value>0x3013ce</value>
         <object_component_ref idref="oc-37a"/>
      </symbol>
      <symbol id="sm-cf5">
         <name>_parmbuf</name>
         <value>0x8d32</value>
         <object_component_ref idref="oc-1e2"/>
      </symbol>
      <symbol id="sm-d2f">
         <name>FD$$ADD</name>
         <value>0x3011fc</value>
         <object_component_ref idref="oc-1f3"/>
      </symbol>
      <symbol id="sm-d3f">
         <name>FD$$CMP</name>
         <value>0x3027b1</value>
         <object_component_ref idref="oc-1f8"/>
      </symbol>
      <symbol id="sm-d56">
         <name>FD$$DIV</name>
         <value>0x301608</value>
         <object_component_ref idref="oc-1fd"/>
      </symbol>
      <symbol id="sm-d68">
         <name>FD$$MPY</name>
         <value>0x3017a2</value>
         <object_component_ref idref="oc-202"/>
      </symbol>
      <symbol id="sm-d75">
         <name>FD$$NEG</name>
         <value>0x3031b9</value>
         <object_component_ref idref="oc-207"/>
      </symbol>
      <symbol id="sm-d81">
         <name>FD$$SUB</name>
         <value>0x303018</value>
         <object_component_ref idref="oc-20c"/>
      </symbol>
      <symbol id="sm-d90">
         <name>FD$$TOI</name>
         <value>0x302a0d</value>
         <object_component_ref idref="oc-211"/>
      </symbol>
      <symbol id="sm-d9f">
         <name>FD$$TOL</name>
         <value>0x302acc</value>
         <object_component_ref idref="oc-216"/>
      </symbol>
      <symbol id="sm-dab">
         <name>LL$$AND</name>
         <value>0x302da2</value>
         <object_component_ref idref="oc-21b"/>
      </symbol>
      <symbol id="sm-dac">
         <name>LL$$OR</name>
         <value>0x302daa</value>
         <object_component_ref idref="oc-21b"/>
      </symbol>
      <symbol id="sm-dad">
         <name>LL$$XOR</name>
         <value>0x302db2</value>
         <object_component_ref idref="oc-21b"/>
      </symbol>
      <symbol id="sm-dbb">
         <name>ULL$$CMP</name>
         <value>0x302b39</value>
         <object_component_ref idref="oc-220"/>
      </symbol>
      <symbol id="sm-dbc">
         <name>LL$$CMP</name>
         <value>0x302b27</value>
         <object_component_ref idref="oc-220"/>
      </symbol>
      <symbol id="sm-dcc">
         <name>I$$TOFD</name>
         <value>0x302b80</value>
         <object_component_ref idref="oc-225"/>
      </symbol>
      <symbol id="sm-ddc">
         <name>L$$TOFD</name>
         <value>0x302bf1</value>
         <object_component_ref idref="oc-22a"/>
      </symbol>
      <symbol id="sm-dec">
         <name>FS$$TOFD</name>
         <value>0x302bd5</value>
         <object_component_ref idref="oc-22f"/>
      </symbol>
      <symbol id="sm-df6">
         <name>_errno</name>
         <value>0x8d03</value>
         <object_component_ref idref="oc-236"/>
      </symbol>
   </symbol_table>
   <title>Link successful</title>
</link_info>
