********************************************************************************
TMS320C6x Hex Converter                                                   v8.2.2
********************************************************************************

INPUT FILE NAME: <lab7_maneyko2_dgnava2.out>
OUTPUT FORMAT:   Binary

PHYSICAL MEMORY PARAMETERS
   Default data width   :   8
   Default memory width :   8
   Default output width :   8

BOOT LOADER PARAMETERS
   Table Address: 0x0000, PAGE 0
   Entry Point  : 0x11819200


OUTPUT TRANSLATION MAP
--------------------------------------------------------------------------------
00000000..0003ffff  Page=0  Memory Width=8  ROM Width=8  "SPIFLASH"
--------------------------------------------------------------------------------
   OUTPUT FILES: lab7_maneyko2_dgnava2.hex [b0..b7]

   CONTENTS: 00000000..0001f9e7   BOOT TABLE
                            .vecs : btad=00000000  dest=1182ac00 size=00000200
                           .cinit : btad=0000020c  dest=1182af70 size=00000960
                            .text : btad=00000b74  dest=11800000 size=0001c780
                         .const.1 : btad=0001d2fc  dest=118254b0 size=00000050
                         .const.2 : btad=0001d354  dest=11825568 size=000025d2
                        .switch.1 : btad=0001f930  dest=1182aba8 size=00000058
                        .switch.2 : btad=0001f990  dest=1182af20 size=0000004c
