******************************************************************************
               TMS320C6x Linker PC v8.2.2                      
******************************************************************************
>> Linked Thu Jan 24 16:53:02 2019

OUTPUT FILE NAME:   <Lab1C_maneyko2_dgnava2.out>
ENTRY POINT SYMBOL: "_c_int00"  address: 11815be0


MEMORY CONFIGURATION

         name            origin    length      used     unused   attr    fill
----------------------  --------  ---------  --------  --------  ----  --------
  IROM                  11700000   00100000  00000000  00100000  R  X
  IRAM                  11800000   00038000  00027de2  0001021e  RW X
  L3_CBA_RAM            80000000   00020000  00000000  00020000  RW X
  DDR                   c3000000   01000000  00000000  01000000  RW X


SEGMENT ALLOCATION MAP

run origin  load origin   length   init length attrs members
----------  ----------- ---------- ----------- ----- -------
11800000    11800000    00018f80   00018f80    r-x
  11800000    11800000    00018f60   00018f60    r-x .text
  11818f60    11818f60    00000020   00000020    r-- .const.1
11818f80    11818f80    00008b8c   00000000    rw-
  11818f80    11818f80    00008b8c   00000000    rw- .far
11821b10    11821b10    00002552   00002552    r--
  11821b10    11821b10    00002552   00002552    r-- .const.2
11824068    11824068    0000303f   00000000    rw-
  11824068    11824068    00002000   00000000    rw- .stack
  11826068    11826068    00000df4   00000000    rw- .fardata
  11826e5c    11826e5c    0000006c   00000000    rw- .bss
  11826ec8    11826ec8    000001df   00000000    rw- .neardata
118270a8    118270a8    00000030   00000000    r--
  118270a8    118270a8    00000030   00000000    r-- .rodata
118270d8    118270d8    00000120   00000000    rw-
  118270d8    118270d8    00000120   00000000    rw- .cio
118271f8    118271f8    0000007c   0000007c    r--
  118271f8    118271f8    0000007c   0000007c    r-- .switch
11827400    11827400    00000b78   00000b78    r-x
  11827400    11827400    00000200   00000200    r-x .vecs
  11827600    11827600    00000978   00000978    r-- .cinit


SECTION ALLOCATION MAP

 output                                  attributes/
section   page    origin      length       input sections
--------  ----  ----------  ----------   ----------------
.stack     0    11824068    00002000     UNINITIALIZED
                  11824068    00000008     boot.ae674 : boot.oe674 (.stack)
                  11824070    00001ff8     --HOLE--

.bss       0    11826e5c    0000006c     UNINITIALIZED
                  11826e5c    00000004     evmomapl138_bsl.lib : evmomapl138_i2c.obj (.bss)
                  11826e60    00000004     (.common:EDMA3_0_Regs)
                  11826e64    00000004     (.common:EDMA3_1_Regs)
                  11826e68    00000004     (.common:Image_data)
                  11826e6c    00000004     (.common:LCD_Image)
                  11826e70    00000004     (.common:LCD_mem)
                  11826e74    00000004     (.common:Linux_Image)
                  11826e78    00000004     (.common:Thres_Image)
                  11826e7c    00000004     (.common:blue)
                  11826e80    00000004     (.common:c)
                  11826e84    00000004     (.common:cbar)
                  11826e88    00000004     (.common:current)
                  11826e8c    00000004     (.common:delta)
                  11826e90    00000004     (.common:green)
                  11826e94    00000004     (.common:hue)
                  11826e98    00000004     (.common:index)
                  11826e9c    00000004     (.common:k)
                  11826ea0    00000004     (.common:largest_num_pixels)
                  11826ea4    00000004     (.common:largest_object)
                  11826ea8    00000004     (.common:min)
                  11826eac    00000004     (.common:pic_data)
                  11826eb0    00000004     (.common:ptrshrdmem)
                  11826eb4    00000004     (.common:r)
                  11826eb8    00000004     (.common:rbar)
                  11826ebc    00000004     (.common:red)
                  11826ec0    00000004     (.common:sat)
                  11826ec4    00000004     (.common:value)

.neardata 
*          0    11826ec8    000001df     UNINITIALIZED
                  11826ec8    00000084     ColorVision.obj (.neardata)
                  11826f4c    00000080     COECSL_edma3.obj (.neardata)
                  11826fcc    00000068     Ladar.obj (.neardata)
                  11827034    0000003c     user_Lab1C_maneyko2_dgnava2.obj (.neardata)
                  11827070    00000028     COECSL_mcbsp.obj (.neardata)
                  11827098    00000008     LCDprintf.obj (.neardata)
                  118270a0    00000007     ColorLCD.obj (.neardata)

.rodata    0    118270a8    00000030     UNINITIALIZED
                  118270a8    00000030     Lab1C_maneyko2_dgnava2_pe674.oe674 (.rodata)

.cinit     0    11827600    00000978     
                  11827600    0000089c     (.cinit..fardata.load) [load image, compression = rle]
                  11827e9c    0000005d     (.cinit..neardata.load) [load image, compression = rle]
                  11827ef9    00000036     (.cinit..rodata.load) [load image, compression = rle]
                  11827f2f    0000000b     (.cinit..far.load) [load image, compression = rle]
                  11827f3a    00000009     (.cinit..bss.load) [load image, compression = rle]
                  11827f43    00000001     --HOLE-- [fill = 0]
                  11827f44    00000008     (__TI_handler_table)
                  11827f4c    00000004     --HOLE-- [fill = 0]
                  11827f50    00000028     (__TI_cinit_table)

.init_array 
*          0    11800000    00000000     UNINITIALIZED

.vecs      0    11827400    00000200     
                  11827400    00000200     Lab1C_maneyko2_dgnava2_pe674.oe674 (.vecs)

xdc.meta   0    11800000    00000130     COPY SECTION
                  11800000    00000130     Lab1C_maneyko2_dgnava2_pe674.oe674 (xdc.meta)

.text      0    11800000    00018f60     
                  11800000    00001f20     Ladar.obj (.text)
                  11801f20    00001ce0     rts6740_elf.lib : _printfi.obj (.text:__TI_printfi)
                  11803c00    00001340     user_Lab1C_maneyko2_dgnava2.obj (.text)
                  11804f40    000012e0     ColorVision.obj (.text)
                  11806220    00000fe0     evmomapl138_bsl.lib : evmomapl138.obj (.text)
                  11807200    00000960     ColorLCD.obj (.text)
                  11807b60    000008a0     ti.targets.rts6000.ae674 : System.oe674 (.text:xdc_runtime_System_doPrint__I)
                  11808400    00000780     evmomapl138_bsl.lib : evmomapl138_vpif.obj (.text)
                  11808b80    00000780     sysbios.ae674 : BIOS.obj (.text:ti_sysbios_family_c64p_Exception_handler__I)
                  11809300    00000680     COECSL_mcbsp.obj (.text)
                  11809980    00000680     rts6740_elf.lib : _printfi.obj (.text:_pconv_a)
                  1180a000    000005c0                     : divd.obj (.text:__c6xabi_divd)
                  1180a5c0    00000560     evmomapl138_bsl.lib : evmomapl138_i2c.obj (.text)
                  1180ab20    00000540                         : evmomapl138_i2c_gpio.obj (.text)
                  1180b060    00000540                         : evmomapl138_uart.obj (.text)
                  1180b5a0    00000500     rts6740_elf.lib : _printfi.obj (.text:_pconv_g)
                  1180baa0    000004c0     COECSL_edma3.obj (.text)
                  1180bf60    000004a0     evmomapl138_bsl.lib : evmomapl138_spi.obj (.text)
                  1180c400    00000480                         : evmomapl138_gpio.obj (.text)
                  1180c880    00000420     rts6740_elf.lib : _printfi.obj (.text:_pconv_e)
                  1180cca0    000003e0                     : fputs.obj (.text:fputs)
                  1180d080    000003c0     sysbios.ae674 : BIOS.obj (.text:ti_sysbios_timers_timer64_Timer_Module_startup__E)
                  1180d440    00000360     rts6740_elf.lib : fmodf.obj (.text:fmodf)
                  1180d7a0    00000340     sysbios.ae674 : BIOS.obj (.text:ti_sysbios_knl_Semaphore_pend__E)
                  1180dae0    00000340                   : BIOS.obj (.text:ti_sysbios_timers_timer64_Timer_deviceConfig__I)
                  1180de20    00000340     Lab1C_maneyko2_dgnava2_pe674.oe674 (.text:xdc_runtime_System_printfExtend__I)
                  1180e160    00000320     rts6740_elf.lib : cos.obj (.text:cos)
                  1180e480    000002e0                     : sin.obj (.text:sin)
                  1180e760    000002e0     sysbios.ae674 : BIOS.obj (.text:ti_sysbios_timers_timer64_Timer_setPeriodMicroSecs__E)
                  1180ea40    000002c0     ti.targets.rts6000.ae674 : LoggerBuf.oe674 (.text:xdc_runtime_LoggerBuf_write8__E)
                  1180ed00    000002a0     rts6740_elf.lib : divf.obj (.text:__c6xabi_divf)
                  1180efa0    000002a0                     : _printfi.obj (.text:_pconv_f)
                  1180f240    000002a0                     : _printfi.obj (.text:fcvt)
                  1180f4e0    00000280                     : cosf.obj (.text:cosf)
                  1180f760    00000260                     : imath64.obj (.text:__c6xabi_divull)
                  1180f9c0    00000260                     : sinf.obj (.text:sinf)
                  1180fc20    00000260     ti.targets.rts6000.ae674 : Startup.oe674 (.text:xdc_runtime_Startup_startMods__I)
                  1180fe80    00000240     sysbios.ae674 : BIOS.obj (.text:ti_sysbios_family_c64p_Exception_internalHandler__I)
                  118100c0    00000220     rts6740_elf.lib : fputc.obj (.text:fputc)
                  118102e0    00000220                     : setvbuf.obj (.text:setvbuf)
                  11810500    00000200                     : _printfi.obj (.text:_ltostr)
                  11810700    00000200     sysbios.ae674 : c64p_Hwi_disp_always.obj (.text:_ti_sysbios_family_c64p_Hwi_dispatchAlways)
                  11810900    00000200     ti.targets.rts6000.ae674 : Error.oe674 (.text:xdc_runtime_Error_policyDefault__E)
                  11810b00    000001e0     sysbios.ae674 : BIOS.obj (.text:ti_sysbios_family_c64p_Cache_block__I)
                  11810ce0    000001e0     ti.targets.rts6000.ae674 : LoggerBuf.oe674 (.text:xdc_runtime_LoggerBuf_write4__E)
                  11810ec0    000001e0                              : Text.oe674 (.text:xdc_runtime_Text_putSite__E)
                  118110a0    000001c0     rts6740_elf.lib : imath40.obj (.text:__c6xabi_divul)
                  11811260    000001c0                     : frexp.obj (.text:frexp)
                  11811420    000001c0     sysbios.ae674 : BIOS.obj (.text:ti_sysbios_heaps_HeapMem_alloc__E)
                  118115e0    000001c0                   : BIOS.obj (.text:ti_sysbios_knl_Task_checkStacks__E)
                  118117a0    000001a0     rts6740_elf.lib : hostrename.obj (.text:HOSTrename)
                  11811940    000001a0                     : frexpf.obj (.text:frexpf)
                  11811ae0    000001a0     sysbios.ae674 : BIOS.obj (.text:ti_sysbios_family_c64p_Cache_getL2InitSize__I)
                  11811c80    000001a0                   : BIOS.obj (.text:ti_sysbios_timers_timer64_Timer_start__E)
                  11811e20    00000180     evmomapl138_bsl.lib : evmomapl138_timer.obj (.text)
                  11811fa0    00000180     rts6740_elf.lib : ldexp.obj (.text:ldexp)
                  11812120    00000180                     : ldexpf.obj (.text:ldexpf)
                  118122a0    00000180     sysbios.ae674 : c64p_Exception_asm.obj (.text)
                  11812420    00000180                   : BIOS.obj (.text:ti_sysbios_knl_Task_sleep__E)
                  118125a0    00000160                   : BIOS.obj (.text:ti_sysbios_heaps_HeapMem_free__E)
                  11812700    00000160     ti.targets.rts6000.ae674 : Text.oe674 (.text:xdc_runtime_Text_putMod__E)
                  11812860    00000140     rts6740_elf.lib : fclose.obj (.text:__TI_closefile)
                  118129a0    00000140                     : getdevice.obj (.text:getdevice)
                  11812ae0    00000140     sysbios.ae674 : BIOS.obj (.text:ti_sysbios_family_c64p_Cache_Module_startup__E)
                  11812c20    00000140                   : BIOS.obj (.text:ti_sysbios_family_c64p_Cache_getL1DInitSize__I)
                  11812d60    00000140                   : BIOS.obj (.text:ti_sysbios_family_c64p_Cache_getL1PInitSize__I)
                  11812ea0    00000140                   : BIOS.obj (.text:ti_sysbios_knl_Task_postInit__I)
                  11812fe0    00000140     ti.targets.rts6000.ae674 : LoggerBuf.oe674 (.text:xdc_runtime_LoggerBuf_setFilterLevel__E)
                  11813120    00000140                              : Text.oe674 (.text:xdc_runtime_Text_putLab__E)
                  11813260    00000120     boot.ae674 : autoinit.oe674 (.text:_auto_init_elf)
                  11813380    00000120     rts6740_elf.lib : fseek.obj (.text:fseek)
                  118134a0    00000120     sysbios.ae674 : BIOS.obj (.text:ti_sysbios_family_c64p_Hwi_Module_startup__E)
                  118135c0    00000120                   : BIOS.obj (.text:ti_sysbios_knl_Clock_workFunc__E)
                  118136e0    00000120     ti.targets.rts6000.ae674 : LoggerBuf.oe674 (.text:xdc_runtime_LoggerBuf_getFilterLevel__E)
                  11813800    00000100     rts6740_elf.lib : copy_decompress_rle.obj (.text:__TI_decompress_rle_core)
                  11813900    00000100                     : _io_perm.obj (.text:__TI_wrt_ok)
                  11813a00    00000100                     : atoi.obj (.text:atoi)
                  11813b00    00000100     pru.obj (.text)
                  11813c00    00000100     sysbios.ae674 : BIOS.obj (.text:ti_sysbios_knl_Swi_restoreHwi__E)
                  11813d00    00000100                   : BIOS.obj (.text:ti_sysbios_timers_timer64_Timer_initDevice__I)
                  11813e00    00000100     ti.targets.rts6000.ae674 : Error.oe674 (.text:xdc_runtime_Error_print__E)
                  11813f00    00000100                              : Memory.oe674 (.text:xdc_runtime_Memory_alloc__E)
                  11814000    00000100                              : Startup.oe674 (.text:xdc_runtime_Startup_exec__E)
                  11814100    000000e0     rts6740_elf.lib : hostlseek.obj (.text:HOSTlseek)
                  118141e0    000000e0                     : hostopen.obj (.text:HOSTopen)
                  118142c0    000000e0                     : hostwrite.obj (.text:HOSTwrite)
                  118143a0    000000e0                     : divi.obj (.text:__divi)
                  11814480    000000e0                     : close.obj (.text:close)
                  11814560    000000e0                     : exit.obj (.text:exit)
                  11814640    000000e0                     : ltoa.obj (.text:ltoa)
                  11814720    000000e0                     : memset.obj (.text:memset)
                  11814800    000000e0                     : printf.obj (.text:printf)
                  118148e0    000000e0     sysbios.ae674 : BIOS.obj (.text:ti_sysbios_knl_Swi_runLoop__I)
                  118149c0    000000e0                   : BIOS.obj (.text:ti_sysbios_knl_Task_Module_startup__E)
                  11814aa0    000000e0                   : BIOS.obj (.text:ti_sysbios_knl_Task_exit__E)
                  11814b80    000000e0                   : BIOS.obj (.text:ti_sysbios_knl_Task_schedule__I)
                  11814c60    000000e0                   : BIOS.obj (.text:ti_sysbios_timers_timer64_Timer_startup__E)
                  11814d40    000000e0     ti.targets.rts6000.ae674 : Text.oe674 (.text:xdc_runtime_Text_visitRope2__I)
                  11814e20    000000c0     rts6740_elf.lib : hostread.obj (.text:HOSTread)
                  11814ee0    000000c0                     : hostunlink.obj (.text:HOSTunlink)
                  11814fa0    000000c0                     : fflush.obj (.text:__TI_doflush)
                  11815060    000000c0                     : divu.obj (.text:__divu)
                  11815120    000000c0                     : _printfi.obj (.text:_ecpy)
                  118151e0    000000c0     sysbios.ae674 : BIOS.obj (.text:ti_sysbios_family_c64p_Hwi_dispatchCore__I)
                  118152a0    000000c0                   : BIOS.obj (.text:ti_sysbios_heaps_HeapMem_getStats__E)
                  11815360    000000c0                   : BIOS.obj (.text:ti_sysbios_knl_Semaphore_post__E)
                  11815420    000000c0                   : BIOS.obj (.text:ti_sysbios_knl_Swi_run__I)
                  118154e0    000000c0                   : BIOS.obj (.text:ti_sysbios_knl_Swi_schedule__I)
                  118155a0    000000c0                   : BIOS.obj (.text:ti_sysbios_knl_Task_startCore__E)
                  11815660    000000c0     rts6740_elf.lib : tls.obj (.text:tls:init:__TI_tls_init)
                  11815720    000000c0     ti.targets.rts6000.ae674 : Error.oe674 (.text:xdc_runtime_Error_setX__E)
                  118157e0    000000c0                              : SysMin.oe674 (.text:xdc_runtime_SysMin_abort__E)
                  118158a0    000000c0                              : SysMin.oe674 (.text:xdc_runtime_SysMin_flush__E)
                  11815960    000000a0     rts6740_elf.lib : hostclose.obj (.text:HOSTclose)
                  11815a00    000000a0                     : fopen.obj (.text:__TI_cleanup)
                  11815aa0    000000a0                     : round.obj (.text:__c6xabi_nround)
                  11815b40    000000a0                     : remu.obj (.text:__remu)
                  11815be0    000000a0     boot.ae674 : boot.oe674 (.text:_c_int00)
                  11815c80    000000a0     rts6740_elf.lib : memcpy64.obj (.text:memcpy)
                  11815d20    000000a0                     : modf.obj (.text:modf)
                  11815dc0    000000a0     sysbios.ae674 : BIOS.obj (.text:ti_sysbios_family_c64p_Exception_Module_startup__E)
                  11815e60    000000a0                   : BIOS.obj (.text:ti_sysbios_family_c64p_Hwi_eventMap__E)
                  11815f00    000000a0                   : BIOS.obj (.text:ti_sysbios_family_c64p_Hwi_getStackInfo__E)
                  11815fa0    000000a0                   : BIOS.obj (.text:ti_sysbios_gates_GateMutex_enter__E)
                  11816040    000000a0                   : BIOS.obj (.text:ti_sysbios_heaps_HeapMem_init__I)
                  118160e0    000000a0                   : BIOS.obj (.text:ti_sysbios_knl_Task_allBlockedFunction__I)
                  11816180    000000a0                   : BIOS.obj (.text:ti_sysbios_timers_timer64_Timer_stop__E)
                  11816220    000000a0     ti.targets.rts6000.ae674 : SysMin.oe674 (.text:xdc_runtime_SysMin_putch__E)
                  118162c0    000000a0                              : System.oe674 (.text:xdc_runtime_System_formatNum__I)
                  11816360    000000a0                              : System.oe674 (.text:xdc_runtime_System_putchar__I)
                  11816400    000000a0                              : Text.oe674 (.text:xdc_runtime_Text_printVisFxn__I)
                  118164a0    000000a0                              : Text.oe674 (.text:xdc_runtime_Text_xprintf__I)
                  11816540    00000080     rts6740_elf.lib : trgmsg.obj (.text:__TI_readmsg)
                  118165c0    00000080                     : llshift.obj (.text:__c6xabi_llshl)
                  11816640    00000080                     : roundf.obj (.text:__c6xabi_roundf)
                  118166c0    00000080     sysbios.ae674 : c62_TaskSupport_asm.obj (.text:_ti_sysbios_family_c62_TaskSupport_swap__E)
                  11816740    00000080     rts6740_elf.lib : getdevice.obj (.text:finddevice)
                  118167c0    00000080     sysbios.ae674 : BIOS.obj (.text:ti_sysbios_family_c64p_Cache_wait__E)
                  11816840    00000080                   : BIOS.obj (.text:ti_sysbios_hal_Hwi_checkStack)
                  118168c0    00000080                   : BIOS.obj (.text:ti_sysbios_hal_Hwi_initStack)
                  11816940    00000080                   : BIOS.obj (.text:ti_sysbios_knl_Idle_run__E)
                  118169c0    00000080                   : BIOS.obj (.text:ti_sysbios_knl_Swi_post__E)
                  11816a40    00000080                   : BIOS.obj (.text:ti_sysbios_knl_Swi_startup__E)
                  11816ac0    00000080                   : BIOS.obj (.text:ti_sysbios_knl_Task_processVitalTaskFlag__I)
                  11816b40    00000080                   : BIOS.obj (.text:ti_sysbios_knl_Task_restoreHwi__E)
                  11816bc0    00000080                   : BIOS.obj (.text:ti_sysbios_knl_Task_restore__E)
                  11816c40    00000080     Lab1C_maneyko2_dgnava2_pe674.oe674 (.text:ti_sysbios_rts_MemAlloc_alloc)
                  11816cc0    00000080     rts6740_elf.lib : unlink.obj (.text:unlink)
                  11816d40    00000080     ti.targets.rts6000.ae674 : LoggerBuf.oe674 (.text:xdc_runtime_LoggerBuf_Module_startup__E)
                  11816dc0    00000080                              : LoggerBuf.oe674 (.text:xdc_runtime_LoggerBuf_filterOutEvent__I)
                  11816e40    00000080                              : System.oe674 (.text:xdc_runtime_System_atexit__E)
                  11816ec0    00000080                              : System.oe674 (.text:xdc_runtime_System_avprintf__E)
                  11816f40    00000080                              : System.oe674 (.text:xdc_runtime_System_processAtExit__E)
                  11816fc0    00000080                              : System.oe674 (.text:xdc_runtime_System_vprintf__E)
                  11817040    00000060     rts6740_elf.lib : trgmsg.obj (.text:__TI_writemsg)
                  118170a0    00000060                     : llshift.obj (.text:__c6xabi_llshru)
                  11817100    00000060                     : imath64.obj (.text:_subcull)
                  11817160    00000060     sysbios.ae674 : c64p_Hwi_asm_switch.obj (.text:_ti_sysbios_family_c64p_Hwi_switchAndDispatch__I)
                  118171c0    00000060                   : c64p_Hwi_asm_switch.obj (.text:_ti_sysbios_family_xxx_Hwi_switchAndRunFunc)
                  11817220    00000060     rts6740_elf.lib : lseek.obj (.text:lseek)
                  11817280    00000060                     : memccpy.obj (.text:memccpy)
                  118172e0    00000060                     : modff.obj (.text:modff)
                  11817340    00000060                     : sprintf.obj (.text:sprintf)
                  118173a0    00000060     Lab1C_maneyko2_dgnava2_pe674.oe674 (.text:ti_sysbios_BIOS_atExitFunc__I)
                  11817400    00000060     Lab1C_maneyko2_dgnava2_pe674.oe674 (.text:ti_sysbios_BIOS_errorRaiseHook__I)
                  11817460    00000060     Lab1C_maneyko2_dgnava2_pe674.oe674 (.text:ti_sysbios_BIOS_rtsLock__I)
                  118174c0    00000060     Lab1C_maneyko2_dgnava2_pe674.oe674 (.text:ti_sysbios_BIOS_rtsUnlock__I)
                  11817520    00000060     sysbios.ae674 : BIOS.obj (.text:ti_sysbios_family_c62_TaskSupport_start__E)
                  11817580    00000060                   : BIOS.obj (.text:ti_sysbios_family_c64p_Cache_marInit__I)
                  118175e0    00000060                   : BIOS.obj (.text:ti_sysbios_family_c64p_Cache_setMar__E)
                  11817640    00000060     Lab1C_maneyko2_dgnava2_pe674.oe674 (.text:ti_sysbios_heaps_HeapMem_Object__get__S)
                  118176a0    00000060     sysbios.ae674 : BIOS.obj (.text:ti_sysbios_knl_Clock_Module_startup__E)
                  11817700    00000060     Lab1C_maneyko2_dgnava2_pe674.oe674 (.text:ti_sysbios_knl_Clock_doTick__I)
                  11817760    00000060     sysbios.ae674 : BIOS.obj (.text:ti_sysbios_knl_Semaphore_pendTimeout__I)
                  118177c0    00000060                   : BIOS.obj (.text:ti_sysbios_knl_Swi_Module_startup__E)
                  11817820    00000060     Lab1C_maneyko2_dgnava2_pe674.oe674 (.text:ti_sysbios_knl_Swi_Object__get__S)
                  11817880    00000060     Lab1C_maneyko2_dgnava2_pe674.oe674 (.text:ti_sysbios_knl_Task_Object__get__S)
                  118178e0    00000060     sysbios.ae674 : BIOS.obj (.text:ti_sysbios_knl_Task_enter__I)
                  11817940    00000060                   : BIOS.obj (.text:ti_sysbios_knl_Task_unblockI__E)
                  118179a0    00000060     rts6740_elf.lib : write.obj (.text:write)
                  11817a00    00000060     Lab1C_maneyko2_dgnava2_pe674.oe674 (.text:xdc_runtime_LoggerBuf_Object__get__S)
                  11817a60    00000060     ti.targets.rts6000.ae674 : LoggerBuf.oe674 (.text:xdc_runtime_LoggerBuf_reset__E)
                  11817ac0    00000060     Lab1C_maneyko2_dgnava2_pe674.oe674 (.text:xdc_runtime_SysMin_output__I)
                  11817b20    00000040     rts6740_elf.lib : frcmpyd_div.obj (.text:__TI_frcmpyd_div)
                  11817b60    00000040                     : isinf.obj (.text:__c6xabi_isinf)
                  11817ba0    00000040                     : _printfi.obj (.text:__c6xabi_isnan)
                  11817be0    00000040                     : args_main.obj (.text:_args_main)
                  11817c20    00000040                     : sprintf.obj (.text:_outs)
                  11817c60    00000040     sysbios.ae674 : c62_TaskSupport_asm.obj (.text:_ti_sysbios_family_c62_TaskSupport_buildTaskStack)
                  11817ca0    00000040     Lab1C_maneyko2_dgnava2_pe674.oe674 (.text:free)
                  11817ce0    00000040     Lab1C_maneyko2_dgnava2_pe674.oe674 (.text:ti_sysbios_BIOS_exitFunc__I)
                  11817d20    00000040     Lab1C_maneyko2_dgnava2_pe674.oe674 (.text:ti_sysbios_BIOS_registerRTSLock__I)
                  11817d60    00000040     Lab1C_maneyko2_dgnava2_pe674.oe674 (.text:ti_sysbios_BIOS_removeRTSLock__I)
                  11817da0    00000040     Lab1C_maneyko2_dgnava2_pe674.oe674 (.text:ti_sysbios_BIOS_startFunc__I)
                  11817de0    00000040     Lab1C_maneyko2_dgnava2_pe674.oe674 (.text:ti_sysbios_family_c64p_Hwi_Module__startupDone__F)
                  11817e20    00000040     sysbios.ae674 : BIOS.obj (.text:ti_sysbios_family_c64p_Hwi_disableInterrupt__E)
                  11817e60    00000040                   : BIOS.obj (.text:ti_sysbios_family_c64p_Hwi_dispatchC__I)
                  11817ea0    00000040                   : BIOS.obj (.text:ti_sysbios_family_c64p_Hwi_enableInterrupt__E)
                  11817ee0    00000040                   : BIOS.obj (.text:ti_sysbios_family_c64p_primus_TimerSupport_enable__E)
                  11817f20    00000040                   : BIOS.obj (.text:ti_sysbios_gates_GateMutex_leave__E)
                  11817f60    00000040     Lab1C_maneyko2_dgnava2_pe674.oe674 (.text:ti_sysbios_hal_Hwi_HwiProxy_getStackInfo__E)
                  11817fa0    00000040     Lab1C_maneyko2_dgnava2_pe674.oe674 (.text:ti_sysbios_knl_Clock_Module_State_clockQ)
                  11817fe0    00000040     Lab1C_maneyko2_dgnava2_pe674.oe674 (.text:ti_sysbios_knl_Queue_Object__get__S)
                  11818020    00000040     Lab1C_maneyko2_dgnava2_pe674.oe674 (.text:ti_sysbios_timers_timer64_Timer_Module__startupDone__F)
                  11818060    00000040     ti.targets.rts6000.ae674 : Error.oe674 (.text:xdc_runtime_Error_check__E)
                  118180a0    00000040                              : Error.oe674 (.text:xdc_runtime_Error_init__E)
                  118180e0    00000040     Lab1C_maneyko2_dgnava2_pe674.oe674 (.text:xdc_runtime_IHeap_alloc)
                  11818120    00000040     Lab1C_maneyko2_dgnava2_pe674.oe674 (.text:xdc_runtime_IHeap_free)
                  11818160    00000040     ti.targets.rts6000.ae674 : LoggerBuf.oe674 (.text:xdc_runtime_LoggerBuf_write0__E)
                  118181a0    00000040                              : LoggerBuf.oe674 (.text:xdc_runtime_LoggerBuf_write1__E)
                  118181e0    00000040                              : LoggerBuf.oe674 (.text:xdc_runtime_LoggerBuf_write2__E)
                  11818220    00000040                              : Registry.oe674 (.text:xdc_runtime_Registry_findById__E)
                  11818260    00000040     Lab1C_maneyko2_dgnava2_pe674.oe674 (.text:xdc_runtime_Startup_exec__I)
                  118182a0    00000040     ti.targets.rts6000.ae674 : SysMin.oe674 (.text:xdc_runtime_SysMin_Module_startup__E)
                  118182e0    00000040                              : SysMin.oe674 (.text:xdc_runtime_SysMin_exit__E)
                  11818320    00000040                              : System.oe674 (.text:xdc_runtime_System_abort__E)
                  11818360    00000040     Lab1C_maneyko2_dgnava2_pe674.oe674 (.text:xdc_runtime_System_aprintf__E)
                  118183a0    00000040     ti.targets.rts6000.ae674 : System.oe674 (.text:xdc_runtime_System_exit__E)
                  118183e0    00000040     Lab1C_maneyko2_dgnava2_pe674.oe674 (.text:xdc_runtime_System_printf__E)
                  11818420    00000040     Lab1C_maneyko2_dgnava2_pe674.oe674 (.text:xdc_runtime_Text_visitRope__I)
                  11818460    00000020     rts6740_elf.lib : errno.obj (.text:__c6xabi_errno_addr)
                  11818480    00000020                     : trunc.obj (.text:__c6xabi_trunc)
                  118184a0    00000020                     : truncf.obj (.text:__c6xabi_truncf)
                  118184c0    00000020                     : _lock.obj (.text:_nop)
                  118184e0    00000020                     : printf.obj (.text:_outc)
                  11818500    00000020                     : sprintf.obj (.text:_outc)
                  11818520    00000020                     : printf.obj (.text:_outs)
                  11818540    00000020                     : _lock.obj (.text:_register_lock)
                  11818560    00000020                     : _lock.obj (.text:_register_unlock)
                  11818580    00000020     sysbios.ae674 : c62_TaskSupport_asm.obj (.text:_ti_sysbios_family_c62_TaskSupport_glue)
                  118185a0    00000020     rts6740_elf.lib : exit.obj (.text:abort)
                  118185c0    00000020                     : copy_decompress_none.obj (.text:decompress:none:__TI_decompress_none)
                  118185e0    00000020                     : copy_decompress_rle.obj (.text:decompress:rle24:__TI_decompress_rle24)
                  11818600    00000020     Lab1C_maneyko2_dgnava2_pe674.oe674 (.text:malloc)
                  11818620    00000020     Lab1C_maneyko2_dgnava2_pe674.oe674 (.text:ti_sysbios_BIOS_RtsGateProxy_enter__E)
                  11818640    00000020     Lab1C_maneyko2_dgnava2_pe674.oe674 (.text:ti_sysbios_BIOS_RtsGateProxy_leave__E)
                  11818660    00000020     sysbios.ae674 : BIOS.obj (.text:ti_sysbios_BIOS_linkedWithIncorrectBootLibrary__E)
                  11818680    00000020     Lab1C_maneyko2_dgnava2_pe674.oe674 (.text:ti_sysbios_BIOS_nullFunc__I)
                  118186a0    00000020     sysbios.ae674 : BIOS.obj (.text:ti_sysbios_BIOS_setThreadType__E)
                  118186c0    00000020                   : BIOS.obj (.text:ti_sysbios_BIOS_start__E)
                  118186e0    00000020     Lab1C_maneyko2_dgnava2_pe674.oe674 (.text:ti_sysbios_family_c62_TaskSupport_Module__startupDone__S)
                  11818700    00000020     sysbios.ae674 : BIOS.obj (.text:ti_sysbios_family_c62_TaskSupport_checkStack__E)
                  11818720    00000020                   : BIOS.obj (.text:ti_sysbios_family_c64p_Cache_inv__E)
                  11818740    00000020                   : BIOS.obj (.text:ti_sysbios_family_c64p_Cache_wb__E)
                  11818760    00000020     Lab1C_maneyko2_dgnava2_pe674.oe674 (.text:ti_sysbios_family_c64p_Hwi_Module__startupDone__S)
                  11818780    00000020     sysbios.ae674 : BIOS.obj (.text:ti_sysbios_family_c64p_Hwi_clearInterrupt__E)
                  118187a0    00000020                   : BIOS.obj (.text:ti_sysbios_family_c64p_Hwi_startup__E)
                  118187c0    00000020                   : BIOS.obj (.text:ti_sysbios_family_c64p_Hwi_switchFromBootStack__E)
                  118187e0    00000020                   : BIOS.obj (.text:ti_sysbios_family_c64p_TimestampProvider_Module_startup__E)
                  11818800    00000020                   : BIOS.obj (.text:ti_sysbios_family_c64p_TimestampProvider_get64__E)
                  11818820    00000020                   : BIOS.obj (.text:ti_sysbios_gates_GateHwi_enter__E)
                  11818840    00000020                   : BIOS.obj (.text:ti_sysbios_gates_GateHwi_leave__E)
                  11818860    00000020                   : BIOS.obj (.text:ti_sysbios_gates_GateHwi_query__E)
                  11818880    00000020                   : BIOS.obj (.text:ti_sysbios_gates_GateMutex_query__E)
                  118188a0    00000020     Lab1C_maneyko2_dgnava2_pe674.oe674 (.text:ti_sysbios_hal_Hwi_HwiProxy_Module__startupDone__S)
                  118188c0    00000020     Lab1C_maneyko2_dgnava2_pe674.oe674 (.text:ti_sysbios_hal_Hwi_HwiProxy_clearInterrupt__E)
                  118188e0    00000020     Lab1C_maneyko2_dgnava2_pe674.oe674 (.text:ti_sysbios_hal_Hwi_HwiProxy_disableInterrupt__E)
                  11818900    00000020     Lab1C_maneyko2_dgnava2_pe674.oe674 (.text:ti_sysbios_hal_Hwi_HwiProxy_enableInterrupt__E)
                  11818920    00000020     Lab1C_maneyko2_dgnava2_pe674.oe674 (.text:ti_sysbios_hal_Hwi_HwiProxy_startup__E)
                  11818940    00000020     Lab1C_maneyko2_dgnava2_pe674.oe674 (.text:ti_sysbios_hal_Hwi_HwiProxy_switchFromBootStack__E)
                  11818960    00000020     sysbios.ae674 : BIOS.obj (.text:ti_sysbios_hal_Hwi_Module_startup__E)
                  11818980    00000020     Lab1C_maneyko2_dgnava2_pe674.oe674 (.text:ti_sysbios_heaps_HeapMem_Module_GateProxy_enter__E)
                  118189a0    00000020     Lab1C_maneyko2_dgnava2_pe674.oe674 (.text:ti_sysbios_heaps_HeapMem_Module_GateProxy_leave__E)
                  118189c0    00000020     Lab1C_maneyko2_dgnava2_pe674.oe674 (.text:ti_sysbios_heaps_HeapMem_Module_GateProxy_query__E)
                  118189e0    00000020     sysbios.ae674 : BIOS.obj (.text:ti_sysbios_heaps_HeapMem_isBlocking__E)
                  11818a00    00000020     Lab1C_maneyko2_dgnava2_pe674.oe674 (.text:ti_sysbios_knl_Clock_TimerProxy_Module__startupDone__S)
                  11818a20    00000020     Lab1C_maneyko2_dgnava2_pe674.oe674 (.text:ti_sysbios_knl_Clock_TimerProxy_getMaxTicks__E)
                  11818a40    00000020     sysbios.ae674 : BIOS.obj (.text:ti_sysbios_knl_Clock_getTicks__E)
                  11818a60    00000020                   : BIOS.obj (.text:ti_sysbios_knl_Clock_logTick__E)
                  11818a80    00000020                   : BIOS.obj (.text:ti_sysbios_knl_Idle_loop__E)
                  11818aa0    00000020                   : BIOS.obj (.text:ti_sysbios_knl_Queue_empty__E)
                  11818ac0    00000020                   : BIOS.obj (.text:ti_sysbios_knl_Swi_disable__E)
                  11818ae0    00000020     Lab1C_maneyko2_dgnava2_pe674.oe674 (.text:ti_sysbios_knl_Task_SupportProxy_Module__startupDone__S)
                  11818b00    00000020     Lab1C_maneyko2_dgnava2_pe674.oe674 (.text:ti_sysbios_knl_Task_SupportProxy_checkStack__E)
                  11818b20    00000020     Lab1C_maneyko2_dgnava2_pe674.oe674 (.text:ti_sysbios_knl_Task_SupportProxy_start__E)
                  11818b40    00000020     Lab1C_maneyko2_dgnava2_pe674.oe674 (.text:ti_sysbios_knl_Task_SupportProxy_swap__E)
                  11818b60    00000020     sysbios.ae674 : BIOS.obj (.text:ti_sysbios_knl_Task_disable__E)
                  11818b80    00000020                   : BIOS.obj (.text:ti_sysbios_knl_Task_sleepTimeout__I)
                  11818ba0    00000020                   : BIOS.obj (.text:ti_sysbios_knl_Task_startup__E)
                  11818bc0    00000020     Lab1C_maneyko2_dgnava2_pe674.oe674 (.text:ti_sysbios_timers_timer64_Timer_Module__startupDone__S)
                  11818be0    00000020     Lab1C_maneyko2_dgnava2_pe674.oe674 (.text:ti_sysbios_timers_timer64_Timer_TimerSupportProxy_enable__E)
                  11818c00    00000020     sysbios.ae674 : BIOS.obj (.text:ti_sysbios_timers_timer64_Timer_getMaxTicks__E)
                  11818c20    00000020     Lab1C_maneyko2_dgnava2_pe674.oe674 (.text:xdc_iargToPtr)
                  11818c40    00000020     ti.targets.rts6000.ae674 : Error.oe674 (.text:xdc_runtime_Error_getSite__E)
                  11818c60    00000020                              : Error.oe674 (.text:xdc_runtime_Error_raiseX__E)
                  11818c80    00000020                              : Gate.oe674 (.text:xdc_runtime_Gate_enterSystem__E)
                  11818ca0    00000020                              : Gate.oe674 (.text:xdc_runtime_Gate_leaveSystem__E)
                  11818cc0    00000020     Lab1C_maneyko2_dgnava2_pe674.oe674 (.text:xdc_runtime_LoggerBuf_Module_GateProxy_enter__E)
                  11818ce0    00000020     Lab1C_maneyko2_dgnava2_pe674.oe674 (.text:xdc_runtime_LoggerBuf_Module_GateProxy_leave__E)
                  11818d00    00000020     Lab1C_maneyko2_dgnava2_pe674.oe674 (.text:xdc_runtime_LoggerBuf_TimestampProxy_get64__E)
                  11818d20    00000020     ti.targets.rts6000.ae674 : LoggerBuf.oe674 (.text:xdc_runtime_LoggerBuf_disable__E)
                  11818d40    00000020                              : LoggerBuf.oe674 (.text:xdc_runtime_LoggerBuf_enable__E)
                  11818d60    00000020     Lab1C_maneyko2_dgnava2_pe674.oe674 (.text:xdc_runtime_Memory_HeapProxy_alloc__E)
                  11818d80    00000020     Lab1C_maneyko2_dgnava2_pe674.oe674 (.text:xdc_runtime_Memory_HeapProxy_free__E)
                  11818da0    00000020     ti.targets.rts6000.ae674 : Memory.oe674 (.text:xdc_runtime_Memory_free__E)
                  11818dc0    00000020                              : Memory.oe674 (.text:xdc_runtime_Memory_getMaxDefaultTypeAlign__E)
                  11818de0    00000020     Lab1C_maneyko2_dgnava2_pe674.oe674 (.text:xdc_runtime_Startup_reset__I)
                  11818e00    00000020     ti.targets.rts6000.ae674 : Startup.oe674 (.text:xdc_runtime_Startup_rtsDone__E)
                  11818e20    00000020                              : SysMin.oe674 (.text:xdc_runtime_SysMin_ready__E)
                  11818e40    00000020     Lab1C_maneyko2_dgnava2_pe674.oe674 (.text:xdc_runtime_System_Module_GateProxy_enter__E)
                  11818e60    00000020     Lab1C_maneyko2_dgnava2_pe674.oe674 (.text:xdc_runtime_System_Module_GateProxy_leave__E)
                  11818e80    00000020     ti.targets.rts6000.ae674 : System.oe674 (.text:xdc_runtime_System_Module_startup__E)
                  11818ea0    00000020     Lab1C_maneyko2_dgnava2_pe674.oe674 (.text:xdc_runtime_System_SupportProxy_abort__E)
                  11818ec0    00000020     Lab1C_maneyko2_dgnava2_pe674.oe674 (.text:xdc_runtime_System_SupportProxy_exit__E)
                  11818ee0    00000020     Lab1C_maneyko2_dgnava2_pe674.oe674 (.text:xdc_runtime_System_SupportProxy_putch__E)
                  11818f00    00000020     Lab1C_maneyko2_dgnava2_pe674.oe674 (.text:xdc_runtime_System_SupportProxy_ready__E)
                  11818f20    00000020     ti.targets.rts6000.ae674 : System.oe674 (.text:xdc_runtime_System_vsnprintf__E)
                  11818f40    00000020                              : Text.oe674 (.text:xdc_runtime_Text_ropeText__E)

.const.1   0    11818f60    00000020     
                  11818f60    00000018     ColorLCD.obj (.const:$P$T0$1)
                  11818f78    00000008     Lab1C_maneyko2_dgnava2_pe674.oe674 (.const:ti_sysbios_knl_Idle_funcList__C)

.far       0    11818f80    00008b8c     UNINITIALIZED
                  11818f80    000028c0     Lab1C_maneyko2_dgnava2_pe674.oe674 (.far:taskStackSection)
                  1181b840    00001000     (.common:ti_sysbios_heaps_HeapMem_Instance_State_0_buf__A)
                  1181c840    00000fa0     (.common:enc0_array)
                  1181d7e0    00000c00     (.common:object_stats)
                  1181e3e0    00000578     (.common:LADARinBuffer)
                  1181e958    00000400     (.common:equivalency_objects)
                  1181ed58    00000400     (.common:temp_equivalency_objects)
                  1181f158    000003e8     (.common:LADARangle)
                  1181f540    000003e8     (.common:LADARdataX)
                  1181f928    000003e8     (.common:LADARdataY)
                  1181fd10    000003e8     (.common:LADARdistance)
                  118200f8    000003e8     (.common:newLADARangle)
                  118204e0    000003e8     (.common:newLADARdataX)
                  118208c8    000003e8     (.common:newLADARdataY)
                  11820cb0    000003e8     (.common:newLADARdistance)
                  11821098    0000039c     (.common:final_object_stats)
                  11821434    00000004     --HOLE--
                  11821438    00000200     (.common:xdc_runtime_LoggerBuf_Instance_State_0_entryArr__A)
                  11821638    00000200     (.common:xdc_runtime_SysMin_Module_State_0_outbuf__A)
                  11821838    00000140     (.common:__TI_tmpnams)
                  11821978    00000008     (.common:parmbuf)
                  11821980    0000009c     (.common:f28335recData)
                  11821a1c    00000004     --HOLE--
                  11821a20    00000028     (.common:i2cdata)
                  11821a48    0000001e     (.common:LADARoutBuffer)
                  11821a66    00000002     --HOLE--
                  11821a68    00000014     (.common:Optitrackdata)
                  11821a7c    00000004     --HOLE--
                  11821a80    00000068     (.common:f28335TXData)
                  11821ae8    0000000c     (.common:LADARps)
                  11821af4    0000000c     (.common:OPTITRACKps)
                  11821b00    0000000c     (.common:ROBOTps)

.const.2   0    11821b10    00002552     
                  11821b10    000019cb     Lab1C_maneyko2_dgnava2_pe674.oe674 (.const:xdc_runtime_Text_charTab__A)
                  118234db    00000001     Lab1C_maneyko2_dgnava2_pe674.oe674 (.const:ti_sysbios_timers_timer64_Timer_localTimerBaseId__C)
                  118234dc    00000518     sysbios.ae674 : BIOS.obj (.const:.string)
                  118239f4    00000004     Lab1C_maneyko2_dgnava2_pe674.oe674 (.const:ti_sysbios_BIOS_installedErrorHook__C)
                  118239f8    00000101     rts6740_elf.lib : ctype.obj (.const:.string:_ctypes_)
                  11823af9    00000001     --HOLE-- [fill = 0]
                  11823afa    00000002     Lab1C_maneyko2_dgnava2_pe674.oe674 (.const:ti_sysbios_family_c64p_Cache_Module__id__C)
                  11823afc    00000004     Lab1C_maneyko2_dgnava2_pe674.oe674 (.const:ti_sysbios_family_c64p_Cache_EMIFA_BASE__C)
                  11823b00    000000cc     Lab1C_maneyko2_dgnava2_pe674.oe674 (.const:xdc_runtime_Text_nodeTab__A)
                  11823bcc    00000004     Lab1C_maneyko2_dgnava2_pe674.oe674 (.const:ti_sysbios_family_c64p_Cache_EMIFA_CFG__C)
                  11823bd0    00000080     evmomapl138_bsl.lib : evmomapl138.obj (.const:bitval_u32)
                  11823c50    00000058     ti.targets.rts6000.ae674 : Error.oe674 (.const:.string)
                  11823ca8    00000044     Ladar.obj (.const:.string)
                  11823cec    00000040     evmomapl138_bsl.lib : evmomapl138.obj (.const:.string)
                  11823d2c    00000040     ti.targets.rts6000.ae674 : Text.oe674 (.const:.string)
                  11823d6c    0000003c     Lab1C_maneyko2_dgnava2_pe674.oe674 (.const:xdc_runtime_LoggerBuf_Module__FXNS__C)
                  11823da8    00000030     Lab1C_maneyko2_dgnava2_pe674.oe674 (.const:xdc_runtime_Startup_sfxnTab__A)
                  11823dd8    0000002c     ti.targets.rts6000.ae674 : Startup.oe674 (.const:.string)
                  11823e04    00000028     Lab1C_maneyko2_dgnava2_pe674.oe674 (.const:ti_sysbios_heaps_HeapMem_Module__FXNS__C)
                  11823e2c    00000024     rts6740_elf.lib : _printfi.obj (.const:.string)
                  11823e50    00000024     Lab1C_maneyko2_dgnava2_pe674.oe674 (.const:ti_sysbios_gates_GateHwi_Module__FXNS__C)
                  11823e74    00000024     Lab1C_maneyko2_dgnava2_pe674.oe674 (.const:ti_sysbios_gates_GateMutex_Module__FXNS__C)
                  11823e98    00000018     ti.targets.rts6000.ae674 : System.oe674 (.const:.string)
                  11823eb0    00000018     Lab1C_maneyko2_dgnava2_pe674.oe674 (.const:xdc_runtime_Startup_sfxnRts__A)
                  11823ec8    00000010     evmomapl138_bsl.lib : evmomapl138_uart.obj (.const:.string)
                  11823ed8    00000008     Lab1C_maneyko2_dgnava2_pe674.oe674 (.const:xdc_runtime_Startup_firstFxns__A)
                  11823ee0    00000008     Lab1C_maneyko2_dgnava2_pe674.oe674 (.const:xdc_runtime_Startup_firstFxns__C)
                  11823ee8    00000008     Lab1C_maneyko2_dgnava2_pe674.oe674 (.const:xdc_runtime_Startup_lastFxns__C)
                  11823ef0    00000004     Ladar.obj (.const:.string:$P$T0$1)
                  11823ef4    00000004     Lab1C_maneyko2_dgnava2_pe674.oe674 (.const:ti_sysbios_family_c64p_Cache_EMIFA_LENGTH__C)
                  11823ef8    00000004     Lab1C_maneyko2_dgnava2_pe674.oe674 (.const:ti_sysbios_family_c64p_Cache_EMIFB_BASE__C)
                  11823efc    00000004     Lab1C_maneyko2_dgnava2_pe674.oe674 (.const:ti_sysbios_family_c64p_Cache_EMIFB_CFG__C)
                  11823f00    00000004     Lab1C_maneyko2_dgnava2_pe674.oe674 (.const:ti_sysbios_family_c64p_Cache_EMIFB_LENGTH__C)
                  11823f04    00000004     Lab1C_maneyko2_dgnava2_pe674.oe674 (.const:ti_sysbios_family_c64p_Cache_EMIFC_BASE__C)
                  11823f08    00000004     Lab1C_maneyko2_dgnava2_pe674.oe674 (.const:ti_sysbios_family_c64p_Cache_EMIFC_CFG__C)
                  11823f0c    00000004     Lab1C_maneyko2_dgnava2_pe674.oe674 (.const:ti_sysbios_family_c64p_Cache_EMIFC_LENGTH__C)
                  11823f10    00000004     Lab1C_maneyko2_dgnava2_pe674.oe674 (.const:ti_sysbios_family_c64p_Cache_E_invalidL1CacheSize__C)
                  11823f14    00000004     Lab1C_maneyko2_dgnava2_pe674.oe674 (.const:ti_sysbios_family_c64p_Cache_E_invalidL2CacheSize__C)
                  11823f18    00000004     Lab1C_maneyko2_dgnava2_pe674.oe674 (.const:ti_sysbios_family_c64p_Cache_MAR0_31__C)
                  11823f1c    00000004     Lab1C_maneyko2_dgnava2_pe674.oe674 (.const:ti_sysbios_family_c64p_Cache_MAR128_159__C)
                  11823f20    00000004     Lab1C_maneyko2_dgnava2_pe674.oe674 (.const:ti_sysbios_family_c64p_Cache_MAR160_191__C)
                  11823f24    00000004     Lab1C_maneyko2_dgnava2_pe674.oe674 (.const:ti_sysbios_family_c64p_Cache_MAR192_223__C)
                  11823f28    00000004     Lab1C_maneyko2_dgnava2_pe674.oe674 (.const:ti_sysbios_family_c64p_Cache_MAR224_255__C)
                  11823f2c    00000004     Lab1C_maneyko2_dgnava2_pe674.oe674 (.const:ti_sysbios_family_c64p_Cache_MAR32_63__C)
                  11823f30    00000004     Lab1C_maneyko2_dgnava2_pe674.oe674 (.const:ti_sysbios_family_c64p_Cache_MAR64_95__C)
                  11823f34    00000004     Lab1C_maneyko2_dgnava2_pe674.oe674 (.const:ti_sysbios_family_c64p_Cache_MAR96_127__C)
                  11823f38    00000004     Lab1C_maneyko2_dgnava2_pe674.oe674 (.const:ti_sysbios_family_c64p_Exception_E_exceptionMax__C)
                  11823f3c    00000004     Lab1C_maneyko2_dgnava2_pe674.oe674 (.const:ti_sysbios_family_c64p_Exception_exceptionHook__C)
                  11823f40    00000004     Lab1C_maneyko2_dgnava2_pe674.oe674 (.const:ti_sysbios_family_c64p_Exception_externalHook__C)
                  11823f44    00000004     Lab1C_maneyko2_dgnava2_pe674.oe674 (.const:ti_sysbios_family_c64p_Exception_internalHook__C)
                  11823f48    00000004     Lab1C_maneyko2_dgnava2_pe674.oe674 (.const:ti_sysbios_family_c64p_Exception_nmiHook__C)
                  11823f4c    00000004     Lab1C_maneyko2_dgnava2_pe674.oe674 (.const:ti_sysbios_gates_GateMutex_Instance_State_sem__O)
                  11823f50    00000004     Lab1C_maneyko2_dgnava2_pe674.oe674 (.const:ti_sysbios_hal_Hwi_E_stackOverflow__C)
                  11823f54    00000004     Lab1C_maneyko2_dgnava2_pe674.oe674 (.const:ti_sysbios_heaps_HeapMem_E_memory__C)
                  11823f58    00000004     Lab1C_maneyko2_dgnava2_pe674.oe674 (.const:ti_sysbios_heaps_HeapMem_Module__gateObj__C)
                  11823f5c    00000004     Lab1C_maneyko2_dgnava2_pe674.oe674 (.const:ti_sysbios_heaps_HeapMem_Object__count__C)
                  11823f60    00000004     Lab1C_maneyko2_dgnava2_pe674.oe674 (.const:ti_sysbios_heaps_HeapMem_Object__table__C)
                  11823f64    00000004     Lab1C_maneyko2_dgnava2_pe674.oe674 (.const:ti_sysbios_knl_Clock_Module_State_clockQ__O)
                  11823f68    00000004     Lab1C_maneyko2_dgnava2_pe674.oe674 (.const:ti_sysbios_knl_Idle_funcList__A)
                  11823f6c    00000004     Lab1C_maneyko2_dgnava2_pe674.oe674 (.const:ti_sysbios_knl_Semaphore_Instance_State_pendQ__O)
                  11823f70    00000004     Lab1C_maneyko2_dgnava2_pe674.oe674 (.const:ti_sysbios_knl_Swi_Object__count__C)
                  11823f74    00000004     Lab1C_maneyko2_dgnava2_pe674.oe674 (.const:ti_sysbios_knl_Swi_Object__table__C)
                  11823f78    00000004     Lab1C_maneyko2_dgnava2_pe674.oe674 (.const:ti_sysbios_knl_Task_E_spOutOfBounds__C)
                  11823f7c    00000004     Lab1C_maneyko2_dgnava2_pe674.oe674 (.const:ti_sysbios_knl_Task_E_stackOverflow__C)
                  11823f80    00000004     Lab1C_maneyko2_dgnava2_pe674.oe674 (.const:ti_sysbios_knl_Task_Module_State_inactiveQ__O)
                  11823f84    00000004     Lab1C_maneyko2_dgnava2_pe674.oe674 (.const:ti_sysbios_knl_Task_Object__count__C)
                  11823f88    00000004     Lab1C_maneyko2_dgnava2_pe674.oe674 (.const:ti_sysbios_knl_Task_Object__table__C)
                  11823f8c    00000004     Lab1C_maneyko2_dgnava2_pe674.oe674 (.const:ti_sysbios_knl_Task_allBlockedFunc__C)
                  11823f90    00000004     Lab1C_maneyko2_dgnava2_pe674.oe674 (.const:ti_sysbios_knl_Task_numConstructedTasks__C)
                  11823f94    00000004     Lab1C_maneyko2_dgnava2_pe674.oe674 (.const:ti_sysbios_timers_timer64_Timer_E_cannotSupport__C)
                  11823f98    00000004     Lab1C_maneyko2_dgnava2_pe674.oe674 (.const:ti_sysbios_timers_timer64_Timer_anyMaskHigh__C)
                  11823f9c    00000004     Lab1C_maneyko2_dgnava2_pe674.oe674 (.const:ti_sysbios_timers_timer64_Timer_anyMask__C)
                  11823fa0    00000004     Lab1C_maneyko2_dgnava2_pe674.oe674 (.const:ti_sysbios_timers_timer64_Timer_freqDivisor__C)
                  11823fa4    00000004     Lab1C_maneyko2_dgnava2_pe674.oe674 (.const:ti_sysbios_timers_timer64_Timer_numLocalTimers__C)
                  11823fa8    00000004     Lab1C_maneyko2_dgnava2_pe674.oe674 (.const:ti_sysbios_timers_timer64_Timer_numTimerDevices__C)
                  11823fac    00000004     Lab1C_maneyko2_dgnava2_pe674.oe674 (.const:xdc_runtime_Assert_E_assertFailed__C)
                  11823fb0    00000004     Lab1C_maneyko2_dgnava2_pe674.oe674 (.const:xdc_runtime_Error_E_memory__C)
                  11823fb4    00000004     Lab1C_maneyko2_dgnava2_pe674.oe674 (.const:xdc_runtime_Error_Module__diagsEnabled__C)
                  11823fb8    00000004     Lab1C_maneyko2_dgnava2_pe674.oe674 (.const:xdc_runtime_Error_Module__diagsIncluded__C)
                  11823fbc    00000004     Lab1C_maneyko2_dgnava2_pe674.oe674 (.const:xdc_runtime_Error_Module__diagsMask__C)
                  11823fc0    00000004     Lab1C_maneyko2_dgnava2_pe674.oe674 (.const:xdc_runtime_Error_Module__loggerFxn8__C)
                  11823fc4    00000004     Lab1C_maneyko2_dgnava2_pe674.oe674 (.const:xdc_runtime_Error_Module__loggerObj__C)
                  11823fc8    00000004     Lab1C_maneyko2_dgnava2_pe674.oe674 (.const:xdc_runtime_Error_policyFxn__C)
                  11823fcc    00000004     Lab1C_maneyko2_dgnava2_pe674.oe674 (.const:xdc_runtime_Error_policy__C)
                  11823fd0    00000004     Lab1C_maneyko2_dgnava2_pe674.oe674 (.const:xdc_runtime_Error_raiseHook__C)
                  11823fd4    00000004     Lab1C_maneyko2_dgnava2_pe674.oe674 (.const:xdc_runtime_IFilterLogger_Interface__BASE__C)
                  11823fd8    00000004     Lab1C_maneyko2_dgnava2_pe674.oe674 (.const:xdc_runtime_IGateProvider_Interface__BASE__C)
                  11823fdc    00000004     Lab1C_maneyko2_dgnava2_pe674.oe674 (.const:xdc_runtime_IHeap_Interface__BASE__C)
                  11823fe0    00000004     Lab1C_maneyko2_dgnava2_pe674.oe674 (.const:xdc_runtime_ILogger_Interface__BASE__C)
                  11823fe4    00000004     Lab1C_maneyko2_dgnava2_pe674.oe674 (.const:xdc_runtime_IModule_Interface__BASE__C)
                  11823fe8    00000004     Lab1C_maneyko2_dgnava2_pe674.oe674 (.const:xdc_runtime_Log_L_error__C)
                  11823fec    00000004     Lab1C_maneyko2_dgnava2_pe674.oe674 (.const:xdc_runtime_LoggerBuf_E_badLevel__C)
                  11823ff0    00000004     Lab1C_maneyko2_dgnava2_pe674.oe674 (.const:xdc_runtime_LoggerBuf_Module__gateObj__C)
                  11823ff4    00000004     Lab1C_maneyko2_dgnava2_pe674.oe674 (.const:xdc_runtime_LoggerBuf_Object__count__C)
                  11823ff8    00000004     Lab1C_maneyko2_dgnava2_pe674.oe674 (.const:xdc_runtime_LoggerBuf_Object__table__C)
                  11823ffc    00000004     Lab1C_maneyko2_dgnava2_pe674.oe674 (.const:xdc_runtime_LoggerBuf_statusLogger__C)
                  11824000    00000004     Lab1C_maneyko2_dgnava2_pe674.oe674 (.const:xdc_runtime_Memory_defaultHeapInstance__C)
                  11824004    00000004     Lab1C_maneyko2_dgnava2_pe674.oe674 (.const:xdc_runtime_Startup_execImpl__C)
                  11824008    00000004     Lab1C_maneyko2_dgnava2_pe674.oe674 (.const:xdc_runtime_Startup_maxPasses__C)
                  1182400c    00000004     Lab1C_maneyko2_dgnava2_pe674.oe674 (.const:xdc_runtime_Startup_sfxnRts__C)
                  11824010    00000004     Lab1C_maneyko2_dgnava2_pe674.oe674 (.const:xdc_runtime_Startup_sfxnTab__C)
                  11824014    00000004     Lab1C_maneyko2_dgnava2_pe674.oe674 (.const:xdc_runtime_Startup_startModsFxn__C)
                  11824018    00000004     Lab1C_maneyko2_dgnava2_pe674.oe674 (.const:xdc_runtime_SysMin_bufSize__C)
                  1182401c    00000004     Lab1C_maneyko2_dgnava2_pe674.oe674 (.const:xdc_runtime_SysMin_outputFunc__C)
                  11824020    00000004     Lab1C_maneyko2_dgnava2_pe674.oe674 (.const:xdc_runtime_System_Module__gateObj__C)
                  11824024    00000004     Lab1C_maneyko2_dgnava2_pe674.oe674 (.const:xdc_runtime_System_abortFxn__C)
                  11824028    00000004     Lab1C_maneyko2_dgnava2_pe674.oe674 (.const:xdc_runtime_System_exitFxn__C)
                  1182402c    00000004     Lab1C_maneyko2_dgnava2_pe674.oe674 (.const:xdc_runtime_System_extendFxn__C)
                  11824030    00000004     Lab1C_maneyko2_dgnava2_pe674.oe674 (.const:xdc_runtime_System_maxAtexitHandlers__C)
                  11824034    00000004     Lab1C_maneyko2_dgnava2_pe674.oe674 (.const:xdc_runtime_Text_charTab__C)
                  11824038    00000004     Lab1C_maneyko2_dgnava2_pe674.oe674 (.const:xdc_runtime_Text_nodeTab__C)
                  1182403c    00000004     Lab1C_maneyko2_dgnava2_pe674.oe674 (.const:xdc_runtime_Text_visitRopeFxn__C)
                  11824040    00000002     Lab1C_maneyko2_dgnava2_pe674.oe674 (.const:ti_sysbios_family_c64p_Exception_Module__id__C)
                  11824042    00000002     Lab1C_maneyko2_dgnava2_pe674.oe674 (.const:ti_sysbios_family_c64p_Exception_useInternalBuffer__C)
                  11824044    00000002     Lab1C_maneyko2_dgnava2_pe674.oe674 (.const:ti_sysbios_hal_Hwi_Module__id__C)
                  11824046    00000002     Lab1C_maneyko2_dgnava2_pe674.oe674 (.const:ti_sysbios_heaps_HeapMem_Module__id__C)
                  11824048    00000002     Lab1C_maneyko2_dgnava2_pe674.oe674 (.const:ti_sysbios_knl_Task_Module__id__C)
                  1182404a    00000002     Lab1C_maneyko2_dgnava2_pe674.oe674 (.const:ti_sysbios_timers_timer64_Timer_Module__id__C)
                  1182404c    00000002     Lab1C_maneyko2_dgnava2_pe674.oe674 (.const:ti_sysbios_timers_timer64_Timer_startupNeeded__C)
                  1182404e    00000002     Lab1C_maneyko2_dgnava2_pe674.oe674 (.const:ti_sysbios_timers_timer64_Timer_useTimer64pRegMap__C)
                  11824050    00000002     Lab1C_maneyko2_dgnava2_pe674.oe674 (.const:xdc_runtime_Error_Module__loggerDefined__C)
                  11824052    00000002     Lab1C_maneyko2_dgnava2_pe674.oe674 (.const:xdc_runtime_Error_maxDepth__C)
                  11824054    00000002     Lab1C_maneyko2_dgnava2_pe674.oe674 (.const:xdc_runtime_LoggerBuf_Module__id__C)
                  11824056    00000002     Lab1C_maneyko2_dgnava2_pe674.oe674 (.const:xdc_runtime_LoggerBuf_filterByLevel__C)
                  11824058    00000002     Lab1C_maneyko2_dgnava2_pe674.oe674 (.const:xdc_runtime_Memory_Module__id__C)
                  1182405a    00000002     Lab1C_maneyko2_dgnava2_pe674.oe674 (.const:xdc_runtime_SysMin_flushAtExit__C)
                  1182405c    00000002     Lab1C_maneyko2_dgnava2_pe674.oe674 (.const:xdc_runtime_Text_isLoaded__C)
                  1182405e    00000002     Lab1C_maneyko2_dgnava2_pe674.oe674 (.const:xdc_runtime_Text_registryModsLastId__C)
                  11824060    00000002     Lab1C_maneyko2_dgnava2_pe674.oe674 (.const:xdc_runtime_Text_unnamedModsLastId__C)

.fardata   0    11826068    00000df4     UNINITIALIZED
                  11826068    0000025c     ColorVision.obj (.fardata:PRUCode)
                  118262c4    00000004     rts6740_elf.lib : _lock.obj (.fardata:_lock)
                  118262c8    000001e0                     : defs.obj (.fardata:_ftable)
                  118264a8    00000114     Lab1C_maneyko2_dgnava2_pe674.oe674 (.fardata:ti_sysbios_knl_Task_Object__table__V)
                  118265bc    00000004     rts6740_elf.lib : _lock.obj (.fardata:_unlock)
                  118265c0    000000c0     Lab1C_maneyko2_dgnava2_pe674.oe674 (.fardata:ti_sysbios_knl_Swi_Object__table__V)
                  11826680    000000a0     rts6740_elf.lib : write.obj (.fardata:_stream)
                  11826720    00000080     Lab1C_maneyko2_dgnava2_pe674.oe674 (.fardata:ti_sysbios_knl_Swi_Module_State_0_readyQ__A)
                  118267a0    00000080     Lab1C_maneyko2_dgnava2_pe674.oe674 (.fardata:ti_sysbios_knl_Task_Module_State_0_readyQ__A)
                  11826820    00000078     rts6740_elf.lib : write.obj (.fardata:_device)
                  11826898    00000078     Lab1C_maneyko2_dgnava2_pe674.oe674 (.fardata:ti_sysbios_family_c64p_Hwi_Object__table__V)
                  11826910    0000006c     Lab1C_maneyko2_dgnava2_pe674.oe674 (.fardata:ti_sysbios_family_c64p_Hwi_Module__state__V)
                  1182697c    00000004     rts6740_elf.lib : defs.obj (.fardata)
                  11826980    00000060     Lab1C_maneyko2_dgnava2_pe674.oe674 (.fardata:ti_sysbios_knl_Clock_Object__table__V)
                  118269e0    00000060     Lab1C_maneyko2_dgnava2_pe674.oe674 (.fardata:ti_sysbios_timers_timer64_Timer_Module_State_0_device__A)
                  11826a40    00000050     Ladar.obj (.fardata:cornersX)
                  11826a90    00000050     Ladar.obj (.fardata:cornersY)
                  11826ae0    00000050     Lab1C_maneyko2_dgnava2_pe674.oe674 (.fardata:ti_sysbios_timers_timer64_Timer_Object__table__V)
                  11826b30    00000048     Lab1C_maneyko2_dgnava2_pe674.oe674 (.fardata:ti_sysbios_knl_Task_Module__state__V)
                  11826b78    00000040     rts6740_elf.lib : cos.obj (.fardata:R$1)
                  11826bb8    00000040                     : sin.obj (.fardata:R$1)
                  11826bf8    00000040     Lab1C_maneyko2_dgnava2_pe674.oe674 (.fardata:ti_sysbios_gates_GateMutex_Object__table__V)
                  11826c38    00000030     Lab1C_maneyko2_dgnava2_pe674.oe674 (.fardata:ti_sysbios_family_c64p_Exception_Module__state__V)
                  11826c68    0000002c     Lab1C_maneyko2_dgnava2_pe674.oe674 (.fardata:ti_sysbios_knl_Clock_Module__state__V)
                  11826c94    00000004     rts6740_elf.lib : errno.obj (.fardata)
                  11826c98    00000028     Lab1C_maneyko2_dgnava2_pe674.oe674 (.fardata:ti_sysbios_hal_Hwi_Object__table__V)
                  11826cc0    00000024     Lab1C_maneyko2_dgnava2_pe674.oe674 (.fardata:ti_sysbios_BIOS_Module__state__V)
                  11826ce4    00000004     Lab1C_maneyko2_dgnava2_pe674.oe674 (.fardata:ti_sysbios_family_c64p_Cache_Module__state__V)
                  11826ce8    00000024     Lab1C_maneyko2_dgnava2_pe674.oe674 (.fardata:xdc_runtime_LoggerBuf_Object__table__V)
                  11826d0c    00000004     Lab1C_maneyko2_dgnava2_pe674.oe674 (.fardata:ti_sysbios_family_c64p_primus_TimerSupport_Module__state__V)
                  11826d10    00000020     Lab1C_maneyko2_dgnava2_pe674.oe674 (.fardata:ti_sysbios_timers_timer64_Timer_Module_State_0_gctrl__A)
                  11826d30    00000020     Lab1C_maneyko2_dgnava2_pe674.oe674 (.fardata:ti_sysbios_timers_timer64_Timer_Module_State_0_handles__A)
                  11826d50    00000020     Lab1C_maneyko2_dgnava2_pe674.oe674 (.fardata:ti_sysbios_timers_timer64_Timer_Module_State_0_intFreqs__A)
                  11826d70    00000020     Lab1C_maneyko2_dgnava2_pe674.oe674 (.fardata:xdc_runtime_Error_IgnoreBlock)
                  11826d90    0000001c     Lab1C_maneyko2_dgnava2_pe674.oe674 (.fardata:ti_sysbios_knl_Swi_Module__state__V)
                  11826dac    00000004     Lab1C_maneyko2_dgnava2_pe674.oe674 (.fardata:xdc_runtime_Memory_Module__state__V)
                  11826db0    00000018     Lab1C_maneyko2_dgnava2_pe674.oe674 (.fardata:ti_sysbios_heaps_HeapMem_Object__table__V)
                  11826dc8    00000018     Lab1C_maneyko2_dgnava2_pe674.oe674 (.fardata:ti_sysbios_timers_timer64_Timer_Module__state__V)
                  11826de0    00000010     rts6740_elf.lib : cosf.obj (.fardata:R$1)
                  11826df0    00000010                     : sinf.obj (.fardata:R$1)
                  11826e00    00000010     Lab1C_maneyko2_dgnava2_pe674.oe674 (.fardata:xdc_runtime_System_Module_State_0_atexitHandlers__A)
                  11826e10    0000000c     rts6740_elf.lib : exit.obj (.fardata)
                  11826e1c    0000000c     Lab1C_maneyko2_dgnava2_pe674.oe674 (.fardata:xdc_runtime_SysMin_Module__state__V)
                  11826e28    00000008     Lab1C_maneyko2_dgnava2_pe674.oe674 (.fardata:ti_sysbios_family_c64p_primus_TimerSupport_Module_State_0_suspSrc__A)
                  11826e30    00000008     Lab1C_maneyko2_dgnava2_pe674.oe674 (.fardata:xdc_runtime_Registry_Module__state__V)
                  11826e38    00000008     Lab1C_maneyko2_dgnava2_pe674.oe674 (.fardata:xdc_runtime_Startup_Module__state__V)
                  11826e40    00000008     Lab1C_maneyko2_dgnava2_pe674.oe674 (.fardata:xdc_runtime_System_Module__state__V)
                  11826e48    00000006     Lab1C_maneyko2_dgnava2_pe674.oe674 (.fardata:xdc_runtime_LoggerBuf_Module__state__V)
                  11826e4e    00000002     Lab1C_maneyko2_dgnava2_pe674.oe674 (.fardata:xdc_runtime_Error_Module__state__V)
                  11826e50    00000004     Lab1C_maneyko2_dgnava2_pe674.oe674 (.fardata:ti_sysbios_gates_GateHwi_Object__table__V)
                  11826e54    00000004     --HOLE--
                  11826e58    00000004     Lab1C_maneyko2_dgnava2_pe674.oe674 (.fardata:ti_sysbios_knl_Task_Module_State_0_idleTask__A)

.cio       0    118270d8    00000120     UNINITIALIZED
                  118270d8    00000120     rts6740_elf.lib : trgmsg.obj (.cio)

.switch    0    118271f8    0000007c     
                  118271f8    00000038     rts6740_elf.lib : _printfi.obj (.switch:__TI_printfi)
                  11827230    00000024     evmomapl138_bsl.lib : evmomapl138_gpio.obj (.switch:getRegisterBankAndBit)
                  11827254    00000010                         : evmomapl138_spi.obj (.switch:SPI_init)
                  11827264    00000010     ColorVision.obj (.switch:userProcessColorImageFunc_laser)

MODULE SUMMARY

       Module                               code     ro data   rw data
       ------                               ----     -------   -------
    .\
       Ladar.obj                            7968     72        5718   
       ColorVision.obj                      4832     16        6908   
       user_Lab1C_maneyko2_dgnava2.obj      4928     0         4096   
       COECSL_edma3.obj                     1216     0         4136   
       ColorLCD.obj                         2400     24        11     
       COECSL_mcbsp.obj                     1664     0         300    
       pru.obj                              256      0         0      
       LCDprintf.obj                        0        0         8      
    +--+------------------------------------+--------+---------+---------+
       Total:                               23264    112       21177  
                                                                      
    C:\dgnava2_maneyko2\SE423Repo\Labs\Lab1C_maneyko2_dgnava2\Lab1C_maneyko2_dgnava2Project\Debug\configPkg\package\cfg\
       Lab1C_maneyko2_dgnava2_pe674.oe674   4608     7512      17408  
    +--+------------------------------------+--------+---------+---------+
       Total:                               4608     7512      17408  
                                                                      
    C:/dgnava2_maneyko2/SE423Repo/LabFiles/bsl_forSYSBIOS/lib/evmomapl138_bsl.lib
       evmomapl138.obj                      4064     192       0      
       evmomapl138_vpif.obj                 1920     0         0      
       evmomapl138_i2c.obj                  1376     0         4      
       evmomapl138_uart.obj                 1344     16        0      
       evmomapl138_i2c_gpio.obj             1344     0         0      
       evmomapl138_spi.obj                  1184     16        0      
       evmomapl138_gpio.obj                 1152     36        0      
       evmomapl138_timer.obj                384      0         0      
    +--+------------------------------------+--------+---------+---------+
       Total:                               12768    260       4      
                                                                      
    C:\CCStudio_v8\bios_6_70_01_03\packages\ti\targets\rts6000\lib\boot.ae674
       autoinit.oe674                       288      0         0      
       boot.oe674                           160      0         0      
    +--+------------------------------------+--------+---------+---------+
       Total:                               448      0         0      
                                                                      
    C:\CCStudio_v8\bios_6_70_01_03\packages\ti\targets\rts6000\lib\ti.targets.rts6000.ae674
       System.oe674                         3232     24        0      
       LoggerBuf.oe674                      2400     0         0      
       Text.oe674                           1728     64        0      
       Error.oe674                          1152     88        0      
       Startup.oe674                        896      44        0      
       SysMin.oe674                         704      0         0      
       Memory.oe674                         320      0         0      
       Gate.oe674                           64       0         0      
       Registry.oe674                       64       0         0      
    +--+------------------------------------+--------+---------+---------+
       Total:                               10560    220       0      
                                                                      
    C:\CCStudio_v8\ccsv8\tools\compiler\ti-cgt-c6000_8.2.2\lib\rts6740_elf.lib
       _printfi.obj                         13504    92        0      
       divd.obj                             1472     0         0      
       fputs.obj                            992      0         0      
       cos.obj                              800      0         64     
       fmodf.obj                            864      0         0      
       defs.obj                             0        0         804    
       sin.obj                              736      0         64     
       imath64.obj                          704      0         0      
       divf.obj                             672      0         0      
       cosf.obj                             640      0         16     
       sinf.obj                             608      0         16     
       fputc.obj                            544      0         0      
       setvbuf.obj                          544      0         0      
       trgmsg.obj                           224      0         288    
       frexp.obj                            448      0         0      
       getdevice.obj                        448      0         0      
       imath40.obj                          448      0         0      
       frexpf.obj                           416      0         0      
       hostrename.obj                       416      0         0      
       ldexp.obj                            384      0         0      
       ldexpf.obj                           384      0         0      
       write.obj                            96       0         280    
       fclose.obj                           320      0         0      
       copy_decompress_rle.obj              288      0         0      
       fseek.obj                            288      0         0      
       printf.obj                           288      0         0      
       exit.obj                             256      0         12     
       ctype.obj                            0        257       0      
       _io_perm.obj                         256      0         0      
       atoi.obj                             256      0         0      
       hostopen.obj                         224      0         8      
       close.obj                            224      0         0      
       divi.obj                             224      0         0      
       hostlseek.obj                        224      0         0      
       hostwrite.obj                        224      0         0      
       llshift.obj                          224      0         0      
       ltoa.obj                             224      0         0      
       memset.obj                           224      0         0      
       divu.obj                             192      0         0      
       fflush.obj                           192      0         0      
       hostread.obj                         192      0         0      
       hostunlink.obj                       192      0         0      
       sprintf.obj                          192      0         0      
       tls.obj                              192      0         0      
       fopen.obj                            160      0         0      
       hostclose.obj                        160      0         0      
       memcpy64.obj                         160      0         0      
       modf.obj                             160      0         0      
       remu.obj                             160      0         0      
       round.obj                            160      0         0      
       roundf.obj                           128      0         0      
       unlink.obj                           128      0         0      
       _lock.obj                            96       0         8      
       lseek.obj                            96       0         0      
       memccpy.obj                          96       0         0      
       modff.obj                            96       0         0      
       args_main.obj                        64       0         0      
       frcmpyd_div.obj                      64       0         0      
       isinf.obj                            64       0         0      
       errno.obj                            32       0         4      
       copy_decompress_none.obj             32       0         0      
       trunc.obj                            32       0         0      
       truncf.obj                           32       0         0      
    +--+------------------------------------+--------+---------+---------+
       Total:                               32160    349       1564   
                                                                      
    C:\dgnava2_maneyko2\SE423Repo\Labs\Lab1C_maneyko2_dgnava2\SYSBIOS\src\sysbios\sysbios.ae674
       BIOS.obj                             17632    1304      0      
       c64p_Hwi_disp_always.obj             512      0         0      
       c64p_Exception_asm.obj               384      0         0      
       c62_TaskSupport_asm.obj              224      0         0      
       c64p_Hwi_asm_switch.obj              192      0         0      
    +--+------------------------------------+--------+---------+---------+
       Total:                               18944    1304      0      
                                                                      
       Stack:                               0        0         8192   
       Linker Generated:                    0        2419      0      
    +--+------------------------------------+--------+---------+---------+
       Grand Total:                         102752   12176     48345  


LINKER GENERATED COPY TABLES

__TI_cinit_table @ 11827f50 records: 5, size/record: 8, table size: 40
	.fardata: load addr=11827600, load size=0000089c bytes, run addr=11826068, run size=00000df4 bytes, compression=rle
	.neardata: load addr=11827e9c, load size=0000005d bytes, run addr=11826ec8, run size=000001df bytes, compression=rle
	.rodata: load addr=11827ef9, load size=00000036 bytes, run addr=118270a8, run size=00000030 bytes, compression=rle
	.far: load addr=11827f2f, load size=0000000b bytes, run addr=11818f80, run size=00008b8c bytes, compression=rle
	.bss: load addr=11827f3a, load size=00000009 bytes, run addr=11826e5c, run size=0000006c bytes, compression=rle


LINKER GENERATED HANDLER TABLE

__TI_handler_table @ 11827f44 records: 2, size/record: 4, table size: 8
	index: 0, handler: __TI_decompress_rle24
	index: 1, handler: __TI_decompress_none


GLOBAL SYMBOLS: SORTED ALPHABETICALLY BY Name 

address   name                                                                
-------   ----                                                                
1180034c  Bresenhamline                                                       
118185a0  C$$EXIT                                                             
11817098  C$$IO$$                                                             
118270ac  CLK_addtime                                                         
118270d4  CLK_checkswitches                                                   
118270b0  CLK_startMcBSP                                                      
11826f0c  Cdifference                                                         
11804f64  Check_Equivalency                                                   
11804ee0  ComWithLinux                                                        
1180bc6c  EDMA3_0_ISR                                                         
11826e60  EDMA3_0_Regs                                                        
1180bb80  EDMA3_1_ISR                                                         
11826e64  EDMA3_1_Regs                                                        
118070f0  EVMOMAPL138_enableDsp                                               
11806a6c  EVMOMAPL138_init                                                    
118068e8  EVMOMAPL138_initRAM                                                 
118067ec  EVMOMAPL138_lpscTransition                                          
118067a0  EVMOMAPL138_pinmuxConfig                                            
11826fa0  F28335_Extra1                                                       
11826fa4  F28335_Extra2                                                       
11826fa8  F28335_Extra3                                                       
11826fac  F28335_Extra4                                                       
11804fe4  Fix_Equivalency                                                     
1180c808  GPIO_getInput                                                       
1180c7a0  GPIO_getOutput                                                      
1180c544  GPIO_setDir                                                         
1180c5b0  GPIO_setOutput                                                      
1180c620  GPIO_toggleLoop                                                     
11815960  HOSTclose                                                           
11814100  HOSTlseek                                                           
118141e0  HOSTopen                                                            
11814e20  HOSTread                                                            
118117a0  HOSTrename                                                          
11814ee0  HOSTunlink                                                          
118142c0  HOSTwrite                                                           
118270c0  HWI4_VPIF95                                                         
118270c8  HWI5_EDMA3_1                                                        
118270c4  HWI7_PRU6                                                           
118270b4  HWI8_EDMA3_0                                                        
1180af0c  I2CGPIO_getInput                                                    
1180adb0  I2CGPIO_getInputAll                                                 
1180acc4  I2CGPIO_init                                                        
1180ab90  I2CGPIO_setOutput                                                   
1180ab20  I2CGPIO_setOutputAll                                                
1180a5c0  I2C_init                                                            
1180a840  I2C_read                                                            
1180a6cc  I2C_write                                                           
11826e68  Image_data                                                          
11801930  LADAR_Get_and_Process_Scan                                          
118012ec  LADAR_scan                                                          
11801080  LADAR_sendG                                                         
1181f158  LADARangle                                                          
11827008  LADARcenterFt                                                       
1181f540  LADARdataX                                                          
[...]
1182405e  xdc_runtime_Text_registryModsLastId__C                              
11824060  xdc_runtime_Text_unnamedModsLastId__C                               
11824068  _stack                                                              
11826068  PRUCode                                                             
11826068  __TI_STACK_END                                                      
118262c4  _lock                                                               
118262c8  _ftable                                                             
118264a8  ti_sysbios_knl_Task_Object__table__V                                
118265bc  _unlock                                                             
118265c0  ti_sysbios_knl_Swi_Object__table__V                                 
11826680  _stream                                                             
11826720  ti_sysbios_knl_Swi_Module_State_0_readyQ__A                         
118267a0  ti_sysbios_knl_Task_Module_State_0_readyQ__A                        
11826820  _device                                                             
11826898  ti_sysbios_family_c64p_Hwi_Object__table__V                         
11826910  ti_sysbios_family_c64p_Hwi_Module__state__V                         
1182697c  __TI_ft_end                                                         
11826980  ti_sysbios_knl_Clock_Object__table__V                               
118269e0  ti_sysbios_timers_timer64_Timer_Module_State_0_device__A            
11826a40  cornersX                                                            
11826a90  cornersY                                                            
11826ae0  ti_sysbios_timers_timer64_Timer_Object__table__V                    
11826b30  ti_sysbios_knl_Task_Module__state__V                                
11826bf8  ti_sysbios_gates_GateMutex_Object__table__V                         
11826c38  ti_sysbios_family_c64p_Exception_Module__state__V                   
11826c68  ti_sysbios_knl_Clock_Module__state__V                               
11826c94  __errno                                                             
11826c94  errno                                                               
11826c98  ti_sysbios_hal_Hwi_Object__table__V                                 
11826cc0  ti_sysbios_BIOS_Module__state__V                                    
11826ce4  ti_sysbios_family_c64p_Cache_Module__state__V                       
11826ce8  xdc_runtime_LoggerBuf_Object__table__V                              
11826d0c  ti_sysbios_family_c64p_primus_TimerSupport_Module__state__V         
11826d10  ti_sysbios_timers_timer64_Timer_Module_State_0_gctrl__A             
11826d30  ti_sysbios_timers_timer64_Timer_Module_State_0_handles__A           
11826d50  ti_sysbios_timers_timer64_Timer_Module_State_0_intFreqs__A          
11826d70  xdc_runtime_Error_IgnoreBlock                                       
11826d90  ti_sysbios_knl_Swi_Module__state__V                                 
11826dac  xdc_runtime_Memory_Module__state__V                                 
11826db0  ti_sysbios_heaps_HeapMem_Object__table__V                           
11826dc8  ti_sysbios_timers_timer64_Timer_Module__state__V                    
11826e00  xdc_runtime_System_Module_State_0_atexitHandlers__A                 
11826e10  __TI_cleanup_ptr                                                    
11826e14  __TI_dtors_ptr                                                      
11826e18  __TI_enable_exit_profile_output                                     
11826e1c  xdc_runtime_SysMin_Module__state__V                                 
11826e28  ti_sysbios_family_c64p_primus_TimerSupport_Module_State_0_suspSrc__A
11826e30  xdc_runtime_Registry_Module__state__V                               
11826e38  xdc_runtime_Startup_Module__state__V                                
11826e40  xdc_runtime_System_Module__state__V                                 
11826e48  xdc_runtime_LoggerBuf_Module__state__V                              
11826e4e  xdc_runtime_Error_Module__state__V                                  
11826e50  ti_sysbios_gates_GateHwi_Object__table__V                           
11826e58  ti_sysbios_knl_Task_Module_State_0_idleTask__A                      
11826e5c  __TI_STATIC_BASE                                                    
11826e60  EDMA3_0_Regs                                                        
11826e64  EDMA3_1_Regs                                                        
11826e68  Image_data                                                          
11826e6c  LCD_Image                                                           
11826e70  LCD_mem                                                             
11826e74  Linux_Image                                                         
11826e78  Thres_Image                                                         
11826e7c  blue                                                                
11826e80  c                                                                   
11826e84  cbar                                                                
11826e88  current                                                             
11826e8c  delta                                                               
11826e90  green                                                               
11826e94  hue                                                                 
11826e98  index                                                               
11826e9c  k                                                                   
11826ea0  largest_num_pixels                                                  
11826ea4  largest_object                                                      
11826ea8  min                                                                 
11826eac  pic_data                                                            
11826eb0  ptrshrdmem                                                          
11826eb4  r                                                                   
11826eb8  rbar                                                                
11826ebc  red                                                                 
11826ec0  sat                                                                 
11826ec4  value                                                               
11826ec8  updateLCD                                                           
11826ecc  testvar                                                             
11826ed0  noimagefound                                                        
11826ed4  object_x                                                            
11826ed8  object_y                                                            
11826edc  new_coordata                                                        
11826ee0  numpels                                                             
11826ee4  new_num_found_objects                                               
11826ee8  new_object_theta                                                    
11826eec  new_C20                                                             
11826ef0  new_C02                                                             
11826ef4  top                                                                 
11826ef8  left                                                                
11826efc  num_unique_objects                                                  
11826f00  current_object                                                      
11826f04  color                                                               
11826f08  color2                                                              
11826f0c  Cdifference                                                         
11826f10  neighbor_type                                                       
11826f14  too_many_objects                                                    
11826f18  object_detected                                                     
11826f1c  print_hue                                                           
11826f1d  print_sat                                                           
11826f1e  print_val                                                           
11826f1f  print_r                                                             
11826f20  print_b                                                             
11826f21  print_g                                                             
11826f24  specs_s                                                             
11826f28  specs_srad                                                          
11826f2c  specs_v                                                             
11826f30  specs_vrad                                                          
11826f34  specs_h                                                             
11826f38  specs_h2                                                            
11826f3c  specs_hrad                                                          
11826f40  VPIF_beginning_line                                                 
11826f44  equivalency                                                         
11826f48  done                                                                
11826f4c  f28335RecFirsttime                                                  
11826f50  enc1                                                                
11826f54  enc2                                                                
11826f58  enc3                                                                
11826f5c  enc4                                                                
11826f60  compass                                                             
11826f64  switchstate                                                         
11826f68  adcA0                                                               
11826f6c  adcB0                                                               
11826f70  adcA1                                                               
11826f74  adcB1                                                               
11826f78  adcA2                                                               
11826f7c  adcB2                                                               
11826f80  adcA3                                                               
11826f84  adcB3                                                               
11826f88  adcA4                                                               
11826f8c  adcB4                                                               
11826f90  adcA5                                                               
11826f94  adcB5                                                               
11826f98  adcA6                                                               
11826f9c  adcA7                                                               
11826fa0  F28335_Extra1                                                       
11826fa4  F28335_Extra2                                                       
11826fa8  F28335_Extra3                                                       
11826fac  F28335_Extra4                                                       
11826fb0  new_sendtolinux_F28335_Extra                                        
11826fb4  send_F28335_Extra1                                                  
11826fb8  send_F28335_Extra2                                                  
11826fbc  send_F28335_Extra3                                                  
11826fc0  send_F28335_Extra4                                                  
11826fc4  num_EDMA3_0                                                         
11826fc8  numofints                                                           
11826fcc  scalingLadar                                                        
11826fd0  LADARready                                                          
11826fd4  LADARprocess                                                        
11826fd8  uart1count                                                          
11826fdc  numReadings                                                         
11826fe0  errL                                                                
11826fe4  errC                                                                
11826fe8  errR                                                                
11826fec  tLADARleftFt                                                        
11826ff0  tLADARcenterFt                                                      
11826ff4  tLADARrightFt                                                       
11826ff8  cPrevLADARdata                                                      
11826ff9  cLADARdata                                                          
11826ffc  iLADARrcv                                                           
11827000  cCommandName                                                        
11827004  LADARleftFt                                                         
11827008  LADARcenterFt                                                       
1182700c  LADARrightFt                                                        
11827010  numreadings_lastscan                                                
11827014  startAngle                                                          
11827018  stepSize                                                            
1182701c  newLADARdata                                                        
11827020  robotX                                                              
11827024  robotY                                                              
11827028  robotT                                                              
1182702c  tempSign                                                            
11827030  tempOff                                                             
11827034  vref                                                                
11827038  turn                                                                
1182703c  tskcount                                                            
11827040  trackableIDerror                                                    
11827044  firstdata                                                           
11827048  new_optitrack                                                       
1182704c  previous_frame                                                      
11827050  frame_error                                                         
11827054  temp_theta                                                          
11827058  tempOPTITRACK_theta                                                 
1182705c  temp_trackableID                                                    
11827060  trackableID                                                         
11827064  errorcheck                                                          
11827068  timecount                                                           
1182706c  whichled                                                            
11827070  servosPosted                                                        
11827074  newServos                                                           
11827078  McBSPrecerror                                                       
1182707c  firsttimeintMCBSPrec                                                
11827080  timeint                                                             
11827084  mcbspReset                                                          
11827088  testcount                                                           
1182708c  danindex                                                            
11827090  firsttimeLine1                                                      
11827094  firsttimeLine2                                                      
11827098  LCDnewMsgLine1                                                      
1182709c  LCDnewMsgLine2                                                      
118270a0  bluegain                                                            
118270a4  bkgrnd_red                                                          
118270a5  bkgrnd_green                                                        
118270a6  bkgrnd_blue                                                         
118270a8  SWI_RobotControl                                                    
118270ac  CLK_addtime                                                         
118270b0  CLK_startMcBSP                                                      
118270b4  HWI8_EDMA3_0                                                        
118270b8  SWI_LCD                                                             
118270bc  SWI_vision                                                          
118270c0  HWI4_VPIF95                                                         
118270c4  HWI7_PRU6                                                           
118270c8  HWI5_EDMA3_1                                                        
118270cc  TASK_ComWithLinux                                                   
118270d0  TASK_LADAR                                                          
118270d4  CLK_checkswitches                                                   
118270d8  __CIOBUF_                                                           
11827400  ti_sysbios_family_c64p_Hwi0                                         
11827400  ti_sysbios_family_c64p_Hwi_int0                                     
11827420  ti_sysbios_family_c64p_Hwi_int1                                     
11827440  ti_sysbios_family_c64p_Hwi_int2                                     
11827460  ti_sysbios_family_c64p_Hwi_int3                                     
11827480  ti_sysbios_family_c64p_Hwi_int4                                     
118274a0  ti_sysbios_family_c64p_Hwi_int5                                     
118274c0  ti_sysbios_family_c64p_Hwi_int6                                     
118274e0  ti_sysbios_family_c64p_Hwi_int7                                     
11827500  ti_sysbios_family_c64p_Hwi_int8                                     
11827520  ti_sysbios_family_c64p_Hwi_int9                                     
11827540  ti_sysbios_family_c64p_Hwi_int10                                    
11827560  ti_sysbios_family_c64p_Hwi_int11                                    
11827580  ti_sysbios_family_c64p_Hwi_int12                                    
118275a0  ti_sysbios_family_c64p_Hwi_int13                                    
118275c0  ti_sysbios_family_c64p_Hwi_int14                                    
118275e0  ti_sysbios_family_c64p_Hwi_int15                                    
11827f44  __TI_Handler_Table_Base                                             
11827f4c  __TI_Handler_Table_Limit                                            
11827f50  __TI_CINIT_Base                                                     
11827f78  __TI_CINIT_Limit                                                    
ffffffff  __TI_pprof_out_hndl                                                 
ffffffff  __TI_prof_data_size                                                 
ffffffff  __TI_prof_data_start                                                
ffffffff  __binit__                                                           
ffffffff  __c_args__                                                          
ffffffff  binit                                                               
UNDEFED   __TI_INITARRAY_Base                                                 
UNDEFED   __TI_INITARRAY_Limit                                                
UNDEFED   __TI_TLS_INIT_Base                                                  
UNDEFED   __TI_TLS_INIT_Limit                                                 

[798 symbols]
