********************************************************************************
TMS320C6x Hex Converter                                                   v8.2.2
********************************************************************************

INPUT FILE NAME: <Lab1C_maneyko2_dgnava2.out>
OUTPUT FORMAT:   Binary

PHYSICAL MEMORY PARAMETERS
   Default data width   :   8
   Default memory width :   8
   Default output width :   8

BOOT LOADER PARAMETERS
   Table Address: 0x0000, PAGE 0
   Entry Point  : 0x11815be0


OUTPUT TRANSLATION MAP
--------------------------------------------------------------------------------
00000000..0003ffff  Page=0  Memory Width=8  ROM Width=8  "SPIFLASH"
--------------------------------------------------------------------------------
   OUTPUT FILES: Lab1C_maneyko2_dgnava2.hex [b0..b7]

   CONTENTS: 00000000..0001c0ff   BOOT TABLE
                            .vecs : btad=00000000  dest=11827400 size=00000200
                           .cinit : btad=0000020c  dest=11827600 size=00000978
                            .text : btad=00000b8c  dest=11800000 size=00018f60
                         .const.1 : btad=00019af4  dest=11818f60 size=00000020
                         .const.2 : btad=00019b1c  dest=11821b10 size=00002552
                          .switch : btad=0001c078  dest=118271f8 size=0000007c
