******************************************************************************
               TMS320C6x Linker PC v8.2.2                      
******************************************************************************
>> Linked Fri Apr 12 17:01:00 2019

OUTPUT FILE NAME:   <lab8_dgnava2_maneyko2.out>
ENTRY POINT SYMBOL: "_c_int00"  address: 118196c0


MEMORY CONFIGURATION

         name            origin    length      used     unused   attr    fill
----------------------  --------  ---------  --------  --------  ----  --------
  IROM                  11700000   00100000  00000000  00100000  R  X
  IRAM                  11800000   00038000  0002bdd2  0000c22e  RW X
  L3_CBA_RAM            80000000   00020000  00000000  00020000  RW X
  DDR                   c3000000   01000000  00000000  01000000  RW X


SEGMENT ALLOCATION MAP

run origin  load origin   length   init length attrs members
----------  ----------- ---------- ----------- ----- -------
11800000    11800000    0001cc00   0001cc00    r-x
  11800000    11800000    0001cba0   0001cba0    r-x .text
  1181cba0    1181cba0    00000060   00000060    r-- .const.1
1181cc00    1181cc00    00008d30   00000000    rw-
  1181cc00    1181cc00    00008d30   00000000    rw- .far.1
11825930    11825930    00000050   00000050    r--
  11825930    11825930    00000050   00000050    r-- .const.2
11825980    11825980    00000068   00000000    rw-
  11825980    11825980    00000068   00000000    rw- .far.2
118259e8    118259e8    00002572   00002572    r--
  118259e8    118259e8    00002572   00002572    r-- .const.3
11827f60    11827f60    000030ef   00000000    rw-
  11827f60    11827f60    00002000   00000000    rw- .stack
  11829f60    11829f60    00000dd4   00000000    rw- .fardata
  1182ad34    1182ad34    0000006c   00000000    rw- .bss
  1182ada0    1182ada0    000002af   00000000    rw- .neardata
1182b050    1182b050    0000002c   00000000    r--
  1182b050    1182b050    0000002c   00000000    r-- .rodata
1182b080    1182b080    00000120   00000000    rw-
  1182b080    1182b080    00000120   00000000    rw- .cio
1182b1a0    1182b1a0    000000a4   000000a4    r--
  1182b1a0    1182b1a0    000000a4   000000a4    r-- .switch
1182b400    1182b400    00000b98   00000b98    r-x
  1182b400    1182b400    00000200   00000200    r-x .vecs
  1182b600    1182b600    00000998   00000998    r-- .cinit


SECTION ALLOCATION MAP

 output                                  attributes/
section   page    origin      length       input sections
--------  ----  ----------  ----------   ----------------
.stack     0    11827f60    00002000     UNINITIALIZED
                  11827f60    00000008     boot.ae674 : boot.oe674 (.stack)
                  11827f68    00001ff8     --HOLE--

.bss       0    1182ad34    0000006c     UNINITIALIZED
                  1182ad34    00000004     evmomapl138_bsl.lib : evmomapl138_i2c.obj (.bss)
                  1182ad38    00000004     (.common:EDMA3_0_Regs)
                  1182ad3c    00000004     (.common:EDMA3_1_Regs)
                  1182ad40    00000004     (.common:Image_data)
                  1182ad44    00000004     (.common:LCD_Image)
                  1182ad48    00000004     (.common:LCD_mem)
                  1182ad4c    00000004     (.common:Linux_Image)
                  1182ad50    00000004     (.common:Thres_Image)
                  1182ad54    00000004     (.common:blue)
                  1182ad58    00000004     (.common:c)
                  1182ad5c    00000004     (.common:cbar)
                  1182ad60    00000004     (.common:current)
                  1182ad64    00000004     (.common:delta)
                  1182ad68    00000004     (.common:green)
                  1182ad6c    00000004     (.common:hue)
                  1182ad70    00000004     (.common:index)
                  1182ad74    00000004     (.common:k)
                  1182ad78    00000004     (.common:largest_num_pixels)
                  1182ad7c    00000004     (.common:largest_object)
                  1182ad80    00000004     (.common:min)
                  1182ad84    00000004     (.common:pic_data)
                  1182ad88    00000004     (.common:ptrshrdmem)
                  1182ad8c    00000004     (.common:r)
                  1182ad90    00000004     (.common:rbar)
                  1182ad94    00000004     (.common:red)
                  1182ad98    00000004     (.common:sat)
                  1182ad9c    00000004     (.common:value)

.neardata 
*          0    1182ada0    000002af     UNINITIALIZED
                  1182ada0    000000fc     user_lab8_dgnava2_maneyko2.obj (.neardata)
                  1182ae9c    00000094     ColorVision.obj (.neardata)
                  1182af30    00000080     COECSL_edma3.obj (.neardata)
                  1182afb0    00000068     Ladar.obj (.neardata)
                  1182b018    00000028     COECSL_mcbsp.obj (.neardata)
                  1182b040    00000008     LCDprintf.obj (.neardata)
                  1182b048    00000007     ColorLCD.obj (.neardata)

.rodata    0    1182b050    0000002c     UNINITIALIZED
                  1182b050    0000002c     lab8_dgnava2_maneyko2_pe674.oe674 (.rodata)

.cinit     0    1182b600    00000998     
                  1182b600    00000878     (.cinit..fardata.load) [load image, compression = rle]
                  1182be78    00000095     (.cinit..neardata.load) [load image, compression = rle]
                  1182bf0d    00000032     (.cinit..rodata.load) [load image, compression = rle]
                  1182bf3f    0000000b     (.cinit..far.1.load) [load image, compression = rle]
                  1182bf4a    00000009     (.cinit..bss.load) [load image, compression = rle]
                  1182bf53    00000009     (.cinit..far.2.load) [load image, compression = rle]
                  1182bf5c    00000008     (__TI_handler_table)
                  1182bf64    00000004     --HOLE-- [fill = 0]
                  1182bf68    00000030     (__TI_cinit_table)

.init_array 
*          0    11800000    00000000     UNINITIALIZED

.vecs      0    1182b400    00000200     
                  1182b400    00000200     lab8_dgnava2_maneyko2_pe674.oe674 (.vecs)

xdc.meta   0    11800000    00000130     COPY SECTION
                  11800000    00000130     lab8_dgnava2_maneyko2_pe674.oe674 (xdc.meta)

.text      0    11800000    0001cba0     
                  11800000    00001f20     Ladar.obj (.text)
                  11801f20    00001ce0     rts6740_elf.lib : _printfi.obj (.text:__TI_printfi)
                  11803c00    00001be0     user_lab8_dgnava2_maneyko2.obj (.text)
                  118057e0    00001a80     rts6740_elf.lib : _scanfi.obj (.text:__TI_scanfi)
                  11807260    00001360     ColorVision.obj (.text)
                  118085c0    00000fe0     evmomapl138_bsl.lib : evmomapl138.obj (.text)
                  118095a0    00000960     ColorLCD.obj (.text)
                  11809f00    000008a0     ti.targets.rts6000.ae674 : System.oe674 (.text:xdc_runtime_System_doPrint__I)
                  1180a7a0    00000780     evmomapl138_bsl.lib : evmomapl138_vpif.obj (.text)
                  1180af20    00000780     sysbios.ae674 : BIOS.obj (.text:ti_sysbios_family_c64p_Exception_handler__I)
                  1180b6a0    00000680     COECSL_mcbsp.obj (.text)
                  1180bd20    00000680     rts6740_elf.lib : _printfi.obj (.text:_pconv_a)
                  1180c3a0    000005c0                     : divd.obj (.text:__c6xabi_divd)
                  1180c960    00000560     evmomapl138_bsl.lib : evmomapl138_i2c.obj (.text)
                  1180cec0    00000540                         : evmomapl138_i2c_gpio.obj (.text)
                  1180d400    00000540                         : evmomapl138_uart.obj (.text)
                  1180d940    00000500     rts6740_elf.lib : _printfi.obj (.text:_pconv_g)
                  1180de40    000004e0                     : strtod.obj (.text:strtod)
                  1180e320    000004c0     COECSL_edma3.obj (.text)
                  1180e7e0    000004a0     evmomapl138_bsl.lib : evmomapl138_spi.obj (.text)
                  1180ec80    000004a0     rts6740_elf.lib : strtoll.obj (.text:strtoll)
                  1180f120    00000480     evmomapl138_bsl.lib : evmomapl138_gpio.obj (.text)
                  1180f5a0    00000440     rts6740_elf.lib : strtoull.obj (.text:strtoull)
                  1180f9e0    00000420                     : _printfi.obj (.text:_pconv_e)
                  1180fe00    000003e0                     : fputs.obj (.text:fputs)
                  118101e0    000003c0     sysbios.ae674 : BIOS.obj (.text:ti_sysbios_timers_timer64_Timer_Module_startup__E)
                  118105a0    000003a0     rts6740_elf.lib : strtol.obj (.text:strtol)
                  11810940    00000360                     : fmodf.obj (.text:fmodf)
                  11810ca0    00000340     sysbios.ae674 : BIOS.obj (.text:ti_sysbios_knl_Semaphore_pend__E)
                  11810fe0    00000340                   : BIOS.obj (.text:ti_sysbios_timers_timer64_Timer_deviceConfig__I)
                  11811320    00000340     lab8_dgnava2_maneyko2_pe674.oe674 (.text:xdc_runtime_System_printfExtend__I)
                  11811660    00000320     rts6740_elf.lib : cos.obj (.text:cos)
                  11811980    00000300                     : strtoul.obj (.text:strtoul)
                  11811c80    000002e0                     : sin.obj (.text:sin)
                  11811f60    000002e0     sysbios.ae674 : BIOS.obj (.text:ti_sysbios_timers_timer64_Timer_setPeriodMicroSecs__E)
                  11812240    000002c0     ti.targets.rts6000.ae674 : LoggerBuf.oe674 (.text:xdc_runtime_LoggerBuf_write8__E)
                  11812500    000002a0     rts6740_elf.lib : divf.obj (.text:__c6xabi_divf)
                  118127a0    000002a0                     : _printfi.obj (.text:_pconv_f)
                  11812a40    000002a0                     : _printfi.obj (.text:fcvt)
                  11812ce0    00000280                     : cosf.obj (.text:cosf)
                  11812f60    00000260                     : imath64.obj (.text:__c6xabi_divull)
                  118131c0    00000260                     : sinf.obj (.text:sinf)
                  11813420    00000260     ti.targets.rts6000.ae674 : Startup.oe674 (.text:xdc_runtime_Startup_startMods__I)
                  11813680    00000240     sysbios.ae674 : BIOS.obj (.text:ti_sysbios_family_c64p_Exception_internalHandler__I)
                  118138c0    00000220     rts6740_elf.lib : fputc.obj (.text:fputc)
                  11813ae0    00000220                     : setvbuf.obj (.text:setvbuf)
                  11813d00    00000200                     : _printfi.obj (.text:_ltostr)
                  11813f00    00000200     sysbios.ae674 : c64p_Hwi_disp_always.obj (.text:_ti_sysbios_family_c64p_Hwi_dispatchAlways)
                  11814100    00000200     ti.targets.rts6000.ae674 : Error.oe674 (.text:xdc_runtime_Error_policyDefault__E)
                  11814300    000001e0     sysbios.ae674 : BIOS.obj (.text:ti_sysbios_family_c64p_Cache_block__I)
                  118144e0    000001e0     ti.targets.rts6000.ae674 : LoggerBuf.oe674 (.text:xdc_runtime_LoggerBuf_write4__E)
                  118146c0    000001e0                              : Text.oe674 (.text:xdc_runtime_Text_putSite__E)
                  118148a0    000001c0     rts6740_elf.lib : imath40.obj (.text:__c6xabi_divul)
                  11814a60    000001c0                     : frexp.obj (.text:frexp)
                  11814c20    000001c0     sysbios.ae674 : BIOS.obj (.text:ti_sysbios_heaps_HeapMem_alloc__E)
                  11814de0    000001c0                   : BIOS.obj (.text:ti_sysbios_knl_Task_checkStacks__E)
                  11814fa0    000001a0     rts6740_elf.lib : hostrename.obj (.text:HOSTrename)
                  11815140    000001a0                     : _scanfi.obj (.text:_sproc_str)
                  118152e0    000001a0                     : frexpf.obj (.text:frexpf)
                  11815480    000001a0     sysbios.ae674 : BIOS.obj (.text:ti_sysbios_family_c64p_Cache_getL2InitSize__I)
                  11815620    000001a0                   : BIOS.obj (.text:ti_sysbios_timers_timer64_Timer_start__E)
                  118157c0    00000180     evmomapl138_bsl.lib : evmomapl138_timer.obj (.text)
                  11815940    00000180     rts6740_elf.lib : ldexp.obj (.text:ldexp)
                  11815ac0    00000180                     : ldexpf.obj (.text:ldexpf)
                  11815c40    00000180     sysbios.ae674 : c64p_Exception_asm.obj (.text)
                  11815dc0    00000180                   : BIOS.obj (.text:ti_sysbios_knl_Task_sleep__E)
                  11815f40    00000160                   : BIOS.obj (.text:ti_sysbios_heaps_HeapMem_free__E)
                  118160a0    00000160     ti.targets.rts6000.ae674 : Text.oe674 (.text:xdc_runtime_Text_putMod__E)
                  11816200    00000140     rts6740_elf.lib : fclose.obj (.text:__TI_closefile)
                  11816340    00000140                     : sscanf.obj (.text:_chkmbc)
                  11816480    00000140                     : getdevice.obj (.text:getdevice)
                  118165c0    00000140     sysbios.ae674 : BIOS.obj (.text:ti_sysbios_family_c64p_Cache_Module_startup__E)
                  11816700    00000140                   : BIOS.obj (.text:ti_sysbios_family_c64p_Cache_getL1DInitSize__I)
                  11816840    00000140                   : BIOS.obj (.text:ti_sysbios_family_c64p_Cache_getL1PInitSize__I)
                  11816980    00000140                   : BIOS.obj (.text:ti_sysbios_knl_Task_postInit__I)
                  11816ac0    00000140     ti.targets.rts6000.ae674 : LoggerBuf.oe674 (.text:xdc_runtime_LoggerBuf_setFilterLevel__E)
                  11816c00    00000140                              : Text.oe674 (.text:xdc_runtime_Text_putLab__E)
                  11816d40    00000120     boot.ae674 : autoinit.oe674 (.text:_auto_init_elf)
                  11816e60    00000120     rts6740_elf.lib : fseek.obj (.text:fseek)
                  11816f80    00000120     sysbios.ae674 : BIOS.obj (.text:ti_sysbios_family_c64p_Hwi_Module_startup__E)
                  118170a0    00000120                   : BIOS.obj (.text:ti_sysbios_knl_Clock_workFunc__E)
                  118171c0    00000120     ti.targets.rts6000.ae674 : LoggerBuf.oe674 (.text:xdc_runtime_LoggerBuf_getFilterLevel__E)
                  118172e0    00000100     rts6740_elf.lib : copy_decompress_rle.obj (.text:__TI_decompress_rle_core)
                  118173e0    00000100                     : _io_perm.obj (.text:__TI_wrt_ok)
                  118174e0    00000100                     : atoi.obj (.text:atoi)
                  118175e0    00000100     pru.obj (.text)
                  118176e0    00000100     sysbios.ae674 : BIOS.obj (.text:ti_sysbios_knl_Swi_restoreHwi__E)
                  118177e0    00000100                   : BIOS.obj (.text:ti_sysbios_timers_timer64_Timer_initDevice__I)
                  118178e0    00000100     ti.targets.rts6000.ae674 : Error.oe674 (.text:xdc_runtime_Error_print__E)
                  118179e0    00000100                              : Memory.oe674 (.text:xdc_runtime_Memory_alloc__E)
                  11817ae0    00000100                              : Startup.oe674 (.text:xdc_runtime_Startup_exec__E)
                  11817be0    000000e0     rts6740_elf.lib : hostlseek.obj (.text:HOSTlseek)
                  11817cc0    000000e0                     : hostopen.obj (.text:HOSTopen)
                  11817da0    000000e0                     : hostwrite.obj (.text:HOSTwrite)
                  11817e80    000000e0                     : divi.obj (.text:__divi)
                  11817f60    000000e0                     : close.obj (.text:close)
                  11818040    000000e0                     : exit.obj (.text:exit)
                  11818120    000000e0                     : ltoa.obj (.text:ltoa)
                  11818200    000000e0                     : memset.obj (.text:memset)
                  118182e0    000000e0                     : printf.obj (.text:printf)
                  118183c0    000000e0     sysbios.ae674 : BIOS.obj (.text:ti_sysbios_knl_Swi_runLoop__I)
                  118184a0    000000e0                   : BIOS.obj (.text:ti_sysbios_knl_Task_Module_startup__E)
                  11818580    000000e0                   : BIOS.obj (.text:ti_sysbios_knl_Task_exit__E)
                  11818660    000000e0                   : BIOS.obj (.text:ti_sysbios_knl_Task_schedule__I)
                  11818740    000000e0                   : BIOS.obj (.text:ti_sysbios_timers_timer64_Timer_startup__E)
                  11818820    000000e0     ti.targets.rts6000.ae674 : Text.oe674 (.text:xdc_runtime_Text_visitRope2__I)
                  11818900    000000c0     rts6740_elf.lib : hostread.obj (.text:HOSTread)
                  118189c0    000000c0                     : hostunlink.obj (.text:HOSTunlink)
                  11818a80    000000c0                     : fflush.obj (.text:__TI_doflush)
                  11818b40    000000c0                     : divu.obj (.text:__divu)
                  11818c00    000000c0                     : _printfi.obj (.text:_ecpy)
                  11818cc0    000000c0     sysbios.ae674 : BIOS.obj (.text:ti_sysbios_family_c64p_Hwi_dispatchCore__I)
                  11818d80    000000c0                   : BIOS.obj (.text:ti_sysbios_heaps_HeapMem_getStats__E)
                  11818e40    000000c0                   : BIOS.obj (.text:ti_sysbios_knl_Semaphore_post__E)
                  11818f00    000000c0                   : BIOS.obj (.text:ti_sysbios_knl_Swi_run__I)
                  11818fc0    000000c0                   : BIOS.obj (.text:ti_sysbios_knl_Swi_schedule__I)
                  11819080    000000c0                   : BIOS.obj (.text:ti_sysbios_knl_Task_startCore__E)
                  11819140    000000c0     rts6740_elf.lib : tls.obj (.text:tls:init:__TI_tls_init)
                  11819200    000000c0     ti.targets.rts6000.ae674 : Error.oe674 (.text:xdc_runtime_Error_setX__E)
                  118192c0    000000c0                              : SysMin.oe674 (.text:xdc_runtime_SysMin_abort__E)
                  11819380    000000c0                              : SysMin.oe674 (.text:xdc_runtime_SysMin_flush__E)
                  11819440    000000a0     rts6740_elf.lib : hostclose.obj (.text:HOSTclose)
                  118194e0    000000a0                     : fopen.obj (.text:__TI_cleanup)
                  11819580    000000a0                     : round.obj (.text:__c6xabi_nround)
                  11819620    000000a0                     : remu.obj (.text:__remu)
                  118196c0    000000a0     boot.ae674 : boot.oe674 (.text:_c_int00)
                  11819760    000000a0     rts6740_elf.lib : memcpy64.obj (.text:memcpy)
                  11819800    000000a0                     : modf.obj (.text:modf)
                  118198a0    000000a0     sysbios.ae674 : BIOS.obj (.text:ti_sysbios_family_c64p_Exception_Module_startup__E)
                  11819940    000000a0                   : BIOS.obj (.text:ti_sysbios_family_c64p_Hwi_eventMap__E)
                  118199e0    000000a0                   : BIOS.obj (.text:ti_sysbios_family_c64p_Hwi_getStackInfo__E)
                  11819a80    000000a0                   : BIOS.obj (.text:ti_sysbios_gates_GateMutex_enter__E)
                  11819b20    000000a0                   : BIOS.obj (.text:ti_sysbios_heaps_HeapMem_init__I)
                  11819bc0    000000a0                   : BIOS.obj (.text:ti_sysbios_knl_Task_allBlockedFunction__I)
                  11819c60    000000a0                   : BIOS.obj (.text:ti_sysbios_timers_timer64_Timer_stop__E)
                  11819d00    000000a0     ti.targets.rts6000.ae674 : SysMin.oe674 (.text:xdc_runtime_SysMin_putch__E)
                  11819da0    000000a0                              : System.oe674 (.text:xdc_runtime_System_formatNum__I)
                  11819e40    000000a0                              : System.oe674 (.text:xdc_runtime_System_putchar__I)
                  11819ee0    000000a0                              : Text.oe674 (.text:xdc_runtime_Text_printVisFxn__I)
                  11819f80    000000a0                              : Text.oe674 (.text:xdc_runtime_Text_xprintf__I)
                  1181a020    00000080     rts6740_elf.lib : trgmsg.obj (.text:__TI_readmsg)
                  1181a0a0    00000080                     : llshift.obj (.text:__c6xabi_llshl)
                  1181a120    00000080                     : roundf.obj (.text:__c6xabi_roundf)
                  1181a1a0    00000080     sysbios.ae674 : c62_TaskSupport_asm.obj (.text:_ti_sysbios_family_c62_TaskSupport_swap__E)
                  1181a220    00000080     rts6740_elf.lib : getdevice.obj (.text:finddevice)
                  1181a2a0    00000080     sysbios.ae674 : BIOS.obj (.text:ti_sysbios_family_c64p_Cache_wait__E)
                  1181a320    00000080                   : BIOS.obj (.text:ti_sysbios_hal_Hwi_checkStack)
                  1181a3a0    00000080                   : BIOS.obj (.text:ti_sysbios_hal_Hwi_initStack)
                  1181a420    00000080                   : BIOS.obj (.text:ti_sysbios_knl_Idle_run__E)
                  1181a4a0    00000080                   : BIOS.obj (.text:ti_sysbios_knl_Swi_post__E)
                  1181a520    00000080                   : BIOS.obj (.text:ti_sysbios_knl_Swi_startup__E)
                  1181a5a0    00000080                   : BIOS.obj (.text:ti_sysbios_knl_Task_processVitalTaskFlag__I)
                  1181a620    00000080                   : BIOS.obj (.text:ti_sysbios_knl_Task_restoreHwi__E)
                  1181a6a0    00000080                   : BIOS.obj (.text:ti_sysbios_knl_Task_restore__E)
                  1181a720    00000080     lab8_dgnava2_maneyko2_pe674.oe674 (.text:ti_sysbios_rts_MemAlloc_alloc)
                  1181a7a0    00000080     rts6740_elf.lib : unlink.obj (.text:unlink)
                  1181a820    00000080     ti.targets.rts6000.ae674 : LoggerBuf.oe674 (.text:xdc_runtime_LoggerBuf_Module_startup__E)
                  1181a8a0    00000080                              : LoggerBuf.oe674 (.text:xdc_runtime_LoggerBuf_filterOutEvent__I)
                  1181a920    00000080                              : System.oe674 (.text:xdc_runtime_System_atexit__E)
                  1181a9a0    00000080                              : System.oe674 (.text:xdc_runtime_System_avprintf__E)
                  1181aa20    00000080                              : System.oe674 (.text:xdc_runtime_System_processAtExit__E)
                  1181aaa0    00000080                              : System.oe674 (.text:xdc_runtime_System_vprintf__E)
                  1181ab20    00000060     rts6740_elf.lib : trgmsg.obj (.text:__TI_writemsg)
                  1181ab80    00000060                     : llshift.obj (.text:__c6xabi_llshru)
                  1181abe0    00000060                     : imath64.obj (.text:__c6xabi_remull)
                  1181ac40    00000060                     : imath64.obj (.text:_subcull)
                  1181aca0    00000060     sysbios.ae674 : c64p_Hwi_asm_switch.obj (.text:_ti_sysbios_family_c64p_Hwi_switchAndDispatch__I)
                  1181ad00    00000060                   : c64p_Hwi_asm_switch.obj (.text:_ti_sysbios_family_xxx_Hwi_switchAndRunFunc)
                  1181ad60    00000060     rts6740_elf.lib : lseek.obj (.text:lseek)
                  1181adc0    00000060                     : memccpy.obj (.text:memccpy)
                  1181ae20    00000060                     : modff.obj (.text:modff)
                  1181ae80    00000060                     : sprintf.obj (.text:sprintf)
                  1181aee0    00000060                     : sscanf.obj (.text:sscanf)
                  1181af40    00000060                     : _scanfi.obj (.text:strrchr)
                  1181afa0    00000060     lab8_dgnava2_maneyko2_pe674.oe674 (.text:ti_sysbios_BIOS_atExitFunc__I)
                  1181b000    00000060     lab8_dgnava2_maneyko2_pe674.oe674 (.text:ti_sysbios_BIOS_errorRaiseHook__I)
                  1181b060    00000060     lab8_dgnava2_maneyko2_pe674.oe674 (.text:ti_sysbios_BIOS_rtsLock__I)
                  1181b0c0    00000060     lab8_dgnava2_maneyko2_pe674.oe674 (.text:ti_sysbios_BIOS_rtsUnlock__I)
                  1181b120    00000060     sysbios.ae674 : BIOS.obj (.text:ti_sysbios_family_c62_TaskSupport_start__E)
                  1181b180    00000060                   : BIOS.obj (.text:ti_sysbios_family_c64p_Cache_marInit__I)
                  1181b1e0    00000060                   : BIOS.obj (.text:ti_sysbios_family_c64p_Cache_setMar__E)
                  1181b240    00000060     lab8_dgnava2_maneyko2_pe674.oe674 (.text:ti_sysbios_heaps_HeapMem_Object__get__S)
                  1181b2a0    00000060     sysbios.ae674 : BIOS.obj (.text:ti_sysbios_knl_Clock_Module_startup__E)
                  1181b300    00000060     lab8_dgnava2_maneyko2_pe674.oe674 (.text:ti_sysbios_knl_Clock_doTick__I)
                  1181b360    00000060     sysbios.ae674 : BIOS.obj (.text:ti_sysbios_knl_Semaphore_pendTimeout__I)
                  1181b3c0    00000060                   : BIOS.obj (.text:ti_sysbios_knl_Swi_Module_startup__E)
                  1181b420    00000060     lab8_dgnava2_maneyko2_pe674.oe674 (.text:ti_sysbios_knl_Swi_Object__get__S)
                  1181b480    00000060     lab8_dgnava2_maneyko2_pe674.oe674 (.text:ti_sysbios_knl_Task_Object__get__S)
                  1181b4e0    00000060     sysbios.ae674 : BIOS.obj (.text:ti_sysbios_knl_Task_enter__I)
                  1181b540    00000060                   : BIOS.obj (.text:ti_sysbios_knl_Task_unblockI__E)
                  1181b5a0    00000060     rts6740_elf.lib : write.obj (.text:write)
                  1181b600    00000060     lab8_dgnava2_maneyko2_pe674.oe674 (.text:xdc_runtime_LoggerBuf_Object__get__S)
                  1181b660    00000060     ti.targets.rts6000.ae674 : LoggerBuf.oe674 (.text:xdc_runtime_LoggerBuf_reset__E)
                  1181b6c0    00000060     lab8_dgnava2_maneyko2_pe674.oe674 (.text:xdc_runtime_SysMin_output__I)
                  1181b720    00000040     rts6740_elf.lib : frcmpyd_div.obj (.text:__TI_frcmpyd_div)
                  1181b760    00000040                     : isinf.obj (.text:__c6xabi_isinf)
                  1181b7a0    00000040                     : _printfi.obj (.text:__c6xabi_isnan)
                  1181b7e0    00000040                     : args_main.obj (.text:_args_main)
                  1181b820    00000040                     : sprintf.obj (.text:_outs)
                  1181b860    00000040     sysbios.ae674 : c62_TaskSupport_asm.obj (.text:_ti_sysbios_family_c62_TaskSupport_buildTaskStack)
                  1181b8a0    00000040     lab8_dgnava2_maneyko2_pe674.oe674 (.text:free)
                  1181b8e0    00000040     lab8_dgnava2_maneyko2_pe674.oe674 (.text:ti_sysbios_BIOS_exitFunc__I)
                  1181b920    00000040     lab8_dgnava2_maneyko2_pe674.oe674 (.text:ti_sysbios_BIOS_registerRTSLock__I)
                  1181b960    00000040     lab8_dgnava2_maneyko2_pe674.oe674 (.text:ti_sysbios_BIOS_removeRTSLock__I)
                  1181b9a0    00000040     lab8_dgnava2_maneyko2_pe674.oe674 (.text:ti_sysbios_BIOS_startFunc__I)
                  1181b9e0    00000040     lab8_dgnava2_maneyko2_pe674.oe674 (.text:ti_sysbios_family_c64p_Hwi_Module__startupDone__F)
                  1181ba20    00000040     sysbios.ae674 : BIOS.obj (.text:ti_sysbios_family_c64p_Hwi_disableInterrupt__E)
                  1181ba60    00000040                   : BIOS.obj (.text:ti_sysbios_family_c64p_Hwi_dispatchC__I)
                  1181baa0    00000040                   : BIOS.obj (.text:ti_sysbios_family_c64p_Hwi_enableInterrupt__E)
                  1181bae0    00000040                   : BIOS.obj (.text:ti_sysbios_family_c64p_primus_TimerSupport_enable__E)
                  1181bb20    00000040                   : BIOS.obj (.text:ti_sysbios_gates_GateMutex_leave__E)
                  1181bb60    00000040     lab8_dgnava2_maneyko2_pe674.oe674 (.text:ti_sysbios_hal_Hwi_HwiProxy_getStackInfo__E)
                  1181bba0    00000040     lab8_dgnava2_maneyko2_pe674.oe674 (.text:ti_sysbios_knl_Clock_Module_State_clockQ)
                  1181bbe0    00000040     lab8_dgnava2_maneyko2_pe674.oe674 (.text:ti_sysbios_knl_Queue_Object__get__S)
                  1181bc20    00000040     lab8_dgnava2_maneyko2_pe674.oe674 (.text:ti_sysbios_timers_timer64_Timer_Module__startupDone__F)
                  1181bc60    00000040     ti.targets.rts6000.ae674 : Error.oe674 (.text:xdc_runtime_Error_check__E)
                  1181bca0    00000040                              : Error.oe674 (.text:xdc_runtime_Error_init__E)
                  1181bce0    00000040     lab8_dgnava2_maneyko2_pe674.oe674 (.text:xdc_runtime_IHeap_alloc)
                  1181bd20    00000040     lab8_dgnava2_maneyko2_pe674.oe674 (.text:xdc_runtime_IHeap_free)
                  1181bd60    00000040     ti.targets.rts6000.ae674 : LoggerBuf.oe674 (.text:xdc_runtime_LoggerBuf_write0__E)
                  1181bda0    00000040                              : LoggerBuf.oe674 (.text:xdc_runtime_LoggerBuf_write1__E)
                  1181bde0    00000040                              : LoggerBuf.oe674 (.text:xdc_runtime_LoggerBuf_write2__E)
                  1181be20    00000040                              : Registry.oe674 (.text:xdc_runtime_Registry_findById__E)
                  1181be60    00000040     lab8_dgnava2_maneyko2_pe674.oe674 (.text:xdc_runtime_Startup_exec__I)
                  1181bea0    00000040     ti.targets.rts6000.ae674 : SysMin.oe674 (.text:xdc_runtime_SysMin_Module_startup__E)
                  1181bee0    00000040                              : SysMin.oe674 (.text:xdc_runtime_SysMin_exit__E)
                  1181bf20    00000040                              : System.oe674 (.text:xdc_runtime_System_abort__E)
                  1181bf60    00000040     lab8_dgnava2_maneyko2_pe674.oe674 (.text:xdc_runtime_System_aprintf__E)
                  1181bfa0    00000040     ti.targets.rts6000.ae674 : System.oe674 (.text:xdc_runtime_System_exit__E)
                  1181bfe0    00000040     lab8_dgnava2_maneyko2_pe674.oe674 (.text:xdc_runtime_System_printf__E)
                  1181c020    00000040     lab8_dgnava2_maneyko2_pe674.oe674 (.text:xdc_runtime_Text_visitRope__I)
                  1181c060    00000020     rts6740_elf.lib : errno.obj (.text:__c6xabi_errno_addr)
                  1181c080    00000020                     : trunc.obj (.text:__c6xabi_trunc)
                  1181c0a0    00000020                     : truncf.obj (.text:__c6xabi_truncf)
                  1181c0c0    00000020                     : sscanf.obj (.text:_inpchar)
                  1181c0e0    00000020                     : _lock.obj (.text:_nop)
                  1181c100    00000020                     : printf.obj (.text:_outc)
                  1181c120    00000020                     : sprintf.obj (.text:_outc)
                  1181c140    00000020                     : printf.obj (.text:_outs)
                  1181c160    00000020                     : _lock.obj (.text:_register_lock)
                  1181c180    00000020                     : _lock.obj (.text:_register_unlock)
                  1181c1a0    00000020     sysbios.ae674 : c62_TaskSupport_asm.obj (.text:_ti_sysbios_family_c62_TaskSupport_glue)
                  1181c1c0    00000020     rts6740_elf.lib : sscanf.obj (.text:_uninpchar)
                  1181c1e0    00000020                     : exit.obj (.text:abort)
                  1181c200    00000020                     : copy_decompress_none.obj (.text:decompress:none:__TI_decompress_none)
                  1181c220    00000020                     : copy_decompress_rle.obj (.text:decompress:rle24:__TI_decompress_rle24)
                  1181c240    00000020     lab8_dgnava2_maneyko2_pe674.oe674 (.text:malloc)
                  1181c260    00000020     lab8_dgnava2_maneyko2_pe674.oe674 (.text:ti_sysbios_BIOS_RtsGateProxy_enter__E)
                  1181c280    00000020     lab8_dgnava2_maneyko2_pe674.oe674 (.text:ti_sysbios_BIOS_RtsGateProxy_leave__E)
                  1181c2a0    00000020     sysbios.ae674 : BIOS.obj (.text:ti_sysbios_BIOS_linkedWithIncorrectBootLibrary__E)
                  1181c2c0    00000020     lab8_dgnava2_maneyko2_pe674.oe674 (.text:ti_sysbios_BIOS_nullFunc__I)
                  1181c2e0    00000020     sysbios.ae674 : BIOS.obj (.text:ti_sysbios_BIOS_setThreadType__E)
                  1181c300    00000020                   : BIOS.obj (.text:ti_sysbios_BIOS_start__E)
                  1181c320    00000020     lab8_dgnava2_maneyko2_pe674.oe674 (.text:ti_sysbios_family_c62_TaskSupport_Module__startupDone__S)
                  1181c340    00000020     sysbios.ae674 : BIOS.obj (.text:ti_sysbios_family_c62_TaskSupport_checkStack__E)
                  1181c360    00000020                   : BIOS.obj (.text:ti_sysbios_family_c64p_Cache_inv__E)
                  1181c380    00000020                   : BIOS.obj (.text:ti_sysbios_family_c64p_Cache_wb__E)
                  1181c3a0    00000020     lab8_dgnava2_maneyko2_pe674.oe674 (.text:ti_sysbios_family_c64p_Hwi_Module__startupDone__S)
                  1181c3c0    00000020     sysbios.ae674 : BIOS.obj (.text:ti_sysbios_family_c64p_Hwi_clearInterrupt__E)
                  1181c3e0    00000020                   : BIOS.obj (.text:ti_sysbios_family_c64p_Hwi_startup__E)
                  1181c400    00000020                   : BIOS.obj (.text:ti_sysbios_family_c64p_Hwi_switchFromBootStack__E)
                  1181c420    00000020                   : BIOS.obj (.text:ti_sysbios_family_c64p_TimestampProvider_Module_startup__E)
                  1181c440    00000020                   : BIOS.obj (.text:ti_sysbios_family_c64p_TimestampProvider_get64__E)
                  1181c460    00000020                   : BIOS.obj (.text:ti_sysbios_gates_GateHwi_enter__E)
                  1181c480    00000020                   : BIOS.obj (.text:ti_sysbios_gates_GateHwi_leave__E)
                  1181c4a0    00000020                   : BIOS.obj (.text:ti_sysbios_gates_GateHwi_query__E)
                  1181c4c0    00000020                   : BIOS.obj (.text:ti_sysbios_gates_GateMutex_query__E)
                  1181c4e0    00000020     lab8_dgnava2_maneyko2_pe674.oe674 (.text:ti_sysbios_hal_Hwi_HwiProxy_Module__startupDone__S)
                  1181c500    00000020     lab8_dgnava2_maneyko2_pe674.oe674 (.text:ti_sysbios_hal_Hwi_HwiProxy_clearInterrupt__E)
                  1181c520    00000020     lab8_dgnava2_maneyko2_pe674.oe674 (.text:ti_sysbios_hal_Hwi_HwiProxy_disableInterrupt__E)
                  1181c540    00000020     lab8_dgnava2_maneyko2_pe674.oe674 (.text:ti_sysbios_hal_Hwi_HwiProxy_enableInterrupt__E)
                  1181c560    00000020     lab8_dgnava2_maneyko2_pe674.oe674 (.text:ti_sysbios_hal_Hwi_HwiProxy_startup__E)
                  1181c580    00000020     lab8_dgnava2_maneyko2_pe674.oe674 (.text:ti_sysbios_hal_Hwi_HwiProxy_switchFromBootStack__E)
                  1181c5a0    00000020     sysbios.ae674 : BIOS.obj (.text:ti_sysbios_hal_Hwi_Module_startup__E)
                  1181c5c0    00000020     lab8_dgnava2_maneyko2_pe674.oe674 (.text:ti_sysbios_heaps_HeapMem_Module_GateProxy_enter__E)
                  1181c5e0    00000020     lab8_dgnava2_maneyko2_pe674.oe674 (.text:ti_sysbios_heaps_HeapMem_Module_GateProxy_leave__E)
                  1181c600    00000020     lab8_dgnava2_maneyko2_pe674.oe674 (.text:ti_sysbios_heaps_HeapMem_Module_GateProxy_query__E)
                  1181c620    00000020     sysbios.ae674 : BIOS.obj (.text:ti_sysbios_heaps_HeapMem_isBlocking__E)
                  1181c640    00000020     lab8_dgnava2_maneyko2_pe674.oe674 (.text:ti_sysbios_knl_Clock_TimerProxy_Module__startupDone__S)
                  1181c660    00000020     lab8_dgnava2_maneyko2_pe674.oe674 (.text:ti_sysbios_knl_Clock_TimerProxy_getMaxTicks__E)
                  1181c680    00000020     sysbios.ae674 : BIOS.obj (.text:ti_sysbios_knl_Clock_getTicks__E)
                  1181c6a0    00000020                   : BIOS.obj (.text:ti_sysbios_knl_Clock_logTick__E)
                  1181c6c0    00000020                   : BIOS.obj (.text:ti_sysbios_knl_Idle_loop__E)
                  1181c6e0    00000020                   : BIOS.obj (.text:ti_sysbios_knl_Queue_empty__E)
                  1181c700    00000020                   : BIOS.obj (.text:ti_sysbios_knl_Swi_disable__E)
                  1181c720    00000020     lab8_dgnava2_maneyko2_pe674.oe674 (.text:ti_sysbios_knl_Task_SupportProxy_Module__startupDone__S)
                  1181c740    00000020     lab8_dgnava2_maneyko2_pe674.oe674 (.text:ti_sysbios_knl_Task_SupportProxy_checkStack__E)
                  1181c760    00000020     lab8_dgnava2_maneyko2_pe674.oe674 (.text:ti_sysbios_knl_Task_SupportProxy_start__E)
                  1181c780    00000020     lab8_dgnava2_maneyko2_pe674.oe674 (.text:ti_sysbios_knl_Task_SupportProxy_swap__E)
                  1181c7a0    00000020     sysbios.ae674 : BIOS.obj (.text:ti_sysbios_knl_Task_disable__E)
                  1181c7c0    00000020                   : BIOS.obj (.text:ti_sysbios_knl_Task_sleepTimeout__I)
                  1181c7e0    00000020                   : BIOS.obj (.text:ti_sysbios_knl_Task_startup__E)
                  1181c800    00000020     lab8_dgnava2_maneyko2_pe674.oe674 (.text:ti_sysbios_timers_timer64_Timer_Module__startupDone__S)
                  1181c820    00000020     lab8_dgnava2_maneyko2_pe674.oe674 (.text:ti_sysbios_timers_timer64_Timer_TimerSupportProxy_enable__E)
                  1181c840    00000020     sysbios.ae674 : BIOS.obj (.text:ti_sysbios_timers_timer64_Timer_getMaxTicks__E)
                  1181c860    00000020     lab8_dgnava2_maneyko2_pe674.oe674 (.text:xdc_iargToPtr)
                  1181c880    00000020     ti.targets.rts6000.ae674 : Error.oe674 (.text:xdc_runtime_Error_getSite__E)
                  1181c8a0    00000020                              : Error.oe674 (.text:xdc_runtime_Error_raiseX__E)
                  1181c8c0    00000020                              : Gate.oe674 (.text:xdc_runtime_Gate_enterSystem__E)
                  1181c8e0    00000020                              : Gate.oe674 (.text:xdc_runtime_Gate_leaveSystem__E)
                  1181c900    00000020     lab8_dgnava2_maneyko2_pe674.oe674 (.text:xdc_runtime_LoggerBuf_Module_GateProxy_enter__E)
                  1181c920    00000020     lab8_dgnava2_maneyko2_pe674.oe674 (.text:xdc_runtime_LoggerBuf_Module_GateProxy_leave__E)
                  1181c940    00000020     lab8_dgnava2_maneyko2_pe674.oe674 (.text:xdc_runtime_LoggerBuf_TimestampProxy_get64__E)
                  1181c960    00000020     ti.targets.rts6000.ae674 : LoggerBuf.oe674 (.text:xdc_runtime_LoggerBuf_disable__E)
                  1181c980    00000020                              : LoggerBuf.oe674 (.text:xdc_runtime_LoggerBuf_enable__E)
                  1181c9a0    00000020     lab8_dgnava2_maneyko2_pe674.oe674 (.text:xdc_runtime_Memory_HeapProxy_alloc__E)
                  1181c9c0    00000020     lab8_dgnava2_maneyko2_pe674.oe674 (.text:xdc_runtime_Memory_HeapProxy_free__E)
                  1181c9e0    00000020     ti.targets.rts6000.ae674 : Memory.oe674 (.text:xdc_runtime_Memory_free__E)
                  1181ca00    00000020                              : Memory.oe674 (.text:xdc_runtime_Memory_getMaxDefaultTypeAlign__E)
                  1181ca20    00000020     lab8_dgnava2_maneyko2_pe674.oe674 (.text:xdc_runtime_Startup_reset__I)
                  1181ca40    00000020     ti.targets.rts6000.ae674 : Startup.oe674 (.text:xdc_runtime_Startup_rtsDone__E)
                  1181ca60    00000020                              : SysMin.oe674 (.text:xdc_runtime_SysMin_ready__E)
                  1181ca80    00000020     lab8_dgnava2_maneyko2_pe674.oe674 (.text:xdc_runtime_System_Module_GateProxy_enter__E)
                  1181caa0    00000020     lab8_dgnava2_maneyko2_pe674.oe674 (.text:xdc_runtime_System_Module_GateProxy_leave__E)
                  1181cac0    00000020     ti.targets.rts6000.ae674 : System.oe674 (.text:xdc_runtime_System_Module_startup__E)
                  1181cae0    00000020     lab8_dgnava2_maneyko2_pe674.oe674 (.text:xdc_runtime_System_SupportProxy_abort__E)
                  1181cb00    00000020     lab8_dgnava2_maneyko2_pe674.oe674 (.text:xdc_runtime_System_SupportProxy_exit__E)
                  1181cb20    00000020     lab8_dgnava2_maneyko2_pe674.oe674 (.text:xdc_runtime_System_SupportProxy_putch__E)
                  1181cb40    00000020     lab8_dgnava2_maneyko2_pe674.oe674 (.text:xdc_runtime_System_SupportProxy_ready__E)
                  1181cb60    00000020     ti.targets.rts6000.ae674 : System.oe674 (.text:xdc_runtime_System_vsnprintf__E)
                  1181cb80    00000020                              : Text.oe674 (.text:xdc_runtime_Text_ropeText__E)

.const.1   0    1181cba0    00000060     
                  1181cba0    00000058     ti.targets.rts6000.ae674 : Error.oe674 (.const:.string)
                  1181cbf8    00000008     lab8_dgnava2_maneyko2_pe674.oe674 (.const:ti_sysbios_knl_Idle_funcList__C)

.far.1     0    1181cc00    00008d30     UNINITIALIZED
                  1181cc00    000028c0     lab8_dgnava2_maneyko2_pe674.oe674 (.far:taskStackSection)
                  1181f4c0    00001000     (.common:ti_sysbios_heaps_HeapMem_Instance_State_0_buf__A)
                  118204c0    00000fa0     (.common:enc0_array)
                  11821460    00000c00     (.common:object_stats)
                  11822060    00000578     (.common:LADARinBuffer)
                  118225d8    00000400     (.common:equivalency_objects)
                  118229d8    00000400     (.common:temp_equivalency_objects)
                  11822dd8    000003e8     (.common:LADARangle)
                  118231c0    000003e8     (.common:LADARdataX)
                  118235a8    000003e8     (.common:LADARdataY)
                  11823990    000003e8     (.common:LADARdistance)
                  11823d78    000003e8     (.common:newLADARangle)
                  11824160    000003e8     (.common:newLADARdataX)
                  11824548    000003e8     (.common:newLADARdataY)
                  11824930    000003e8     (.common:newLADARdistance)
                  11824d18    0000039c     (.common:final_object_stats)
                  118250b4    00000004     --HOLE--
                  118250b8    00000200     (.common:xdc_runtime_LoggerBuf_Instance_State_0_entryArr__A)
                  118252b8    00000200     (.common:xdc_runtime_SysMin_Module_State_0_outbuf__A)
                  118254b8    00000140     (.common:__TI_tmpnams)
                  118255f8    00000102     (.common:fromLinuxstring)
                  118256fa    00000006     --HOLE--
                  11825700    00000102     (.common:toLinuxstring)
                  11825802    00000006     --HOLE--
                  11825808    00000028     (.common:i2cdata)
                  11825830    0000001e     (.common:LADARoutBuffer)
                  1182584e    00000002     --HOLE--
                  11825850    00000014     (.common:Optitrackdata)
                  11825864    0000000c     (.common:LADARps)
                  11825870    0000000c     (.common:OPTITRACKps)
                  1182587c    00000004     --HOLE--
                  11825880    0000009c     (.common:f28335recData)
                  1182591c    0000000c     (.common:ROBOTps)
                  11825928    00000008     (.common:parmbuf)

.const.2   0    11825930    00000050     
                  11825930    00000050     rts6740_elf.lib : strtod.obj (.const:digits)

.far.2     0    11825980    00000068     UNINITIALIZED
                  11825980    00000068     (.common:f28335TXData)

.const.3   0    118259e8    00002572     
                  118259e8    000019b9     lab8_dgnava2_maneyko2_pe674.oe674 (.const:xdc_runtime_Text_charTab__A)
                  118273a1    00000001     lab8_dgnava2_maneyko2_pe674.oe674 (.const:ti_sysbios_timers_timer64_Timer_localTimerBaseId__C)
                  118273a2    00000002     lab8_dgnava2_maneyko2_pe674.oe674 (.const:ti_sysbios_family_c64p_Cache_Module__id__C)
                  118273a4    00000518     sysbios.ae674 : BIOS.obj (.const:.string)
                  118278bc    00000004     lab8_dgnava2_maneyko2_pe674.oe674 (.const:ti_sysbios_BIOS_installedErrorHook__C)
                  118278c0    00000101     rts6740_elf.lib : ctype.obj (.const:.string:_ctypes_)
                  118279c1    00000001     --HOLE-- [fill = 0]
                  118279c2    00000002     lab8_dgnava2_maneyko2_pe674.oe674 (.const:ti_sysbios_family_c64p_Exception_Module__id__C)
                  118279c4    00000004     lab8_dgnava2_maneyko2_pe674.oe674 (.const:ti_sysbios_family_c64p_Cache_EMIFA_BASE__C)
                  118279c8    000000cc     lab8_dgnava2_maneyko2_pe674.oe674 (.const:xdc_runtime_Text_nodeTab__A)
                  11827a94    00000004     lab8_dgnava2_maneyko2_pe674.oe674 (.const:ti_sysbios_family_c64p_Cache_EMIFA_CFG__C)
                  11827a98    00000080     evmomapl138_bsl.lib : evmomapl138.obj (.const:bitval_u32)
                  11827b18    00000048     rts6740_elf.lib : strtod.obj (.const:powerof10)
                  11827b60    00000044     Ladar.obj (.const:.string)
                  11827ba4    00000040     evmomapl138_bsl.lib : evmomapl138.obj (.const:.string)
                  11827be4    00000040     ti.targets.rts6000.ae674 : Text.oe674 (.const:.string)
                  11827c24    0000003c     lab8_dgnava2_maneyko2_pe674.oe674 (.const:xdc_runtime_LoggerBuf_Module__FXNS__C)
                  11827c60    00000030     lab8_dgnava2_maneyko2_pe674.oe674 (.const:xdc_runtime_Startup_sfxnTab__A)
                  11827c90    0000002c     ti.targets.rts6000.ae674 : Startup.oe674 (.const:.string)
                  11827cbc    00000028     lab8_dgnava2_maneyko2_pe674.oe674 (.const:ti_sysbios_heaps_HeapMem_Module__FXNS__C)
                  11827ce4    00000024     rts6740_elf.lib : _printfi.obj (.const:.string)
                  11827d08    00000024     lab8_dgnava2_maneyko2_pe674.oe674 (.const:ti_sysbios_gates_GateHwi_Module__FXNS__C)
                  11827d2c    00000024     lab8_dgnava2_maneyko2_pe674.oe674 (.const:ti_sysbios_gates_GateMutex_Module__FXNS__C)
                  11827d50    0000001c     user_lab8_dgnava2_maneyko2.obj (.const:.string)
                  11827d6c    00000018     ColorLCD.obj (.const:$P$T0$1)
                  11827d84    00000018     ti.targets.rts6000.ae674 : System.oe674 (.const:.string)
                  11827d9c    00000004     lab8_dgnava2_maneyko2_pe674.oe674 (.const:ti_sysbios_family_c64p_Cache_EMIFA_LENGTH__C)
                  11827da0    00000018     lab8_dgnava2_maneyko2_pe674.oe674 (.const:xdc_runtime_Startup_sfxnRts__A)
                  11827db8    00000010     evmomapl138_bsl.lib : evmomapl138_uart.obj (.const:.string)
                  11827dc8    00000008     lab8_dgnava2_maneyko2_pe674.oe674 (.const:xdc_runtime_Startup_firstFxns__A)
                  11827dd0    00000008     lab8_dgnava2_maneyko2_pe674.oe674 (.const:xdc_runtime_Startup_firstFxns__C)
                  11827dd8    00000008     lab8_dgnava2_maneyko2_pe674.oe674 (.const:xdc_runtime_Startup_lastFxns__C)
                  11827de0    00000007     rts6740_elf.lib : _scanfi.obj (.const:.string:flit$1)
                  11827de7    00000001     --HOLE-- [fill = 0]
                  11827de8    00000006                     : _scanfi.obj (.const:.string:barr$2)
                  11827dee    00000002     lab8_dgnava2_maneyko2_pe674.oe674 (.const:ti_sysbios_family_c64p_Exception_useInternalBuffer__C)
                  11827df0    00000004     Ladar.obj (.const:.string:$P$T0$1)
                  11827df4    00000004     lab8_dgnava2_maneyko2_pe674.oe674 (.const:ti_sysbios_family_c64p_Cache_EMIFB_BASE__C)
                  11827df8    00000004     lab8_dgnava2_maneyko2_pe674.oe674 (.const:ti_sysbios_family_c64p_Cache_EMIFB_CFG__C)
                  11827dfc    00000004     lab8_dgnava2_maneyko2_pe674.oe674 (.const:ti_sysbios_family_c64p_Cache_EMIFB_LENGTH__C)
                  11827e00    00000004     lab8_dgnava2_maneyko2_pe674.oe674 (.const:ti_sysbios_family_c64p_Cache_EMIFC_BASE__C)
                  11827e04    00000004     lab8_dgnava2_maneyko2_pe674.oe674 (.const:ti_sysbios_family_c64p_Cache_EMIFC_CFG__C)
                  11827e08    00000004     lab8_dgnava2_maneyko2_pe674.oe674 (.const:ti_sysbios_family_c64p_Cache_EMIFC_LENGTH__C)
                  11827e0c    00000004     lab8_dgnava2_maneyko2_pe674.oe674 (.const:ti_sysbios_family_c64p_Cache_E_invalidL1CacheSize__C)
                  11827e10    00000004     lab8_dgnava2_maneyko2_pe674.oe674 (.const:ti_sysbios_family_c64p_Cache_E_invalidL2CacheSize__C)
                  11827e14    00000004     lab8_dgnava2_maneyko2_pe674.oe674 (.const:ti_sysbios_family_c64p_Cache_MAR0_31__C)
                  11827e18    00000004     lab8_dgnava2_maneyko2_pe674.oe674 (.const:ti_sysbios_family_c64p_Cache_MAR128_159__C)
                  11827e1c    00000004     lab8_dgnava2_maneyko2_pe674.oe674 (.const:ti_sysbios_family_c64p_Cache_MAR160_191__C)
                  11827e20    00000004     lab8_dgnava2_maneyko2_pe674.oe674 (.const:ti_sysbios_family_c64p_Cache_MAR192_223__C)
                  11827e24    00000004     lab8_dgnava2_maneyko2_pe674.oe674 (.const:ti_sysbios_family_c64p_Cache_MAR224_255__C)
                  11827e28    00000004     lab8_dgnava2_maneyko2_pe674.oe674 (.const:ti_sysbios_family_c64p_Cache_MAR32_63__C)
                  11827e2c    00000004     lab8_dgnava2_maneyko2_pe674.oe674 (.const:ti_sysbios_family_c64p_Cache_MAR64_95__C)
                  11827e30    00000004     lab8_dgnava2_maneyko2_pe674.oe674 (.const:ti_sysbios_family_c64p_Cache_MAR96_127__C)
                  11827e34    00000004     lab8_dgnava2_maneyko2_pe674.oe674 (.const:ti_sysbios_family_c64p_Exception_E_exceptionMax__C)
                  11827e38    00000004     lab8_dgnava2_maneyko2_pe674.oe674 (.const:ti_sysbios_family_c64p_Exception_exceptionHook__C)
                  11827e3c    00000004     lab8_dgnava2_maneyko2_pe674.oe674 (.const:ti_sysbios_family_c64p_Exception_externalHook__C)
                  11827e40    00000004     lab8_dgnava2_maneyko2_pe674.oe674 (.const:ti_sysbios_family_c64p_Exception_internalHook__C)
                  11827e44    00000004     lab8_dgnava2_maneyko2_pe674.oe674 (.const:ti_sysbios_family_c64p_Exception_nmiHook__C)
                  11827e48    00000004     lab8_dgnava2_maneyko2_pe674.oe674 (.const:ti_sysbios_gates_GateMutex_Instance_State_sem__O)
                  11827e4c    00000004     lab8_dgnava2_maneyko2_pe674.oe674 (.const:ti_sysbios_hal_Hwi_E_stackOverflow__C)
                  11827e50    00000004     lab8_dgnava2_maneyko2_pe674.oe674 (.const:ti_sysbios_heaps_HeapMem_E_memory__C)
                  11827e54    00000004     lab8_dgnava2_maneyko2_pe674.oe674 (.const:ti_sysbios_heaps_HeapMem_Module__gateObj__C)
                  11827e58    00000004     lab8_dgnava2_maneyko2_pe674.oe674 (.const:ti_sysbios_heaps_HeapMem_Object__count__C)
                  11827e5c    00000004     lab8_dgnava2_maneyko2_pe674.oe674 (.const:ti_sysbios_heaps_HeapMem_Object__table__C)
                  11827e60    00000004     lab8_dgnava2_maneyko2_pe674.oe674 (.const:ti_sysbios_knl_Clock_Module_State_clockQ__O)
                  11827e64    00000004     lab8_dgnava2_maneyko2_pe674.oe674 (.const:ti_sysbios_knl_Semaphore_Instance_State_pendQ__O)
                  11827e68    00000004     lab8_dgnava2_maneyko2_pe674.oe674 (.const:ti_sysbios_knl_Idle_funcList__A)
                  11827e6c    00000004     lab8_dgnava2_maneyko2_pe674.oe674 (.const:ti_sysbios_knl_Swi_Object__count__C)
                  11827e70    00000004     lab8_dgnava2_maneyko2_pe674.oe674 (.const:ti_sysbios_knl_Swi_Object__table__C)
                  11827e74    00000004     lab8_dgnava2_maneyko2_pe674.oe674 (.const:ti_sysbios_knl_Task_E_spOutOfBounds__C)
                  11827e78    00000004     lab8_dgnava2_maneyko2_pe674.oe674 (.const:ti_sysbios_knl_Task_E_stackOverflow__C)
                  11827e7c    00000004     lab8_dgnava2_maneyko2_pe674.oe674 (.const:ti_sysbios_knl_Task_Module_State_inactiveQ__O)
                  11827e80    00000004     lab8_dgnava2_maneyko2_pe674.oe674 (.const:ti_sysbios_knl_Task_Object__count__C)
                  11827e84    00000004     lab8_dgnava2_maneyko2_pe674.oe674 (.const:ti_sysbios_knl_Task_Object__table__C)
                  11827e88    00000004     lab8_dgnava2_maneyko2_pe674.oe674 (.const:ti_sysbios_knl_Task_allBlockedFunc__C)
                  11827e8c    00000004     lab8_dgnava2_maneyko2_pe674.oe674 (.const:ti_sysbios_knl_Task_numConstructedTasks__C)
                  11827e90    00000004     lab8_dgnava2_maneyko2_pe674.oe674 (.const:ti_sysbios_timers_timer64_Timer_E_cannotSupport__C)
                  11827e94    00000004     lab8_dgnava2_maneyko2_pe674.oe674 (.const:ti_sysbios_timers_timer64_Timer_anyMaskHigh__C)
                  11827e98    00000004     lab8_dgnava2_maneyko2_pe674.oe674 (.const:ti_sysbios_timers_timer64_Timer_anyMask__C)
                  11827e9c    00000004     lab8_dgnava2_maneyko2_pe674.oe674 (.const:ti_sysbios_timers_timer64_Timer_freqDivisor__C)
                  11827ea0    00000004     lab8_dgnava2_maneyko2_pe674.oe674 (.const:ti_sysbios_timers_timer64_Timer_numLocalTimers__C)
                  11827ea4    00000004     lab8_dgnava2_maneyko2_pe674.oe674 (.const:ti_sysbios_timers_timer64_Timer_numTimerDevices__C)
                  11827ea8    00000004     lab8_dgnava2_maneyko2_pe674.oe674 (.const:xdc_runtime_Assert_E_assertFailed__C)
                  11827eac    00000004     lab8_dgnava2_maneyko2_pe674.oe674 (.const:xdc_runtime_Error_E_memory__C)
                  11827eb0    00000004     lab8_dgnava2_maneyko2_pe674.oe674 (.const:xdc_runtime_Error_Module__diagsEnabled__C)
                  11827eb4    00000004     lab8_dgnava2_maneyko2_pe674.oe674 (.const:xdc_runtime_Error_Module__diagsIncluded__C)
                  11827eb8    00000004     lab8_dgnava2_maneyko2_pe674.oe674 (.const:xdc_runtime_Error_Module__diagsMask__C)
                  11827ebc    00000004     lab8_dgnava2_maneyko2_pe674.oe674 (.const:xdc_runtime_Error_Module__loggerFxn8__C)
                  11827ec0    00000004     lab8_dgnava2_maneyko2_pe674.oe674 (.const:xdc_runtime_Error_Module__loggerObj__C)
                  11827ec4    00000004     lab8_dgnava2_maneyko2_pe674.oe674 (.const:xdc_runtime_Error_policyFxn__C)
                  11827ec8    00000004     lab8_dgnava2_maneyko2_pe674.oe674 (.const:xdc_runtime_Error_policy__C)
                  11827ecc    00000004     lab8_dgnava2_maneyko2_pe674.oe674 (.const:xdc_runtime_Error_raiseHook__C)
                  11827ed0    00000004     lab8_dgnava2_maneyko2_pe674.oe674 (.const:xdc_runtime_IFilterLogger_Interface__BASE__C)
                  11827ed4    00000004     lab8_dgnava2_maneyko2_pe674.oe674 (.const:xdc_runtime_IGateProvider_Interface__BASE__C)
                  11827ed8    00000004     lab8_dgnava2_maneyko2_pe674.oe674 (.const:xdc_runtime_IHeap_Interface__BASE__C)
                  11827edc    00000004     lab8_dgnava2_maneyko2_pe674.oe674 (.const:xdc_runtime_ILogger_Interface__BASE__C)
                  11827ee0    00000004     lab8_dgnava2_maneyko2_pe674.oe674 (.const:xdc_runtime_IModule_Interface__BASE__C)
                  11827ee4    00000004     lab8_dgnava2_maneyko2_pe674.oe674 (.const:xdc_runtime_Log_L_error__C)
                  11827ee8    00000004     lab8_dgnava2_maneyko2_pe674.oe674 (.const:xdc_runtime_LoggerBuf_E_badLevel__C)
                  11827eec    00000004     lab8_dgnava2_maneyko2_pe674.oe674 (.const:xdc_runtime_LoggerBuf_Module__gateObj__C)
                  11827ef0    00000004     lab8_dgnava2_maneyko2_pe674.oe674 (.const:xdc_runtime_LoggerBuf_Object__count__C)
                  11827ef4    00000004     lab8_dgnava2_maneyko2_pe674.oe674 (.const:xdc_runtime_LoggerBuf_Object__table__C)
                  11827ef8    00000004     lab8_dgnava2_maneyko2_pe674.oe674 (.const:xdc_runtime_LoggerBuf_statusLogger__C)
                  11827efc    00000004     lab8_dgnava2_maneyko2_pe674.oe674 (.const:xdc_runtime_Memory_defaultHeapInstance__C)
                  11827f00    00000004     lab8_dgnava2_maneyko2_pe674.oe674 (.const:xdc_runtime_Startup_execImpl__C)
                  11827f04    00000004     lab8_dgnava2_maneyko2_pe674.oe674 (.const:xdc_runtime_Startup_maxPasses__C)
                  11827f08    00000004     lab8_dgnava2_maneyko2_pe674.oe674 (.const:xdc_runtime_Startup_sfxnRts__C)
                  11827f0c    00000004     lab8_dgnava2_maneyko2_pe674.oe674 (.const:xdc_runtime_Startup_sfxnTab__C)
                  11827f10    00000004     lab8_dgnava2_maneyko2_pe674.oe674 (.const:xdc_runtime_Startup_startModsFxn__C)
                  11827f14    00000004     lab8_dgnava2_maneyko2_pe674.oe674 (.const:xdc_runtime_SysMin_bufSize__C)
                  11827f18    00000004     lab8_dgnava2_maneyko2_pe674.oe674 (.const:xdc_runtime_SysMin_outputFunc__C)
                  11827f1c    00000004     lab8_dgnava2_maneyko2_pe674.oe674 (.const:xdc_runtime_System_Module__gateObj__C)
                  11827f20    00000004     lab8_dgnava2_maneyko2_pe674.oe674 (.const:xdc_runtime_System_abortFxn__C)
                  11827f24    00000004     lab8_dgnava2_maneyko2_pe674.oe674 (.const:xdc_runtime_System_exitFxn__C)
                  11827f28    00000004     lab8_dgnava2_maneyko2_pe674.oe674 (.const:xdc_runtime_System_extendFxn__C)
                  11827f2c    00000004     lab8_dgnava2_maneyko2_pe674.oe674 (.const:xdc_runtime_System_maxAtexitHandlers__C)
                  11827f30    00000004     lab8_dgnava2_maneyko2_pe674.oe674 (.const:xdc_runtime_Text_charTab__C)
                  11827f34    00000004     lab8_dgnava2_maneyko2_pe674.oe674 (.const:xdc_runtime_Text_nodeTab__C)
                  11827f38    00000004     lab8_dgnava2_maneyko2_pe674.oe674 (.const:xdc_runtime_Text_visitRopeFxn__C)
                  11827f3c    00000002     lab8_dgnava2_maneyko2_pe674.oe674 (.const:ti_sysbios_hal_Hwi_Module__id__C)
                  11827f3e    00000002     lab8_dgnava2_maneyko2_pe674.oe674 (.const:ti_sysbios_heaps_HeapMem_Module__id__C)
                  11827f40    00000002     lab8_dgnava2_maneyko2_pe674.oe674 (.const:ti_sysbios_knl_Task_Module__id__C)
                  11827f42    00000002     lab8_dgnava2_maneyko2_pe674.oe674 (.const:ti_sysbios_timers_timer64_Timer_Module__id__C)
                  11827f44    00000002     lab8_dgnava2_maneyko2_pe674.oe674 (.const:ti_sysbios_timers_timer64_Timer_startupNeeded__C)
                  11827f46    00000002     lab8_dgnava2_maneyko2_pe674.oe674 (.const:ti_sysbios_timers_timer64_Timer_useTimer64pRegMap__C)
                  11827f48    00000002     lab8_dgnava2_maneyko2_pe674.oe674 (.const:xdc_runtime_Error_Module__loggerDefined__C)
                  11827f4a    00000002     lab8_dgnava2_maneyko2_pe674.oe674 (.const:xdc_runtime_Error_maxDepth__C)
                  11827f4c    00000002     lab8_dgnava2_maneyko2_pe674.oe674 (.const:xdc_runtime_LoggerBuf_Module__id__C)
                  11827f4e    00000002     lab8_dgnava2_maneyko2_pe674.oe674 (.const:xdc_runtime_LoggerBuf_filterByLevel__C)
                  11827f50    00000002     lab8_dgnava2_maneyko2_pe674.oe674 (.const:xdc_runtime_Memory_Module__id__C)
                  11827f52    00000002     lab8_dgnava2_maneyko2_pe674.oe674 (.const:xdc_runtime_SysMin_flushAtExit__C)
                  11827f54    00000002     lab8_dgnava2_maneyko2_pe674.oe674 (.const:xdc_runtime_Text_isLoaded__C)
                  11827f56    00000002     lab8_dgnava2_maneyko2_pe674.oe674 (.const:xdc_runtime_Text_registryModsLastId__C)
                  11827f58    00000002     lab8_dgnava2_maneyko2_pe674.oe674 (.const:xdc_runtime_Text_unnamedModsLastId__C)

.fardata   0    11829f60    00000dd4     UNINITIALIZED
                  11829f60    0000025c     ColorVision.obj (.fardata:PRUCode)
                  1182a1bc    00000004     rts6740_elf.lib : _lock.obj (.fardata:_lock)
                  1182a1c0    000001e0                     : defs.obj (.fardata:_ftable)
                  1182a3a0    00000114     lab8_dgnava2_maneyko2_pe674.oe674 (.fardata:ti_sysbios_knl_Task_Object__table__V)
                  1182a4b4    00000004     rts6740_elf.lib : _lock.obj (.fardata:_unlock)
                  1182a4b8    000000c0     lab8_dgnava2_maneyko2_pe674.oe674 (.fardata:ti_sysbios_knl_Swi_Object__table__V)
                  1182a578    000000a0     rts6740_elf.lib : write.obj (.fardata:_stream)
                  1182a618    00000080     lab8_dgnava2_maneyko2_pe674.oe674 (.fardata:ti_sysbios_knl_Swi_Module_State_0_readyQ__A)
                  1182a698    00000080     lab8_dgnava2_maneyko2_pe674.oe674 (.fardata:ti_sysbios_knl_Task_Module_State_0_readyQ__A)
                  1182a718    00000078     rts6740_elf.lib : write.obj (.fardata:_device)
                  1182a790    00000078     lab8_dgnava2_maneyko2_pe674.oe674 (.fardata:ti_sysbios_family_c64p_Hwi_Object__table__V)
                  1182a808    0000006c     lab8_dgnava2_maneyko2_pe674.oe674 (.fardata:ti_sysbios_family_c64p_Hwi_Module__state__V)
                  1182a874    00000004     rts6740_elf.lib : defs.obj (.fardata)
                  1182a878    00000060     lab8_dgnava2_maneyko2_pe674.oe674 (.fardata:ti_sysbios_timers_timer64_Timer_Module_State_0_device__A)
                  1182a8d8    00000050     Ladar.obj (.fardata:cornersX)
                  1182a928    00000050     Ladar.obj (.fardata:cornersY)
                  1182a978    00000050     lab8_dgnava2_maneyko2_pe674.oe674 (.fardata:ti_sysbios_timers_timer64_Timer_Object__table__V)
                  1182a9c8    00000048     lab8_dgnava2_maneyko2_pe674.oe674 (.fardata:ti_sysbios_knl_Task_Module__state__V)
                  1182aa10    00000040     rts6740_elf.lib : cos.obj (.fardata:R$1)
                  1182aa50    00000040                     : sin.obj (.fardata:R$1)
                  1182aa90    00000040     lab8_dgnava2_maneyko2_pe674.oe674 (.fardata:ti_sysbios_gates_GateMutex_Object__table__V)
                  1182aad0    00000040     lab8_dgnava2_maneyko2_pe674.oe674 (.fardata:ti_sysbios_knl_Clock_Object__table__V)
                  1182ab10    00000030     lab8_dgnava2_maneyko2_pe674.oe674 (.fardata:ti_sysbios_family_c64p_Exception_Module__state__V)
                  1182ab40    0000002c     lab8_dgnava2_maneyko2_pe674.oe674 (.fardata:ti_sysbios_knl_Clock_Module__state__V)
                  1182ab6c    00000004     rts6740_elf.lib : errno.obj (.fardata)
                  1182ab70    00000028     lab8_dgnava2_maneyko2_pe674.oe674 (.fardata:ti_sysbios_hal_Hwi_Object__table__V)
                  1182ab98    00000024     lab8_dgnava2_maneyko2_pe674.oe674 (.fardata:ti_sysbios_BIOS_Module__state__V)
                  1182abbc    00000004     lab8_dgnava2_maneyko2_pe674.oe674 (.fardata:ti_sysbios_family_c64p_Cache_Module__state__V)
                  1182abc0    00000024     lab8_dgnava2_maneyko2_pe674.oe674 (.fardata:xdc_runtime_LoggerBuf_Object__table__V)
                  1182abe4    00000004     lab8_dgnava2_maneyko2_pe674.oe674 (.fardata:ti_sysbios_family_c64p_primus_TimerSupport_Module__state__V)
                  1182abe8    00000020     lab8_dgnava2_maneyko2_pe674.oe674 (.fardata:ti_sysbios_timers_timer64_Timer_Module_State_0_gctrl__A)
                  1182ac08    00000020     lab8_dgnava2_maneyko2_pe674.oe674 (.fardata:ti_sysbios_timers_timer64_Timer_Module_State_0_handles__A)
                  1182ac28    00000020     lab8_dgnava2_maneyko2_pe674.oe674 (.fardata:ti_sysbios_timers_timer64_Timer_Module_State_0_intFreqs__A)
                  1182ac48    00000020     lab8_dgnava2_maneyko2_pe674.oe674 (.fardata:xdc_runtime_Error_IgnoreBlock)
                  1182ac68    0000001c     lab8_dgnava2_maneyko2_pe674.oe674 (.fardata:ti_sysbios_knl_Swi_Module__state__V)
                  1182ac84    00000004     lab8_dgnava2_maneyko2_pe674.oe674 (.fardata:xdc_runtime_Memory_Module__state__V)
                  1182ac88    00000018     lab8_dgnava2_maneyko2_pe674.oe674 (.fardata:ti_sysbios_heaps_HeapMem_Object__table__V)
                  1182aca0    00000018     lab8_dgnava2_maneyko2_pe674.oe674 (.fardata:ti_sysbios_timers_timer64_Timer_Module__state__V)
                  1182acb8    00000010     rts6740_elf.lib : cosf.obj (.fardata:R$1)
                  1182acc8    00000010                     : sinf.obj (.fardata:R$1)
                  1182acd8    00000010     lab8_dgnava2_maneyko2_pe674.oe674 (.fardata:xdc_runtime_System_Module_State_0_atexitHandlers__A)
                  1182ace8    0000000c     rts6740_elf.lib : exit.obj (.fardata)
                  1182acf4    0000000c     lab8_dgnava2_maneyko2_pe674.oe674 (.fardata:xdc_runtime_SysMin_Module__state__V)
                  1182ad00    00000008     lab8_dgnava2_maneyko2_pe674.oe674 (.fardata:ti_sysbios_family_c64p_primus_TimerSupport_Module_State_0_suspSrc__A)
                  1182ad08    00000008     lab8_dgnava2_maneyko2_pe674.oe674 (.fardata:xdc_runtime_Registry_Module__state__V)
                  1182ad10    00000008     lab8_dgnava2_maneyko2_pe674.oe674 (.fardata:xdc_runtime_Startup_Module__state__V)
                  1182ad18    00000008     lab8_dgnava2_maneyko2_pe674.oe674 (.fardata:xdc_runtime_System_Module__state__V)
                  1182ad20    00000006     lab8_dgnava2_maneyko2_pe674.oe674 (.fardata:xdc_runtime_LoggerBuf_Module__state__V)
                  1182ad26    00000002     lab8_dgnava2_maneyko2_pe674.oe674 (.fardata:xdc_runtime_Error_Module__state__V)
                  1182ad28    00000004     lab8_dgnava2_maneyko2_pe674.oe674 (.fardata:ti_sysbios_gates_GateHwi_Object__table__V)
                  1182ad2c    00000004     --HOLE--
                  1182ad30    00000004     lab8_dgnava2_maneyko2_pe674.oe674 (.fardata:ti_sysbios_knl_Task_Module_State_0_idleTask__A)

.cio       0    1182b080    00000120     UNINITIALIZED
                  1182b080    00000120     rts6740_elf.lib : trgmsg.obj (.cio)

.switch    0    1182b1a0    000000a4     
                  1182b1a0    00000038     rts6740_elf.lib : _printfi.obj (.switch:__TI_printfi)
                  1182b1d8    00000028                     : _scanfi.obj (.switch:__TI_scanfi)
                  1182b200    00000024     evmomapl138_bsl.lib : evmomapl138_gpio.obj (.switch:getRegisterBankAndBit)
                  1182b224    00000010                         : evmomapl138_spi.obj (.switch:SPI_init)
                  1182b234    00000010     ColorVision.obj (.switch:userProcessColorImageFunc_laser)

MODULE SUMMARY

       Module                              code     ro data   rw data
       ------                              ----     -------   -------
    .\
       Ladar.obj                           7968     72        5718   
       user_lab8_dgnava2_maneyko2.obj      7136     28        4804   
       ColorVision.obj                     4960     16        6924   
       COECSL_edma3.obj                    1216     0         4136   
       ColorLCD.obj                        2400     24        11     
       COECSL_mcbsp.obj                    1664     0         300    
       pru.obj                             256      0         0      
       LCDprintf.obj                       0        0         8      
    +--+-----------------------------------+--------+---------+---------+
       Total:                              25600    140       21901  
                                                                     
    C:\dgnava2_maneyko2\SE423Repo\Labs\lab8_dgnava2_maneyko2\lab8_dgnava2_maneyko2Project\Debug\configPkg\package\cfg\
       lab8_dgnava2_maneyko2_pe674.oe674   4608     7490      17376  
    +--+-----------------------------------+--------+---------+---------+
       Total:                              4608     7490      17376  
                                                                     
    C:/dgnava2_maneyko2/SE423Repo/LabFiles/bsl_forSYSBIOS/lib/evmomapl138_bsl.lib
       evmomapl138.obj                     4064     192       0      
       evmomapl138_vpif.obj                1920     0         0      
       evmomapl138_i2c.obj                 1376     0         4      
       evmomapl138_uart.obj                1344     16        0      
       evmomapl138_i2c_gpio.obj            1344     0         0      
       evmomapl138_spi.obj                 1184     16        0      
       evmomapl138_gpio.obj                1152     36        0      
       evmomapl138_timer.obj               384      0         0      
    +--+-----------------------------------+--------+---------+---------+
       Total:                              12768    260       4      
                                                                     
    C:\CCStudio_v8\bios_6_70_01_03\packages\ti\targets\rts6000\lib\boot.ae674
       autoinit.oe674                      288      0         0      
       boot.oe674                          160      0         0      
    +--+-----------------------------------+--------+---------+---------+
       Total:                              448      0         0      
                                                                     
    C:\CCStudio_v8\bios_6_70_01_03\packages\ti\targets\rts6000\lib\ti.targets.rts6000.ae674
       System.oe674                        3232     24        0      
       LoggerBuf.oe674                     2400     0         0      
       Text.oe674                          1728     64        0      
       Error.oe674                         1152     88        0      
       Startup.oe674                       896      44        0      
       SysMin.oe674                        704      0         0      
       Memory.oe674                        320      0         0      
       Gate.oe674                          64       0         0      
       Registry.oe674                      64       0         0      
    +--+-----------------------------------+--------+---------+---------+
       Total:                              10560    220       0      
                                                                     
    C:\CCStudio_v8\ccsv8\tools\compiler\ti-cgt-c6000_8.2.2\lib\rts6740_elf.lib
       _printfi.obj                        13504    92        0      
       _scanfi.obj                         7296     53        0      
       divd.obj                            1472     0         0      
       strtod.obj                          1248     152       0      
       strtoll.obj                         1184     0         0      
       strtoull.obj                        1088     0         0      
       fputs.obj                           992      0         0      
       strtol.obj                          928      0         0      
       cos.obj                             800      0         64     
       fmodf.obj                           864      0         0      
       defs.obj                            0        0         804    
       imath64.obj                         800      0         0      
       sin.obj                             736      0         64     
       strtoul.obj                         768      0         0      
       divf.obj                            672      0         0      
       cosf.obj                            640      0         16     
       sinf.obj                            608      0         16     
       fputc.obj                           544      0         0      
       setvbuf.obj                         544      0         0      
       trgmsg.obj                          224      0         288    
       sscanf.obj                          480      0         0      
       frexp.obj                           448      0         0      
       getdevice.obj                       448      0         0      
       imath40.obj                         448      0         0      
       frexpf.obj                          416      0         0      
       hostrename.obj                      416      0         0      
       ldexp.obj                           384      0         0      
       ldexpf.obj                          384      0         0      
       write.obj                           96       0         280    
       fclose.obj                          320      0         0      
       copy_decompress_rle.obj             288      0         0      
       fseek.obj                           288      0         0      
       printf.obj                          288      0         0      
       exit.obj                            256      0         12     
       ctype.obj                           0        257       0      
       _io_perm.obj                        256      0         0      
       atoi.obj                            256      0         0      
       hostopen.obj                        224      0         8      
       close.obj                           224      0         0      
       divi.obj                            224      0         0      
       hostlseek.obj                       224      0         0      
       hostwrite.obj                       224      0         0      
       llshift.obj                         224      0         0      
       ltoa.obj                            224      0         0      
       memset.obj                          224      0         0      
       divu.obj                            192      0         0      
       fflush.obj                          192      0         0      
       hostread.obj                        192      0         0      
       hostunlink.obj                      192      0         0      
       sprintf.obj                         192      0         0      
       tls.obj                             192      0         0      
       fopen.obj                           160      0         0      
       hostclose.obj                       160      0         0      
       memcpy64.obj                        160      0         0      
       modf.obj                            160      0         0      
       remu.obj                            160      0         0      
       round.obj                           160      0         0      
       roundf.obj                          128      0         0      
       unlink.obj                          128      0         0      
       _lock.obj                           96       0         8      
       lseek.obj                           96       0         0      
       memccpy.obj                         96       0         0      
       modff.obj                           96       0         0      
       args_main.obj                       64       0         0      
       frcmpyd_div.obj                     64       0         0      
       isinf.obj                           64       0         0      
       errno.obj                           32       0         4      
       copy_decompress_none.obj            32       0         0      
       trunc.obj                           32       0         0      
       truncf.obj                          32       0         0      
    +--+-----------------------------------+--------+---------+---------+
       Total:                              45248    554       1564   
                                                                     
    C:\dgnava2_maneyko2\SE423Repo\Labs\lab8_dgnava2_maneyko2\SYSBIOS\src\sysbios\sysbios.ae674
       BIOS.obj                            17632    1304      0      
       c64p_Hwi_disp_always.obj            512      0         0      
       c64p_Exception_asm.obj              384      0         0      
       c62_TaskSupport_asm.obj             224      0         0      
       c64p_Hwi_asm_switch.obj             192      0         0      
    +--+-----------------------------------+--------+---------+---------+
       Total:                              18944    1304      0      
                                                                     
       Stack:                              0        0         8192   
       Linker Generated:                   0        2452      0      
    +--+-----------------------------------+--------+---------+---------+
       Grand Total:                        118176   12420     49037  


LINKER GENERATED COPY TABLES

__TI_cinit_table @ 1182bf68 records: 6, size/record: 8, table size: 48
	.fardata: load addr=1182b600, load size=00000878 bytes, run addr=11829f60, run size=00000dd4 bytes, compression=rle
	.neardata: load addr=1182be78, load size=00000095 bytes, run addr=1182ada0, run size=000002af bytes, compression=rle
	.rodata: load addr=1182bf0d, load size=00000032 bytes, run addr=1182b050, run size=0000002c bytes, compression=rle
	.far.1: load addr=1182bf3f, load size=0000000b bytes, run addr=1181cc00, run size=00008d30 bytes, compression=rle
	.bss: load addr=1182bf4a, load size=00000009 bytes, run addr=1182ad34, run size=0000006c bytes, compression=rle
	.far.2: load addr=1182bf53, load size=00000009 bytes, run addr=11825980, run size=00000068 bytes, compression=rle


LINKER GENERATED HANDLER TABLE

__TI_handler_table @ 1182bf5c records: 2, size/record: 4, table size: 8
	index: 0, handler: __TI_decompress_rle24
	index: 1, handler: __TI_decompress_none


GLOBAL SYMBOLS: SORTED ALPHABETICALLY BY Name 

address   name                                                                
-------   ----                                                                
1180034c  Bresenhamline                                                       
1181c1e0  C$$EXIT                                                             
1181ab78  C$$IO$$                                                             
1182b054  CLK_addtime                                                         
1182b058  CLK_startMcBSP                                                      
1182aee0  Cdifference                                                         
11807284  Check_Equivalency                                                   
11805474  ComWithLinux                                                        
1180e4ec  EDMA3_0_ISR                                                         
1182ad38  EDMA3_0_Regs                                                        
1180e400  EDMA3_1_ISR                                                         
1182ad3c  EDMA3_1_Regs                                                        
11809490  EVMOMAPL138_enableDsp                                               
11808e0c  EVMOMAPL138_init                                                    
11808c88  EVMOMAPL138_initRAM                                                 
11808b8c  EVMOMAPL138_lpscTransition                                          
11808b40  EVMOMAPL138_pinmuxConfig                                            
1182af84  F28335_Extra1                                                       
1182af88  F28335_Extra2                                                       
1182af8c  F28335_Extra3                                                       
1182af90  F28335_Extra4                                                       
[...]
1182ad26  xdc_runtime_Error_Module__state__V                                  
1182ad28  ti_sysbios_gates_GateHwi_Object__table__V                           
1182ad30  ti_sysbios_knl_Task_Module_State_0_idleTask__A                      
1182ad34  __TI_STATIC_BASE                                                    
1182ad38  EDMA3_0_Regs                                                        
1182ad3c  EDMA3_1_Regs                                                        
1182ad40  Image_data                                                          
1182ad44  LCD_Image                                                           
1182ad48  LCD_mem                                                             
1182ad4c  Linux_Image                                                         
1182ad50  Thres_Image                                                         
1182ad54  blue                                                                
1182ad58  c                                                                   
1182ad5c  cbar                                                                
1182ad60  current                                                             
1182ad64  delta                                                               
1182ad68  green                                                               
1182ad6c  hue                                                                 
1182ad70  index                                                               
1182ad74  k                                                                   
1182ad78  largest_num_pixels                                                  
1182ad7c  largest_object                                                      
1182ad80  min                                                                 
1182ad84  pic_data                                                            
1182ad88  ptrshrdmem                                                          
1182ad8c  r                                                                   
1182ad90  rbar                                                                
1182ad94  red                                                                 
1182ad98  sat                                                                 
1182ad9c  value                                                               
1182ada0  vref                                                                
1182ada4  turn                                                                
1182ada8  tskcount                                                            
1182adac  LVvalue1                                                            
1182adb0  LVvalue2                                                            
1182adb4  new_LV_data                                                         
1182adb8  newnavdata                                                          
1182adbc  newvref                                                             
1182adc0  newturn                                                             
1182adc4  trackableIDerror                                                    
1182adc8  firstdata                                                           
1182adcc  new_optitrack                                                       
1182add0  previous_frame                                                      
1182add4  frame_error                                                         
1182add8  temp_theta                                                          
1182addc  tempOPTITRACK_theta                                                 
1182ade0  temp_trackableID                                                    
1182ade4  trackableID                                                         
1182ade8  errorcheck                                                          
1182adec  blue_x_obj_local                                                    
1182adf0  blue_y_obj_local                                                    
1182adf4  Nblue_local                                                         
1182adf8  real_dist                                                           
1182adfc  kp_vision                                                           
1182ae00  min_front                                                           
1182ae04  min_right                                                           
1182ae08  ref_right_wall                                                      
1182ae0c  left_turn_Start_threshold                                           
1182ae10  left_turn_Stop_threshold                                            
1182ae14  Kp_right_wall                                                       
1182ae18  Kp_front_wall                                                       
1182ae1c  front_turn_velocity                                                 
1182ae20  turn_command_saturation                                             
1182ae24  forward_velocity                                                    
1182ae28  pval                                                                
1182ae2c  gyro_zero                                                           
1182ae30  rate_zero_A3                                                        
1182ae34  rate_zero_A2                                                        
1182ae38  gyro_rate_A2                                                        
1182ae3c  gyro_rate_A3                                                        
1182ae40  gyro_rate_A2_prev                                                   
1182ae44  gyro_rate_A3_prev                                                   
1182ae48  theta_A2                                                            
1182ae4c  theta_A3                                                            
1182ae50  enc_old_L                                                           
1182ae54  enc_old_R                                                           
1182ae58  enc_current_L                                                       
1182ae5c  enc_current_R                                                       
1182ae60  v_L                                                                 
1182ae64  v_R                                                                 
1182ae68  x_curA2                                                             
1182ae6c  y_curA2                                                             
1182ae70  x_oldA2                                                             
1182ae74  y_oldA2                                                             
1182ae78  x_curA3                                                             
1182ae7c  y_curA3                                                             
1182ae80  x_oldA3                                                             
1182ae84  y_oldA3                                                             
1182ae88  rate_gyro_sumA2                                                     
1182ae8c  rate_gyro_sumA3                                                     
1182ae90  Kg_A2                                                               
1182ae94  timecount                                                           
1182ae98  whichled                                                            
1182ae9c  updateLCD                                                           
1182aea0  testvar                                                             
1182aea4  noimagefound                                                        
1182aea8  object_x                                                            
1182aeac  object_y                                                            
1182aeb0  new_coordata                                                        
1182aeb4  numpels                                                             
1182aeb8  new_num_found_objects                                               
1182aebc  new_object_theta                                                    
1182aec0  new_C20                                                             
1182aec4  new_C02                                                             
1182aec8  top                                                                 
1182aecc  left                                                                
1182aed0  num_unique_objects                                                  
1182aed4  current_object                                                      
1182aed8  color                                                               
1182aedc  color2                                                              
1182aee0  Cdifference                                                         
1182aee4  neighbor_type                                                       
1182aee8  too_many_objects                                                    
1182aeec  object_detected                                                     
1182aef0  print_hue                                                           
1182aef1  print_sat                                                           
1182aef2  print_val                                                           
1182aef3  print_r                                                             
1182aef4  print_b                                                             
1182aef5  print_g                                                             
1182aef8  specs_s                                                             
1182aefc  specs_srad                                                          
1182af00  specs_v                                                             
1182af04  specs_vrad                                                          
1182af08  specs_h                                                             
1182af0c  specs_h2                                                            
1182af10  specs_hrad                                                          
1182af14  blue_x_obj                                                          
1182af18  blue_y_obj                                                          
1182af1c  Nblue                                                               
1182af20  prnt_flag                                                           
1182af24  VPIF_beginning_line                                                 
1182af28  equivalency                                                         
1182af2c  done                                                                
1182af30  f28335RecFirsttime                                                  
1182af34  enc1                                                                
1182af38  enc2                                                                
1182af3c  enc3                                                                
1182af40  enc4                                                                
1182af44  compass                                                             
1182af48  switchstate                                                         
1182af4c  adcA0                                                               
1182af50  adcB0                                                               
1182af54  adcA1                                                               
1182af58  adcB1                                                               
1182af5c  adcA2                                                               
1182af60  adcB2                                                               
1182af64  adcA3                                                               
1182af68  adcB3                                                               
1182af6c  adcA4                                                               
1182af70  adcB4                                                               
1182af74  adcA5                                                               
1182af78  adcB5                                                               
1182af7c  adcA6                                                               
1182af80  adcA7                                                               
1182af84  F28335_Extra1                                                       
1182af88  F28335_Extra2                                                       
1182af8c  F28335_Extra3                                                       
1182af90  F28335_Extra4                                                       
1182af94  new_sendtolinux_F28335_Extra                                        
1182af98  send_F28335_Extra1                                                  
1182af9c  send_F28335_Extra2                                                  
1182afa0  send_F28335_Extra3                                                  
1182afa4  send_F28335_Extra4                                                  
1182afa8  num_EDMA3_0                                                         
1182afac  numofints                                                           
1182afb0  scalingLadar                                                        
1182afb4  LADARready                                                          
1182afb8  LADARprocess                                                        
1182afbc  uart1count                                                          
1182afc0  numReadings                                                         
1182afc4  errL                                                                
1182afc8  errC                                                                
1182afcc  errR                                                                
1182afd0  tLADARleftFt                                                        
1182afd4  tLADARcenterFt                                                      
1182afd8  tLADARrightFt                                                       
1182afdc  cPrevLADARdata                                                      
1182afdd  cLADARdata                                                          
1182afe0  iLADARrcv                                                           
1182afe4  cCommandName                                                        
1182afe8  LADARleftFt                                                         
1182afec  LADARcenterFt                                                       
1182aff0  LADARrightFt                                                        
1182aff4  numreadings_lastscan                                                
1182aff8  startAngle                                                          
1182affc  stepSize                                                            
1182b000  newLADARdata                                                        
1182b004  robotX                                                              
1182b008  robotY                                                              
1182b00c  robotT                                                              
1182b010  tempSign                                                            
1182b014  tempOff                                                             
1182b018  servosPosted                                                        
1182b01c  newServos                                                           
1182b020  McBSPrecerror                                                       
1182b024  firsttimeintMCBSPrec                                                
1182b028  timeint                                                             
1182b02c  mcbspReset                                                          
1182b030  testcount                                                           
1182b034  danindex                                                            
1182b038  firsttimeLine1                                                      
1182b03c  firsttimeLine2                                                      
1182b040  LCDnewMsgLine1                                                      
1182b044  LCDnewMsgLine2                                                      
1182b048  bluegain                                                            
1182b04c  bkgrnd_red                                                          
1182b04d  bkgrnd_green                                                        
1182b04e  bkgrnd_blue                                                         
1182b050  SWI_RobotControl                                                    
1182b054  CLK_addtime                                                         
1182b058  CLK_startMcBSP                                                      
1182b05c  HWI8_EDMA3_0                                                        
1182b060  SWI_LCD                                                             
1182b064  SWI_vision                                                          
1182b068  HWI4_VPIF95                                                         
1182b06c  HWI7_PRU6                                                           
1182b070  HWI5_EDMA3_1                                                        
1182b074  TASK_ComWithLinux                                                   
1182b078  TASK_LADAR                                                          
1182b080  __CIOBUF_                                                           
1182b400  ti_sysbios_family_c64p_Hwi0                                         
1182b400  ti_sysbios_family_c64p_Hwi_int0                                     
1182b420  ti_sysbios_family_c64p_Hwi_int1                                     
1182b440  ti_sysbios_family_c64p_Hwi_int2                                     
1182b460  ti_sysbios_family_c64p_Hwi_int3                                     
1182b480  ti_sysbios_family_c64p_Hwi_int4                                     
1182b4a0  ti_sysbios_family_c64p_Hwi_int5                                     
1182b4c0  ti_sysbios_family_c64p_Hwi_int6                                     
1182b4e0  ti_sysbios_family_c64p_Hwi_int7                                     
1182b500  ti_sysbios_family_c64p_Hwi_int8                                     
1182b520  ti_sysbios_family_c64p_Hwi_int9                                     
1182b540  ti_sysbios_family_c64p_Hwi_int10                                    
1182b560  ti_sysbios_family_c64p_Hwi_int11                                    
1182b580  ti_sysbios_family_c64p_Hwi_int12                                    
1182b5a0  ti_sysbios_family_c64p_Hwi_int13                                    
1182b5c0  ti_sysbios_family_c64p_Hwi_int14                                    
1182b5e0  ti_sysbios_family_c64p_Hwi_int15                                    
1182bf5c  __TI_Handler_Table_Base                                             
1182bf64  __TI_Handler_Table_Limit                                            
1182bf68  __TI_CINIT_Base                                                     
1182bf98  __TI_CINIT_Limit                                                    
ffffffff  __TI_pprof_out_hndl                                                 
ffffffff  __TI_prof_data_size                                                 
ffffffff  __TI_prof_data_start                                                
ffffffff  __binit__                                                           
ffffffff  __c_args__                                                          
ffffffff  binit                                                               
UNDEFED   __TI_INITARRAY_Base                                                 
UNDEFED   __TI_INITARRAY_Limit                                                
UNDEFED   __TI_TLS_INIT_Base                                                  
UNDEFED   __TI_TLS_INIT_Limit                                                 

[859 symbols]
