********************************************************************************
TMS320C6x Hex Converter                                                   v8.2.2
********************************************************************************

INPUT FILE NAME: <lab8_dgnava2_maneyko2.out>
OUTPUT FORMAT:   Binary

PHYSICAL MEMORY PARAMETERS
   Default data width   :   8
   Default memory width :   8
   Default output width :   8

BOOT LOADER PARAMETERS
   Table Address: 0x0000, PAGE 0
   Entry Point  : 0x11819680


OUTPUT TRANSLATION MAP
--------------------------------------------------------------------------------
00000000..0003ffff  Page=0  Memory Width=8  ROM Width=8  "SPIFLASH"
--------------------------------------------------------------------------------
   OUTPUT FILES: lab8_dgnava2_maneyko2.hex [b0..b7]

   CONTENTS: 00000000..0001fdfb   BOOT TABLE
                            .vecs : btad=00000000  dest=1182b400 size=00000200
                           .cinit : btad=0000020c  dest=1182b600 size=00000998
                            .text : btad=00000bac  dest=11800000 size=0001cb60
                         .const.1 : btad=0001d714  dest=1181cb60 size=00000020
                         .const.2 : btad=0001d73c  dest=118258b0 size=00000050
                         .const.3 : btad=0001d794  dest=11825968 size=000025ae
                          .switch : btad=0001fd4c  dest=1182b158 size=000000a4
